---
version: 1
interactions:
- request:
    body: '{"name":"tf_tests_container_trigger_sqs","organization_id":"105bdce1-64c0-48ab-899d-868455867ecf","description":""}'
    form: {}
    headers:
      Content-Type:
      - application/json
      User-Agent:
      - scaleway-sdk-go/v1.0.0-beta.7+dev (go1.21.1; linux; amd64) terraform-provider/develop
        terraform/terraform-tests
    url: https://api.scaleway.com/account/v3/projects
    method: POST
  response:
    body: '{"created_at":"2023-12-21T10:04:00.782435Z","description":"","id":"b6e8341c-ede6-407d-9ef8-25a6f6703d14","name":"tf_tests_container_trigger_sqs","organization_id":"105bdce1-64c0-48ab-899d-868455867ecf","updated_at":"2023-12-21T10:04:00.782435Z"}'
    headers:
      Content-Length:
      - "245"
      Content-Security-Policy:
      - default-src 'none'; frame-ancestors 'none'
      Content-Type:
      - application/json
      Date:
      - Thu, 21 Dec 2023 10:04:00 GMT
      Server:
      - Scaleway API-Gateway
      Strict-Transport-Security:
      - max-age=63072000
      X-Content-Type-Options:
      - nosniff
      X-Frame-Options:
      - DENY
      X-Request-Id:
      - f3ac08e9-7c91-4d5b-9504-10c92d74c167
    status: 200 OK
    code: 200
    duration: ""
- request:
    body: ""
    form: {}
    headers:
      User-Agent:
      - scaleway-sdk-go/v1.0.0-beta.7+dev (go1.21.1; linux; amd64) terraform-provider/develop
        terraform/terraform-tests
    url: https://api.scaleway.com/account/v3/projects/b6e8341c-ede6-407d-9ef8-25a6f6703d14
    method: GET
  response:
    body: '{"created_at":"2023-12-21T10:04:00.782435Z","description":"","id":"b6e8341c-ede6-407d-9ef8-25a6f6703d14","name":"tf_tests_container_trigger_sqs","organization_id":"105bdce1-64c0-48ab-899d-868455867ecf","updated_at":"2023-12-21T10:04:00.782435Z"}'
    headers:
      Content-Length:
      - "245"
      Content-Security-Policy:
      - default-src 'none'; frame-ancestors 'none'
      Content-Type:
      - application/json
      Date:
      - Thu, 21 Dec 2023 10:04:01 GMT
      Server:
      - Scaleway API-Gateway
      Strict-Transport-Security:
      - max-age=63072000
      X-Content-Type-Options:
      - nosniff
      X-Frame-Options:
      - DENY
      X-Request-Id:
      - 586839fe-487c-4bd6-826f-8936f3580256
    status: 200 OK
    code: 200
    duration: ""
- request:
    body: '{"project_id":"b6e8341c-ede6-407d-9ef8-25a6f6703d14"}'
    form: {}
    headers:
      Content-Type:
      - application/json
      User-Agent:
      - scaleway-sdk-go/v1.0.0-beta.7+dev (go1.21.1; linux; amd64) terraform-provider/develop
        terraform/terraform-tests
    url: https://api.scaleway.com/mnq/v1beta1/regions/fr-par/activate-sqs
    method: POST
  response:
    body: '{"created_at":"2023-12-21T10:04:01.253299252Z","project_id":"b6e8341c-ede6-407d-9ef8-25a6f6703d14","region":"fr-par","sqs_endpoint_url":"https://sqs.mnq.fr-par.scaleway.com","status":"enabled","updated_at":"2023-12-21T10:04:01.253299252Z"}'
    headers:
      Content-Length:
      - "239"
      Content-Security-Policy:
      - default-src 'none'; frame-ancestors 'none'
      Content-Type:
      - application/json
      Date:
      - Thu, 21 Dec 2023 10:04:01 GMT
      Server:
      - Scaleway API-Gateway
      Strict-Transport-Security:
      - max-age=63072000
      X-Content-Type-Options:
      - nosniff
      X-Frame-Options:
      - DENY
      X-Request-Id:
      - 47254b1e-c1d8-4559-99a3-f23d7ad80d7d
    status: 200 OK
    code: 200
    duration: ""
- request:
    body: ""
    form: {}
    headers:
      User-Agent:
      - scaleway-sdk-go/v1.0.0-beta.7+dev (go1.21.1; linux; amd64) terraform-provider/develop
        terraform/terraform-tests
    url: https://api.scaleway.com/mnq/v1beta1/regions/fr-par/sqs-info?project_id=b6e8341c-ede6-407d-9ef8-25a6f6703d14
    method: GET
  response:
    body: '{"created_at":"2023-12-21T10:04:01.253299Z","project_id":"b6e8341c-ede6-407d-9ef8-25a6f6703d14","region":"fr-par","sqs_endpoint_url":"https://sqs.mnq.fr-par.scaleway.com","status":"enabled","updated_at":"2023-12-21T10:04:01.253299Z"}'
    headers:
      Content-Length:
      - "233"
      Content-Security-Policy:
      - default-src 'none'; frame-ancestors 'none'
      Content-Type:
      - application/json
      Date:
      - Thu, 21 Dec 2023 10:04:01 GMT
      Server:
      - Scaleway API-Gateway
      Strict-Transport-Security:
      - max-age=63072000
      X-Content-Type-Options:
      - nosniff
      X-Frame-Options:
      - DENY
      X-Request-Id:
      - 276a1202-231f-43a5-981e-ea243855a4d7
    status: 200 OK
    code: 200
    duration: ""
- request:
    body: '{"project_id":"b6e8341c-ede6-407d-9ef8-25a6f6703d14","name":"tf-sqs-credentials-loving-gauss","permissions":{"can_publish":true,"can_receive":true,"can_manage":true}}'
    form: {}
    headers:
      Content-Type:
      - application/json
      User-Agent:
      - scaleway-sdk-go/v1.0.0-beta.7+dev (go1.21.1; linux; amd64) terraform-provider/develop
        terraform/terraform-tests
    url: https://api.scaleway.com/mnq/v1beta1/regions/fr-par/sqs-credentials
    method: POST
  response:
    body: '{"access_key":"xFi1ENvVaJCLgLfIZvxk","created_at":"2023-12-21T10:04:01.588861789Z","id":"a0cd3c7d-5563-4934-a4e3-5f611962a35b","name":"tf-sqs-credentials-loving-gauss","permissions":{"can_manage":true,"can_publish":true,"can_receive":true},"project_id":"b6e8341c-ede6-407d-9ef8-25a6f6703d14","region":"fr-par","secret_checksum":"b7dfcc2d753bbbe27f393b1e2b16a632e2fd5aab","secret_key":"00000000-0000-0000-0000-000000000000","updated_at":null}'
    headers:
      Content-Length:
      - "469"
      Content-Security-Policy:
      - default-src 'none'; frame-ancestors 'none'
      Content-Type:
      - application/json
      Date:
      - Thu, 21 Dec 2023 10:04:01 GMT
      Server:
      - Scaleway API-Gateway
      Strict-Transport-Security:
      - max-age=63072000
      X-Content-Type-Options:
      - nosniff
      X-Frame-Options:
      - DENY
      X-Request-Id:
      - 29782baa-2b31-413c-9200-c1c20ecac3c8
    status: 200 OK
    code: 200
    duration: ""
- request:
    body: ""
    form: {}
    headers:
      User-Agent:
      - scaleway-sdk-go/v1.0.0-beta.7+dev (go1.21.1; linux; amd64) terraform-provider/develop
        terraform/terraform-tests
    url: https://api.scaleway.com/mnq/v1beta1/regions/fr-par/sqs-credentials/a0cd3c7d-5563-4934-a4e3-5f611962a35b
    method: GET
  response:
    body: '{"access_key":"xFi1ENvVaJCLgLfIZvxk","created_at":"2023-12-21T10:04:01.588861Z","id":"a0cd3c7d-5563-4934-a4e3-5f611962a35b","name":"tf-sqs-credentials-loving-gauss","permissions":{"can_manage":true,"can_publish":true,"can_receive":true},"project_id":"b6e8341c-ede6-407d-9ef8-25a6f6703d14","region":"fr-par","secret_checksum":"b7dfcc2d753bbbe27f393b1e2b16a632e2fd5aab","secret_key":"00000000-0000-0000-0000-000000000000","updated_at":null}'
    headers:
      Content-Length:
      - "402"
      Content-Security-Policy:
      - default-src 'none'; frame-ancestors 'none'
      Content-Type:
      - application/json
      Date:
      - Thu, 21 Dec 2023 10:04:01 GMT
      Server:
      - Scaleway API-Gateway
      Strict-Transport-Security:
      - max-age=63072000
      X-Content-Type-Options:
      - nosniff
      X-Frame-Options:
      - DENY
      X-Request-Id:
      - c10a2159-4709-4a28-9b4b-1e376800726b
    status: 200 OK
    code: 200
    duration: ""
- request:
    body: '{"name":"tf-ns-heuristic-allen","environment_variables":{},"project_id":"b6e8341c-ede6-407d-9ef8-25a6f6703d14","secret_environment_variables":[]}'
    form: {}
    headers:
      Content-Type:
      - application/json
      User-Agent:
      - scaleway-sdk-go/v1.0.0-beta.7+dev (go1.21.1; linux; amd64) terraform-provider/develop
        terraform/terraform-tests
    url: https://api.scaleway.com/containers/v1beta1/regions/fr-par/namespaces
    method: POST
  response:
    body: '{"description":"","environment_variables":{},"error_message":null,"id":"212616ff-63c3-4c32-a96f-56582a7c53e4","name":"tf-ns-heuristic-allen","organization_id":"105bdce1-64c0-48ab-899d-868455867ecf","project_id":"b6e8341c-ede6-407d-9ef8-25a6f6703d14","region":"fr-par","registry_endpoint":"","registry_namespace_id":"","secret_environment_variables":[],"status":"pending"}'
    headers:
      Content-Length:
      - "371"
      Content-Security-Policy:
      - default-src 'none'; frame-ancestors 'none'
      Content-Type:
      - application/json
      Date:
      - Thu, 21 Dec 2023 10:04:01 GMT
      Server:
      - Scaleway API-Gateway
      Strict-Transport-Security:
      - max-age=63072000
      X-Content-Type-Options:
      - nosniff
      X-Frame-Options:
      - DENY
      X-Request-Id:
      - 740a99bd-59f1-4d98-aa1f-aad25be5b560
    status: 200 OK
    code: 200
    duration: ""
- request:
    body: ""
    form: {}
    headers:
      User-Agent:
      - scaleway-sdk-go/v1.0.0-beta.7+dev (go1.21.1; linux; amd64) terraform-provider/develop
        terraform/terraform-tests
    url: https://api.scaleway.com/mnq/v1beta1/regions/fr-par/sqs-info?project_id=b6e8341c-ede6-407d-9ef8-25a6f6703d14
    method: GET
  response:
    body: '{"created_at":"2023-12-21T10:04:01.253299Z","project_id":"b6e8341c-ede6-407d-9ef8-25a6f6703d14","region":"fr-par","sqs_endpoint_url":"https://sqs.mnq.fr-par.scaleway.com","status":"enabled","updated_at":"2023-12-21T10:04:01.253299Z"}'
    headers:
      Content-Length:
      - "233"
      Content-Security-Policy:
      - default-src 'none'; frame-ancestors 'none'
      Content-Type:
      - application/json
      Date:
      - Thu, 21 Dec 2023 10:04:02 GMT
      Server:
      - Scaleway API-Gateway
      Strict-Transport-Security:
      - max-age=63072000
      X-Content-Type-Options:
      - nosniff
      X-Frame-Options:
      - DENY
      X-Request-Id:
      - 4305f9c8-5437-4670-9180-024d65d05d3a
    status: 200 OK
    code: 200
    duration: ""
- request:
    body: ""
    form: {}
    headers:
      User-Agent:
      - scaleway-sdk-go/v1.0.0-beta.7+dev (go1.21.1; linux; amd64) terraform-provider/develop
        terraform/terraform-tests
    url: https://api.scaleway.com/containers/v1beta1/regions/fr-par/namespaces/212616ff-63c3-4c32-a96f-56582a7c53e4
    method: GET
  response:
    body: '{"description":"","environment_variables":{},"error_message":null,"id":"212616ff-63c3-4c32-a96f-56582a7c53e4","name":"tf-ns-heuristic-allen","organization_id":"105bdce1-64c0-48ab-899d-868455867ecf","project_id":"b6e8341c-ede6-407d-9ef8-25a6f6703d14","region":"fr-par","registry_endpoint":"","registry_namespace_id":"","secret_environment_variables":[],"status":"pending"}'
    headers:
      Content-Length:
      - "371"
      Content-Security-Policy:
      - default-src 'none'; frame-ancestors 'none'
      Content-Type:
      - application/json
      Date:
      - Thu, 21 Dec 2023 10:04:02 GMT
      Server:
      - Scaleway API-Gateway
      Strict-Transport-Security:
      - max-age=63072000
      X-Content-Type-Options:
      - nosniff
      X-Frame-Options:
      - DENY
      X-Request-Id:
      - d5e04cc9-3189-4a44-8cdb-31c0dbe62ac2
    status: 200 OK
    code: 200
    duration: ""
- request:
    body: '{"Attributes":{"MaximumMessageSize":"262144","MessageRetentionPeriod":"345600","VisibilityTimeout":"30"},"QueueName":"TestQueue"}'
    form: {}
    headers:
      Content-Length:
      - "129"
      Content-Type:
      - application/x-amz-json-1.0
      User-Agent:
      - aws-sdk-go/1.49.6 (go1.21.1; linux; amd64)
      X-Amz-Date:
      - 20231221T100402Z
      X-Amz-Target:
      - AmazonSQS.CreateQueue
    url: https://sqs.mnq.fr-par.scaleway.com/
    method: POST
  response:
    body: '{"QueueUrl":"https://sqs.mnq.fr-par.scaleway.com/project-b6e8341c-ede6-407d-9ef8-25a6f6703d14/TestQueue"}'
    headers:
      Content-Length:
      - "105"
      Content-Type:
      - application/x-amz-json-1.0; charset=utf-8
      Date:
      - Thu, 21 Dec 2023 10:04:03 GMT
      X-Amzn-Requestid:
      - tx42713e6a-8873-4206-83e6-401fa536d065
    status: 200 OK
    code: 200
    duration: ""
- request:
    body: '{"QueueName":"TestQueue"}'
    form: {}
    headers:
      Content-Length:
      - "25"
      Content-Type:
      - application/x-amz-json-1.0
      User-Agent:
      - aws-sdk-go/1.49.6 (go1.21.1; linux; amd64)
      X-Amz-Date:
      - 20231221T100403Z
      X-Amz-Target:
      - AmazonSQS.GetQueueUrl
    url: https://sqs.mnq.fr-par.scaleway.com/
    method: POST
  response:
    body: '{"QueueUrl":"https://sqs.mnq.fr-par.scaleway.com/project-b6e8341c-ede6-407d-9ef8-25a6f6703d14/TestQueue"}'
    headers:
      Content-Length:
      - "105"
      Content-Type:
      - application/x-amz-json-1.0; charset=utf-8
      Date:
      - Thu, 21 Dec 2023 10:04:03 GMT
      X-Amzn-Requestid:
      - txfe742be1-dd37-491c-92e8-c9713edf202f
    status: 200 OK
    code: 200
    duration: ""
- request:
    body: '{"AttributeNames":["VisibilityTimeout","MaximumMessageSize","MessageRetentionPeriod","FifoQueue","ContentBasedDeduplication","ReceiveMessageWaitTimeSeconds"],"QueueUrl":"https://sqs.mnq.fr-par.scaleway.com/project-b6e8341c-ede6-407d-9ef8-25a6f6703d14/TestQueue"}'
    form: {}
    headers:
      Content-Length:
      - "262"
      Content-Type:
      - application/x-amz-json-1.0
      User-Agent:
      - aws-sdk-go/1.49.6 (go1.21.1; linux; amd64)
      X-Amz-Date:
      - 20231221T100403Z
      X-Amz-Target:
      - AmazonSQS.GetQueueAttributes
    url: https://sqs.mnq.fr-par.scaleway.com/
    method: POST
  response:
    body: '{"Attributes":{"MaximumMessageSize":"262144","MessageRetentionPeriod":"345600","ReceiveMessageWaitTimeSeconds":"0","VisibilityTimeout":"30"}}'
    headers:
      Content-Length:
      - "141"
      Content-Type:
      - application/x-amz-json-1.0; charset=utf-8
      Date:
      - Thu, 21 Dec 2023 10:04:03 GMT
      X-Amzn-Requestid:
      - tx82f2aae8-819e-49e9-b137-d45b7e81dd36
    status: 200 OK
    code: 200
    duration: ""
- request:
    body: ""
    form: {}
    headers:
      User-Agent:
      - scaleway-sdk-go/v1.0.0-beta.7+dev (go1.21.1; linux; amd64) terraform-provider/develop
        terraform/terraform-tests
    url: https://api.scaleway.com/containers/v1beta1/regions/fr-par/namespaces/212616ff-63c3-4c32-a96f-56582a7c53e4
    method: GET
  response:
    body: '{"description":"","environment_variables":{},"error_message":null,"id":"212616ff-63c3-4c32-a96f-56582a7c53e4","name":"tf-ns-heuristic-allen","organization_id":"105bdce1-64c0-48ab-899d-868455867ecf","project_id":"b6e8341c-ede6-407d-9ef8-25a6f6703d14","region":"fr-par","registry_endpoint":"rg.fr-par.scw.cloud/funcscwtfnsheuristicallendtmhdmcs","registry_namespace_id":"d3d9847c-4ea7-4e83-9a2f-6f388351a064","secret_environment_variables":[],"status":"ready"}'
    headers:
      Content-Length:
      - "458"
      Content-Security-Policy:
      - default-src 'none'; frame-ancestors 'none'
      Content-Type:
      - application/json
      Date:
      - Thu, 21 Dec 2023 10:04:07 GMT
      Server:
      - Scaleway API-Gateway
      Strict-Transport-Security:
      - max-age=63072000
      X-Content-Type-Options:
      - nosniff
      X-Frame-Options:
      - DENY
      X-Request-Id:
      - 2550e19c-2cdf-493d-8b71-1a2415eb4dcd
    status: 200 OK
    code: 200
    duration: ""
- request:
    body: ""
    form: {}
    headers:
      User-Agent:
      - scaleway-sdk-go/v1.0.0-beta.7+dev (go1.21.1; linux; amd64) terraform-provider/develop
        terraform/terraform-tests
    url: https://api.scaleway.com/containers/v1beta1/regions/fr-par/namespaces/212616ff-63c3-4c32-a96f-56582a7c53e4
    method: GET
  response:
    body: '{"description":"","environment_variables":{},"error_message":null,"id":"212616ff-63c3-4c32-a96f-56582a7c53e4","name":"tf-ns-heuristic-allen","organization_id":"105bdce1-64c0-48ab-899d-868455867ecf","project_id":"b6e8341c-ede6-407d-9ef8-25a6f6703d14","region":"fr-par","registry_endpoint":"rg.fr-par.scw.cloud/funcscwtfnsheuristicallendtmhdmcs","registry_namespace_id":"d3d9847c-4ea7-4e83-9a2f-6f388351a064","secret_environment_variables":[],"status":"ready"}'
    headers:
      Content-Length:
      - "458"
      Content-Security-Policy:
      - default-src 'none'; frame-ancestors 'none'
      Content-Type:
      - application/json
      Date:
      - Thu, 21 Dec 2023 10:04:07 GMT
      Server:
      - Scaleway API-Gateway
      Strict-Transport-Security:
      - max-age=63072000
      X-Content-Type-Options:
      - nosniff
      X-Frame-Options:
      - DENY
      X-Request-Id:
      - b8afee58-f527-41ac-8fc9-efd382e18937
    status: 200 OK
    code: 200
    duration: ""
- request:
    body: ""
    form: {}
    headers:
      User-Agent:
      - scaleway-sdk-go/v1.0.0-beta.7+dev (go1.21.1; linux; amd64) terraform-provider/develop
        terraform/terraform-tests
    url: https://api.scaleway.com/containers/v1beta1/regions/fr-par/namespaces/212616ff-63c3-4c32-a96f-56582a7c53e4
    method: GET
  response:
    body: '{"description":"","environment_variables":{},"error_message":null,"id":"212616ff-63c3-4c32-a96f-56582a7c53e4","name":"tf-ns-heuristic-allen","organization_id":"105bdce1-64c0-48ab-899d-868455867ecf","project_id":"b6e8341c-ede6-407d-9ef8-25a6f6703d14","region":"fr-par","registry_endpoint":"rg.fr-par.scw.cloud/funcscwtfnsheuristicallendtmhdmcs","registry_namespace_id":"d3d9847c-4ea7-4e83-9a2f-6f388351a064","secret_environment_variables":[],"status":"ready"}'
    headers:
      Content-Length:
      - "458"
      Content-Security-Policy:
      - default-src 'none'; frame-ancestors 'none'
      Content-Type:
      - application/json
      Date:
      - Thu, 21 Dec 2023 10:04:07 GMT
      Server:
      - Scaleway API-Gateway
      Strict-Transport-Security:
      - max-age=63072000
      X-Content-Type-Options:
      - nosniff
      X-Frame-Options:
      - DENY
      X-Request-Id:
      - 7340a758-b538-40a8-ab2b-1af98d9af668
    status: 200 OK
    code: 200
    duration: ""
- request:
    body: '{"namespace_id":"212616ff-63c3-4c32-a96f-56582a7c53e4","name":"tf-co-zen-matsumoto","privacy":"public","protocol":"http1","secret_environment_variables":null,"http_option":"enabled"}'
    form: {}
    headers:
      Content-Type:
      - application/json
      User-Agent:
      - scaleway-sdk-go/v1.0.0-beta.7+dev (go1.21.1; linux; amd64) terraform-provider/develop
        terraform/terraform-tests
    url: https://api.scaleway.com/containers/v1beta1/regions/fr-par/containers
    method: POST
  response:
    body: '{"cpu_limit":140,"description":"","domain_name":"tfnsheuristicallendtmhdmcs-tf-co-zen-matsumoto.functions.fnc.fr-par.scw.cloud","environment_variables":{},"error_message":null,"http_option":"enabled","id":"3b1e4467-ab8d-4e37-a5fc-7d678e0f44f3","max_concurrency":50,"max_scale":5,"memory_limit":256,"min_scale":0,"name":"tf-co-zen-matsumoto","namespace_id":"212616ff-63c3-4c32-a96f-56582a7c53e4","port":8080,"privacy":"public","protocol":"http1","region":"fr-par","registry_image":"rg.fr-par.scw.cloud/funcscwtfnsheuristicallendtmhdmcs/tf-co-zen-matsumoto:latest","secret_environment_variables":[],"status":"created","timeout":"300s"}'
    headers:
      Content-Length:
      - "633"
      Content-Security-Policy:
      - default-src 'none'; frame-ancestors 'none'
      Content-Type:
      - application/json
      Date:
      - Thu, 21 Dec 2023 10:04:07 GMT
      Server:
      - Scaleway API-Gateway
      Strict-Transport-Security:
      - max-age=63072000
      X-Content-Type-Options:
      - nosniff
      X-Frame-Options:
      - DENY
      X-Request-Id:
      - 0d1870fb-1193-463d-80a1-f5e46be8cd2b
    status: 200 OK
    code: 200
    duration: ""
- request:
    body: ""
    form: {}
    headers:
      User-Agent:
      - scaleway-sdk-go/v1.0.0-beta.7+dev (go1.21.1; linux; amd64) terraform-provider/develop
        terraform/terraform-tests
    url: https://api.scaleway.com/containers/v1beta1/regions/fr-par/containers/3b1e4467-ab8d-4e37-a5fc-7d678e0f44f3
    method: GET
  response:
    body: '{"cpu_limit":140,"description":"","domain_name":"tfnsheuristicallendtmhdmcs-tf-co-zen-matsumoto.functions.fnc.fr-par.scw.cloud","environment_variables":{},"error_message":null,"http_option":"enabled","id":"3b1e4467-ab8d-4e37-a5fc-7d678e0f44f3","max_concurrency":50,"max_scale":5,"memory_limit":256,"min_scale":0,"name":"tf-co-zen-matsumoto","namespace_id":"212616ff-63c3-4c32-a96f-56582a7c53e4","port":8080,"privacy":"public","protocol":"http1","region":"fr-par","registry_image":"rg.fr-par.scw.cloud/funcscwtfnsheuristicallendtmhdmcs/tf-co-zen-matsumoto:latest","secret_environment_variables":[],"status":"created","timeout":"300s"}'
    headers:
      Content-Length:
      - "633"
      Content-Security-Policy:
      - default-src 'none'; frame-ancestors 'none'
      Content-Type:
      - application/json
      Date:
      - Thu, 21 Dec 2023 10:04:07 GMT
      Server:
      - Scaleway API-Gateway
      Strict-Transport-Security:
      - max-age=63072000
      X-Content-Type-Options:
      - nosniff
      X-Frame-Options:
      - DENY
      X-Request-Id:
      - 70ac4d51-29e9-433a-9a21-456ec9ad2188
    status: 200 OK
    code: 200
    duration: ""
- request:
    body: '{"name":"test-container-trigger-sqs","container_id":"3b1e4467-ab8d-4e37-a5fc-7d678e0f44f3","scw_sqs_config":{"queue":"TestQueue","mnq_project_id":"b6e8341c-ede6-407d-9ef8-25a6f6703d14","mnq_region":"fr-par"}}'
    form: {}
    headers:
      Content-Type:
      - application/json
      User-Agent:
      - scaleway-sdk-go/v1.0.0-beta.7+dev (go1.21.1; linux; amd64) terraform-provider/develop
        terraform/terraform-tests
    url: https://api.scaleway.com/containers/v1beta1/regions/fr-par/triggers
    method: POST
  response:
    body: '{"container_id":"3b1e4467-ab8d-4e37-a5fc-7d678e0f44f3","description":"","error_message":null,"id":"209e93e8-1cf0-4ecb-b06d-eaf2d5bc88c5","input_type":"scw_sqs","name":"test-container-trigger-sqs","scw_sqs_config":{"mnq_credential_id":null,"mnq_namespace_id":"","mnq_project_id":"b6e8341c-ede6-407d-9ef8-25a6f6703d14","mnq_region":"fr-par","queue":"TestQueue"},"status":"creating"}'
    headers:
      Content-Length:
      - "380"
      Content-Security-Policy:
      - default-src 'none'; frame-ancestors 'none'
      Content-Type:
      - application/json
      Date:
      - Thu, 21 Dec 2023 10:04:08 GMT
      Server:
      - Scaleway API-Gateway
      Strict-Transport-Security:
      - max-age=63072000
      X-Content-Type-Options:
      - nosniff
      X-Frame-Options:
      - DENY
      X-Request-Id:
      - 904afc7b-454d-4ee6-b74f-739387d78639
    status: 200 OK
    code: 200
    duration: ""
- request:
    body: ""
    form: {}
    headers:
      User-Agent:
      - scaleway-sdk-go/v1.0.0-beta.7+dev (go1.21.1; linux; amd64) terraform-provider/develop
        terraform/terraform-tests
    url: https://api.scaleway.com/containers/v1beta1/regions/fr-par/triggers/209e93e8-1cf0-4ecb-b06d-eaf2d5bc88c5
    method: GET
  response:
    body: '{"container_id":"3b1e4467-ab8d-4e37-a5fc-7d678e0f44f3","description":"","error_message":null,"id":"209e93e8-1cf0-4ecb-b06d-eaf2d5bc88c5","input_type":"scw_sqs","name":"test-container-trigger-sqs","scw_sqs_config":{"mnq_credential_id":null,"mnq_namespace_id":"","mnq_project_id":"b6e8341c-ede6-407d-9ef8-25a6f6703d14","mnq_region":"fr-par","queue":"TestQueue"},"status":"creating"}'
    headers:
      Content-Length:
      - "380"
      Content-Security-Policy:
      - default-src 'none'; frame-ancestors 'none'
      Content-Type:
      - application/json
      Date:
      - Thu, 21 Dec 2023 10:04:08 GMT
      Server:
      - Scaleway API-Gateway
      Strict-Transport-Security:
      - max-age=63072000
      X-Content-Type-Options:
      - nosniff
      X-Frame-Options:
      - DENY
      X-Request-Id:
      - 3f2846ae-7b8d-470b-86e0-bc9120eba6f3
    status: 200 OK
    code: 200
    duration: ""
- request:
    body: ""
    form: {}
    headers:
      User-Agent:
      - scaleway-sdk-go/v1.0.0-beta.7+dev (go1.21.1; linux; amd64) terraform-provider/develop
        terraform/terraform-tests
    url: https://api.scaleway.com/containers/v1beta1/regions/fr-par/triggers/209e93e8-1cf0-4ecb-b06d-eaf2d5bc88c5
    method: GET
  response:
    body: '{"container_id":"3b1e4467-ab8d-4e37-a5fc-7d678e0f44f3","description":"","error_message":null,"id":"209e93e8-1cf0-4ecb-b06d-eaf2d5bc88c5","input_type":"scw_sqs","name":"test-container-trigger-sqs","scw_sqs_config":{"mnq_credential_id":"f3cdfa98-a916-4216-b277-68dc88f182ba","mnq_namespace_id":"","mnq_project_id":"b6e8341c-ede6-407d-9ef8-25a6f6703d14","mnq_region":"fr-par","queue":"TestQueue"},"status":"creating"}'
    headers:
      Content-Length:
      - "414"
      Content-Security-Policy:
      - default-src 'none'; frame-ancestors 'none'
      Content-Type:
      - application/json
      Date:
      - Thu, 21 Dec 2023 10:04:13 GMT
      Server:
      - Scaleway API-Gateway
      Strict-Transport-Security:
      - max-age=63072000
      X-Content-Type-Options:
      - nosniff
      X-Frame-Options:
      - DENY
      X-Request-Id:
      - 5b6588bb-6158-4acf-a061-6fb993ad2686
    status: 200 OK
    code: 200
    duration: ""
- request:
    body: ""
    form: {}
    headers:
      User-Agent:
      - scaleway-sdk-go/v1.0.0-beta.7+dev (go1.21.1; linux; amd64) terraform-provider/develop
        terraform/terraform-tests
    url: https://api.scaleway.com/containers/v1beta1/regions/fr-par/triggers/209e93e8-1cf0-4ecb-b06d-eaf2d5bc88c5
    method: GET
  response:
    body: '{"container_id":"3b1e4467-ab8d-4e37-a5fc-7d678e0f44f3","description":"","error_message":null,"id":"209e93e8-1cf0-4ecb-b06d-eaf2d5bc88c5","input_type":"scw_sqs","name":"test-container-trigger-sqs","scw_sqs_config":{"mnq_credential_id":"f3cdfa98-a916-4216-b277-68dc88f182ba","mnq_namespace_id":"","mnq_project_id":"b6e8341c-ede6-407d-9ef8-25a6f6703d14","mnq_region":"fr-par","queue":"TestQueue"},"status":"creating"}'
    headers:
      Content-Length:
      - "414"
      Content-Security-Policy:
      - default-src 'none'; frame-ancestors 'none'
      Content-Type:
      - application/json
      Date:
      - Thu, 21 Dec 2023 10:04:18 GMT
      Server:
      - Scaleway API-Gateway
      Strict-Transport-Security:
      - max-age=63072000
      X-Content-Type-Options:
      - nosniff
      X-Frame-Options:
      - DENY
      X-Request-Id:
      - f61abed0-920e-45ff-893b-bc1db4ad6e61
    status: 200 OK
    code: 200
    duration: ""
- request:
    body: ""
    form: {}
    headers:
      User-Agent:
      - scaleway-sdk-go/v1.0.0-beta.7+dev (go1.21.1; linux; amd64) terraform-provider/develop
        terraform/terraform-tests
    url: https://api.scaleway.com/containers/v1beta1/regions/fr-par/triggers/209e93e8-1cf0-4ecb-b06d-eaf2d5bc88c5
    method: GET
  response:
    body: '{"container_id":"3b1e4467-ab8d-4e37-a5fc-7d678e0f44f3","description":"","error_message":null,"id":"209e93e8-1cf0-4ecb-b06d-eaf2d5bc88c5","input_type":"scw_sqs","name":"test-container-trigger-sqs","scw_sqs_config":{"mnq_credential_id":"f3cdfa98-a916-4216-b277-68dc88f182ba","mnq_namespace_id":"","mnq_project_id":"b6e8341c-ede6-407d-9ef8-25a6f6703d14","mnq_region":"fr-par","queue":"TestQueue"},"status":"creating"}'
    headers:
      Content-Length:
      - "414"
      Content-Security-Policy:
      - default-src 'none'; frame-ancestors 'none'
      Content-Type:
      - application/json
      Date:
      - Thu, 21 Dec 2023 10:04:23 GMT
      Server:
      - Scaleway API-Gateway
      Strict-Transport-Security:
      - max-age=63072000
      X-Content-Type-Options:
      - nosniff
      X-Frame-Options:
      - DENY
      X-Request-Id:
      - 1e601ad4-d582-466f-9df0-eb806f911548
    status: 200 OK
    code: 200
    duration: ""
- request:
    body: ""
    form: {}
    headers:
      User-Agent:
      - scaleway-sdk-go/v1.0.0-beta.7+dev (go1.21.1; linux; amd64) terraform-provider/develop
        terraform/terraform-tests
    url: https://api.scaleway.com/containers/v1beta1/regions/fr-par/triggers/209e93e8-1cf0-4ecb-b06d-eaf2d5bc88c5
    method: GET
  response:
    body: '{"container_id":"3b1e4467-ab8d-4e37-a5fc-7d678e0f44f3","description":"","error_message":null,"id":"209e93e8-1cf0-4ecb-b06d-eaf2d5bc88c5","input_type":"scw_sqs","name":"test-container-trigger-sqs","scw_sqs_config":{"mnq_credential_id":"f3cdfa98-a916-4216-b277-68dc88f182ba","mnq_namespace_id":"","mnq_project_id":"b6e8341c-ede6-407d-9ef8-25a6f6703d14","mnq_region":"fr-par","queue":"TestQueue"},"status":"ready"}'
    headers:
      Content-Length:
      - "411"
      Content-Security-Policy:
      - default-src 'none'; frame-ancestors 'none'
      Content-Type:
      - application/json
      Date:
      - Thu, 21 Dec 2023 10:04:28 GMT
      Server:
      - Scaleway API-Gateway
      Strict-Transport-Security:
      - max-age=63072000
      X-Content-Type-Options:
      - nosniff
      X-Frame-Options:
      - DENY
      X-Request-Id:
      - be41064f-972a-4f95-bd40-a9d47e8b7f1a
    status: 200 OK
    code: 200
    duration: ""
- request:
    body: ""
    form: {}
    headers:
      User-Agent:
      - scaleway-sdk-go/v1.0.0-beta.7+dev (go1.21.1; linux; amd64) terraform-provider/develop
        terraform/terraform-tests
    url: https://api.scaleway.com/containers/v1beta1/regions/fr-par/triggers/209e93e8-1cf0-4ecb-b06d-eaf2d5bc88c5
    method: GET
  response:
    body: '{"container_id":"3b1e4467-ab8d-4e37-a5fc-7d678e0f44f3","description":"","error_message":null,"id":"209e93e8-1cf0-4ecb-b06d-eaf2d5bc88c5","input_type":"scw_sqs","name":"test-container-trigger-sqs","scw_sqs_config":{"mnq_credential_id":"f3cdfa98-a916-4216-b277-68dc88f182ba","mnq_namespace_id":"","mnq_project_id":"b6e8341c-ede6-407d-9ef8-25a6f6703d14","mnq_region":"fr-par","queue":"TestQueue"},"status":"ready"}'
    headers:
      Content-Length:
      - "411"
      Content-Security-Policy:
      - default-src 'none'; frame-ancestors 'none'
      Content-Type:
      - application/json
      Date:
      - Thu, 21 Dec 2023 10:04:28 GMT
      Server:
      - Scaleway API-Gateway
      Strict-Transport-Security:
      - max-age=63072000
      X-Content-Type-Options:
      - nosniff
      X-Frame-Options:
      - DENY
      X-Request-Id:
      - 3f45d363-7413-4588-aeb3-5a918bfbccc4
    status: 200 OK
    code: 200
    duration: ""
- request:
    body: ""
    form: {}
    headers:
      User-Agent:
      - scaleway-sdk-go/v1.0.0-beta.7+dev (go1.21.1; linux; amd64) terraform-provider/develop
        terraform/terraform-tests
    url: https://api.scaleway.com/containers/v1beta1/regions/fr-par/triggers/209e93e8-1cf0-4ecb-b06d-eaf2d5bc88c5
    method: GET
  response:
    body: '{"container_id":"3b1e4467-ab8d-4e37-a5fc-7d678e0f44f3","description":"","error_message":null,"id":"209e93e8-1cf0-4ecb-b06d-eaf2d5bc88c5","input_type":"scw_sqs","name":"test-container-trigger-sqs","scw_sqs_config":{"mnq_credential_id":"f3cdfa98-a916-4216-b277-68dc88f182ba","mnq_namespace_id":"","mnq_project_id":"b6e8341c-ede6-407d-9ef8-25a6f6703d14","mnq_region":"fr-par","queue":"TestQueue"},"status":"ready"}'
    headers:
      Content-Length:
      - "411"
      Content-Security-Policy:
      - default-src 'none'; frame-ancestors 'none'
      Content-Type:
      - application/json
      Date:
      - Thu, 21 Dec 2023 10:04:29 GMT
      Server:
      - Scaleway API-Gateway
      Strict-Transport-Security:
      - max-age=63072000
      X-Content-Type-Options:
      - nosniff
      X-Frame-Options:
      - DENY
      X-Request-Id:
      - cd1185cf-6566-4eda-aefc-9fbcb48d978e
    status: 200 OK
    code: 200
    duration: ""
- request:
    body: ""
    form: {}
    headers:
      User-Agent:
      - scaleway-sdk-go/v1.0.0-beta.7+dev (go1.21.1; linux; amd64) terraform-provider/develop
        terraform/terraform-tests
    url: https://api.scaleway.com/containers/v1beta1/regions/fr-par/triggers/209e93e8-1cf0-4ecb-b06d-eaf2d5bc88c5
    method: GET
  response:
    body: '{"container_id":"3b1e4467-ab8d-4e37-a5fc-7d678e0f44f3","description":"","error_message":null,"id":"209e93e8-1cf0-4ecb-b06d-eaf2d5bc88c5","input_type":"scw_sqs","name":"test-container-trigger-sqs","scw_sqs_config":{"mnq_credential_id":"f3cdfa98-a916-4216-b277-68dc88f182ba","mnq_namespace_id":"","mnq_project_id":"b6e8341c-ede6-407d-9ef8-25a6f6703d14","mnq_region":"fr-par","queue":"TestQueue"},"status":"ready"}'
    headers:
      Content-Length:
      - "411"
      Content-Security-Policy:
      - default-src 'none'; frame-ancestors 'none'
      Content-Type:
      - application/json
      Date:
      - Thu, 21 Dec 2023 10:04:29 GMT
      Server:
      - Scaleway API-Gateway
      Strict-Transport-Security:
      - max-age=63072000
      X-Content-Type-Options:
      - nosniff
      X-Frame-Options:
      - DENY
      X-Request-Id:
      - 1769f7d6-a38a-4b22-837b-b91fe5386649
    status: 200 OK
    code: 200
    duration: ""
- request:
    body: ""
    form: {}
    headers:
      User-Agent:
      - scaleway-sdk-go/v1.0.0-beta.7+dev (go1.21.1; linux; amd64) terraform-provider/develop
        terraform/terraform-tests
    url: https://api.scaleway.com/account/v3/projects/b6e8341c-ede6-407d-9ef8-25a6f6703d14
    method: GET
  response:
    body: '{"created_at":"2023-12-21T10:04:00.782435Z","description":"","id":"b6e8341c-ede6-407d-9ef8-25a6f6703d14","name":"tf_tests_container_trigger_sqs","organization_id":"105bdce1-64c0-48ab-899d-868455867ecf","updated_at":"2023-12-21T10:04:00.782435Z"}'
    headers:
      Content-Length:
      - "245"
      Content-Security-Policy:
      - default-src 'none'; frame-ancestors 'none'
      Content-Type:
      - application/json
      Date:
      - Thu, 21 Dec 2023 10:04:31 GMT
      Server:
      - Scaleway API-Gateway
      Strict-Transport-Security:
      - max-age=63072000
      X-Content-Type-Options:
      - nosniff
      X-Frame-Options:
      - DENY
      X-Request-Id:
      - e35547d1-0106-47f8-b94c-b24d8eab294a
    status: 200 OK
    code: 200
    duration: ""
- request:
    body: ""
    form: {}
    headers:
      User-Agent:
      - scaleway-sdk-go/v1.0.0-beta.7+dev (go1.21.1; linux; amd64) terraform-provider/develop
        terraform/terraform-tests
    url: https://api.scaleway.com/mnq/v1beta1/regions/fr-par/sqs-info?project_id=b6e8341c-ede6-407d-9ef8-25a6f6703d14
    method: GET
  response:
    body: '{"created_at":"2023-12-21T10:04:01.253299Z","project_id":"b6e8341c-ede6-407d-9ef8-25a6f6703d14","region":"fr-par","sqs_endpoint_url":"https://sqs.mnq.fr-par.scaleway.com","status":"enabled","updated_at":"2023-12-21T10:04:01.253299Z"}'
    headers:
      Content-Length:
      - "233"
      Content-Security-Policy:
      - default-src 'none'; frame-ancestors 'none'
      Content-Type:
      - application/json
      Date:
      - Thu, 21 Dec 2023 10:04:32 GMT
      Server:
      - Scaleway API-Gateway
      Strict-Transport-Security:
      - max-age=63072000
      X-Content-Type-Options:
      - nosniff
      X-Frame-Options:
      - DENY
      X-Request-Id:
      - 3cd9a329-f507-41fa-a3ce-7e66c980e0aa
    status: 200 OK
    code: 200
    duration: ""
- request:
    body: ""
    form: {}
    headers:
      User-Agent:
      - scaleway-sdk-go/v1.0.0-beta.7+dev (go1.21.1; linux; amd64) terraform-provider/develop
        terraform/terraform-tests
    url: https://api.scaleway.com/containers/v1beta1/regions/fr-par/namespaces/212616ff-63c3-4c32-a96f-56582a7c53e4
    method: GET
  response:
    body: '{"description":"","environment_variables":{},"error_message":null,"id":"212616ff-63c3-4c32-a96f-56582a7c53e4","name":"tf-ns-heuristic-allen","organization_id":"105bdce1-64c0-48ab-899d-868455867ecf","project_id":"b6e8341c-ede6-407d-9ef8-25a6f6703d14","region":"fr-par","registry_endpoint":"rg.fr-par.scw.cloud/funcscwtfnsheuristicallendtmhdmcs","registry_namespace_id":"d3d9847c-4ea7-4e83-9a2f-6f388351a064","secret_environment_variables":[],"status":"ready"}'
    headers:
      Content-Length:
      - "458"
      Content-Security-Policy:
      - default-src 'none'; frame-ancestors 'none'
      Content-Type:
      - application/json
      Date:
      - Thu, 21 Dec 2023 10:04:32 GMT
      Server:
      - Scaleway API-Gateway
      Strict-Transport-Security:
      - max-age=63072000
      X-Content-Type-Options:
      - nosniff
      X-Frame-Options:
      - DENY
      X-Request-Id:
      - 85bda239-4a08-4ec0-ad27-9d761e9f2fb4
    status: 200 OK
    code: 200
    duration: ""
- request:
    body: ""
    form: {}
    headers:
      User-Agent:
      - scaleway-sdk-go/v1.0.0-beta.7+dev (go1.21.1; linux; amd64) terraform-provider/develop
        terraform/terraform-tests
    url: https://api.scaleway.com/mnq/v1beta1/regions/fr-par/sqs-credentials/a0cd3c7d-5563-4934-a4e3-5f611962a35b
    method: GET
  response:
    body: '{"access_key":"xFi1ENvVaJCLgLfIZvxk","created_at":"2023-12-21T10:04:01.588861Z","id":"a0cd3c7d-5563-4934-a4e3-5f611962a35b","name":"tf-sqs-credentials-loving-gauss","permissions":{"can_manage":true,"can_publish":true,"can_receive":true},"project_id":"b6e8341c-ede6-407d-9ef8-25a6f6703d14","region":"fr-par","secret_checksum":"b7dfcc2d753bbbe27f393b1e2b16a632e2fd5aab","secret_key":"00000000-0000-0000-0000-000000000000","updated_at":null}'
    headers:
      Content-Length:
      - "402"
      Content-Security-Policy:
      - default-src 'none'; frame-ancestors 'none'
      Content-Type:
      - application/json
      Date:
      - Thu, 21 Dec 2023 10:04:32 GMT
      Server:
      - Scaleway API-Gateway
      Strict-Transport-Security:
      - max-age=63072000
      X-Content-Type-Options:
      - nosniff
      X-Frame-Options:
      - DENY
      X-Request-Id:
      - 56f41278-4320-4b90-94dd-948210e3fc34
    status: 200 OK
    code: 200
    duration: ""
- request:
    body: ""
    form: {}
    headers:
      User-Agent:
      - scaleway-sdk-go/v1.0.0-beta.7+dev (go1.21.1; linux; amd64) terraform-provider/develop
        terraform/terraform-tests
    url: https://api.scaleway.com/containers/v1beta1/regions/fr-par/containers/3b1e4467-ab8d-4e37-a5fc-7d678e0f44f3
    method: GET
  response:
    body: '{"cpu_limit":140,"description":"","domain_name":"tfnsheuristicallendtmhdmcs-tf-co-zen-matsumoto.functions.fnc.fr-par.scw.cloud","environment_variables":{},"error_message":null,"http_option":"enabled","id":"3b1e4467-ab8d-4e37-a5fc-7d678e0f44f3","max_concurrency":50,"max_scale":5,"memory_limit":256,"min_scale":0,"name":"tf-co-zen-matsumoto","namespace_id":"212616ff-63c3-4c32-a96f-56582a7c53e4","port":8080,"privacy":"public","protocol":"http1","region":"fr-par","registry_image":"rg.fr-par.scw.cloud/funcscwtfnsheuristicallendtmhdmcs/tf-co-zen-matsumoto:latest","secret_environment_variables":[],"status":"created","timeout":"300s"}'
    headers:
      Content-Length:
      - "633"
      Content-Security-Policy:
      - default-src 'none'; frame-ancestors 'none'
      Content-Type:
      - application/json
      Date:
      - Thu, 21 Dec 2023 10:04:32 GMT
      Server:
      - Scaleway API-Gateway
      Strict-Transport-Security:
      - max-age=63072000
      X-Content-Type-Options:
      - nosniff
      X-Frame-Options:
      - DENY
      X-Request-Id:
      - 8925671f-f86a-40fe-81db-7673fa65c559
    status: 200 OK
    code: 200
    duration: ""
- request:
    body: '{"QueueName":"TestQueue"}'
    form: {}
    headers:
      Content-Length:
      - "25"
      Content-Type:
      - application/x-amz-json-1.0
      User-Agent:
      - aws-sdk-go/1.49.6 (go1.21.1; linux; amd64)
      X-Amz-Date:
      - 20231221T100432Z
      X-Amz-Target:
      - AmazonSQS.GetQueueUrl
    url: https://sqs.mnq.fr-par.scaleway.com/
    method: POST
  response:
    body: '{"QueueUrl":"https://sqs.mnq.fr-par.scaleway.com/project-b6e8341c-ede6-407d-9ef8-25a6f6703d14/TestQueue"}'
    headers:
      Content-Length:
      - "105"
      Content-Type:
      - application/x-amz-json-1.0; charset=utf-8
      Date:
      - Thu, 21 Dec 2023 10:04:32 GMT
      X-Amzn-Requestid:
      - txde46d907-fc7d-42e1-9f95-ccc5cd3c0a16
    status: 200 OK
    code: 200
    duration: ""
- request:
    body: '{"AttributeNames":["MessageRetentionPeriod","FifoQueue","ContentBasedDeduplication","ReceiveMessageWaitTimeSeconds","VisibilityTimeout","MaximumMessageSize"],"QueueUrl":"https://sqs.mnq.fr-par.scaleway.com/project-b6e8341c-ede6-407d-9ef8-25a6f6703d14/TestQueue"}'
    form: {}
    headers:
      Content-Length:
      - "262"
      Content-Type:
      - application/x-amz-json-1.0
      User-Agent:
      - aws-sdk-go/1.49.6 (go1.21.1; linux; amd64)
      X-Amz-Date:
      - 20231221T100432Z
      X-Amz-Target:
      - AmazonSQS.GetQueueAttributes
    url: https://sqs.mnq.fr-par.scaleway.com/
    method: POST
  response:
    body: '{"Attributes":{"MaximumMessageSize":"262144","MessageRetentionPeriod":"345600","ReceiveMessageWaitTimeSeconds":"0","VisibilityTimeout":"30"}}'
    headers:
      Content-Length:
      - "141"
      Content-Type:
      - application/x-amz-json-1.0; charset=utf-8
      Date:
      - Thu, 21 Dec 2023 10:04:32 GMT
      X-Amzn-Requestid:
      - txc8f16b2a-eecb-4711-85f0-be35c43afe77
    status: 200 OK
    code: 200
    duration: ""
- request:
    body: ""
    form: {}
    headers:
      User-Agent:
      - scaleway-sdk-go/v1.0.0-beta.7+dev (go1.21.1; linux; amd64) terraform-provider/develop
        terraform/terraform-tests
    url: https://api.scaleway.com/containers/v1beta1/regions/fr-par/triggers/209e93e8-1cf0-4ecb-b06d-eaf2d5bc88c5
    method: GET
  response:
    body: '{"container_id":"3b1e4467-ab8d-4e37-a5fc-7d678e0f44f3","description":"","error_message":null,"id":"209e93e8-1cf0-4ecb-b06d-eaf2d5bc88c5","input_type":"scw_sqs","name":"test-container-trigger-sqs","scw_sqs_config":{"mnq_credential_id":"f3cdfa98-a916-4216-b277-68dc88f182ba","mnq_namespace_id":"","mnq_project_id":"b6e8341c-ede6-407d-9ef8-25a6f6703d14","mnq_region":"fr-par","queue":"TestQueue"},"status":"ready"}'
    headers:
      Content-Length:
      - "411"
      Content-Security-Policy:
      - default-src 'none'; frame-ancestors 'none'
      Content-Type:
      - application/json
      Date:
      - Thu, 21 Dec 2023 10:04:32 GMT
      Server:
      - Scaleway API-Gateway
      Strict-Transport-Security:
      - max-age=63072000
      X-Content-Type-Options:
      - nosniff
      X-Frame-Options:
      - DENY
      X-Request-Id:
      - 50e3251d-2281-4fca-ac24-ea9b7c9bd952
    status: 200 OK
    code: 200
    duration: ""
- request:
    body: ""
    form: {}
    headers:
      User-Agent:
      - scaleway-sdk-go/v1.0.0-beta.7+dev (go1.21.1; linux; amd64) terraform-provider/develop
        terraform/terraform-tests
    url: https://api.scaleway.com/account/v3/projects/b6e8341c-ede6-407d-9ef8-25a6f6703d14
    method: GET
  response:
    body: '{"created_at":"2023-12-21T10:04:00.782435Z","description":"","id":"b6e8341c-ede6-407d-9ef8-25a6f6703d14","name":"tf_tests_container_trigger_sqs","organization_id":"105bdce1-64c0-48ab-899d-868455867ecf","updated_at":"2023-12-21T10:04:00.782435Z"}'
    headers:
      Content-Length:
      - "245"
      Content-Security-Policy:
      - default-src 'none'; frame-ancestors 'none'
      Content-Type:
      - application/json
      Date:
      - Thu, 21 Dec 2023 10:04:35 GMT
      Server:
      - Scaleway API-Gateway
      Strict-Transport-Security:
      - max-age=63072000
      X-Content-Type-Options:
      - nosniff
      X-Frame-Options:
      - DENY
      X-Request-Id:
      - a8def782-64ba-43ba-befe-1d739e5b370e
    status: 200 OK
    code: 200
    duration: ""
- request:
    body: ""
    form: {}
    headers:
      User-Agent:
      - scaleway-sdk-go/v1.0.0-beta.7+dev (go1.21.1; linux; amd64) terraform-provider/develop
        terraform/terraform-tests
    url: https://api.scaleway.com/mnq/v1beta1/regions/fr-par/sqs-info?project_id=b6e8341c-ede6-407d-9ef8-25a6f6703d14
    method: GET
  response:
    body: '{"created_at":"2023-12-21T10:04:01.253299Z","project_id":"b6e8341c-ede6-407d-9ef8-25a6f6703d14","region":"fr-par","sqs_endpoint_url":"https://sqs.mnq.fr-par.scaleway.com","status":"enabled","updated_at":"2023-12-21T10:04:01.253299Z"}'
    headers:
      Content-Length:
      - "233"
      Content-Security-Policy:
      - default-src 'none'; frame-ancestors 'none'
      Content-Type:
      - application/json
      Date:
      - Thu, 21 Dec 2023 10:04:35 GMT
      Server:
      - Scaleway API-Gateway
      Strict-Transport-Security:
      - max-age=63072000
      X-Content-Type-Options:
      - nosniff
      X-Frame-Options:
      - DENY
      X-Request-Id:
      - cd639814-ab99-4a81-96da-551e11aa9944
    status: 200 OK
    code: 200
    duration: ""
- request:
    body: ""
    form: {}
    headers:
      User-Agent:
      - scaleway-sdk-go/v1.0.0-beta.7+dev (go1.21.1; linux; amd64) terraform-provider/develop
        terraform/terraform-tests
    url: https://api.scaleway.com/containers/v1beta1/regions/fr-par/namespaces/212616ff-63c3-4c32-a96f-56582a7c53e4
    method: GET
  response:
    body: '{"description":"","environment_variables":{},"error_message":null,"id":"212616ff-63c3-4c32-a96f-56582a7c53e4","name":"tf-ns-heuristic-allen","organization_id":"105bdce1-64c0-48ab-899d-868455867ecf","project_id":"b6e8341c-ede6-407d-9ef8-25a6f6703d14","region":"fr-par","registry_endpoint":"rg.fr-par.scw.cloud/funcscwtfnsheuristicallendtmhdmcs","registry_namespace_id":"d3d9847c-4ea7-4e83-9a2f-6f388351a064","secret_environment_variables":[],"status":"ready"}'
    headers:
      Content-Length:
      - "458"
      Content-Security-Policy:
      - default-src 'none'; frame-ancestors 'none'
      Content-Type:
      - application/json
      Date:
      - Thu, 21 Dec 2023 10:04:35 GMT
      Server:
      - Scaleway API-Gateway
      Strict-Transport-Security:
      - max-age=63072000
      X-Content-Type-Options:
      - nosniff
      X-Frame-Options:
      - DENY
      X-Request-Id:
      - cdcb6fa6-fd9f-4b41-9b84-0e2c89c13988
    status: 200 OK
    code: 200
    duration: ""
- request:
    body: ""
    form: {}
    headers:
      User-Agent:
      - scaleway-sdk-go/v1.0.0-beta.7+dev (go1.21.1; linux; amd64) terraform-provider/develop
        terraform/terraform-tests
    url: https://api.scaleway.com/mnq/v1beta1/regions/fr-par/sqs-credentials/a0cd3c7d-5563-4934-a4e3-5f611962a35b
    method: GET
  response:
    body: '{"access_key":"xFi1ENvVaJCLgLfIZvxk","created_at":"2023-12-21T10:04:01.588861Z","id":"a0cd3c7d-5563-4934-a4e3-5f611962a35b","name":"tf-sqs-credentials-loving-gauss","permissions":{"can_manage":true,"can_publish":true,"can_receive":true},"project_id":"b6e8341c-ede6-407d-9ef8-25a6f6703d14","region":"fr-par","secret_checksum":"b7dfcc2d753bbbe27f393b1e2b16a632e2fd5aab","secret_key":"00000000-0000-0000-0000-000000000000","updated_at":null}'
    headers:
      Content-Length:
      - "402"
      Content-Security-Policy:
      - default-src 'none'; frame-ancestors 'none'
      Content-Type:
      - application/json
      Date:
      - Thu, 21 Dec 2023 10:04:35 GMT
      Server:
      - Scaleway API-Gateway
      Strict-Transport-Security:
      - max-age=63072000
      X-Content-Type-Options:
      - nosniff
      X-Frame-Options:
      - DENY
      X-Request-Id:
      - 3faac02c-50b0-4b3d-9ca2-a8f2e5938a02
    status: 200 OK
    code: 200
    duration: ""
- request:
    body: ""
    form: {}
    headers:
      User-Agent:
      - scaleway-sdk-go/v1.0.0-beta.7+dev (go1.21.1; linux; amd64) terraform-provider/develop
        terraform/terraform-tests
    url: https://api.scaleway.com/containers/v1beta1/regions/fr-par/containers/3b1e4467-ab8d-4e37-a5fc-7d678e0f44f3
    method: GET
  response:
    body: '{"cpu_limit":140,"description":"","domain_name":"tfnsheuristicallendtmhdmcs-tf-co-zen-matsumoto.functions.fnc.fr-par.scw.cloud","environment_variables":{},"error_message":null,"http_option":"enabled","id":"3b1e4467-ab8d-4e37-a5fc-7d678e0f44f3","max_concurrency":50,"max_scale":5,"memory_limit":256,"min_scale":0,"name":"tf-co-zen-matsumoto","namespace_id":"212616ff-63c3-4c32-a96f-56582a7c53e4","port":8080,"privacy":"public","protocol":"http1","region":"fr-par","registry_image":"rg.fr-par.scw.cloud/funcscwtfnsheuristicallendtmhdmcs/tf-co-zen-matsumoto:latest","secret_environment_variables":[],"status":"created","timeout":"300s"}'
    headers:
      Content-Length:
      - "633"
      Content-Security-Policy:
      - default-src 'none'; frame-ancestors 'none'
      Content-Type:
      - application/json
      Date:
      - Thu, 21 Dec 2023 10:04:35 GMT
      Server:
      - Scaleway API-Gateway
      Strict-Transport-Security:
      - max-age=63072000
      X-Content-Type-Options:
      - nosniff
      X-Frame-Options:
      - DENY
      X-Request-Id:
      - 3071165b-5ace-4bf2-92c3-2a772ffab83a
    status: 200 OK
    code: 200
    duration: ""
- request:
    body: '{"QueueName":"TestQueue"}'
    form: {}
    headers:
      Content-Length:
      - "25"
      Content-Type:
      - application/x-amz-json-1.0
      User-Agent:
      - aws-sdk-go/1.49.6 (go1.21.1; linux; amd64)
      X-Amz-Date:
      - 20231221T100435Z
      X-Amz-Target:
      - AmazonSQS.GetQueueUrl
    url: https://sqs.mnq.fr-par.scaleway.com/
    method: POST
  response:
    body: '{"QueueUrl":"https://sqs.mnq.fr-par.scaleway.com/project-b6e8341c-ede6-407d-9ef8-25a6f6703d14/TestQueue"}'
    headers:
      Content-Length:
      - "105"
      Content-Type:
      - application/x-amz-json-1.0; charset=utf-8
      Date:
      - Thu, 21 Dec 2023 10:04:35 GMT
      X-Amzn-Requestid:
      - txa07ed2b4-78d6-48ec-921a-71f9190b9ad3
    status: 200 OK
    code: 200
    duration: ""
- request:
    body: '{"AttributeNames":["ContentBasedDeduplication","ReceiveMessageWaitTimeSeconds","VisibilityTimeout","MaximumMessageSize","MessageRetentionPeriod","FifoQueue"],"QueueUrl":"https://sqs.mnq.fr-par.scaleway.com/project-b6e8341c-ede6-407d-9ef8-25a6f6703d14/TestQueue"}'
    form: {}
    headers:
      Content-Length:
      - "262"
      Content-Type:
      - application/x-amz-json-1.0
      User-Agent:
      - aws-sdk-go/1.49.6 (go1.21.1; linux; amd64)
      X-Amz-Date:
      - 20231221T100435Z
      X-Amz-Target:
      - AmazonSQS.GetQueueAttributes
    url: https://sqs.mnq.fr-par.scaleway.com/
    method: POST
  response:
    body: '{"Attributes":{"MaximumMessageSize":"262144","MessageRetentionPeriod":"345600","ReceiveMessageWaitTimeSeconds":"0","VisibilityTimeout":"30"}}'
    headers:
      Content-Length:
      - "141"
      Content-Type:
      - application/x-amz-json-1.0; charset=utf-8
      Date:
      - Thu, 21 Dec 2023 10:04:35 GMT
      X-Amzn-Requestid:
      - tx10eba180-f06b-495a-9e74-8fae463de74e
    status: 200 OK
    code: 200
    duration: ""
- request:
    body: ""
    form: {}
    headers:
      User-Agent:
      - scaleway-sdk-go/v1.0.0-beta.7+dev (go1.21.1; linux; amd64) terraform-provider/develop
        terraform/terraform-tests
    url: https://api.scaleway.com/containers/v1beta1/regions/fr-par/triggers/209e93e8-1cf0-4ecb-b06d-eaf2d5bc88c5
    method: GET
  response:
    body: '{"container_id":"3b1e4467-ab8d-4e37-a5fc-7d678e0f44f3","description":"","error_message":null,"id":"209e93e8-1cf0-4ecb-b06d-eaf2d5bc88c5","input_type":"scw_sqs","name":"test-container-trigger-sqs","scw_sqs_config":{"mnq_credential_id":"f3cdfa98-a916-4216-b277-68dc88f182ba","mnq_namespace_id":"","mnq_project_id":"b6e8341c-ede6-407d-9ef8-25a6f6703d14","mnq_region":"fr-par","queue":"TestQueue"},"status":"ready"}'
    headers:
      Content-Length:
      - "411"
      Content-Security-Policy:
      - default-src 'none'; frame-ancestors 'none'
      Content-Type:
      - application/json
      Date:
      - Thu, 21 Dec 2023 10:04:35 GMT
      Server:
      - Scaleway API-Gateway
      Strict-Transport-Security:
      - max-age=63072000
      X-Content-Type-Options:
      - nosniff
      X-Frame-Options:
      - DENY
      X-Request-Id:
      - 7c881138-d54e-4f6c-9256-a9adc0a079be
    status: 200 OK
    code: 200
    duration: ""
- request:
    body: ""
    form: {}
    headers:
      User-Agent:
      - scaleway-sdk-go/v1.0.0-beta.7+dev (go1.21.1; linux; amd64) terraform-provider/develop
        terraform/terraform-tests
    url: https://api.scaleway.com/account/v3/projects/b6e8341c-ede6-407d-9ef8-25a6f6703d14
    method: GET
  response:
    body: '{"created_at":"2023-12-21T10:04:00.782435Z","description":"","id":"b6e8341c-ede6-407d-9ef8-25a6f6703d14","name":"tf_tests_container_trigger_sqs","organization_id":"105bdce1-64c0-48ab-899d-868455867ecf","updated_at":"2023-12-21T10:04:00.782435Z"}'
    headers:
      Content-Length:
      - "245"
      Content-Security-Policy:
      - default-src 'none'; frame-ancestors 'none'
      Content-Type:
      - application/json
      Date:
      - Thu, 21 Dec 2023 10:04:38 GMT
      Server:
      - Scaleway API-Gateway
      Strict-Transport-Security:
      - max-age=63072000
      X-Content-Type-Options:
      - nosniff
      X-Frame-Options:
      - DENY
      X-Request-Id:
      - f2d06bb7-b84e-486a-a774-735b13c14df6
    status: 200 OK
    code: 200
    duration: ""
- request:
    body: ""
    form: {}
    headers:
      User-Agent:
      - scaleway-sdk-go/v1.0.0-beta.7+dev (go1.21.1; linux; amd64) terraform-provider/develop
        terraform/terraform-tests
    url: https://api.scaleway.com/mnq/v1beta1/regions/fr-par/sqs-info?project_id=b6e8341c-ede6-407d-9ef8-25a6f6703d14
    method: GET
  response:
    body: '{"created_at":"2023-12-21T10:04:01.253299Z","project_id":"b6e8341c-ede6-407d-9ef8-25a6f6703d14","region":"fr-par","sqs_endpoint_url":"https://sqs.mnq.fr-par.scaleway.com","status":"enabled","updated_at":"2023-12-21T10:04:01.253299Z"}'
    headers:
      Content-Length:
      - "233"
      Content-Security-Policy:
      - default-src 'none'; frame-ancestors 'none'
      Content-Type:
      - application/json
      Date:
      - Thu, 21 Dec 2023 10:04:38 GMT
      Server:
      - Scaleway API-Gateway
      Strict-Transport-Security:
      - max-age=63072000
      X-Content-Type-Options:
      - nosniff
      X-Frame-Options:
      - DENY
      X-Request-Id:
      - 9dfad494-4bd1-4903-beb8-247a1b54e37e
    status: 200 OK
    code: 200
    duration: ""
- request:
    body: ""
    form: {}
    headers:
      User-Agent:
      - scaleway-sdk-go/v1.0.0-beta.7+dev (go1.21.1; linux; amd64) terraform-provider/develop
        terraform/terraform-tests
    url: https://api.scaleway.com/containers/v1beta1/regions/fr-par/namespaces/212616ff-63c3-4c32-a96f-56582a7c53e4
    method: GET
  response:
    body: '{"description":"","environment_variables":{},"error_message":null,"id":"212616ff-63c3-4c32-a96f-56582a7c53e4","name":"tf-ns-heuristic-allen","organization_id":"105bdce1-64c0-48ab-899d-868455867ecf","project_id":"b6e8341c-ede6-407d-9ef8-25a6f6703d14","region":"fr-par","registry_endpoint":"rg.fr-par.scw.cloud/funcscwtfnsheuristicallendtmhdmcs","registry_namespace_id":"d3d9847c-4ea7-4e83-9a2f-6f388351a064","secret_environment_variables":[],"status":"ready"}'
    headers:
      Content-Length:
      - "458"
      Content-Security-Policy:
      - default-src 'none'; frame-ancestors 'none'
      Content-Type:
      - application/json
      Date:
      - Thu, 21 Dec 2023 10:04:38 GMT
      Server:
      - Scaleway API-Gateway
      Strict-Transport-Security:
      - max-age=63072000
      X-Content-Type-Options:
      - nosniff
      X-Frame-Options:
      - DENY
      X-Request-Id:
      - a7c8bc0b-be71-44e8-90ab-c42dad727a3f
    status: 200 OK
    code: 200
    duration: ""
- request:
    body: ""
    form: {}
    headers:
      User-Agent:
      - scaleway-sdk-go/v1.0.0-beta.7+dev (go1.21.1; linux; amd64) terraform-provider/develop
        terraform/terraform-tests
    url: https://api.scaleway.com/mnq/v1beta1/regions/fr-par/sqs-credentials/a0cd3c7d-5563-4934-a4e3-5f611962a35b
    method: GET
  response:
    body: '{"access_key":"xFi1ENvVaJCLgLfIZvxk","created_at":"2023-12-21T10:04:01.588861Z","id":"a0cd3c7d-5563-4934-a4e3-5f611962a35b","name":"tf-sqs-credentials-loving-gauss","permissions":{"can_manage":true,"can_publish":true,"can_receive":true},"project_id":"b6e8341c-ede6-407d-9ef8-25a6f6703d14","region":"fr-par","secret_checksum":"b7dfcc2d753bbbe27f393b1e2b16a632e2fd5aab","secret_key":"00000000-0000-0000-0000-000000000000","updated_at":null}'
    headers:
      Content-Length:
      - "402"
      Content-Security-Policy:
      - default-src 'none'; frame-ancestors 'none'
      Content-Type:
      - application/json
      Date:
      - Thu, 21 Dec 2023 10:04:38 GMT
      Server:
      - Scaleway API-Gateway
      Strict-Transport-Security:
      - max-age=63072000
      X-Content-Type-Options:
      - nosniff
      X-Frame-Options:
      - DENY
      X-Request-Id:
      - fe0c0899-5f2e-4121-bd25-b17c5976560a
    status: 200 OK
    code: 200
    duration: ""
- request:
    body: ""
    form: {}
    headers:
      User-Agent:
      - scaleway-sdk-go/v1.0.0-beta.7+dev (go1.21.1; linux; amd64) terraform-provider/develop
        terraform/terraform-tests
    url: https://api.scaleway.com/containers/v1beta1/regions/fr-par/containers/3b1e4467-ab8d-4e37-a5fc-7d678e0f44f3
    method: GET
  response:
    body: '{"cpu_limit":140,"description":"","domain_name":"tfnsheuristicallendtmhdmcs-tf-co-zen-matsumoto.functions.fnc.fr-par.scw.cloud","environment_variables":{},"error_message":null,"http_option":"enabled","id":"3b1e4467-ab8d-4e37-a5fc-7d678e0f44f3","max_concurrency":50,"max_scale":5,"memory_limit":256,"min_scale":0,"name":"tf-co-zen-matsumoto","namespace_id":"212616ff-63c3-4c32-a96f-56582a7c53e4","port":8080,"privacy":"public","protocol":"http1","region":"fr-par","registry_image":"rg.fr-par.scw.cloud/funcscwtfnsheuristicallendtmhdmcs/tf-co-zen-matsumoto:latest","secret_environment_variables":[],"status":"created","timeout":"300s"}'
    headers:
      Content-Length:
      - "633"
      Content-Security-Policy:
      - default-src 'none'; frame-ancestors 'none'
      Content-Type:
      - application/json
      Date:
      - Thu, 21 Dec 2023 10:04:38 GMT
      Server:
      - Scaleway API-Gateway
      Strict-Transport-Security:
      - max-age=63072000
      X-Content-Type-Options:
      - nosniff
      X-Frame-Options:
      - DENY
      X-Request-Id:
      - 71f31d60-6503-4c7d-a0f0-1178d11871ae
    status: 200 OK
    code: 200
    duration: ""
- request:
    body: '{"QueueName":"TestQueue"}'
    form: {}
    headers:
      Content-Length:
      - "25"
      Content-Type:
      - application/x-amz-json-1.0
      User-Agent:
      - aws-sdk-go/1.49.6 (go1.21.1; linux; amd64)
      X-Amz-Date:
      - 20231221T100438Z
      X-Amz-Target:
      - AmazonSQS.GetQueueUrl
    url: https://sqs.mnq.fr-par.scaleway.com/
    method: POST
  response:
    body: '{"QueueUrl":"https://sqs.mnq.fr-par.scaleway.com/project-b6e8341c-ede6-407d-9ef8-25a6f6703d14/TestQueue"}'
    headers:
      Content-Length:
      - "105"
      Content-Type:
      - application/x-amz-json-1.0; charset=utf-8
      Date:
      - Thu, 21 Dec 2023 10:04:38 GMT
      X-Amzn-Requestid:
      - tx742a25b5-4190-4d4f-be74-aad319a243f3
    status: 200 OK
    code: 200
    duration: ""
- request:
    body: '{"AttributeNames":["MessageRetentionPeriod","FifoQueue","ContentBasedDeduplication","ReceiveMessageWaitTimeSeconds","VisibilityTimeout","MaximumMessageSize"],"QueueUrl":"https://sqs.mnq.fr-par.scaleway.com/project-b6e8341c-ede6-407d-9ef8-25a6f6703d14/TestQueue"}'
    form: {}
    headers:
      Content-Length:
      - "262"
      Content-Type:
      - application/x-amz-json-1.0
      User-Agent:
      - aws-sdk-go/1.49.6 (go1.21.1; linux; amd64)
      X-Amz-Date:
      - 20231221T100438Z
      X-Amz-Target:
      - AmazonSQS.GetQueueAttributes
    url: https://sqs.mnq.fr-par.scaleway.com/
    method: POST
  response:
    body: '{"Attributes":{"MaximumMessageSize":"262144","MessageRetentionPeriod":"345600","ReceiveMessageWaitTimeSeconds":"0","VisibilityTimeout":"30"}}'
    headers:
      Content-Length:
      - "141"
      Content-Type:
      - application/x-amz-json-1.0; charset=utf-8
      Date:
      - Thu, 21 Dec 2023 10:04:38 GMT
      X-Amzn-Requestid:
      - txa8240a3e-5282-436e-b3c0-5bcb47cc4b62
    status: 200 OK
    code: 200
    duration: ""
- request:
    body: ""
    form: {}
    headers:
      User-Agent:
      - scaleway-sdk-go/v1.0.0-beta.7+dev (go1.21.1; linux; amd64) terraform-provider/develop
        terraform/terraform-tests
    url: https://api.scaleway.com/containers/v1beta1/regions/fr-par/triggers/209e93e8-1cf0-4ecb-b06d-eaf2d5bc88c5
    method: GET
  response:
    body: '{"container_id":"3b1e4467-ab8d-4e37-a5fc-7d678e0f44f3","description":"","error_message":null,"id":"209e93e8-1cf0-4ecb-b06d-eaf2d5bc88c5","input_type":"scw_sqs","name":"test-container-trigger-sqs","scw_sqs_config":{"mnq_credential_id":"f3cdfa98-a916-4216-b277-68dc88f182ba","mnq_namespace_id":"","mnq_project_id":"b6e8341c-ede6-407d-9ef8-25a6f6703d14","mnq_region":"fr-par","queue":"TestQueue"},"status":"ready"}'
    headers:
      Content-Length:
      - "411"
      Content-Security-Policy:
      - default-src 'none'; frame-ancestors 'none'
      Content-Type:
      - application/json
      Date:
      - Thu, 21 Dec 2023 10:04:38 GMT
      Server:
      - Scaleway API-Gateway
      Strict-Transport-Security:
      - max-age=63072000
      X-Content-Type-Options:
      - nosniff
      X-Frame-Options:
      - DENY
      X-Request-Id:
      - dab443b0-25d3-4feb-bd12-44b90784414d
    status: 200 OK
    code: 200
    duration: ""
- request:
    body: '{"QueueName":"TestQueue"}'
    form: {}
    headers:
      Content-Length:
      - "25"
      Content-Type:
      - application/x-amz-json-1.0
      User-Agent:
      - aws-sdk-go/1.49.6 (go1.21.1; linux; amd64)
      X-Amz-Date:
      - 20231221T100442Z
      X-Amz-Target:
      - AmazonSQS.GetQueueUrl
    url: https://sqs.mnq.fr-par.scaleway.com/
    method: POST
  response:
    body: '{"QueueUrl":"https://sqs.mnq.fr-par.scaleway.com/project-b6e8341c-ede6-407d-9ef8-25a6f6703d14/TestQueue"}'
    headers:
      Content-Length:
      - "105"
      Content-Type:
      - application/x-amz-json-1.0; charset=utf-8
      Date:
      - Thu, 21 Dec 2023 10:04:42 GMT
      X-Amzn-Requestid:
      - tx7eb2dfb0-36e4-4023-9766-dd9e76a131ae
    status: 200 OK
    code: 200
    duration: ""
- request:
    body: '{"QueueUrl":"https://sqs.mnq.fr-par.scaleway.com/project-b6e8341c-ede6-407d-9ef8-25a6f6703d14/TestQueue"}'
    form: {}
    headers:
      Content-Length:
      - "105"
      Content-Type:
      - application/x-amz-json-1.0
      User-Agent:
      - aws-sdk-go/1.49.6 (go1.21.1; linux; amd64)
      X-Amz-Date:
      - 20231221T100442Z
      X-Amz-Target:
      - AmazonSQS.DeleteQueue
    url: https://sqs.mnq.fr-par.scaleway.com/
    method: POST
  response:
    body: ""
    headers:
      Content-Length:
      - "0"
      Content-Type:
      - application/x-amz-json-1.0; charset=utf-8
      Date:
      - Thu, 21 Dec 2023 10:04:42 GMT
      X-Amzn-Requestid:
      - txee7ddf62-0f89-4499-a5bb-d0d8033925c7
    status: 200 OK
    code: 200
    duration: ""
- request:
    body: ""
    form: {}
    headers:
      User-Agent:
      - scaleway-sdk-go/v1.0.0-beta.7+dev (go1.21.1; linux; amd64) terraform-provider/develop
        terraform/terraform-tests
    url: https://api.scaleway.com/containers/v1beta1/regions/fr-par/triggers/209e93e8-1cf0-4ecb-b06d-eaf2d5bc88c5
    method: GET
  response:
    body: '{"container_id":"3b1e4467-ab8d-4e37-a5fc-7d678e0f44f3","description":"","error_message":null,"id":"209e93e8-1cf0-4ecb-b06d-eaf2d5bc88c5","input_type":"scw_sqs","name":"test-container-trigger-sqs","scw_sqs_config":{"mnq_credential_id":"f3cdfa98-a916-4216-b277-68dc88f182ba","mnq_namespace_id":"","mnq_project_id":"b6e8341c-ede6-407d-9ef8-25a6f6703d14","mnq_region":"fr-par","queue":"TestQueue"},"status":"ready"}'
    headers:
      Content-Length:
      - "411"
      Content-Security-Policy:
      - default-src 'none'; frame-ancestors 'none'
      Content-Type:
      - application/json
      Date:
      - Thu, 21 Dec 2023 10:04:42 GMT
      Server:
      - Scaleway API-Gateway
      Strict-Transport-Security:
      - max-age=63072000
      X-Content-Type-Options:
      - nosniff
      X-Frame-Options:
      - DENY
      X-Request-Id:
      - 061ea46e-bc30-4684-b050-49c4944ac6f9
    status: 200 OK
    code: 200
    duration: ""
- request:
    body: '{"QueueName":"TestQueue"}'
    form: {}
    headers:
      Content-Length:
      - "25"
      Content-Type:
      - application/x-amz-json-1.0
      User-Agent:
      - aws-sdk-go/1.49.6 (go1.21.1; linux; amd64)
      X-Amz-Date:
      - 20231221T100442Z
      X-Amz-Target:
      - AmazonSQS.GetQueueUrl
    url: https://sqs.mnq.fr-par.scaleway.com/
    method: POST
  response:
    body: '{"__type":"com.scaleway.sqs#AWS.SimpleQueueService.NonExistentQueue","message":"Queue
      \"TestQueue\" does not exist."}'
    headers:
      Content-Length:
      - "117"
      Content-Type:
      - application/json; charset=UTF-8
      Date:
      - Thu, 21 Dec 2023 10:04:42 GMT
      X-Amzn-Query-Error:
      - AWS.SimpleQueueService.NonExistentQueue;Sender
      X-Amzn-Requestid:
      - tx1c0c9717-c2eb-4cf6-8929-f327107ce448
    status: 400 Bad Request
    code: 400
    duration: ""
- request:
    body: ""
    form: {}
    headers:
      User-Agent:
      - scaleway-sdk-go/v1.0.0-beta.7+dev (go1.21.1; linux; amd64) terraform-provider/develop
        terraform/terraform-tests
    url: https://api.scaleway.com/mnq/v1beta1/regions/fr-par/sqs-credentials/a0cd3c7d-5563-4934-a4e3-5f611962a35b
    method: DELETE
  response:
    body: ""
    headers:
      Content-Security-Policy:
      - default-src 'none'; frame-ancestors 'none'
      Content-Type:
      - application/json
      Date:
      - Thu, 21 Dec 2023 10:04:42 GMT
      Server:
      - Scaleway API-Gateway
      Strict-Transport-Security:
      - max-age=63072000
      X-Content-Type-Options:
      - nosniff
      X-Frame-Options:
      - DENY
      X-Request-Id:
      - 07346029-c631-479b-8b94-dc204aa5ac49
    status: 204 No Content
    code: 204
    duration: ""
- request:
    body: ""
    form: {}
    headers:
      User-Agent:
      - scaleway-sdk-go/v1.0.0-beta.7+dev (go1.21.1; linux; amd64) terraform-provider/develop
        terraform/terraform-tests
    url: https://api.scaleway.com/containers/v1beta1/regions/fr-par/triggers/209e93e8-1cf0-4ecb-b06d-eaf2d5bc88c5
    method: DELETE
  response:
    body: '{"container_id":"3b1e4467-ab8d-4e37-a5fc-7d678e0f44f3","description":"","error_message":null,"id":"209e93e8-1cf0-4ecb-b06d-eaf2d5bc88c5","input_type":"scw_sqs","name":"test-container-trigger-sqs","scw_sqs_config":{"mnq_credential_id":"f3cdfa98-a916-4216-b277-68dc88f182ba","mnq_namespace_id":"","mnq_project_id":"b6e8341c-ede6-407d-9ef8-25a6f6703d14","mnq_region":"fr-par","queue":"TestQueue"},"status":"deleting"}'
    headers:
      Content-Length:
      - "414"
      Content-Security-Policy:
      - default-src 'none'; frame-ancestors 'none'
      Content-Type:
      - application/json
      Date:
      - Thu, 21 Dec 2023 10:04:42 GMT
      Server:
      - Scaleway API-Gateway
      Strict-Transport-Security:
      - max-age=63072000
      X-Content-Type-Options:
      - nosniff
      X-Frame-Options:
      - DENY
      X-Request-Id:
      - 8b33143d-f99a-476e-abea-cc5d46e05f21
    status: 200 OK
    code: 200
    duration: ""
- request:
    body: ""
    form: {}
    headers:
      User-Agent:
      - scaleway-sdk-go/v1.0.0-beta.7+dev (go1.21.1; linux; amd64) terraform-provider/develop
        terraform/terraform-tests
    url: https://api.scaleway.com/containers/v1beta1/regions/fr-par/triggers/209e93e8-1cf0-4ecb-b06d-eaf2d5bc88c5
    method: GET
  response:
    body: '{"container_id":"3b1e4467-ab8d-4e37-a5fc-7d678e0f44f3","description":"","error_message":null,"id":"209e93e8-1cf0-4ecb-b06d-eaf2d5bc88c5","input_type":"scw_sqs","name":"test-container-trigger-sqs","scw_sqs_config":{"mnq_credential_id":"f3cdfa98-a916-4216-b277-68dc88f182ba","mnq_namespace_id":"","mnq_project_id":"b6e8341c-ede6-407d-9ef8-25a6f6703d14","mnq_region":"fr-par","queue":"TestQueue"},"status":"deleting"}'
    headers:
      Content-Length:
      - "414"
      Content-Security-Policy:
      - default-src 'none'; frame-ancestors 'none'
      Content-Type:
      - application/json
      Date:
      - Thu, 21 Dec 2023 10:04:42 GMT
      Server:
      - Scaleway API-Gateway
      Strict-Transport-Security:
      - max-age=63072000
      X-Content-Type-Options:
      - nosniff
      X-Frame-Options:
      - DENY
      X-Request-Id:
      - 5cb646c6-8bec-4b54-983d-85249eb633ff
    status: 200 OK
    code: 200
    duration: ""
- request:
    body: ""
    form: {}
    headers:
      User-Agent:
      - scaleway-sdk-go/v1.0.0-beta.7+dev (go1.21.1; linux; amd64) terraform-provider/develop
        terraform/terraform-tests
    url: https://api.scaleway.com/containers/v1beta1/regions/fr-par/triggers/209e93e8-1cf0-4ecb-b06d-eaf2d5bc88c5
    method: GET
  response:
    body: '{"container_id":"3b1e4467-ab8d-4e37-a5fc-7d678e0f44f3","description":"","error_message":null,"id":"209e93e8-1cf0-4ecb-b06d-eaf2d5bc88c5","input_type":"scw_sqs","name":"test-container-trigger-sqs","scw_sqs_config":{"mnq_credential_id":"f3cdfa98-a916-4216-b277-68dc88f182ba","mnq_namespace_id":"","mnq_project_id":"b6e8341c-ede6-407d-9ef8-25a6f6703d14","mnq_region":"fr-par","queue":"TestQueue"},"status":"deleting"}'
    headers:
      Content-Length:
      - "414"
      Content-Security-Policy:
      - default-src 'none'; frame-ancestors 'none'
      Content-Type:
      - application/json
      Date:
      - Thu, 21 Dec 2023 10:04:47 GMT
      Server:
      - Scaleway API-Gateway
      Strict-Transport-Security:
      - max-age=63072000
      X-Content-Type-Options:
      - nosniff
      X-Frame-Options:
      - DENY
      X-Request-Id:
      - cd888ead-546f-49e5-9c16-b7da1c5dda71
    status: 200 OK
    code: 200
    duration: ""
- request:
    body: ""
    form: {}
    headers:
      User-Agent:
      - scaleway-sdk-go/v1.0.0-beta.7+dev (go1.21.1; linux; amd64) terraform-provider/develop
        terraform/terraform-tests
    url: https://api.scaleway.com/containers/v1beta1/regions/fr-par/triggers/209e93e8-1cf0-4ecb-b06d-eaf2d5bc88c5
    method: GET
  response:
    body: '{"container_id":"3b1e4467-ab8d-4e37-a5fc-7d678e0f44f3","description":"","error_message":null,"id":"209e93e8-1cf0-4ecb-b06d-eaf2d5bc88c5","input_type":"scw_sqs","name":"test-container-trigger-sqs","scw_sqs_config":{"mnq_credential_id":"f3cdfa98-a916-4216-b277-68dc88f182ba","mnq_namespace_id":"","mnq_project_id":"b6e8341c-ede6-407d-9ef8-25a6f6703d14","mnq_region":"fr-par","queue":"TestQueue"},"status":"deleting"}'
    headers:
      Content-Length:
      - "414"
      Content-Security-Policy:
      - default-src 'none'; frame-ancestors 'none'
      Content-Type:
      - application/json
      Date:
      - Thu, 21 Dec 2023 10:04:52 GMT
      Server:
      - Scaleway API-Gateway
      Strict-Transport-Security:
      - max-age=63072000
      X-Content-Type-Options:
      - nosniff
      X-Frame-Options:
      - DENY
      X-Request-Id:
      - a234c5a5-2e80-4c7f-840e-cdcaadb48355
    status: 200 OK
    code: 200
    duration: ""
- request:
    body: ""
    form: {}
    headers:
      User-Agent:
      - scaleway-sdk-go/v1.0.0-beta.7+dev (go1.21.1; linux; amd64) terraform-provider/develop
        terraform/terraform-tests
    url: https://api.scaleway.com/containers/v1beta1/regions/fr-par/triggers/209e93e8-1cf0-4ecb-b06d-eaf2d5bc88c5
    method: GET
  response:
    body: '{"message":"trigger does not exist"}'
    headers:
      Content-Length:
      - "36"
      Content-Security-Policy:
      - default-src 'none'; frame-ancestors 'none'
      Content-Type:
      - application/json
      Date:
      - Thu, 21 Dec 2023 10:04:57 GMT
      Server:
      - Scaleway API-Gateway
      Strict-Transport-Security:
      - max-age=63072000
      X-Content-Type-Options:
      - nosniff
      X-Frame-Options:
      - DENY
      X-Request-Id:
      - 4a59108c-8d98-416f-9a71-87f20ff24260
    status: 404 Not Found
    code: 404
    duration: ""
- request:
    body: ""
    form: {}
    headers:
      User-Agent:
      - scaleway-sdk-go/v1.0.0-beta.7+dev (go1.21.1; linux; amd64) terraform-provider/develop
        terraform/terraform-tests
    url: https://api.scaleway.com/mnq/v1beta1/regions/fr-par/sqs-info?project_id=b6e8341c-ede6-407d-9ef8-25a6f6703d14
    method: GET
  response:
    body: '{"created_at":"2023-12-21T10:04:01.253299Z","project_id":"b6e8341c-ede6-407d-9ef8-25a6f6703d14","region":"fr-par","sqs_endpoint_url":"https://sqs.mnq.fr-par.scaleway.com","status":"enabled","updated_at":"2023-12-21T10:04:01.253299Z"}'
    headers:
      Content-Length:
      - "233"
      Content-Security-Policy:
      - default-src 'none'; frame-ancestors 'none'
      Content-Type:
      - application/json
      Date:
      - Thu, 21 Dec 2023 10:04:57 GMT
      Server:
      - Scaleway API-Gateway
      Strict-Transport-Security:
      - max-age=63072000
      X-Content-Type-Options:
      - nosniff
      X-Frame-Options:
      - DENY
      X-Request-Id:
      - 8f12b510-4ea4-4bc8-81f7-59b5e42a0450
    status: 200 OK
    code: 200
    duration: ""
- request:
    body: ""
    form: {}
    headers:
      User-Agent:
      - scaleway-sdk-go/v1.0.0-beta.7+dev (go1.21.1; linux; amd64) terraform-provider/develop
        terraform/terraform-tests
    url: https://api.scaleway.com/containers/v1beta1/regions/fr-par/containers/3b1e4467-ab8d-4e37-a5fc-7d678e0f44f3
    method: GET
  response:
    body: '{"cpu_limit":140,"description":"","domain_name":"tfnsheuristicallendtmhdmcs-tf-co-zen-matsumoto.functions.fnc.fr-par.scw.cloud","environment_variables":{},"error_message":null,"http_option":"enabled","id":"3b1e4467-ab8d-4e37-a5fc-7d678e0f44f3","max_concurrency":50,"max_scale":5,"memory_limit":256,"min_scale":0,"name":"tf-co-zen-matsumoto","namespace_id":"212616ff-63c3-4c32-a96f-56582a7c53e4","port":8080,"privacy":"public","protocol":"http1","region":"fr-par","registry_image":"rg.fr-par.scw.cloud/funcscwtfnsheuristicallendtmhdmcs/tf-co-zen-matsumoto:latest","secret_environment_variables":[],"status":"created","timeout":"300s"}'
    headers:
      Content-Length:
      - "633"
      Content-Security-Policy:
      - default-src 'none'; frame-ancestors 'none'
      Content-Type:
      - application/json
      Date:
      - Thu, 21 Dec 2023 10:04:57 GMT
      Server:
      - Scaleway API-Gateway
      Strict-Transport-Security:
      - max-age=63072000
      X-Content-Type-Options:
      - nosniff
      X-Frame-Options:
      - DENY
      X-Request-Id:
      - c08b4001-9822-43b3-a48f-3ac3b336b9ec
    status: 200 OK
    code: 200
    duration: ""
- request:
    body: '{"project_id":"b6e8341c-ede6-407d-9ef8-25a6f6703d14"}'
    form: {}
    headers:
      Content-Type:
      - application/json
      User-Agent:
      - scaleway-sdk-go/v1.0.0-beta.7+dev (go1.21.1; linux; amd64) terraform-provider/develop
        terraform/terraform-tests
    url: https://api.scaleway.com/mnq/v1beta1/regions/fr-par/deactivate-sqs
    method: POST
  response:
    body: '{"created_at":null,"project_id":"b6e8341c-ede6-407d-9ef8-25a6f6703d14","region":"fr-par","sqs_endpoint_url":"https://sqs.mnq.fr-par.scaleway.com","status":"disabled","updated_at":null}'
    headers:
      Content-Length:
      - "184"
      Content-Security-Policy:
      - default-src 'none'; frame-ancestors 'none'
      Content-Type:
      - application/json
      Date:
      - Thu, 21 Dec 2023 10:04:57 GMT
      Server:
      - Scaleway API-Gateway
      Strict-Transport-Security:
      - max-age=63072000
      X-Content-Type-Options:
      - nosniff
      X-Frame-Options:
      - DENY
      X-Request-Id:
      - aca15d4c-e83d-441f-a46a-89018716da82
    status: 200 OK
    code: 200
    duration: ""
- request:
    body: ""
    form: {}
    headers:
      User-Agent:
      - scaleway-sdk-go/v1.0.0-beta.7+dev (go1.21.1; linux; amd64) terraform-provider/develop
        terraform/terraform-tests
    url: https://api.scaleway.com/containers/v1beta1/regions/fr-par/containers/3b1e4467-ab8d-4e37-a5fc-7d678e0f44f3
    method: DELETE
  response:
    body: '{"cpu_limit":140,"description":"","domain_name":"tfnsheuristicallendtmhdmcs-tf-co-zen-matsumoto.functions.fnc.fr-par.scw.cloud","environment_variables":{},"error_message":null,"http_option":"enabled","id":"3b1e4467-ab8d-4e37-a5fc-7d678e0f44f3","max_concurrency":50,"max_scale":5,"memory_limit":256,"min_scale":0,"name":"tf-co-zen-matsumoto","namespace_id":"212616ff-63c3-4c32-a96f-56582a7c53e4","port":8080,"privacy":"public","protocol":"http1","region":"fr-par","registry_image":"rg.fr-par.scw.cloud/funcscwtfnsheuristicallendtmhdmcs/tf-co-zen-matsumoto:latest","secret_environment_variables":[],"status":"deleting","timeout":"300s"}'
    headers:
      Content-Length:
      - "634"
      Content-Security-Policy:
      - default-src 'none'; frame-ancestors 'none'
      Content-Type:
      - application/json
      Date:
      - Thu, 21 Dec 2023 10:04:57 GMT
      Server:
      - Scaleway API-Gateway
      Strict-Transport-Security:
      - max-age=63072000
      X-Content-Type-Options:
      - nosniff
      X-Frame-Options:
      - DENY
      X-Request-Id:
      - 2a710e19-7b64-4c51-9c33-5d28b1a2e5b4
    status: 200 OK
    code: 200
    duration: ""
- request:
    body: ""
    form: {}
    headers:
      User-Agent:
      - scaleway-sdk-go/v1.0.0-beta.7+dev (go1.21.1; linux; amd64) terraform-provider/develop
        terraform/terraform-tests
    url: https://api.scaleway.com/containers/v1beta1/regions/fr-par/namespaces/212616ff-63c3-4c32-a96f-56582a7c53e4
    method: GET
  response:
    body: '{"description":"","environment_variables":{},"error_message":null,"id":"212616ff-63c3-4c32-a96f-56582a7c53e4","name":"tf-ns-heuristic-allen","organization_id":"105bdce1-64c0-48ab-899d-868455867ecf","project_id":"b6e8341c-ede6-407d-9ef8-25a6f6703d14","region":"fr-par","registry_endpoint":"rg.fr-par.scw.cloud/funcscwtfnsheuristicallendtmhdmcs","registry_namespace_id":"d3d9847c-4ea7-4e83-9a2f-6f388351a064","secret_environment_variables":[],"status":"ready"}'
    headers:
      Content-Length:
      - "458"
      Content-Security-Policy:
      - default-src 'none'; frame-ancestors 'none'
      Content-Type:
      - application/json
      Date:
      - Thu, 21 Dec 2023 10:04:58 GMT
      Server:
      - Scaleway API-Gateway
      Strict-Transport-Security:
      - max-age=63072000
      X-Content-Type-Options:
      - nosniff
      X-Frame-Options:
      - DENY
      X-Request-Id:
      - aab025bd-a8a4-4a3b-9c85-053a3ddb5cfa
    status: 200 OK
    code: 200
    duration: ""
- request:
    body: ""
    form: {}
    headers:
      User-Agent:
      - scaleway-sdk-go/v1.0.0-beta.7+dev (go1.21.1; linux; amd64) terraform-provider/develop
        terraform/terraform-tests
    url: https://api.scaleway.com/containers/v1beta1/regions/fr-par/namespaces/212616ff-63c3-4c32-a96f-56582a7c53e4
    method: DELETE
  response:
    body: '{"description":"","environment_variables":{},"error_message":null,"id":"212616ff-63c3-4c32-a96f-56582a7c53e4","name":"tf-ns-heuristic-allen","organization_id":"105bdce1-64c0-48ab-899d-868455867ecf","project_id":"b6e8341c-ede6-407d-9ef8-25a6f6703d14","region":"fr-par","registry_endpoint":"rg.fr-par.scw.cloud/funcscwtfnsheuristicallendtmhdmcs","registry_namespace_id":"d3d9847c-4ea7-4e83-9a2f-6f388351a064","secret_environment_variables":[],"status":"deleting"}'
    headers:
      Content-Length:
      - "461"
      Content-Security-Policy:
      - default-src 'none'; frame-ancestors 'none'
      Content-Type:
      - application/json
      Date:
      - Thu, 21 Dec 2023 10:04:58 GMT
      Server:
      - Scaleway API-Gateway
      Strict-Transport-Security:
      - max-age=63072000
      X-Content-Type-Options:
      - nosniff
      X-Frame-Options:
      - DENY
      X-Request-Id:
      - 2f85ea43-e3c3-4c42-a167-4a6889e98422
    status: 200 OK
    code: 200
    duration: ""
- request:
    body: ""
    form: {}
    headers:
      User-Agent:
      - scaleway-sdk-go/v1.0.0-beta.7+dev (go1.21.1; linux; amd64) terraform-provider/develop
        terraform/terraform-tests
    url: https://api.scaleway.com/containers/v1beta1/regions/fr-par/namespaces/212616ff-63c3-4c32-a96f-56582a7c53e4
    method: GET
  response:
    body: '{"description":"","environment_variables":{},"error_message":null,"id":"212616ff-63c3-4c32-a96f-56582a7c53e4","name":"tf-ns-heuristic-allen","organization_id":"105bdce1-64c0-48ab-899d-868455867ecf","project_id":"b6e8341c-ede6-407d-9ef8-25a6f6703d14","region":"fr-par","registry_endpoint":"rg.fr-par.scw.cloud/funcscwtfnsheuristicallendtmhdmcs","registry_namespace_id":"d3d9847c-4ea7-4e83-9a2f-6f388351a064","secret_environment_variables":[],"status":"deleting"}'
    headers:
      Content-Length:
      - "461"
      Content-Security-Policy:
      - default-src 'none'; frame-ancestors 'none'
      Content-Type:
      - application/json
      Date:
      - Thu, 21 Dec 2023 10:04:58 GMT
      Server:
      - Scaleway API-Gateway
      Strict-Transport-Security:
      - max-age=63072000
      X-Content-Type-Options:
      - nosniff
      X-Frame-Options:
      - DENY
      X-Request-Id:
      - e0443ac2-bc8c-4e0e-af2f-802e373e187f
    status: 200 OK
    code: 200
    duration: ""
- request:
    body: ""
    form: {}
    headers:
      User-Agent:
      - scaleway-sdk-go/v1.0.0-beta.7+dev (go1.21.1; linux; amd64) terraform-provider/develop
        terraform/terraform-tests
    url: https://api.scaleway.com/containers/v1beta1/regions/fr-par/namespaces/212616ff-63c3-4c32-a96f-56582a7c53e4
    method: GET
  response:
    body: '{"message":"Namespace was not found"}'
    headers:
      Content-Length:
      - "37"
      Content-Security-Policy:
      - default-src 'none'; frame-ancestors 'none'
      Content-Type:
      - application/json
      Date:
      - Thu, 21 Dec 2023 10:05:03 GMT
      Server:
      - Scaleway API-Gateway
      Strict-Transport-Security:
      - max-age=63072000
      X-Content-Type-Options:
      - nosniff
      X-Frame-Options:
      - DENY
      X-Request-Id:
      - 11bf7cd4-f9c8-4878-a9a3-b0d239916995
    status: 404 Not Found
    code: 404
    duration: ""
- request:
    body: ""
    form: {}
    headers:
      User-Agent:
      - scaleway-sdk-go/v1.0.0-beta.7+dev (go1.21.1; linux; amd64) terraform-provider/develop
        terraform/terraform-tests
    url: https://api.scaleway.com/account/v3/projects/b6e8341c-ede6-407d-9ef8-25a6f6703d14
    method: DELETE
  response:
    body: ""
    headers:
      Content-Security-Policy:
      - default-src 'none'; frame-ancestors 'none'
      Content-Type:
      - application/json
      Date:
      - Thu, 21 Dec 2023 10:05:04 GMT
      Server:
      - Scaleway API-Gateway
      Strict-Transport-Security:
      - max-age=63072000
      X-Content-Type-Options:
      - nosniff
      X-Frame-Options:
      - DENY
      X-Request-Id:
      - 9a1c709e-7d60-45b9-9fb6-62aebaf06a0a
    status: 204 No Content
    code: 204
    duration: ""
- request:
    body: ""
    form: {}
    headers:
      User-Agent:
      - scaleway-sdk-go/v1.0.0-beta.7+dev (go1.21.1; linux; amd64) terraform-provider/develop
        terraform/terraform-tests
    url: https://api.scaleway.com/containers/v1beta1/regions/fr-par/triggers/209e93e8-1cf0-4ecb-b06d-eaf2d5bc88c5
    method: DELETE
  response:
    body: '{"message":"trigger does not exist: could not find trigger with id 209e93e8-1cf0-4ecb-b06d-eaf2d5bc88c5"}'
    headers:
      Content-Length:
      - "105"
      Content-Security-Policy:
      - default-src 'none'; frame-ancestors 'none'
      Content-Type:
      - application/json
      Date:
      - Thu, 21 Dec 2023 10:05:04 GMT
      Server:
      - Scaleway API-Gateway
      Strict-Transport-Security:
      - max-age=63072000
      X-Content-Type-Options:
      - nosniff
      X-Frame-Options:
      - DENY
      X-Request-Id:
      - ded6172c-3ed3-4703-b46f-00816e406665
    status: 404 Not Found
    code: 404
    duration: ""
