---
version: 1
interactions:
- request:
    body: ""
    form: {}
    headers:
      User-Agent:
      - scaleway-sdk-go/v1.0.0-beta.7+dev (go1.20.4; darwin; amd64) terraform-provider/develop
        terraform/terraform-tests
    url: https://api.scaleway.com/vpc/v2/regions/fr-par/vpcs?is_default=true&order_by=created_at_asc
    method: GET
  response:
    body: '{"total_count":22,"vpcs":[{"created_at":"2023-04-04T09:04:28.711230Z","id":"086a5171-f7ab-4667-a231-840a81203f19","is_default":true,"name":"default","organization_id":"564aa517-68b0-4fd7-8c8c-d21c4bcdcbd5","project_id":"564aa517-68b0-4fd7-8c8c-d21c4bcdcbd5","region":"fr-par","tags":["default"],"updated_at":"2023-04-04T09:04:28.711230Z"},{"created_at":"2023-05-09T08:37:01.731624Z","id":"a01ffb32-93c4-491c-b139-cb28a70c56b4","is_default":false,"name":"tf-test-public-gw","organization_id":"564aa517-68b0-4fd7-8c8c-d21c4bcdcbd5","project_id":"564aa517-68b0-4fd7-8c8c-d21c4bcdcbd5","region":"fr-par","tags":["vpc-gw","4efd25bb-f204-4720-9999-6a1aa4db27e9"],"updated_at":"2023-05-09T08:37:01.914643Z"},{"created_at":"2023-05-09T09:51:29.845462Z","id":"f46e3d02-efd1-4318-b3a3-bd93ea78fc8a","is_default":false,"name":"tf-test-public-gw","organization_id":"564aa517-68b0-4fd7-8c8c-d21c4bcdcbd5","project_id":"564aa517-68b0-4fd7-8c8c-d21c4bcdcbd5","region":"fr-par","tags":["vpc-gw","e3eed6cf-e0f0-43bb-b91d-86193b8ac865"],"updated_at":"2023-05-09T09:51:30.098512Z"},{"created_at":"2023-05-09T12:45:53.768726Z","id":"6f79d289-9747-4026-8ffa-b44a17108829","is_default":false,"name":"tf-test-public-gw","organization_id":"564aa517-68b0-4fd7-8c8c-d21c4bcdcbd5","project_id":"564aa517-68b0-4fd7-8c8c-d21c4bcdcbd5","region":"fr-par","tags":["vpc-gw","d42879f3-424d-4763-8dce-22b84bbd0151"],"updated_at":"2023-05-09T12:45:53.938835Z"},{"created_at":"2023-05-11T13:33:30.080813Z","id":"d9b72353-077a-4548-88e3-5912db3d15a8","is_default":false,"name":"pgw-nifty-mestorf","organization_id":"564aa517-68b0-4fd7-8c8c-d21c4bcdcbd5","project_id":"564aa517-68b0-4fd7-8c8c-d21c4bcdcbd5","region":"fr-par","tags":["vpc-gw","a554560d-542f-4cc3-acad-50700d5c3b23"],"updated_at":"2023-05-11T13:33:30.270596Z"},{"created_at":"2023-05-12T12:14:17.656797Z","id":"9fb6fa82-95af-4ef7-8b5a-e3e481fedfcb","is_default":false,"name":"pgw-vigorous-buck","organization_id":"564aa517-68b0-4fd7-8c8c-d21c4bcdcbd5","project_id":"564aa517-68b0-4fd7-8c8c-d21c4bcdcbd5","region":"fr-par","tags":["vpc-gw","47d20bff-9465-43e1-b734-27be4df7c202"],"updated_at":"2023-05-12T12:14:17.824409Z"},{"created_at":"2023-05-16T13:01:11.784756Z","id":"0941958d-53fc-40c3-97a9-c92b3a43ff6b","is_default":false,"name":"tf-test-public-gw","organization_id":"564aa517-68b0-4fd7-8c8c-d21c4bcdcbd5","project_id":"564aa517-68b0-4fd7-8c8c-d21c4bcdcbd5","region":"fr-par","tags":["vpc-gw","c179dd36-0d0b-4c02-8c9a-f1c37e4cb593"],"updated_at":"2023-05-16T13:01:11.960544Z"},{"created_at":"2023-05-16T14:38:51.705560Z","id":"7dcb2742-80d7-4ede-ba51-c6e8a95062a2","is_default":false,"name":"tf-test-public-gw","organization_id":"564aa517-68b0-4fd7-8c8c-d21c4bcdcbd5","project_id":"564aa517-68b0-4fd7-8c8c-d21c4bcdcbd5","region":"fr-par","tags":["vpc-gw","3a5e0781-a75f-43b5-a496-9dd9b3ce4acd"],"updated_at":"2023-05-16T14:38:51.861977Z"},{"created_at":"2023-05-25T13:25:11.568478Z","id":"c87935cf-57d8-436c-958c-8c5b7caed80b","is_default":false,"name":"tf-test-public-gw","organization_id":"564aa517-68b0-4fd7-8c8c-d21c4bcdcbd5","project_id":"564aa517-68b0-4fd7-8c8c-d21c4bcdcbd5","region":"fr-par","tags":["vpc-gw","4833bc0e-5c24-4dde-a704-6b3889934d5a"],"updated_at":"2023-05-25T13:25:11.739128Z"},{"created_at":"2023-05-31T11:57:53.376288Z","id":"68a41dbb-1e51-4c13-bf80-2de81c7b893b","is_default":false,"name":"tf-pn-suspicious-aryabhata","organization_id":"564aa517-68b0-4fd7-8c8c-d21c4bcdcbd5","project_id":"564aa517-68b0-4fd7-8c8c-d21c4bcdcbd5","region":"fr-par","tags":["vpc-gw","1c4f8167-08b1-4e3d-8b3f-09917dd34ff1"],"updated_at":"2023-05-31T11:57:53.519942Z"},{"created_at":"2023-05-31T11:57:53.495693Z","id":"60f162e2-c2ed-470a-86db-da3a234f0efe","is_default":false,"name":"tf-pn-busy-northcutt","organization_id":"564aa517-68b0-4fd7-8c8c-d21c4bcdcbd5","project_id":"564aa517-68b0-4fd7-8c8c-d21c4bcdcbd5","region":"fr-par","tags":["vpc-gw","80588843-95da-459d-a51b-63de0062bb57"],"updated_at":"2023-05-31T11:57:53.621484Z"},{"created_at":"2023-05-31T11:57:54.077698Z","id":"741c011c-abf9-46d8-a94f-1774b2401871","is_default":false,"name":"The
      Public Gateway","organization_id":"564aa517-68b0-4fd7-8c8c-d21c4bcdcbd5","project_id":"564aa517-68b0-4fd7-8c8c-d21c4bcdcbd5","region":"fr-par","tags":["vpc-gw","4058ef3b-c19c-4d05-a0c4-db4217a5c6a6"],"updated_at":"2023-05-31T11:57:54.239481Z"},{"created_at":"2023-05-31T11:57:56.160820Z","id":"3f9d6329-8535-43a9-b600-a33d9117a457","is_default":false,"name":"public-gateway-test","organization_id":"564aa517-68b0-4fd7-8c8c-d21c4bcdcbd5","project_id":"564aa517-68b0-4fd7-8c8c-d21c4bcdcbd5","region":"fr-par","tags":["vpc-gw","059fe39b-dbfa-4a3a-ab6e-1c9d27be78bd"],"updated_at":"2023-05-31T11:57:56.335762Z"},{"created_at":"2023-05-31T11:57:56.288805Z","id":"d9ede1c9-8025-4c4c-b6a1-2e33c96fb261","is_default":false,"name":"tf-pn-reverent-shamir","organization_id":"564aa517-68b0-4fd7-8c8c-d21c4bcdcbd5","project_id":"564aa517-68b0-4fd7-8c8c-d21c4bcdcbd5","region":"fr-par","tags":["vpc-gw","1e4cfc31-0e5c-4598-9887-a7087227a756"],"updated_at":"2023-05-31T11:57:56.425717Z"},{"created_at":"2023-05-31T11:57:57.796510Z","id":"193f978b-768b-4442-8b22-644e1462b622","is_default":false,"name":"foobar","organization_id":"564aa517-68b0-4fd7-8c8c-d21c4bcdcbd5","project_id":"564aa517-68b0-4fd7-8c8c-d21c4bcdcbd5","region":"fr-par","tags":["vpc-gw","24328073-fe1e-4d90-a46d-06a2ad6b0bd5"],"updated_at":"2023-05-31T11:57:57.941240Z"},{"created_at":"2023-05-31T11:57:58.670039Z","id":"30732c6f-31af-4ad0-b85c-816c2a272c15","is_default":false,"name":"foobar","organization_id":"564aa517-68b0-4fd7-8c8c-d21c4bcdcbd5","project_id":"564aa517-68b0-4fd7-8c8c-d21c4bcdcbd5","region":"fr-par","tags":["vpc-gw","06afa641-d31a-436c-a709-c80546037167"],"updated_at":"2023-05-31T11:57:58.784194Z"},{"created_at":"2023-05-31T11:58:00.638413Z","id":"23ff68c0-9b12-4628-af0a-6b95d2ec2c7f","is_default":false,"name":"foobar","organization_id":"564aa517-68b0-4fd7-8c8c-d21c4bcdcbd5","project_id":"564aa517-68b0-4fd7-8c8c-d21c4bcdcbd5","region":"fr-par","tags":["vpc-gw","8f27045a-fe5d-4c71-a20f-608b54486343"],"updated_at":"2023-05-31T11:58:00.778368Z"},{"created_at":"2023-05-31T11:58:01.027180Z","id":"54e98087-b9b0-4acc-944c-69e33fd0f844","is_default":false,"name":"foobar","organization_id":"564aa517-68b0-4fd7-8c8c-d21c4bcdcbd5","project_id":"564aa517-68b0-4fd7-8c8c-d21c4bcdcbd5","region":"fr-par","tags":["vpc-gw","953ae3d8-2101-481b-b4da-7247ced2a36a"],"updated_at":"2023-05-31T11:58:01.187612Z"},{"created_at":"2023-05-31T11:58:03.044500Z","id":"27029fa1-7308-4a61-99ec-882cb86b5bfa","is_default":false,"name":"foobar","organization_id":"564aa517-68b0-4fd7-8c8c-d21c4bcdcbd5","project_id":"564aa517-68b0-4fd7-8c8c-d21c4bcdcbd5","region":"fr-par","tags":["vpc-gw","6dd290ae-35a4-4d60-8845-cc184ab1f6bb"],"updated_at":"2023-05-31T11:58:03.205774Z"},{"created_at":"2023-05-31T11:58:05.670503Z","id":"62000acc-f20c-4109-b8ca-f562acbbfcee","is_default":false,"name":"foobar","organization_id":"564aa517-68b0-4fd7-8c8c-d21c4bcdcbd5","project_id":"564aa517-68b0-4fd7-8c8c-d21c4bcdcbd5","region":"fr-par","tags":["vpc-gw","d5b7eac9-22bb-48b3-9949-629c2e0c04ef"],"updated_at":"2023-05-31T11:58:05.813022Z"}]}'
    headers:
      Content-Security-Policy:
      - default-src 'none'; frame-ancestors 'none'
      Content-Type:
      - application/json
      Date:
      - Thu, 01 Jun 2023 12:26:28 GMT
      Server:
      - Scaleway API-Gateway
      Strict-Transport-Security:
      - max-age=63072000
      X-Content-Type-Options:
      - nosniff
      X-Frame-Options:
      - DENY
      X-Request-Id:
      - 657c9b33-2740-42ca-9b65-d2161a558d0a
    status: 200 OK
    code: 200
    duration: ""
- request:
    body: ""
    form: {}
    headers:
      User-Agent:
      - scaleway-sdk-go/v1.0.0-beta.7+dev (go1.20.4; darwin; amd64) terraform-provider/develop
        terraform/terraform-tests
    url: https://api.scaleway.com/vpc/v2/regions/fr-par/vpcs/086a5171-f7ab-4667-a231-840a81203f19
    method: GET
  response:
    body: '{"created_at":"2023-04-04T09:04:28.711230Z","id":"086a5171-f7ab-4667-a231-840a81203f19","is_default":true,"name":"default","organization_id":"564aa517-68b0-4fd7-8c8c-d21c4bcdcbd5","project_id":"564aa517-68b0-4fd7-8c8c-d21c4bcdcbd5","region":"fr-par","tags":["default"],"updated_at":"2023-04-04T09:04:28.711230Z"}'
    headers:
      Content-Length:
      - "312"
      Content-Security-Policy:
      - default-src 'none'; frame-ancestors 'none'
      Content-Type:
      - application/json
      Date:
      - Thu, 01 Jun 2023 12:26:28 GMT
      Server:
      - Scaleway API-Gateway
      Strict-Transport-Security:
      - max-age=63072000
      X-Content-Type-Options:
      - nosniff
      X-Frame-Options:
      - DENY
      X-Request-Id:
      - 78eef740-d084-4a80-9ee0-1a9b48786933
    status: 200 OK
    code: 200
    duration: ""
- request:
    body: ""
    form: {}
    headers:
      User-Agent:
      - scaleway-sdk-go/v1.0.0-beta.7+dev (go1.20.4; darwin; amd64) terraform-provider/develop
        terraform/terraform-tests
    url: https://api.scaleway.com/vpc/v2/regions/fr-par/vpcs?is_default=true&order_by=created_at_asc
    method: GET
  response:
    body: '{"total_count":22,"vpcs":[{"created_at":"2023-04-04T09:04:28.711230Z","id":"086a5171-f7ab-4667-a231-840a81203f19","is_default":true,"name":"default","organization_id":"564aa517-68b0-4fd7-8c8c-d21c4bcdcbd5","project_id":"564aa517-68b0-4fd7-8c8c-d21c4bcdcbd5","region":"fr-par","tags":["default"],"updated_at":"2023-04-04T09:04:28.711230Z"},{"created_at":"2023-05-09T08:37:01.731624Z","id":"a01ffb32-93c4-491c-b139-cb28a70c56b4","is_default":false,"name":"tf-test-public-gw","organization_id":"564aa517-68b0-4fd7-8c8c-d21c4bcdcbd5","project_id":"564aa517-68b0-4fd7-8c8c-d21c4bcdcbd5","region":"fr-par","tags":["vpc-gw","4efd25bb-f204-4720-9999-6a1aa4db27e9"],"updated_at":"2023-05-09T08:37:01.914643Z"},{"created_at":"2023-05-09T09:51:29.845462Z","id":"f46e3d02-efd1-4318-b3a3-bd93ea78fc8a","is_default":false,"name":"tf-test-public-gw","organization_id":"564aa517-68b0-4fd7-8c8c-d21c4bcdcbd5","project_id":"564aa517-68b0-4fd7-8c8c-d21c4bcdcbd5","region":"fr-par","tags":["vpc-gw","e3eed6cf-e0f0-43bb-b91d-86193b8ac865"],"updated_at":"2023-05-09T09:51:30.098512Z"},{"created_at":"2023-05-09T12:45:53.768726Z","id":"6f79d289-9747-4026-8ffa-b44a17108829","is_default":false,"name":"tf-test-public-gw","organization_id":"564aa517-68b0-4fd7-8c8c-d21c4bcdcbd5","project_id":"564aa517-68b0-4fd7-8c8c-d21c4bcdcbd5","region":"fr-par","tags":["vpc-gw","d42879f3-424d-4763-8dce-22b84bbd0151"],"updated_at":"2023-05-09T12:45:53.938835Z"},{"created_at":"2023-05-11T13:33:30.080813Z","id":"d9b72353-077a-4548-88e3-5912db3d15a8","is_default":false,"name":"pgw-nifty-mestorf","organization_id":"564aa517-68b0-4fd7-8c8c-d21c4bcdcbd5","project_id":"564aa517-68b0-4fd7-8c8c-d21c4bcdcbd5","region":"fr-par","tags":["vpc-gw","a554560d-542f-4cc3-acad-50700d5c3b23"],"updated_at":"2023-05-11T13:33:30.270596Z"},{"created_at":"2023-05-12T12:14:17.656797Z","id":"9fb6fa82-95af-4ef7-8b5a-e3e481fedfcb","is_default":false,"name":"pgw-vigorous-buck","organization_id":"564aa517-68b0-4fd7-8c8c-d21c4bcdcbd5","project_id":"564aa517-68b0-4fd7-8c8c-d21c4bcdcbd5","region":"fr-par","tags":["vpc-gw","47d20bff-9465-43e1-b734-27be4df7c202"],"updated_at":"2023-05-12T12:14:17.824409Z"},{"created_at":"2023-05-16T13:01:11.784756Z","id":"0941958d-53fc-40c3-97a9-c92b3a43ff6b","is_default":false,"name":"tf-test-public-gw","organization_id":"564aa517-68b0-4fd7-8c8c-d21c4bcdcbd5","project_id":"564aa517-68b0-4fd7-8c8c-d21c4bcdcbd5","region":"fr-par","tags":["vpc-gw","c179dd36-0d0b-4c02-8c9a-f1c37e4cb593"],"updated_at":"2023-05-16T13:01:11.960544Z"},{"created_at":"2023-05-16T14:38:51.705560Z","id":"7dcb2742-80d7-4ede-ba51-c6e8a95062a2","is_default":false,"name":"tf-test-public-gw","organization_id":"564aa517-68b0-4fd7-8c8c-d21c4bcdcbd5","project_id":"564aa517-68b0-4fd7-8c8c-d21c4bcdcbd5","region":"fr-par","tags":["vpc-gw","3a5e0781-a75f-43b5-a496-9dd9b3ce4acd"],"updated_at":"2023-05-16T14:38:51.861977Z"},{"created_at":"2023-05-25T13:25:11.568478Z","id":"c87935cf-57d8-436c-958c-8c5b7caed80b","is_default":false,"name":"tf-test-public-gw","organization_id":"564aa517-68b0-4fd7-8c8c-d21c4bcdcbd5","project_id":"564aa517-68b0-4fd7-8c8c-d21c4bcdcbd5","region":"fr-par","tags":["vpc-gw","4833bc0e-5c24-4dde-a704-6b3889934d5a"],"updated_at":"2023-05-25T13:25:11.739128Z"},{"created_at":"2023-05-31T11:57:53.376288Z","id":"68a41dbb-1e51-4c13-bf80-2de81c7b893b","is_default":false,"name":"tf-pn-suspicious-aryabhata","organization_id":"564aa517-68b0-4fd7-8c8c-d21c4bcdcbd5","project_id":"564aa517-68b0-4fd7-8c8c-d21c4bcdcbd5","region":"fr-par","tags":["vpc-gw","1c4f8167-08b1-4e3d-8b3f-09917dd34ff1"],"updated_at":"2023-05-31T11:57:53.519942Z"},{"created_at":"2023-05-31T11:57:53.495693Z","id":"60f162e2-c2ed-470a-86db-da3a234f0efe","is_default":false,"name":"tf-pn-busy-northcutt","organization_id":"564aa517-68b0-4fd7-8c8c-d21c4bcdcbd5","project_id":"564aa517-68b0-4fd7-8c8c-d21c4bcdcbd5","region":"fr-par","tags":["vpc-gw","80588843-95da-459d-a51b-63de0062bb57"],"updated_at":"2023-05-31T11:57:53.621484Z"},{"created_at":"2023-05-31T11:57:54.077698Z","id":"741c011c-abf9-46d8-a94f-1774b2401871","is_default":false,"name":"The
      Public Gateway","organization_id":"564aa517-68b0-4fd7-8c8c-d21c4bcdcbd5","project_id":"564aa517-68b0-4fd7-8c8c-d21c4bcdcbd5","region":"fr-par","tags":["vpc-gw","4058ef3b-c19c-4d05-a0c4-db4217a5c6a6"],"updated_at":"2023-05-31T11:57:54.239481Z"},{"created_at":"2023-05-31T11:57:56.160820Z","id":"3f9d6329-8535-43a9-b600-a33d9117a457","is_default":false,"name":"public-gateway-test","organization_id":"564aa517-68b0-4fd7-8c8c-d21c4bcdcbd5","project_id":"564aa517-68b0-4fd7-8c8c-d21c4bcdcbd5","region":"fr-par","tags":["vpc-gw","059fe39b-dbfa-4a3a-ab6e-1c9d27be78bd"],"updated_at":"2023-05-31T11:57:56.335762Z"},{"created_at":"2023-05-31T11:57:56.288805Z","id":"d9ede1c9-8025-4c4c-b6a1-2e33c96fb261","is_default":false,"name":"tf-pn-reverent-shamir","organization_id":"564aa517-68b0-4fd7-8c8c-d21c4bcdcbd5","project_id":"564aa517-68b0-4fd7-8c8c-d21c4bcdcbd5","region":"fr-par","tags":["vpc-gw","1e4cfc31-0e5c-4598-9887-a7087227a756"],"updated_at":"2023-05-31T11:57:56.425717Z"},{"created_at":"2023-05-31T11:57:57.796510Z","id":"193f978b-768b-4442-8b22-644e1462b622","is_default":false,"name":"foobar","organization_id":"564aa517-68b0-4fd7-8c8c-d21c4bcdcbd5","project_id":"564aa517-68b0-4fd7-8c8c-d21c4bcdcbd5","region":"fr-par","tags":["vpc-gw","24328073-fe1e-4d90-a46d-06a2ad6b0bd5"],"updated_at":"2023-05-31T11:57:57.941240Z"},{"created_at":"2023-05-31T11:57:58.670039Z","id":"30732c6f-31af-4ad0-b85c-816c2a272c15","is_default":false,"name":"foobar","organization_id":"564aa517-68b0-4fd7-8c8c-d21c4bcdcbd5","project_id":"564aa517-68b0-4fd7-8c8c-d21c4bcdcbd5","region":"fr-par","tags":["vpc-gw","06afa641-d31a-436c-a709-c80546037167"],"updated_at":"2023-05-31T11:57:58.784194Z"},{"created_at":"2023-05-31T11:58:00.638413Z","id":"23ff68c0-9b12-4628-af0a-6b95d2ec2c7f","is_default":false,"name":"foobar","organization_id":"564aa517-68b0-4fd7-8c8c-d21c4bcdcbd5","project_id":"564aa517-68b0-4fd7-8c8c-d21c4bcdcbd5","region":"fr-par","tags":["vpc-gw","8f27045a-fe5d-4c71-a20f-608b54486343"],"updated_at":"2023-05-31T11:58:00.778368Z"},{"created_at":"2023-05-31T11:58:01.027180Z","id":"54e98087-b9b0-4acc-944c-69e33fd0f844","is_default":false,"name":"foobar","organization_id":"564aa517-68b0-4fd7-8c8c-d21c4bcdcbd5","project_id":"564aa517-68b0-4fd7-8c8c-d21c4bcdcbd5","region":"fr-par","tags":["vpc-gw","953ae3d8-2101-481b-b4da-7247ced2a36a"],"updated_at":"2023-05-31T11:58:01.187612Z"},{"created_at":"2023-05-31T11:58:03.044500Z","id":"27029fa1-7308-4a61-99ec-882cb86b5bfa","is_default":false,"name":"foobar","organization_id":"564aa517-68b0-4fd7-8c8c-d21c4bcdcbd5","project_id":"564aa517-68b0-4fd7-8c8c-d21c4bcdcbd5","region":"fr-par","tags":["vpc-gw","6dd290ae-35a4-4d60-8845-cc184ab1f6bb"],"updated_at":"2023-05-31T11:58:03.205774Z"},{"created_at":"2023-05-31T11:58:05.670503Z","id":"62000acc-f20c-4109-b8ca-f562acbbfcee","is_default":false,"name":"foobar","organization_id":"564aa517-68b0-4fd7-8c8c-d21c4bcdcbd5","project_id":"564aa517-68b0-4fd7-8c8c-d21c4bcdcbd5","region":"fr-par","tags":["vpc-gw","d5b7eac9-22bb-48b3-9949-629c2e0c04ef"],"updated_at":"2023-05-31T11:58:05.813022Z"}]}'
    headers:
      Content-Security-Policy:
      - default-src 'none'; frame-ancestors 'none'
      Content-Type:
      - application/json
      Date:
      - Thu, 01 Jun 2023 12:26:28 GMT
      Server:
      - Scaleway API-Gateway
      Strict-Transport-Security:
      - max-age=63072000
      X-Content-Type-Options:
      - nosniff
      X-Frame-Options:
      - DENY
      X-Request-Id:
      - 257c04ab-44c0-4ee4-9c09-c96780f840d3
    status: 200 OK
    code: 200
    duration: ""
- request:
    body: ""
    form: {}
    headers:
      User-Agent:
      - scaleway-sdk-go/v1.0.0-beta.7+dev (go1.20.4; darwin; amd64) terraform-provider/develop
        terraform/terraform-tests
    url: https://api.scaleway.com/vpc/v2/regions/fr-par/vpcs/086a5171-f7ab-4667-a231-840a81203f19
    method: GET
  response:
    body: '{"created_at":"2023-04-04T09:04:28.711230Z","id":"086a5171-f7ab-4667-a231-840a81203f19","is_default":true,"name":"default","organization_id":"564aa517-68b0-4fd7-8c8c-d21c4bcdcbd5","project_id":"564aa517-68b0-4fd7-8c8c-d21c4bcdcbd5","region":"fr-par","tags":["default"],"updated_at":"2023-04-04T09:04:28.711230Z"}'
    headers:
      Content-Length:
      - "312"
      Content-Security-Policy:
      - default-src 'none'; frame-ancestors 'none'
      Content-Type:
      - application/json
      Date:
      - Thu, 01 Jun 2023 12:26:28 GMT
      Server:
      - Scaleway API-Gateway
      Strict-Transport-Security:
      - max-age=63072000
      X-Content-Type-Options:
      - nosniff
      X-Frame-Options:
      - DENY
      X-Request-Id:
      - 666f7711-3ed1-4e3f-90bb-74e295a16b93
    status: 200 OK
    code: 200
    duration: ""
- request:
    body: ""
    form: {}
    headers:
      User-Agent:
      - scaleway-sdk-go/v1.0.0-beta.7+dev (go1.20.4; darwin; amd64) terraform-provider/develop
        terraform/terraform-tests
    url: https://api.scaleway.com/vpc/v2/regions/fr-par/vpcs?is_default=true&order_by=created_at_asc
    method: GET
  response:
    body: '{"total_count":22,"vpcs":[{"created_at":"2023-04-04T09:04:28.711230Z","id":"086a5171-f7ab-4667-a231-840a81203f19","is_default":true,"name":"default","organization_id":"564aa517-68b0-4fd7-8c8c-d21c4bcdcbd5","project_id":"564aa517-68b0-4fd7-8c8c-d21c4bcdcbd5","region":"fr-par","tags":["default"],"updated_at":"2023-04-04T09:04:28.711230Z"},{"created_at":"2023-05-09T08:37:01.731624Z","id":"a01ffb32-93c4-491c-b139-cb28a70c56b4","is_default":false,"name":"tf-test-public-gw","organization_id":"564aa517-68b0-4fd7-8c8c-d21c4bcdcbd5","project_id":"564aa517-68b0-4fd7-8c8c-d21c4bcdcbd5","region":"fr-par","tags":["vpc-gw","4efd25bb-f204-4720-9999-6a1aa4db27e9"],"updated_at":"2023-05-09T08:37:01.914643Z"},{"created_at":"2023-05-09T09:51:29.845462Z","id":"f46e3d02-efd1-4318-b3a3-bd93ea78fc8a","is_default":false,"name":"tf-test-public-gw","organization_id":"564aa517-68b0-4fd7-8c8c-d21c4bcdcbd5","project_id":"564aa517-68b0-4fd7-8c8c-d21c4bcdcbd5","region":"fr-par","tags":["vpc-gw","e3eed6cf-e0f0-43bb-b91d-86193b8ac865"],"updated_at":"2023-05-09T09:51:30.098512Z"},{"created_at":"2023-05-09T12:45:53.768726Z","id":"6f79d289-9747-4026-8ffa-b44a17108829","is_default":false,"name":"tf-test-public-gw","organization_id":"564aa517-68b0-4fd7-8c8c-d21c4bcdcbd5","project_id":"564aa517-68b0-4fd7-8c8c-d21c4bcdcbd5","region":"fr-par","tags":["vpc-gw","d42879f3-424d-4763-8dce-22b84bbd0151"],"updated_at":"2023-05-09T12:45:53.938835Z"},{"created_at":"2023-05-11T13:33:30.080813Z","id":"d9b72353-077a-4548-88e3-5912db3d15a8","is_default":false,"name":"pgw-nifty-mestorf","organization_id":"564aa517-68b0-4fd7-8c8c-d21c4bcdcbd5","project_id":"564aa517-68b0-4fd7-8c8c-d21c4bcdcbd5","region":"fr-par","tags":["vpc-gw","a554560d-542f-4cc3-acad-50700d5c3b23"],"updated_at":"2023-05-11T13:33:30.270596Z"},{"created_at":"2023-05-12T12:14:17.656797Z","id":"9fb6fa82-95af-4ef7-8b5a-e3e481fedfcb","is_default":false,"name":"pgw-vigorous-buck","organization_id":"564aa517-68b0-4fd7-8c8c-d21c4bcdcbd5","project_id":"564aa517-68b0-4fd7-8c8c-d21c4bcdcbd5","region":"fr-par","tags":["vpc-gw","47d20bff-9465-43e1-b734-27be4df7c202"],"updated_at":"2023-05-12T12:14:17.824409Z"},{"created_at":"2023-05-16T13:01:11.784756Z","id":"0941958d-53fc-40c3-97a9-c92b3a43ff6b","is_default":false,"name":"tf-test-public-gw","organization_id":"564aa517-68b0-4fd7-8c8c-d21c4bcdcbd5","project_id":"564aa517-68b0-4fd7-8c8c-d21c4bcdcbd5","region":"fr-par","tags":["vpc-gw","c179dd36-0d0b-4c02-8c9a-f1c37e4cb593"],"updated_at":"2023-05-16T13:01:11.960544Z"},{"created_at":"2023-05-16T14:38:51.705560Z","id":"7dcb2742-80d7-4ede-ba51-c6e8a95062a2","is_default":false,"name":"tf-test-public-gw","organization_id":"564aa517-68b0-4fd7-8c8c-d21c4bcdcbd5","project_id":"564aa517-68b0-4fd7-8c8c-d21c4bcdcbd5","region":"fr-par","tags":["vpc-gw","3a5e0781-a75f-43b5-a496-9dd9b3ce4acd"],"updated_at":"2023-05-16T14:38:51.861977Z"},{"created_at":"2023-05-25T13:25:11.568478Z","id":"c87935cf-57d8-436c-958c-8c5b7caed80b","is_default":false,"name":"tf-test-public-gw","organization_id":"564aa517-68b0-4fd7-8c8c-d21c4bcdcbd5","project_id":"564aa517-68b0-4fd7-8c8c-d21c4bcdcbd5","region":"fr-par","tags":["vpc-gw","4833bc0e-5c24-4dde-a704-6b3889934d5a"],"updated_at":"2023-05-25T13:25:11.739128Z"},{"created_at":"2023-05-31T11:57:53.376288Z","id":"68a41dbb-1e51-4c13-bf80-2de81c7b893b","is_default":false,"name":"tf-pn-suspicious-aryabhata","organization_id":"564aa517-68b0-4fd7-8c8c-d21c4bcdcbd5","project_id":"564aa517-68b0-4fd7-8c8c-d21c4bcdcbd5","region":"fr-par","tags":["vpc-gw","1c4f8167-08b1-4e3d-8b3f-09917dd34ff1"],"updated_at":"2023-05-31T11:57:53.519942Z"},{"created_at":"2023-05-31T11:57:53.495693Z","id":"60f162e2-c2ed-470a-86db-da3a234f0efe","is_default":false,"name":"tf-pn-busy-northcutt","organization_id":"564aa517-68b0-4fd7-8c8c-d21c4bcdcbd5","project_id":"564aa517-68b0-4fd7-8c8c-d21c4bcdcbd5","region":"fr-par","tags":["vpc-gw","80588843-95da-459d-a51b-63de0062bb57"],"updated_at":"2023-05-31T11:57:53.621484Z"},{"created_at":"2023-05-31T11:57:54.077698Z","id":"741c011c-abf9-46d8-a94f-1774b2401871","is_default":false,"name":"The
      Public Gateway","organization_id":"564aa517-68b0-4fd7-8c8c-d21c4bcdcbd5","project_id":"564aa517-68b0-4fd7-8c8c-d21c4bcdcbd5","region":"fr-par","tags":["vpc-gw","4058ef3b-c19c-4d05-a0c4-db4217a5c6a6"],"updated_at":"2023-05-31T11:57:54.239481Z"},{"created_at":"2023-05-31T11:57:56.160820Z","id":"3f9d6329-8535-43a9-b600-a33d9117a457","is_default":false,"name":"public-gateway-test","organization_id":"564aa517-68b0-4fd7-8c8c-d21c4bcdcbd5","project_id":"564aa517-68b0-4fd7-8c8c-d21c4bcdcbd5","region":"fr-par","tags":["vpc-gw","059fe39b-dbfa-4a3a-ab6e-1c9d27be78bd"],"updated_at":"2023-05-31T11:57:56.335762Z"},{"created_at":"2023-05-31T11:57:56.288805Z","id":"d9ede1c9-8025-4c4c-b6a1-2e33c96fb261","is_default":false,"name":"tf-pn-reverent-shamir","organization_id":"564aa517-68b0-4fd7-8c8c-d21c4bcdcbd5","project_id":"564aa517-68b0-4fd7-8c8c-d21c4bcdcbd5","region":"fr-par","tags":["vpc-gw","1e4cfc31-0e5c-4598-9887-a7087227a756"],"updated_at":"2023-05-31T11:57:56.425717Z"},{"created_at":"2023-05-31T11:57:57.796510Z","id":"193f978b-768b-4442-8b22-644e1462b622","is_default":false,"name":"foobar","organization_id":"564aa517-68b0-4fd7-8c8c-d21c4bcdcbd5","project_id":"564aa517-68b0-4fd7-8c8c-d21c4bcdcbd5","region":"fr-par","tags":["vpc-gw","24328073-fe1e-4d90-a46d-06a2ad6b0bd5"],"updated_at":"2023-05-31T11:57:57.941240Z"},{"created_at":"2023-05-31T11:57:58.670039Z","id":"30732c6f-31af-4ad0-b85c-816c2a272c15","is_default":false,"name":"foobar","organization_id":"564aa517-68b0-4fd7-8c8c-d21c4bcdcbd5","project_id":"564aa517-68b0-4fd7-8c8c-d21c4bcdcbd5","region":"fr-par","tags":["vpc-gw","06afa641-d31a-436c-a709-c80546037167"],"updated_at":"2023-05-31T11:57:58.784194Z"},{"created_at":"2023-05-31T11:58:00.638413Z","id":"23ff68c0-9b12-4628-af0a-6b95d2ec2c7f","is_default":false,"name":"foobar","organization_id":"564aa517-68b0-4fd7-8c8c-d21c4bcdcbd5","project_id":"564aa517-68b0-4fd7-8c8c-d21c4bcdcbd5","region":"fr-par","tags":["vpc-gw","8f27045a-fe5d-4c71-a20f-608b54486343"],"updated_at":"2023-05-31T11:58:00.778368Z"},{"created_at":"2023-05-31T11:58:01.027180Z","id":"54e98087-b9b0-4acc-944c-69e33fd0f844","is_default":false,"name":"foobar","organization_id":"564aa517-68b0-4fd7-8c8c-d21c4bcdcbd5","project_id":"564aa517-68b0-4fd7-8c8c-d21c4bcdcbd5","region":"fr-par","tags":["vpc-gw","953ae3d8-2101-481b-b4da-7247ced2a36a"],"updated_at":"2023-05-31T11:58:01.187612Z"},{"created_at":"2023-05-31T11:58:03.044500Z","id":"27029fa1-7308-4a61-99ec-882cb86b5bfa","is_default":false,"name":"foobar","organization_id":"564aa517-68b0-4fd7-8c8c-d21c4bcdcbd5","project_id":"564aa517-68b0-4fd7-8c8c-d21c4bcdcbd5","region":"fr-par","tags":["vpc-gw","6dd290ae-35a4-4d60-8845-cc184ab1f6bb"],"updated_at":"2023-05-31T11:58:03.205774Z"},{"created_at":"2023-05-31T11:58:05.670503Z","id":"62000acc-f20c-4109-b8ca-f562acbbfcee","is_default":false,"name":"foobar","organization_id":"564aa517-68b0-4fd7-8c8c-d21c4bcdcbd5","project_id":"564aa517-68b0-4fd7-8c8c-d21c4bcdcbd5","region":"fr-par","tags":["vpc-gw","d5b7eac9-22bb-48b3-9949-629c2e0c04ef"],"updated_at":"2023-05-31T11:58:05.813022Z"}]}'
    headers:
      Content-Security-Policy:
      - default-src 'none'; frame-ancestors 'none'
      Content-Type:
      - application/json
      Date:
      - Thu, 01 Jun 2023 12:26:29 GMT
      Server:
      - Scaleway API-Gateway
      Strict-Transport-Security:
      - max-age=63072000
      X-Content-Type-Options:
      - nosniff
      X-Frame-Options:
      - DENY
      X-Request-Id:
      - 958312e3-9f31-4075-816f-9e9a976eac5e
    status: 200 OK
    code: 200
    duration: ""
- request:
    body: ""
    form: {}
    headers:
      User-Agent:
      - scaleway-sdk-go/v1.0.0-beta.7+dev (go1.20.4; darwin; amd64) terraform-provider/develop
        terraform/terraform-tests
    url: https://api.scaleway.com/vpc/v2/regions/fr-par/vpcs/086a5171-f7ab-4667-a231-840a81203f19
    method: GET
  response:
    body: '{"created_at":"2023-04-04T09:04:28.711230Z","id":"086a5171-f7ab-4667-a231-840a81203f19","is_default":true,"name":"default","organization_id":"564aa517-68b0-4fd7-8c8c-d21c4bcdcbd5","project_id":"564aa517-68b0-4fd7-8c8c-d21c4bcdcbd5","region":"fr-par","tags":["default"],"updated_at":"2023-04-04T09:04:28.711230Z"}'
    headers:
      Content-Length:
      - "312"
      Content-Security-Policy:
      - default-src 'none'; frame-ancestors 'none'
      Content-Type:
      - application/json
      Date:
      - Thu, 01 Jun 2023 12:26:29 GMT
      Server:
      - Scaleway API-Gateway
      Strict-Transport-Security:
      - max-age=63072000
      X-Content-Type-Options:
      - nosniff
      X-Frame-Options:
      - DENY
      X-Request-Id:
      - 227aa63b-f443-47bd-ac3a-1bb57b53d11f
    status: 200 OK
    code: 200
    duration: ""
- request:
    body: ""
    form: {}
    headers:
      User-Agent:
      - scaleway-sdk-go/v1.0.0-beta.7+dev (go1.20.4; darwin; amd64) terraform-provider/develop
        terraform/terraform-tests
    url: https://api.scaleway.com/vpc/v2/regions/fr-par/vpcs?is_default=true&order_by=created_at_asc
    method: GET
  response:
    body: '{"total_count":22,"vpcs":[{"created_at":"2023-04-04T09:04:28.711230Z","id":"086a5171-f7ab-4667-a231-840a81203f19","is_default":true,"name":"default","organization_id":"564aa517-68b0-4fd7-8c8c-d21c4bcdcbd5","project_id":"564aa517-68b0-4fd7-8c8c-d21c4bcdcbd5","region":"fr-par","tags":["default"],"updated_at":"2023-04-04T09:04:28.711230Z"},{"created_at":"2023-05-09T08:37:01.731624Z","id":"a01ffb32-93c4-491c-b139-cb28a70c56b4","is_default":false,"name":"tf-test-public-gw","organization_id":"564aa517-68b0-4fd7-8c8c-d21c4bcdcbd5","project_id":"564aa517-68b0-4fd7-8c8c-d21c4bcdcbd5","region":"fr-par","tags":["vpc-gw","4efd25bb-f204-4720-9999-6a1aa4db27e9"],"updated_at":"2023-05-09T08:37:01.914643Z"},{"created_at":"2023-05-09T09:51:29.845462Z","id":"f46e3d02-efd1-4318-b3a3-bd93ea78fc8a","is_default":false,"name":"tf-test-public-gw","organization_id":"564aa517-68b0-4fd7-8c8c-d21c4bcdcbd5","project_id":"564aa517-68b0-4fd7-8c8c-d21c4bcdcbd5","region":"fr-par","tags":["vpc-gw","e3eed6cf-e0f0-43bb-b91d-86193b8ac865"],"updated_at":"2023-05-09T09:51:30.098512Z"},{"created_at":"2023-05-09T12:45:53.768726Z","id":"6f79d289-9747-4026-8ffa-b44a17108829","is_default":false,"name":"tf-test-public-gw","organization_id":"564aa517-68b0-4fd7-8c8c-d21c4bcdcbd5","project_id":"564aa517-68b0-4fd7-8c8c-d21c4bcdcbd5","region":"fr-par","tags":["vpc-gw","d42879f3-424d-4763-8dce-22b84bbd0151"],"updated_at":"2023-05-09T12:45:53.938835Z"},{"created_at":"2023-05-11T13:33:30.080813Z","id":"d9b72353-077a-4548-88e3-5912db3d15a8","is_default":false,"name":"pgw-nifty-mestorf","organization_id":"564aa517-68b0-4fd7-8c8c-d21c4bcdcbd5","project_id":"564aa517-68b0-4fd7-8c8c-d21c4bcdcbd5","region":"fr-par","tags":["vpc-gw","a554560d-542f-4cc3-acad-50700d5c3b23"],"updated_at":"2023-05-11T13:33:30.270596Z"},{"created_at":"2023-05-12T12:14:17.656797Z","id":"9fb6fa82-95af-4ef7-8b5a-e3e481fedfcb","is_default":false,"name":"pgw-vigorous-buck","organization_id":"564aa517-68b0-4fd7-8c8c-d21c4bcdcbd5","project_id":"564aa517-68b0-4fd7-8c8c-d21c4bcdcbd5","region":"fr-par","tags":["vpc-gw","47d20bff-9465-43e1-b734-27be4df7c202"],"updated_at":"2023-05-12T12:14:17.824409Z"},{"created_at":"2023-05-16T13:01:11.784756Z","id":"0941958d-53fc-40c3-97a9-c92b3a43ff6b","is_default":false,"name":"tf-test-public-gw","organization_id":"564aa517-68b0-4fd7-8c8c-d21c4bcdcbd5","project_id":"564aa517-68b0-4fd7-8c8c-d21c4bcdcbd5","region":"fr-par","tags":["vpc-gw","c179dd36-0d0b-4c02-8c9a-f1c37e4cb593"],"updated_at":"2023-05-16T13:01:11.960544Z"},{"created_at":"2023-05-16T14:38:51.705560Z","id":"7dcb2742-80d7-4ede-ba51-c6e8a95062a2","is_default":false,"name":"tf-test-public-gw","organization_id":"564aa517-68b0-4fd7-8c8c-d21c4bcdcbd5","project_id":"564aa517-68b0-4fd7-8c8c-d21c4bcdcbd5","region":"fr-par","tags":["vpc-gw","3a5e0781-a75f-43b5-a496-9dd9b3ce4acd"],"updated_at":"2023-05-16T14:38:51.861977Z"},{"created_at":"2023-05-25T13:25:11.568478Z","id":"c87935cf-57d8-436c-958c-8c5b7caed80b","is_default":false,"name":"tf-test-public-gw","organization_id":"564aa517-68b0-4fd7-8c8c-d21c4bcdcbd5","project_id":"564aa517-68b0-4fd7-8c8c-d21c4bcdcbd5","region":"fr-par","tags":["vpc-gw","4833bc0e-5c24-4dde-a704-6b3889934d5a"],"updated_at":"2023-05-25T13:25:11.739128Z"},{"created_at":"2023-05-31T11:57:53.376288Z","id":"68a41dbb-1e51-4c13-bf80-2de81c7b893b","is_default":false,"name":"tf-pn-suspicious-aryabhata","organization_id":"564aa517-68b0-4fd7-8c8c-d21c4bcdcbd5","project_id":"564aa517-68b0-4fd7-8c8c-d21c4bcdcbd5","region":"fr-par","tags":["vpc-gw","1c4f8167-08b1-4e3d-8b3f-09917dd34ff1"],"updated_at":"2023-05-31T11:57:53.519942Z"},{"created_at":"2023-05-31T11:57:53.495693Z","id":"60f162e2-c2ed-470a-86db-da3a234f0efe","is_default":false,"name":"tf-pn-busy-northcutt","organization_id":"564aa517-68b0-4fd7-8c8c-d21c4bcdcbd5","project_id":"564aa517-68b0-4fd7-8c8c-d21c4bcdcbd5","region":"fr-par","tags":["vpc-gw","80588843-95da-459d-a51b-63de0062bb57"],"updated_at":"2023-05-31T11:57:53.621484Z"},{"created_at":"2023-05-31T11:57:54.077698Z","id":"741c011c-abf9-46d8-a94f-1774b2401871","is_default":false,"name":"The
      Public Gateway","organization_id":"564aa517-68b0-4fd7-8c8c-d21c4bcdcbd5","project_id":"564aa517-68b0-4fd7-8c8c-d21c4bcdcbd5","region":"fr-par","tags":["vpc-gw","4058ef3b-c19c-4d05-a0c4-db4217a5c6a6"],"updated_at":"2023-05-31T11:57:54.239481Z"},{"created_at":"2023-05-31T11:57:56.160820Z","id":"3f9d6329-8535-43a9-b600-a33d9117a457","is_default":false,"name":"public-gateway-test","organization_id":"564aa517-68b0-4fd7-8c8c-d21c4bcdcbd5","project_id":"564aa517-68b0-4fd7-8c8c-d21c4bcdcbd5","region":"fr-par","tags":["vpc-gw","059fe39b-dbfa-4a3a-ab6e-1c9d27be78bd"],"updated_at":"2023-05-31T11:57:56.335762Z"},{"created_at":"2023-05-31T11:57:56.288805Z","id":"d9ede1c9-8025-4c4c-b6a1-2e33c96fb261","is_default":false,"name":"tf-pn-reverent-shamir","organization_id":"564aa517-68b0-4fd7-8c8c-d21c4bcdcbd5","project_id":"564aa517-68b0-4fd7-8c8c-d21c4bcdcbd5","region":"fr-par","tags":["vpc-gw","1e4cfc31-0e5c-4598-9887-a7087227a756"],"updated_at":"2023-05-31T11:57:56.425717Z"},{"created_at":"2023-05-31T11:57:57.796510Z","id":"193f978b-768b-4442-8b22-644e1462b622","is_default":false,"name":"foobar","organization_id":"564aa517-68b0-4fd7-8c8c-d21c4bcdcbd5","project_id":"564aa517-68b0-4fd7-8c8c-d21c4bcdcbd5","region":"fr-par","tags":["vpc-gw","24328073-fe1e-4d90-a46d-06a2ad6b0bd5"],"updated_at":"2023-05-31T11:57:57.941240Z"},{"created_at":"2023-05-31T11:57:58.670039Z","id":"30732c6f-31af-4ad0-b85c-816c2a272c15","is_default":false,"name":"foobar","organization_id":"564aa517-68b0-4fd7-8c8c-d21c4bcdcbd5","project_id":"564aa517-68b0-4fd7-8c8c-d21c4bcdcbd5","region":"fr-par","tags":["vpc-gw","06afa641-d31a-436c-a709-c80546037167"],"updated_at":"2023-05-31T11:57:58.784194Z"},{"created_at":"2023-05-31T11:58:00.638413Z","id":"23ff68c0-9b12-4628-af0a-6b95d2ec2c7f","is_default":false,"name":"foobar","organization_id":"564aa517-68b0-4fd7-8c8c-d21c4bcdcbd5","project_id":"564aa517-68b0-4fd7-8c8c-d21c4bcdcbd5","region":"fr-par","tags":["vpc-gw","8f27045a-fe5d-4c71-a20f-608b54486343"],"updated_at":"2023-05-31T11:58:00.778368Z"},{"created_at":"2023-05-31T11:58:01.027180Z","id":"54e98087-b9b0-4acc-944c-69e33fd0f844","is_default":false,"name":"foobar","organization_id":"564aa517-68b0-4fd7-8c8c-d21c4bcdcbd5","project_id":"564aa517-68b0-4fd7-8c8c-d21c4bcdcbd5","region":"fr-par","tags":["vpc-gw","953ae3d8-2101-481b-b4da-7247ced2a36a"],"updated_at":"2023-05-31T11:58:01.187612Z"},{"created_at":"2023-05-31T11:58:03.044500Z","id":"27029fa1-7308-4a61-99ec-882cb86b5bfa","is_default":false,"name":"foobar","organization_id":"564aa517-68b0-4fd7-8c8c-d21c4bcdcbd5","project_id":"564aa517-68b0-4fd7-8c8c-d21c4bcdcbd5","region":"fr-par","tags":["vpc-gw","6dd290ae-35a4-4d60-8845-cc184ab1f6bb"],"updated_at":"2023-05-31T11:58:03.205774Z"},{"created_at":"2023-05-31T11:58:05.670503Z","id":"62000acc-f20c-4109-b8ca-f562acbbfcee","is_default":false,"name":"foobar","organization_id":"564aa517-68b0-4fd7-8c8c-d21c4bcdcbd5","project_id":"564aa517-68b0-4fd7-8c8c-d21c4bcdcbd5","region":"fr-par","tags":["vpc-gw","d5b7eac9-22bb-48b3-9949-629c2e0c04ef"],"updated_at":"2023-05-31T11:58:05.813022Z"}]}'
    headers:
      Content-Security-Policy:
      - default-src 'none'; frame-ancestors 'none'
      Content-Type:
      - application/json
      Date:
      - Thu, 01 Jun 2023 12:26:29 GMT
      Server:
      - Scaleway API-Gateway
      Strict-Transport-Security:
      - max-age=63072000
      X-Content-Type-Options:
      - nosniff
      X-Frame-Options:
      - DENY
      X-Request-Id:
      - e5df00d3-2f56-47e0-b496-368d2276f295
    status: 200 OK
    code: 200
    duration: ""
- request:
    body: ""
    form: {}
    headers:
      User-Agent:
      - scaleway-sdk-go/v1.0.0-beta.7+dev (go1.20.4; darwin; amd64) terraform-provider/develop
        terraform/terraform-tests
    url: https://api.scaleway.com/vpc/v2/regions/fr-par/vpcs/086a5171-f7ab-4667-a231-840a81203f19
    method: GET
  response:
    body: '{"created_at":"2023-04-04T09:04:28.711230Z","id":"086a5171-f7ab-4667-a231-840a81203f19","is_default":true,"name":"default","organization_id":"564aa517-68b0-4fd7-8c8c-d21c4bcdcbd5","project_id":"564aa517-68b0-4fd7-8c8c-d21c4bcdcbd5","region":"fr-par","tags":["default"],"updated_at":"2023-04-04T09:04:28.711230Z"}'
    headers:
      Content-Length:
      - "312"
      Content-Security-Policy:
      - default-src 'none'; frame-ancestors 'none'
      Content-Type:
      - application/json
      Date:
      - Thu, 01 Jun 2023 12:26:29 GMT
      Server:
      - Scaleway API-Gateway
      Strict-Transport-Security:
      - max-age=63072000
      X-Content-Type-Options:
      - nosniff
      X-Frame-Options:
      - DENY
      X-Request-Id:
      - 05b69fc9-54b7-42db-bb8d-c7fc719b8ace
    status: 200 OK
    code: 200
    duration: ""
- request:
    body: ""
    form: {}
    headers:
      User-Agent:
      - scaleway-sdk-go/v1.0.0-beta.7+dev (go1.20.4; darwin; amd64) terraform-provider/develop
        terraform/terraform-tests
    url: https://api.scaleway.com/vpc/v2/regions/fr-par/vpcs?is_default=true&order_by=created_at_asc
    method: GET
  response:
    body: '{"total_count":22,"vpcs":[{"created_at":"2023-04-04T09:04:28.711230Z","id":"086a5171-f7ab-4667-a231-840a81203f19","is_default":true,"name":"default","organization_id":"564aa517-68b0-4fd7-8c8c-d21c4bcdcbd5","project_id":"564aa517-68b0-4fd7-8c8c-d21c4bcdcbd5","region":"fr-par","tags":["default"],"updated_at":"2023-04-04T09:04:28.711230Z"},{"created_at":"2023-05-09T08:37:01.731624Z","id":"a01ffb32-93c4-491c-b139-cb28a70c56b4","is_default":false,"name":"tf-test-public-gw","organization_id":"564aa517-68b0-4fd7-8c8c-d21c4bcdcbd5","project_id":"564aa517-68b0-4fd7-8c8c-d21c4bcdcbd5","region":"fr-par","tags":["vpc-gw","4efd25bb-f204-4720-9999-6a1aa4db27e9"],"updated_at":"2023-05-09T08:37:01.914643Z"},{"created_at":"2023-05-09T09:51:29.845462Z","id":"f46e3d02-efd1-4318-b3a3-bd93ea78fc8a","is_default":false,"name":"tf-test-public-gw","organization_id":"564aa517-68b0-4fd7-8c8c-d21c4bcdcbd5","project_id":"564aa517-68b0-4fd7-8c8c-d21c4bcdcbd5","region":"fr-par","tags":["vpc-gw","e3eed6cf-e0f0-43bb-b91d-86193b8ac865"],"updated_at":"2023-05-09T09:51:30.098512Z"},{"created_at":"2023-05-09T12:45:53.768726Z","id":"6f79d289-9747-4026-8ffa-b44a17108829","is_default":false,"name":"tf-test-public-gw","organization_id":"564aa517-68b0-4fd7-8c8c-d21c4bcdcbd5","project_id":"564aa517-68b0-4fd7-8c8c-d21c4bcdcbd5","region":"fr-par","tags":["vpc-gw","d42879f3-424d-4763-8dce-22b84bbd0151"],"updated_at":"2023-05-09T12:45:53.938835Z"},{"created_at":"2023-05-11T13:33:30.080813Z","id":"d9b72353-077a-4548-88e3-5912db3d15a8","is_default":false,"name":"pgw-nifty-mestorf","organization_id":"564aa517-68b0-4fd7-8c8c-d21c4bcdcbd5","project_id":"564aa517-68b0-4fd7-8c8c-d21c4bcdcbd5","region":"fr-par","tags":["vpc-gw","a554560d-542f-4cc3-acad-50700d5c3b23"],"updated_at":"2023-05-11T13:33:30.270596Z"},{"created_at":"2023-05-12T12:14:17.656797Z","id":"9fb6fa82-95af-4ef7-8b5a-e3e481fedfcb","is_default":false,"name":"pgw-vigorous-buck","organization_id":"564aa517-68b0-4fd7-8c8c-d21c4bcdcbd5","project_id":"564aa517-68b0-4fd7-8c8c-d21c4bcdcbd5","region":"fr-par","tags":["vpc-gw","47d20bff-9465-43e1-b734-27be4df7c202"],"updated_at":"2023-05-12T12:14:17.824409Z"},{"created_at":"2023-05-16T13:01:11.784756Z","id":"0941958d-53fc-40c3-97a9-c92b3a43ff6b","is_default":false,"name":"tf-test-public-gw","organization_id":"564aa517-68b0-4fd7-8c8c-d21c4bcdcbd5","project_id":"564aa517-68b0-4fd7-8c8c-d21c4bcdcbd5","region":"fr-par","tags":["vpc-gw","c179dd36-0d0b-4c02-8c9a-f1c37e4cb593"],"updated_at":"2023-05-16T13:01:11.960544Z"},{"created_at":"2023-05-16T14:38:51.705560Z","id":"7dcb2742-80d7-4ede-ba51-c6e8a95062a2","is_default":false,"name":"tf-test-public-gw","organization_id":"564aa517-68b0-4fd7-8c8c-d21c4bcdcbd5","project_id":"564aa517-68b0-4fd7-8c8c-d21c4bcdcbd5","region":"fr-par","tags":["vpc-gw","3a5e0781-a75f-43b5-a496-9dd9b3ce4acd"],"updated_at":"2023-05-16T14:38:51.861977Z"},{"created_at":"2023-05-25T13:25:11.568478Z","id":"c87935cf-57d8-436c-958c-8c5b7caed80b","is_default":false,"name":"tf-test-public-gw","organization_id":"564aa517-68b0-4fd7-8c8c-d21c4bcdcbd5","project_id":"564aa517-68b0-4fd7-8c8c-d21c4bcdcbd5","region":"fr-par","tags":["vpc-gw","4833bc0e-5c24-4dde-a704-6b3889934d5a"],"updated_at":"2023-05-25T13:25:11.739128Z"},{"created_at":"2023-05-31T11:57:53.376288Z","id":"68a41dbb-1e51-4c13-bf80-2de81c7b893b","is_default":false,"name":"tf-pn-suspicious-aryabhata","organization_id":"564aa517-68b0-4fd7-8c8c-d21c4bcdcbd5","project_id":"564aa517-68b0-4fd7-8c8c-d21c4bcdcbd5","region":"fr-par","tags":["vpc-gw","1c4f8167-08b1-4e3d-8b3f-09917dd34ff1"],"updated_at":"2023-05-31T11:57:53.519942Z"},{"created_at":"2023-05-31T11:57:53.495693Z","id":"60f162e2-c2ed-470a-86db-da3a234f0efe","is_default":false,"name":"tf-pn-busy-northcutt","organization_id":"564aa517-68b0-4fd7-8c8c-d21c4bcdcbd5","project_id":"564aa517-68b0-4fd7-8c8c-d21c4bcdcbd5","region":"fr-par","tags":["vpc-gw","80588843-95da-459d-a51b-63de0062bb57"],"updated_at":"2023-05-31T11:57:53.621484Z"},{"created_at":"2023-05-31T11:57:54.077698Z","id":"741c011c-abf9-46d8-a94f-1774b2401871","is_default":false,"name":"The
      Public Gateway","organization_id":"564aa517-68b0-4fd7-8c8c-d21c4bcdcbd5","project_id":"564aa517-68b0-4fd7-8c8c-d21c4bcdcbd5","region":"fr-par","tags":["vpc-gw","4058ef3b-c19c-4d05-a0c4-db4217a5c6a6"],"updated_at":"2023-05-31T11:57:54.239481Z"},{"created_at":"2023-05-31T11:57:56.160820Z","id":"3f9d6329-8535-43a9-b600-a33d9117a457","is_default":false,"name":"public-gateway-test","organization_id":"564aa517-68b0-4fd7-8c8c-d21c4bcdcbd5","project_id":"564aa517-68b0-4fd7-8c8c-d21c4bcdcbd5","region":"fr-par","tags":["vpc-gw","059fe39b-dbfa-4a3a-ab6e-1c9d27be78bd"],"updated_at":"2023-05-31T11:57:56.335762Z"},{"created_at":"2023-05-31T11:57:56.288805Z","id":"d9ede1c9-8025-4c4c-b6a1-2e33c96fb261","is_default":false,"name":"tf-pn-reverent-shamir","organization_id":"564aa517-68b0-4fd7-8c8c-d21c4bcdcbd5","project_id":"564aa517-68b0-4fd7-8c8c-d21c4bcdcbd5","region":"fr-par","tags":["vpc-gw","1e4cfc31-0e5c-4598-9887-a7087227a756"],"updated_at":"2023-05-31T11:57:56.425717Z"},{"created_at":"2023-05-31T11:57:57.796510Z","id":"193f978b-768b-4442-8b22-644e1462b622","is_default":false,"name":"foobar","organization_id":"564aa517-68b0-4fd7-8c8c-d21c4bcdcbd5","project_id":"564aa517-68b0-4fd7-8c8c-d21c4bcdcbd5","region":"fr-par","tags":["vpc-gw","24328073-fe1e-4d90-a46d-06a2ad6b0bd5"],"updated_at":"2023-05-31T11:57:57.941240Z"},{"created_at":"2023-05-31T11:57:58.670039Z","id":"30732c6f-31af-4ad0-b85c-816c2a272c15","is_default":false,"name":"foobar","organization_id":"564aa517-68b0-4fd7-8c8c-d21c4bcdcbd5","project_id":"564aa517-68b0-4fd7-8c8c-d21c4bcdcbd5","region":"fr-par","tags":["vpc-gw","06afa641-d31a-436c-a709-c80546037167"],"updated_at":"2023-05-31T11:57:58.784194Z"},{"created_at":"2023-05-31T11:58:00.638413Z","id":"23ff68c0-9b12-4628-af0a-6b95d2ec2c7f","is_default":false,"name":"foobar","organization_id":"564aa517-68b0-4fd7-8c8c-d21c4bcdcbd5","project_id":"564aa517-68b0-4fd7-8c8c-d21c4bcdcbd5","region":"fr-par","tags":["vpc-gw","8f27045a-fe5d-4c71-a20f-608b54486343"],"updated_at":"2023-05-31T11:58:00.778368Z"},{"created_at":"2023-05-31T11:58:01.027180Z","id":"54e98087-b9b0-4acc-944c-69e33fd0f844","is_default":false,"name":"foobar","organization_id":"564aa517-68b0-4fd7-8c8c-d21c4bcdcbd5","project_id":"564aa517-68b0-4fd7-8c8c-d21c4bcdcbd5","region":"fr-par","tags":["vpc-gw","953ae3d8-2101-481b-b4da-7247ced2a36a"],"updated_at":"2023-05-31T11:58:01.187612Z"},{"created_at":"2023-05-31T11:58:03.044500Z","id":"27029fa1-7308-4a61-99ec-882cb86b5bfa","is_default":false,"name":"foobar","organization_id":"564aa517-68b0-4fd7-8c8c-d21c4bcdcbd5","project_id":"564aa517-68b0-4fd7-8c8c-d21c4bcdcbd5","region":"fr-par","tags":["vpc-gw","6dd290ae-35a4-4d60-8845-cc184ab1f6bb"],"updated_at":"2023-05-31T11:58:03.205774Z"},{"created_at":"2023-05-31T11:58:05.670503Z","id":"62000acc-f20c-4109-b8ca-f562acbbfcee","is_default":false,"name":"foobar","organization_id":"564aa517-68b0-4fd7-8c8c-d21c4bcdcbd5","project_id":"564aa517-68b0-4fd7-8c8c-d21c4bcdcbd5","region":"fr-par","tags":["vpc-gw","d5b7eac9-22bb-48b3-9949-629c2e0c04ef"],"updated_at":"2023-05-31T11:58:05.813022Z"}]}'
    headers:
      Content-Security-Policy:
      - default-src 'none'; frame-ancestors 'none'
      Content-Type:
      - application/json
      Date:
      - Thu, 01 Jun 2023 12:26:29 GMT
      Server:
      - Scaleway API-Gateway
      Strict-Transport-Security:
      - max-age=63072000
      X-Content-Type-Options:
      - nosniff
      X-Frame-Options:
      - DENY
      X-Request-Id:
      - a903184c-1e69-4e72-b58e-59be60bdc296
    status: 200 OK
    code: 200
    duration: ""
- request:
    body: ""
    form: {}
    headers:
      User-Agent:
      - scaleway-sdk-go/v1.0.0-beta.7+dev (go1.20.4; darwin; amd64) terraform-provider/develop
        terraform/terraform-tests
    url: https://api.scaleway.com/vpc/v2/regions/fr-par/vpcs/086a5171-f7ab-4667-a231-840a81203f19
    method: GET
  response:
    body: '{"created_at":"2023-04-04T09:04:28.711230Z","id":"086a5171-f7ab-4667-a231-840a81203f19","is_default":true,"name":"default","organization_id":"564aa517-68b0-4fd7-8c8c-d21c4bcdcbd5","project_id":"564aa517-68b0-4fd7-8c8c-d21c4bcdcbd5","region":"fr-par","tags":["default"],"updated_at":"2023-04-04T09:04:28.711230Z"}'
    headers:
      Content-Length:
      - "312"
      Content-Security-Policy:
      - default-src 'none'; frame-ancestors 'none'
      Content-Type:
      - application/json
      Date:
      - Thu, 01 Jun 2023 12:26:29 GMT
      Server:
      - Scaleway API-Gateway
      Strict-Transport-Security:
      - max-age=63072000
      X-Content-Type-Options:
      - nosniff
      X-Frame-Options:
      - DENY
      X-Request-Id:
      - 3dd04aef-cb9d-4b42-974f-65b43bed5a6b
    status: 200 OK
    code: 200
    duration: ""
