---
version: 1
interactions:
- request:
    body: '{"organization_id":"105bdce1-64c0-48ab-899d-868455867ecf","name":"test-ds-document_db-database-basic","engine":"FerretDB-1","user_name":"my_initial_user","password":"thiZ_is_v\u0026ry_s3cret","node_type":"docdb-play2-pico","is_ha_cluster":false,"disable_backup":false,"tags":null,"init_settings":null,"volume_type":"bssd","volume_size":20000000000,"init_endpoints":null,"backup_same_region":false}'
    form: {}
    headers:
      Content-Type:
      - application/json
      User-Agent:
      - scaleway-sdk-go/v1.0.0-beta.7+dev (go1.20.4; linux; amd64) terraform-provider/develop
        terraform/terraform-tests
    url: https://api.scaleway.com/document-db/v1beta1/regions/fr-par/instances
    method: POST
  response:
    body: '{"backup_same_region":false,"backup_schedule":{"disabled":false,"frequency":24,"next_run_at":"2023-11-17T16:25:33.969596Z","retention":7},"created_at":"2023-11-16T16:25:33.969596Z","endpoint":null,"endpoints":[],"engine":"FerretDB-1","id":"6e708723-cacf-4792-86b6-0eb90f5f3a0b","init_settings":[],"is_ha_cluster":false,"logs_policy":{"max_age_retention":30,"total_disk_retention":null},"maintenances":[],"name":"test-ds-document_db-database-basic","node_type":"docdb-play2-pico","organization_id":"105bdce1-64c0-48ab-899d-868455867ecf","project_id":"105bdce1-64c0-48ab-899d-868455867ecf","read_replicas":[],"region":"fr-par","settings":[],"status":"provisioning","tags":[],"upgradable_version":[],"volume":{"size":20000000000,"type":"bssd"}}'
    headers:
      Content-Length:
      - "767"
      Content-Security-Policy:
      - default-src 'none'; frame-ancestors 'none'
      Content-Type:
      - application/json
      Date:
      - Thu, 16 Nov 2023 16:25:34 GMT
      Server:
      - Scaleway API-Gateway
      Strict-Transport-Security:
      - max-age=63072000
      X-Content-Type-Options:
      - nosniff
      X-Frame-Options:
      - DENY
      X-Request-Id:
      - a093c18e-a6b8-4d04-9c12-7adfe32f7bda
    status: 200 OK
    code: 200
    duration: ""
- request:
    body: ""
    form: {}
    headers:
      User-Agent:
      - scaleway-sdk-go/v1.0.0-beta.7+dev (go1.20.4; linux; amd64) terraform-provider/develop
        terraform/terraform-tests
    url: https://api.scaleway.com/document-db/v1beta1/regions/fr-par/instances/6e708723-cacf-4792-86b6-0eb90f5f3a0b
    method: GET
  response:
    body: '{"backup_same_region":false,"backup_schedule":{"disabled":false,"frequency":24,"next_run_at":"2023-11-17T16:25:33.969596Z","retention":7},"created_at":"2023-11-16T16:25:33.969596Z","endpoint":null,"endpoints":[],"engine":"FerretDB-1","id":"6e708723-cacf-4792-86b6-0eb90f5f3a0b","init_settings":[],"is_ha_cluster":false,"logs_policy":{"max_age_retention":30,"total_disk_retention":null},"maintenances":[],"name":"test-ds-document_db-database-basic","node_type":"docdb-play2-pico","organization_id":"105bdce1-64c0-48ab-899d-868455867ecf","project_id":"105bdce1-64c0-48ab-899d-868455867ecf","read_replicas":[],"region":"fr-par","settings":[],"status":"provisioning","tags":[],"upgradable_version":[],"volume":{"size":20000000000,"type":"bssd"}}'
    headers:
      Content-Length:
      - "767"
      Content-Security-Policy:
      - default-src 'none'; frame-ancestors 'none'
      Content-Type:
      - application/json
      Date:
      - Thu, 16 Nov 2023 16:25:34 GMT
      Server:
      - Scaleway API-Gateway
      Strict-Transport-Security:
      - max-age=63072000
      X-Content-Type-Options:
      - nosniff
      X-Frame-Options:
      - DENY
      X-Request-Id:
      - 81a5f692-325c-4f53-b939-f98eada4ffec
    status: 200 OK
    code: 200
    duration: ""
- request:
    body: ""
    form: {}
    headers:
      User-Agent:
      - scaleway-sdk-go/v1.0.0-beta.7+dev (go1.20.4; linux; amd64) terraform-provider/develop
        terraform/terraform-tests
    url: https://api.scaleway.com/document-db/v1beta1/regions/fr-par/instances/6e708723-cacf-4792-86b6-0eb90f5f3a0b
    method: GET
  response:
    body: '{"backup_same_region":false,"backup_schedule":{"disabled":false,"frequency":24,"next_run_at":"2023-11-17T16:25:33.969596Z","retention":7},"created_at":"2023-11-16T16:25:33.969596Z","endpoint":null,"endpoints":[],"engine":"FerretDB-1","id":"6e708723-cacf-4792-86b6-0eb90f5f3a0b","init_settings":[],"is_ha_cluster":false,"logs_policy":{"max_age_retention":30,"total_disk_retention":null},"maintenances":[],"name":"test-ds-document_db-database-basic","node_type":"docdb-play2-pico","organization_id":"105bdce1-64c0-48ab-899d-868455867ecf","project_id":"105bdce1-64c0-48ab-899d-868455867ecf","read_replicas":[],"region":"fr-par","settings":[],"status":"provisioning","tags":[],"upgradable_version":[],"volume":{"size":20000000000,"type":"bssd"}}'
    headers:
      Content-Length:
      - "767"
      Content-Security-Policy:
      - default-src 'none'; frame-ancestors 'none'
      Content-Type:
      - application/json
      Date:
      - Thu, 16 Nov 2023 16:26:04 GMT
      Server:
      - Scaleway API-Gateway
      Strict-Transport-Security:
      - max-age=63072000
      X-Content-Type-Options:
      - nosniff
      X-Frame-Options:
      - DENY
      X-Request-Id:
      - 940ffcac-6bba-4794-bf94-4f393a04bb97
    status: 200 OK
    code: 200
    duration: ""
- request:
    body: ""
    form: {}
    headers:
      User-Agent:
      - scaleway-sdk-go/v1.0.0-beta.7+dev (go1.20.4; linux; amd64) terraform-provider/develop
        terraform/terraform-tests
    url: https://api.scaleway.com/document-db/v1beta1/regions/fr-par/instances/6e708723-cacf-4792-86b6-0eb90f5f3a0b
    method: GET
  response:
    body: '{"backup_same_region":false,"backup_schedule":{"disabled":false,"frequency":24,"next_run_at":"2023-11-17T16:25:33.969596Z","retention":7},"created_at":"2023-11-16T16:25:33.969596Z","endpoint":null,"endpoints":[],"engine":"FerretDB-1","id":"6e708723-cacf-4792-86b6-0eb90f5f3a0b","init_settings":[],"is_ha_cluster":false,"logs_policy":{"max_age_retention":30,"total_disk_retention":null},"maintenances":[],"name":"test-ds-document_db-database-basic","node_type":"docdb-play2-pico","organization_id":"105bdce1-64c0-48ab-899d-868455867ecf","project_id":"105bdce1-64c0-48ab-899d-868455867ecf","read_replicas":[],"region":"fr-par","settings":[],"status":"initializing","tags":[],"upgradable_version":[],"volume":{"size":20000000000,"type":"bssd"}}'
    headers:
      Content-Length:
      - "767"
      Content-Security-Policy:
      - default-src 'none'; frame-ancestors 'none'
      Content-Type:
      - application/json
      Date:
      - Thu, 16 Nov 2023 16:26:34 GMT
      Server:
      - Scaleway API-Gateway
      Strict-Transport-Security:
      - max-age=63072000
      X-Content-Type-Options:
      - nosniff
      X-Frame-Options:
      - DENY
      X-Request-Id:
      - e8e36b8c-78fa-4a06-99b6-c7b18ef011dd
    status: 200 OK
    code: 200
    duration: ""
- request:
    body: ""
    form: {}
    headers:
      User-Agent:
      - scaleway-sdk-go/v1.0.0-beta.7+dev (go1.20.4; linux; amd64) terraform-provider/develop
        terraform/terraform-tests
    url: https://api.scaleway.com/document-db/v1beta1/regions/fr-par/instances/6e708723-cacf-4792-86b6-0eb90f5f3a0b
    method: GET
  response:
    body: '{"backup_same_region":false,"backup_schedule":{"disabled":false,"frequency":24,"next_run_at":"2023-11-17T16:25:33.969596Z","retention":7},"created_at":"2023-11-16T16:25:33.969596Z","endpoint":null,"endpoints":[],"engine":"FerretDB-1","id":"6e708723-cacf-4792-86b6-0eb90f5f3a0b","init_settings":[],"is_ha_cluster":false,"logs_policy":{"max_age_retention":30,"total_disk_retention":null},"maintenances":[],"name":"test-ds-document_db-database-basic","node_type":"docdb-play2-pico","organization_id":"105bdce1-64c0-48ab-899d-868455867ecf","project_id":"105bdce1-64c0-48ab-899d-868455867ecf","read_replicas":[],"region":"fr-par","settings":[],"status":"initializing","tags":[],"upgradable_version":[],"volume":{"size":20000000000,"type":"bssd"}}'
    headers:
      Content-Length:
      - "767"
      Content-Security-Policy:
      - default-src 'none'; frame-ancestors 'none'
      Content-Type:
      - application/json
      Date:
      - Thu, 16 Nov 2023 16:27:04 GMT
      Server:
      - Scaleway API-Gateway
      Strict-Transport-Security:
      - max-age=63072000
      X-Content-Type-Options:
      - nosniff
      X-Frame-Options:
      - DENY
      X-Request-Id:
      - ac76b3b1-a544-4cfb-9a0f-54eefec25fa9
    status: 200 OK
    code: 200
    duration: ""
- request:
    body: ""
    form: {}
    headers:
      User-Agent:
      - scaleway-sdk-go/v1.0.0-beta.7+dev (go1.20.4; linux; amd64) terraform-provider/develop
        terraform/terraform-tests
    url: https://api.scaleway.com/document-db/v1beta1/regions/fr-par/instances/6e708723-cacf-4792-86b6-0eb90f5f3a0b
    method: GET
  response:
    body: '{"backup_same_region":false,"backup_schedule":{"disabled":false,"frequency":24,"next_run_at":"2023-11-17T16:25:33.969596Z","retention":7},"created_at":"2023-11-16T16:25:33.969596Z","endpoint":null,"endpoints":[],"engine":"FerretDB-1","id":"6e708723-cacf-4792-86b6-0eb90f5f3a0b","init_settings":[],"is_ha_cluster":false,"logs_policy":{"max_age_retention":30,"total_disk_retention":null},"maintenances":[],"name":"test-ds-document_db-database-basic","node_type":"docdb-play2-pico","organization_id":"105bdce1-64c0-48ab-899d-868455867ecf","project_id":"105bdce1-64c0-48ab-899d-868455867ecf","read_replicas":[],"region":"fr-par","settings":[],"status":"initializing","tags":[],"upgradable_version":[],"volume":{"size":20000000000,"type":"bssd"}}'
    headers:
      Content-Length:
      - "767"
      Content-Security-Policy:
      - default-src 'none'; frame-ancestors 'none'
      Content-Type:
      - application/json
      Date:
      - Thu, 16 Nov 2023 16:27:34 GMT
      Server:
      - Scaleway API-Gateway
      Strict-Transport-Security:
      - max-age=63072000
      X-Content-Type-Options:
      - nosniff
      X-Frame-Options:
      - DENY
      X-Request-Id:
      - 542aa0e0-3c75-44be-a764-eb8542a08be1
    status: 200 OK
    code: 200
    duration: ""
- request:
    body: ""
    form: {}
    headers:
      User-Agent:
      - scaleway-sdk-go/v1.0.0-beta.7+dev (go1.20.4; linux; amd64) terraform-provider/develop
        terraform/terraform-tests
    url: https://api.scaleway.com/document-db/v1beta1/regions/fr-par/instances/6e708723-cacf-4792-86b6-0eb90f5f3a0b
    method: GET
  response:
    body: '{"backup_same_region":false,"backup_schedule":{"disabled":false,"frequency":24,"next_run_at":"2023-11-17T16:25:33.969596Z","retention":7},"created_at":"2023-11-16T16:25:33.969596Z","endpoint":null,"endpoints":[],"engine":"FerretDB-1","id":"6e708723-cacf-4792-86b6-0eb90f5f3a0b","init_settings":[],"is_ha_cluster":false,"logs_policy":{"max_age_retention":30,"total_disk_retention":null},"maintenances":[],"name":"test-ds-document_db-database-basic","node_type":"docdb-play2-pico","organization_id":"105bdce1-64c0-48ab-899d-868455867ecf","project_id":"105bdce1-64c0-48ab-899d-868455867ecf","read_replicas":[],"region":"fr-par","settings":[],"status":"initializing","tags":[],"upgradable_version":[],"volume":{"size":20000000000,"type":"bssd"}}'
    headers:
      Content-Length:
      - "767"
      Content-Security-Policy:
      - default-src 'none'; frame-ancestors 'none'
      Content-Type:
      - application/json
      Date:
      - Thu, 16 Nov 2023 16:28:04 GMT
      Server:
      - Scaleway API-Gateway
      Strict-Transport-Security:
      - max-age=63072000
      X-Content-Type-Options:
      - nosniff
      X-Frame-Options:
      - DENY
      X-Request-Id:
      - a613db02-3f71-4187-90db-67d8243a9356
    status: 200 OK
    code: 200
    duration: ""
- request:
    body: ""
    form: {}
    headers:
      User-Agent:
      - scaleway-sdk-go/v1.0.0-beta.7+dev (go1.20.4; linux; amd64) terraform-provider/develop
        terraform/terraform-tests
    url: https://api.scaleway.com/document-db/v1beta1/regions/fr-par/instances/6e708723-cacf-4792-86b6-0eb90f5f3a0b
    method: GET
  response:
    body: '{"backup_same_region":false,"backup_schedule":{"disabled":false,"frequency":24,"next_run_at":"2023-11-17T16:25:33.969596Z","retention":7},"created_at":"2023-11-16T16:25:33.969596Z","endpoint":null,"endpoints":[],"engine":"FerretDB-1","id":"6e708723-cacf-4792-86b6-0eb90f5f3a0b","init_settings":[],"is_ha_cluster":false,"logs_policy":{"max_age_retention":30,"total_disk_retention":null},"maintenances":[],"name":"test-ds-document_db-database-basic","node_type":"docdb-play2-pico","organization_id":"105bdce1-64c0-48ab-899d-868455867ecf","project_id":"105bdce1-64c0-48ab-899d-868455867ecf","read_replicas":[],"region":"fr-par","settings":[],"status":"initializing","tags":[],"upgradable_version":[],"volume":{"size":20000000000,"type":"bssd"}}'
    headers:
      Content-Length:
      - "767"
      Content-Security-Policy:
      - default-src 'none'; frame-ancestors 'none'
      Content-Type:
      - application/json
      Date:
      - Thu, 16 Nov 2023 16:28:35 GMT
      Server:
      - Scaleway API-Gateway
      Strict-Transport-Security:
      - max-age=63072000
      X-Content-Type-Options:
      - nosniff
      X-Frame-Options:
      - DENY
      X-Request-Id:
      - 6f6e7abf-48a8-41c6-ba96-146e0e2b3031
    status: 200 OK
    code: 200
    duration: ""
- request:
    body: ""
    form: {}
    headers:
      User-Agent:
      - scaleway-sdk-go/v1.0.0-beta.7+dev (go1.20.4; linux; amd64) terraform-provider/develop
        terraform/terraform-tests
    url: https://api.scaleway.com/document-db/v1beta1/regions/fr-par/instances/6e708723-cacf-4792-86b6-0eb90f5f3a0b
    method: GET
  response:
    body: '{"backup_same_region":false,"backup_schedule":{"disabled":false,"frequency":24,"next_run_at":"2023-11-17T16:25:33.969596Z","retention":7},"created_at":"2023-11-16T16:25:33.969596Z","endpoint":null,"endpoints":[],"engine":"FerretDB-1","id":"6e708723-cacf-4792-86b6-0eb90f5f3a0b","init_settings":[],"is_ha_cluster":false,"logs_policy":{"max_age_retention":30,"total_disk_retention":null},"maintenances":[],"name":"test-ds-document_db-database-basic","node_type":"docdb-play2-pico","organization_id":"105bdce1-64c0-48ab-899d-868455867ecf","project_id":"105bdce1-64c0-48ab-899d-868455867ecf","read_replicas":[],"region":"fr-par","settings":[{"name":"max_connections","value":"100"}],"status":"initializing","tags":[],"upgradable_version":[],"volume":{"size":20000000000,"type":"bssd"}}'
    headers:
      Content-Length:
      - "808"
      Content-Security-Policy:
      - default-src 'none'; frame-ancestors 'none'
      Content-Type:
      - application/json
      Date:
      - Thu, 16 Nov 2023 16:29:05 GMT
      Server:
      - Scaleway API-Gateway
      Strict-Transport-Security:
      - max-age=63072000
      X-Content-Type-Options:
      - nosniff
      X-Frame-Options:
      - DENY
      X-Request-Id:
      - 854e2ade-03f8-4815-8792-5559217f4e26
    status: 200 OK
    code: 200
    duration: ""
- request:
    body: ""
    form: {}
    headers:
      User-Agent:
      - scaleway-sdk-go/v1.0.0-beta.7+dev (go1.20.4; linux; amd64) terraform-provider/develop
        terraform/terraform-tests
    url: https://api.scaleway.com/document-db/v1beta1/regions/fr-par/instances/6e708723-cacf-4792-86b6-0eb90f5f3a0b
    method: GET
  response:
    body: '{"backup_same_region":false,"backup_schedule":{"disabled":false,"frequency":24,"next_run_at":"2023-11-17T16:25:33.969596Z","retention":7},"created_at":"2023-11-16T16:25:33.969596Z","endpoint":{"id":"2e5f9256-9b09-4101-95f7-fbfcaecdb4dd","ip":"51.159.113.173","load_balancer":{},"name":null,"port":27122},"endpoints":[{"id":"2e5f9256-9b09-4101-95f7-fbfcaecdb4dd","ip":"51.159.113.173","load_balancer":{},"name":null,"port":27122}],"engine":"FerretDB-1","id":"6e708723-cacf-4792-86b6-0eb90f5f3a0b","init_settings":[],"is_ha_cluster":false,"logs_policy":{"max_age_retention":30,"total_disk_retention":null},"maintenances":[],"name":"test-ds-document_db-database-basic","node_type":"docdb-play2-pico","organization_id":"105bdce1-64c0-48ab-899d-868455867ecf","project_id":"105bdce1-64c0-48ab-899d-868455867ecf","read_replicas":[],"region":"fr-par","settings":[{"name":"max_connections","value":"100"}],"status":"ready","tags":[],"upgradable_version":[],"volume":{"size":20000000000,"type":"bssd"}}'
    headers:
      Content-Length:
      - "1027"
      Content-Security-Policy:
      - default-src 'none'; frame-ancestors 'none'
      Content-Type:
      - application/json
      Date:
      - Thu, 16 Nov 2023 16:29:35 GMT
      Server:
      - Scaleway API-Gateway
      Strict-Transport-Security:
      - max-age=63072000
      X-Content-Type-Options:
      - nosniff
      X-Frame-Options:
      - DENY
      X-Request-Id:
      - cb3cf5c9-cf00-4ddf-8214-fbbe63dd98ea
    status: 200 OK
    code: 200
    duration: ""
- request:
    body: ""
    form: {}
    headers:
      User-Agent:
      - scaleway-sdk-go/v1.0.0-beta.7+dev (go1.20.4; linux; amd64) terraform-provider/develop
        terraform/terraform-tests
    url: https://api.scaleway.com/document-db/v1beta1/regions/fr-par/instances/6e708723-cacf-4792-86b6-0eb90f5f3a0b
    method: GET
  response:
    body: '{"backup_same_region":false,"backup_schedule":{"disabled":false,"frequency":24,"next_run_at":"2023-11-17T16:25:33.969596Z","retention":7},"created_at":"2023-11-16T16:25:33.969596Z","endpoint":{"id":"2e5f9256-9b09-4101-95f7-fbfcaecdb4dd","ip":"51.159.113.173","load_balancer":{},"name":null,"port":27122},"endpoints":[{"id":"2e5f9256-9b09-4101-95f7-fbfcaecdb4dd","ip":"51.159.113.173","load_balancer":{},"name":null,"port":27122}],"engine":"FerretDB-1","id":"6e708723-cacf-4792-86b6-0eb90f5f3a0b","init_settings":[],"is_ha_cluster":false,"logs_policy":{"max_age_retention":30,"total_disk_retention":null},"maintenances":[],"name":"test-ds-document_db-database-basic","node_type":"docdb-play2-pico","organization_id":"105bdce1-64c0-48ab-899d-868455867ecf","project_id":"105bdce1-64c0-48ab-899d-868455867ecf","read_replicas":[],"region":"fr-par","settings":[{"name":"max_connections","value":"100"}],"status":"ready","tags":[],"upgradable_version":[],"volume":{"size":20000000000,"type":"bssd"}}'
    headers:
      Content-Length:
      - "1027"
      Content-Security-Policy:
      - default-src 'none'; frame-ancestors 'none'
      Content-Type:
      - application/json
      Date:
      - Thu, 16 Nov 2023 16:29:35 GMT
      Server:
      - Scaleway API-Gateway
      Strict-Transport-Security:
      - max-age=63072000
      X-Content-Type-Options:
      - nosniff
      X-Frame-Options:
      - DENY
      X-Request-Id:
      - d85e911f-0b23-4a07-978b-a6684c220be0
    status: 200 OK
    code: 200
    duration: ""
- request:
    body: ""
    form: {}
    headers:
      User-Agent:
      - scaleway-sdk-go/v1.0.0-beta.7+dev (go1.20.4; linux; amd64) terraform-provider/develop
        terraform/terraform-tests
    url: https://api.scaleway.com/document-db/v1beta1/regions/fr-par/instances/6e708723-cacf-4792-86b6-0eb90f5f3a0b
    method: GET
  response:
    body: '{"backup_same_region":false,"backup_schedule":{"disabled":false,"frequency":24,"next_run_at":"2023-11-17T16:25:33.969596Z","retention":7},"created_at":"2023-11-16T16:25:33.969596Z","endpoint":{"id":"2e5f9256-9b09-4101-95f7-fbfcaecdb4dd","ip":"51.159.113.173","load_balancer":{},"name":null,"port":27122},"endpoints":[{"id":"2e5f9256-9b09-4101-95f7-fbfcaecdb4dd","ip":"51.159.113.173","load_balancer":{},"name":null,"port":27122}],"engine":"FerretDB-1","id":"6e708723-cacf-4792-86b6-0eb90f5f3a0b","init_settings":[],"is_ha_cluster":false,"logs_policy":{"max_age_retention":30,"total_disk_retention":null},"maintenances":[],"name":"test-ds-document_db-database-basic","node_type":"docdb-play2-pico","organization_id":"105bdce1-64c0-48ab-899d-868455867ecf","project_id":"105bdce1-64c0-48ab-899d-868455867ecf","read_replicas":[],"region":"fr-par","settings":[{"name":"max_connections","value":"100"}],"status":"ready","tags":[],"upgradable_version":[],"volume":{"size":20000000000,"type":"bssd"}}'
    headers:
      Content-Length:
      - "1027"
      Content-Security-Policy:
      - default-src 'none'; frame-ancestors 'none'
      Content-Type:
      - application/json
      Date:
      - Thu, 16 Nov 2023 16:29:35 GMT
      Server:
      - Scaleway API-Gateway
      Strict-Transport-Security:
      - max-age=63072000
      X-Content-Type-Options:
      - nosniff
      X-Frame-Options:
      - DENY
      X-Request-Id:
      - e287fdd7-baca-43bf-92bb-4389bf850aad
    status: 200 OK
    code: 200
    duration: ""
- request:
    body: '{"name":"test-ds-document_db-database-basic"}'
    form: {}
    headers:
      Content-Type:
      - application/json
      User-Agent:
      - scaleway-sdk-go/v1.0.0-beta.7+dev (go1.20.4; linux; amd64) terraform-provider/develop
        terraform/terraform-tests
    url: https://api.scaleway.com/document-db/v1beta1/regions/fr-par/instances/6e708723-cacf-4792-86b6-0eb90f5f3a0b/databases
    method: POST
  response:
    body: '{"managed":true,"name":"test-ds-document_db-database-basic","owner":"","size":0}'
    headers:
      Content-Length:
      - "83"
      Content-Security-Policy:
      - default-src 'none'; frame-ancestors 'none'
      Content-Type:
      - application/json
      Date:
      - Thu, 16 Nov 2023 16:29:36 GMT
      Server:
      - Scaleway API-Gateway
      Strict-Transport-Security:
      - max-age=63072000
      X-Content-Type-Options:
      - nosniff
      X-Frame-Options:
      - DENY
      X-Request-Id:
      - b754f5c4-9a6a-42e5-a3b6-03152a9c7229
    status: 200 OK
    code: 200
    duration: ""
- request:
    body: ""
    form: {}
    headers:
      User-Agent:
      - scaleway-sdk-go/v1.0.0-beta.7+dev (go1.20.4; linux; amd64) terraform-provider/develop
        terraform/terraform-tests
    url: https://api.scaleway.com/document-db/v1beta1/regions/fr-par/instances/6e708723-cacf-4792-86b6-0eb90f5f3a0b
    method: GET
  response:
    body: '{"backup_same_region":false,"backup_schedule":{"disabled":false,"frequency":24,"next_run_at":"2023-11-17T16:25:33.969596Z","retention":7},"created_at":"2023-11-16T16:25:33.969596Z","endpoint":{"id":"2e5f9256-9b09-4101-95f7-fbfcaecdb4dd","ip":"51.159.113.173","load_balancer":{},"name":null,"port":27122},"endpoints":[{"id":"2e5f9256-9b09-4101-95f7-fbfcaecdb4dd","ip":"51.159.113.173","load_balancer":{},"name":null,"port":27122}],"engine":"FerretDB-1","id":"6e708723-cacf-4792-86b6-0eb90f5f3a0b","init_settings":[],"is_ha_cluster":false,"logs_policy":{"max_age_retention":30,"total_disk_retention":null},"maintenances":[],"name":"test-ds-document_db-database-basic","node_type":"docdb-play2-pico","organization_id":"105bdce1-64c0-48ab-899d-868455867ecf","project_id":"105bdce1-64c0-48ab-899d-868455867ecf","read_replicas":[],"region":"fr-par","settings":[{"name":"max_connections","value":"100"}],"status":"ready","tags":[],"upgradable_version":[],"volume":{"size":20000000000,"type":"bssd"}}'
    headers:
      Content-Length:
      - "1027"
      Content-Security-Policy:
      - default-src 'none'; frame-ancestors 'none'
      Content-Type:
      - application/json
      Date:
      - Thu, 16 Nov 2023 16:29:36 GMT
      Server:
      - Scaleway API-Gateway
      Strict-Transport-Security:
      - max-age=63072000
      X-Content-Type-Options:
      - nosniff
      X-Frame-Options:
      - DENY
      X-Request-Id:
      - cb5384c5-3cc9-4c61-aa56-1e3d5b7e4f34
    status: 200 OK
    code: 200
    duration: ""
- request:
    body: ""
    form: {}
    headers:
      User-Agent:
      - scaleway-sdk-go/v1.0.0-beta.7+dev (go1.20.4; linux; amd64) terraform-provider/develop
        terraform/terraform-tests
    url: https://api.scaleway.com/document-db/v1beta1/regions/fr-par/instances/6e708723-cacf-4792-86b6-0eb90f5f3a0b
    method: GET
  response:
    body: '{"backup_same_region":false,"backup_schedule":{"disabled":false,"frequency":24,"next_run_at":"2023-11-17T16:25:33.969596Z","retention":7},"created_at":"2023-11-16T16:25:33.969596Z","endpoint":{"id":"2e5f9256-9b09-4101-95f7-fbfcaecdb4dd","ip":"51.159.113.173","load_balancer":{},"name":null,"port":27122},"endpoints":[{"id":"2e5f9256-9b09-4101-95f7-fbfcaecdb4dd","ip":"51.159.113.173","load_balancer":{},"name":null,"port":27122}],"engine":"FerretDB-1","id":"6e708723-cacf-4792-86b6-0eb90f5f3a0b","init_settings":[],"is_ha_cluster":false,"logs_policy":{"max_age_retention":30,"total_disk_retention":null},"maintenances":[],"name":"test-ds-document_db-database-basic","node_type":"docdb-play2-pico","organization_id":"105bdce1-64c0-48ab-899d-868455867ecf","project_id":"105bdce1-64c0-48ab-899d-868455867ecf","read_replicas":[],"region":"fr-par","settings":[{"name":"max_connections","value":"100"}],"status":"ready","tags":[],"upgradable_version":[],"volume":{"size":20000000000,"type":"bssd"}}'
    headers:
      Content-Length:
      - "1027"
      Content-Security-Policy:
      - default-src 'none'; frame-ancestors 'none'
      Content-Type:
      - application/json
      Date:
      - Thu, 16 Nov 2023 16:29:36 GMT
      Server:
      - Scaleway API-Gateway
      Strict-Transport-Security:
      - max-age=63072000
      X-Content-Type-Options:
      - nosniff
      X-Frame-Options:
      - DENY
      X-Request-Id:
      - 0cbccd9a-96ba-42cb-bbef-4835f78458df
    status: 200 OK
    code: 200
    duration: ""
- request:
    body: ""
    form: {}
    headers:
      User-Agent:
      - scaleway-sdk-go/v1.0.0-beta.7+dev (go1.20.4; linux; amd64) terraform-provider/develop
        terraform/terraform-tests
    url: https://api.scaleway.com/document-db/v1beta1/regions/fr-par/instances/6e708723-cacf-4792-86b6-0eb90f5f3a0b/databases?name=test-ds-document_db-database-basic&order_by=name_asc
    method: GET
  response:
    body: '{"databases":[{"managed":true,"name":"test-ds-document_db-database-basic","owner":"_rdb_superadmin","size":8758051}],"total_count":1}'
    headers:
      Content-Length:
      - "137"
      Content-Security-Policy:
      - default-src 'none'; frame-ancestors 'none'
      Content-Type:
      - application/json
      Date:
      - Thu, 16 Nov 2023 16:29:36 GMT
      Server:
      - Scaleway API-Gateway
      Strict-Transport-Security:
      - max-age=63072000
      X-Content-Type-Options:
      - nosniff
      X-Frame-Options:
      - DENY
      X-Request-Id:
      - 9e5acc15-a0de-4bc4-a779-107f9f1a42d1
    status: 200 OK
    code: 200
    duration: ""
- request:
    body: ""
    form: {}
    headers:
      User-Agent:
      - scaleway-sdk-go/v1.0.0-beta.7+dev (go1.20.4; linux; amd64) terraform-provider/develop
        terraform/terraform-tests
    url: https://api.scaleway.com/document-db/v1beta1/regions/fr-par/instances/6e708723-cacf-4792-86b6-0eb90f5f3a0b
    method: GET
  response:
    body: '{"backup_same_region":false,"backup_schedule":{"disabled":false,"frequency":24,"next_run_at":"2023-11-17T16:25:33.969596Z","retention":7},"created_at":"2023-11-16T16:25:33.969596Z","endpoint":{"id":"2e5f9256-9b09-4101-95f7-fbfcaecdb4dd","ip":"51.159.113.173","load_balancer":{},"name":null,"port":27122},"endpoints":[{"id":"2e5f9256-9b09-4101-95f7-fbfcaecdb4dd","ip":"51.159.113.173","load_balancer":{},"name":null,"port":27122}],"engine":"FerretDB-1","id":"6e708723-cacf-4792-86b6-0eb90f5f3a0b","init_settings":[],"is_ha_cluster":false,"logs_policy":{"max_age_retention":30,"total_disk_retention":null},"maintenances":[],"name":"test-ds-document_db-database-basic","node_type":"docdb-play2-pico","organization_id":"105bdce1-64c0-48ab-899d-868455867ecf","project_id":"105bdce1-64c0-48ab-899d-868455867ecf","read_replicas":[],"region":"fr-par","settings":[{"name":"max_connections","value":"100"}],"status":"ready","tags":[],"upgradable_version":[],"volume":{"size":20000000000,"type":"bssd"}}'
    headers:
      Content-Length:
      - "1027"
      Content-Security-Policy:
      - default-src 'none'; frame-ancestors 'none'
      Content-Type:
      - application/json
      Date:
      - Thu, 16 Nov 2023 16:29:36 GMT
      Server:
      - Scaleway API-Gateway
      Strict-Transport-Security:
      - max-age=63072000
      X-Content-Type-Options:
      - nosniff
      X-Frame-Options:
      - DENY
      X-Request-Id:
      - 5db0e887-8682-4bb7-b18c-445cfa5fdf91
    status: 200 OK
    code: 200
    duration: ""
- request:
    body: ""
    form: {}
    headers:
      User-Agent:
      - scaleway-sdk-go/v1.0.0-beta.7+dev (go1.20.4; linux; amd64) terraform-provider/develop
        terraform/terraform-tests
    url: https://api.scaleway.com/document-db/v1beta1/regions/fr-par/instances/6e708723-cacf-4792-86b6-0eb90f5f3a0b/databases?name=test-ds-document_db-database-basic&order_by=name_asc
    method: GET
  response:
    body: '{"databases":[{"managed":true,"name":"test-ds-document_db-database-basic","owner":"_rdb_superadmin","size":8758051}],"total_count":1}'
    headers:
      Content-Length:
      - "137"
      Content-Security-Policy:
      - default-src 'none'; frame-ancestors 'none'
      Content-Type:
      - application/json
      Date:
      - Thu, 16 Nov 2023 16:29:36 GMT
      Server:
      - Scaleway API-Gateway
      Strict-Transport-Security:
      - max-age=63072000
      X-Content-Type-Options:
      - nosniff
      X-Frame-Options:
      - DENY
      X-Request-Id:
      - b9b4bea6-6b91-4c16-83d8-710cfa863db2
    status: 200 OK
    code: 200
    duration: ""
- request:
    body: ""
    form: {}
    headers:
      User-Agent:
      - scaleway-sdk-go/v1.0.0-beta.7+dev (go1.20.4; linux; amd64) terraform-provider/develop
        terraform/terraform-tests
    url: https://api.scaleway.com/document-db/v1beta1/regions/fr-par/instances/6e708723-cacf-4792-86b6-0eb90f5f3a0b/databases?name=test-ds-document_db-database-basic&order_by=name_asc
    method: GET
  response:
    body: '{"databases":[{"managed":true,"name":"test-ds-document_db-database-basic","owner":"_rdb_superadmin","size":8758051}],"total_count":1}'
    headers:
      Content-Length:
      - "137"
      Content-Security-Policy:
      - default-src 'none'; frame-ancestors 'none'
      Content-Type:
      - application/json
      Date:
      - Thu, 16 Nov 2023 16:29:37 GMT
      Server:
      - Scaleway API-Gateway
      Strict-Transport-Security:
      - max-age=63072000
      X-Content-Type-Options:
      - nosniff
      X-Frame-Options:
      - DENY
      X-Request-Id:
      - 9ade2ebd-b593-46ad-bbbf-55e18235435c
    status: 200 OK
    code: 200
    duration: ""
- request:
    body: ""
    form: {}
    headers:
      User-Agent:
      - scaleway-sdk-go/v1.0.0-beta.7+dev (go1.20.4; linux; amd64) terraform-provider/develop
        terraform/terraform-tests
    url: https://api.scaleway.com/document-db/v1beta1/regions/fr-par/instances/6e708723-cacf-4792-86b6-0eb90f5f3a0b
    method: GET
  response:
    body: '{"backup_same_region":false,"backup_schedule":{"disabled":false,"frequency":24,"next_run_at":"2023-11-17T16:25:33.969596Z","retention":7},"created_at":"2023-11-16T16:25:33.969596Z","endpoint":{"id":"2e5f9256-9b09-4101-95f7-fbfcaecdb4dd","ip":"51.159.113.173","load_balancer":{},"name":null,"port":27122},"endpoints":[{"id":"2e5f9256-9b09-4101-95f7-fbfcaecdb4dd","ip":"51.159.113.173","load_balancer":{},"name":null,"port":27122}],"engine":"FerretDB-1","id":"6e708723-cacf-4792-86b6-0eb90f5f3a0b","init_settings":[],"is_ha_cluster":false,"logs_policy":{"max_age_retention":30,"total_disk_retention":null},"maintenances":[],"name":"test-ds-document_db-database-basic","node_type":"docdb-play2-pico","organization_id":"105bdce1-64c0-48ab-899d-868455867ecf","project_id":"105bdce1-64c0-48ab-899d-868455867ecf","read_replicas":[],"region":"fr-par","settings":[{"name":"max_connections","value":"100"}],"status":"ready","tags":[],"upgradable_version":[],"volume":{"size":20000000000,"type":"bssd"}}'
    headers:
      Content-Length:
      - "1027"
      Content-Security-Policy:
      - default-src 'none'; frame-ancestors 'none'
      Content-Type:
      - application/json
      Date:
      - Thu, 16 Nov 2023 16:29:37 GMT
      Server:
      - Scaleway API-Gateway
      Strict-Transport-Security:
      - max-age=63072000
      X-Content-Type-Options:
      - nosniff
      X-Frame-Options:
      - DENY
      X-Request-Id:
      - 5d61d4fc-9ee3-4230-bf9c-60b39184a4c3
    status: 200 OK
    code: 200
    duration: ""
- request:
    body: ""
    form: {}
    headers:
      User-Agent:
      - scaleway-sdk-go/v1.0.0-beta.7+dev (go1.20.4; linux; amd64) terraform-provider/develop
        terraform/terraform-tests
    url: https://api.scaleway.com/document-db/v1beta1/regions/fr-par/instances/6e708723-cacf-4792-86b6-0eb90f5f3a0b/databases?name=test-ds-document_db-database-basic&order_by=name_asc
    method: GET
  response:
    body: '{"databases":[{"managed":true,"name":"test-ds-document_db-database-basic","owner":"_rdb_superadmin","size":8758051}],"total_count":1}'
    headers:
      Content-Length:
      - "137"
      Content-Security-Policy:
      - default-src 'none'; frame-ancestors 'none'
      Content-Type:
      - application/json
      Date:
      - Thu, 16 Nov 2023 16:29:37 GMT
      Server:
      - Scaleway API-Gateway
      Strict-Transport-Security:
      - max-age=63072000
      X-Content-Type-Options:
      - nosniff
      X-Frame-Options:
      - DENY
      X-Request-Id:
      - 4e676534-7932-48af-8281-448aa449e82a
    status: 200 OK
    code: 200
    duration: ""
- request:
    body: ""
    form: {}
    headers:
      User-Agent:
      - scaleway-sdk-go/v1.0.0-beta.7+dev (go1.20.4; linux; amd64) terraform-provider/develop
        terraform/terraform-tests
    url: https://api.scaleway.com/document-db/v1beta1/regions/fr-par/instances/6e708723-cacf-4792-86b6-0eb90f5f3a0b
    method: GET
  response:
    body: '{"backup_same_region":false,"backup_schedule":{"disabled":false,"frequency":24,"next_run_at":"2023-11-17T16:25:33.969596Z","retention":7},"created_at":"2023-11-16T16:25:33.969596Z","endpoint":{"id":"2e5f9256-9b09-4101-95f7-fbfcaecdb4dd","ip":"51.159.113.173","load_balancer":{},"name":null,"port":27122},"endpoints":[{"id":"2e5f9256-9b09-4101-95f7-fbfcaecdb4dd","ip":"51.159.113.173","load_balancer":{},"name":null,"port":27122}],"engine":"FerretDB-1","id":"6e708723-cacf-4792-86b6-0eb90f5f3a0b","init_settings":[],"is_ha_cluster":false,"logs_policy":{"max_age_retention":30,"total_disk_retention":null},"maintenances":[],"name":"test-ds-document_db-database-basic","node_type":"docdb-play2-pico","organization_id":"105bdce1-64c0-48ab-899d-868455867ecf","project_id":"105bdce1-64c0-48ab-899d-868455867ecf","read_replicas":[],"region":"fr-par","settings":[{"name":"max_connections","value":"100"}],"status":"ready","tags":[],"upgradable_version":[],"volume":{"size":20000000000,"type":"bssd"}}'
    headers:
      Content-Length:
      - "1027"
      Content-Security-Policy:
      - default-src 'none'; frame-ancestors 'none'
      Content-Type:
      - application/json
      Date:
      - Thu, 16 Nov 2023 16:29:38 GMT
      Server:
      - Scaleway API-Gateway
      Strict-Transport-Security:
      - max-age=63072000
      X-Content-Type-Options:
      - nosniff
      X-Frame-Options:
      - DENY
      X-Request-Id:
      - 76f62640-7352-4049-97b3-697db4e94060
    status: 200 OK
    code: 200
    duration: ""
- request:
    body: ""
    form: {}
    headers:
      User-Agent:
      - scaleway-sdk-go/v1.0.0-beta.7+dev (go1.20.4; linux; amd64) terraform-provider/develop
        terraform/terraform-tests
    url: https://api.scaleway.com/document-db/v1beta1/regions/fr-par/instances/6e708723-cacf-4792-86b6-0eb90f5f3a0b
    method: GET
  response:
    body: '{"backup_same_region":false,"backup_schedule":{"disabled":false,"frequency":24,"next_run_at":"2023-11-17T16:25:33.969596Z","retention":7},"created_at":"2023-11-16T16:25:33.969596Z","endpoint":{"id":"2e5f9256-9b09-4101-95f7-fbfcaecdb4dd","ip":"51.159.113.173","load_balancer":{},"name":null,"port":27122},"endpoints":[{"id":"2e5f9256-9b09-4101-95f7-fbfcaecdb4dd","ip":"51.159.113.173","load_balancer":{},"name":null,"port":27122}],"engine":"FerretDB-1","id":"6e708723-cacf-4792-86b6-0eb90f5f3a0b","init_settings":[],"is_ha_cluster":false,"logs_policy":{"max_age_retention":30,"total_disk_retention":null},"maintenances":[],"name":"test-ds-document_db-database-basic","node_type":"docdb-play2-pico","organization_id":"105bdce1-64c0-48ab-899d-868455867ecf","project_id":"105bdce1-64c0-48ab-899d-868455867ecf","read_replicas":[],"region":"fr-par","settings":[{"name":"max_connections","value":"100"}],"status":"ready","tags":[],"upgradable_version":[],"volume":{"size":20000000000,"type":"bssd"}}'
    headers:
      Content-Length:
      - "1027"
      Content-Security-Policy:
      - default-src 'none'; frame-ancestors 'none'
      Content-Type:
      - application/json
      Date:
      - Thu, 16 Nov 2023 16:29:38 GMT
      Server:
      - Scaleway API-Gateway
      Strict-Transport-Security:
      - max-age=63072000
      X-Content-Type-Options:
      - nosniff
      X-Frame-Options:
      - DENY
      X-Request-Id:
      - 586f5168-4b3c-48f7-9321-cf50f3aa298b
    status: 200 OK
    code: 200
    duration: ""
- request:
    body: ""
    form: {}
    headers:
      User-Agent:
      - scaleway-sdk-go/v1.0.0-beta.7+dev (go1.20.4; linux; amd64) terraform-provider/develop
        terraform/terraform-tests
    url: https://api.scaleway.com/document-db/v1beta1/regions/fr-par/instances/6e708723-cacf-4792-86b6-0eb90f5f3a0b/databases?name=test-ds-document_db-database-basic&order_by=name_asc
    method: GET
  response:
    body: '{"databases":[{"managed":true,"name":"test-ds-document_db-database-basic","owner":"_rdb_superadmin","size":8758051}],"total_count":1}'
    headers:
      Content-Length:
      - "137"
      Content-Security-Policy:
      - default-src 'none'; frame-ancestors 'none'
      Content-Type:
      - application/json
      Date:
      - Thu, 16 Nov 2023 16:29:38 GMT
      Server:
      - Scaleway API-Gateway
      Strict-Transport-Security:
      - max-age=63072000
      X-Content-Type-Options:
      - nosniff
      X-Frame-Options:
      - DENY
      X-Request-Id:
      - df105815-12f5-4f02-af97-84163499028c
    status: 200 OK
    code: 200
    duration: ""
- request:
    body: ""
    form: {}
    headers:
      User-Agent:
      - scaleway-sdk-go/v1.0.0-beta.7+dev (go1.20.4; linux; amd64) terraform-provider/develop
        terraform/terraform-tests
    url: https://api.scaleway.com/document-db/v1beta1/regions/fr-par/instances/6e708723-cacf-4792-86b6-0eb90f5f3a0b
    method: GET
  response:
    body: '{"backup_same_region":false,"backup_schedule":{"disabled":false,"frequency":24,"next_run_at":"2023-11-17T16:25:33.969596Z","retention":7},"created_at":"2023-11-16T16:25:33.969596Z","endpoint":{"id":"2e5f9256-9b09-4101-95f7-fbfcaecdb4dd","ip":"51.159.113.173","load_balancer":{},"name":null,"port":27122},"endpoints":[{"id":"2e5f9256-9b09-4101-95f7-fbfcaecdb4dd","ip":"51.159.113.173","load_balancer":{},"name":null,"port":27122}],"engine":"FerretDB-1","id":"6e708723-cacf-4792-86b6-0eb90f5f3a0b","init_settings":[],"is_ha_cluster":false,"logs_policy":{"max_age_retention":30,"total_disk_retention":null},"maintenances":[],"name":"test-ds-document_db-database-basic","node_type":"docdb-play2-pico","organization_id":"105bdce1-64c0-48ab-899d-868455867ecf","project_id":"105bdce1-64c0-48ab-899d-868455867ecf","read_replicas":[],"region":"fr-par","settings":[{"name":"max_connections","value":"100"}],"status":"ready","tags":[],"upgradable_version":[],"volume":{"size":20000000000,"type":"bssd"}}'
    headers:
      Content-Length:
      - "1027"
      Content-Security-Policy:
      - default-src 'none'; frame-ancestors 'none'
      Content-Type:
      - application/json
      Date:
      - Thu, 16 Nov 2023 16:29:38 GMT
      Server:
      - Scaleway API-Gateway
      Strict-Transport-Security:
      - max-age=63072000
      X-Content-Type-Options:
      - nosniff
      X-Frame-Options:
      - DENY
      X-Request-Id:
      - 1e720723-2ff8-4e2e-a2ac-172a7532d0e6
    status: 200 OK
    code: 200
    duration: ""
- request:
    body: ""
    form: {}
    headers:
      User-Agent:
      - scaleway-sdk-go/v1.0.0-beta.7+dev (go1.20.4; linux; amd64) terraform-provider/develop
        terraform/terraform-tests
    url: https://api.scaleway.com/document-db/v1beta1/regions/fr-par/instances/6e708723-cacf-4792-86b6-0eb90f5f3a0b/databases?name=test-ds-document_db-database-basic&order_by=name_asc
    method: GET
  response:
    body: '{"databases":[{"managed":true,"name":"test-ds-document_db-database-basic","owner":"_rdb_superadmin","size":8758051}],"total_count":1}'
    headers:
      Content-Length:
      - "137"
      Content-Security-Policy:
      - default-src 'none'; frame-ancestors 'none'
      Content-Type:
      - application/json
      Date:
      - Thu, 16 Nov 2023 16:29:38 GMT
      Server:
      - Scaleway API-Gateway
      Strict-Transport-Security:
      - max-age=63072000
      X-Content-Type-Options:
      - nosniff
      X-Frame-Options:
      - DENY
      X-Request-Id:
      - 76175c7f-545c-4a9c-8c7e-a3f4cf389421
    status: 200 OK
    code: 200
    duration: ""
- request:
    body: ""
    form: {}
    headers:
      User-Agent:
      - scaleway-sdk-go/v1.0.0-beta.7+dev (go1.20.4; linux; amd64) terraform-provider/develop
        terraform/terraform-tests
    url: https://api.scaleway.com/document-db/v1beta1/regions/fr-par/instances/6e708723-cacf-4792-86b6-0eb90f5f3a0b
    method: GET
  response:
    body: '{"backup_same_region":false,"backup_schedule":{"disabled":false,"frequency":24,"next_run_at":"2023-11-17T16:25:33.969596Z","retention":7},"created_at":"2023-11-16T16:25:33.969596Z","endpoint":{"id":"2e5f9256-9b09-4101-95f7-fbfcaecdb4dd","ip":"51.159.113.173","load_balancer":{},"name":null,"port":27122},"endpoints":[{"id":"2e5f9256-9b09-4101-95f7-fbfcaecdb4dd","ip":"51.159.113.173","load_balancer":{},"name":null,"port":27122}],"engine":"FerretDB-1","id":"6e708723-cacf-4792-86b6-0eb90f5f3a0b","init_settings":[],"is_ha_cluster":false,"logs_policy":{"max_age_retention":30,"total_disk_retention":null},"maintenances":[],"name":"test-ds-document_db-database-basic","node_type":"docdb-play2-pico","organization_id":"105bdce1-64c0-48ab-899d-868455867ecf","project_id":"105bdce1-64c0-48ab-899d-868455867ecf","read_replicas":[],"region":"fr-par","settings":[{"name":"max_connections","value":"100"}],"status":"ready","tags":[],"upgradable_version":[],"volume":{"size":20000000000,"type":"bssd"}}'
    headers:
      Content-Length:
      - "1027"
      Content-Security-Policy:
      - default-src 'none'; frame-ancestors 'none'
      Content-Type:
      - application/json
      Date:
      - Thu, 16 Nov 2023 16:29:39 GMT
      Server:
      - Scaleway API-Gateway
      Strict-Transport-Security:
      - max-age=63072000
      X-Content-Type-Options:
      - nosniff
      X-Frame-Options:
      - DENY
      X-Request-Id:
      - 7b6ebb95-28b3-44aa-b0c0-182c860383aa
    status: 200 OK
    code: 200
    duration: ""
- request:
    body: ""
    form: {}
    headers:
      User-Agent:
      - scaleway-sdk-go/v1.0.0-beta.7+dev (go1.20.4; linux; amd64) terraform-provider/develop
        terraform/terraform-tests
    url: https://api.scaleway.com/document-db/v1beta1/regions/fr-par/instances/6e708723-cacf-4792-86b6-0eb90f5f3a0b/databases?name=test-ds-document_db-database-basic&order_by=name_asc
    method: GET
  response:
    body: '{"databases":[{"managed":true,"name":"test-ds-document_db-database-basic","owner":"_rdb_superadmin","size":8758051}],"total_count":1}'
    headers:
      Content-Length:
      - "137"
      Content-Security-Policy:
      - default-src 'none'; frame-ancestors 'none'
      Content-Type:
      - application/json
      Date:
      - Thu, 16 Nov 2023 16:29:39 GMT
      Server:
      - Scaleway API-Gateway
      Strict-Transport-Security:
      - max-age=63072000
      X-Content-Type-Options:
      - nosniff
      X-Frame-Options:
      - DENY
      X-Request-Id:
      - a4beae99-d9af-4d92-a80b-52c479201c5d
    status: 200 OK
    code: 200
    duration: ""
- request:
    body: ""
    form: {}
    headers:
      User-Agent:
      - scaleway-sdk-go/v1.0.0-beta.7+dev (go1.20.4; linux; amd64) terraform-provider/develop
        terraform/terraform-tests
    url: https://api.scaleway.com/document-db/v1beta1/regions/fr-par/instances/6e708723-cacf-4792-86b6-0eb90f5f3a0b
    method: GET
  response:
    body: '{"backup_same_region":false,"backup_schedule":{"disabled":false,"frequency":24,"next_run_at":"2023-11-17T16:25:33.969596Z","retention":7},"created_at":"2023-11-16T16:25:33.969596Z","endpoint":{"id":"2e5f9256-9b09-4101-95f7-fbfcaecdb4dd","ip":"51.159.113.173","load_balancer":{},"name":null,"port":27122},"endpoints":[{"id":"2e5f9256-9b09-4101-95f7-fbfcaecdb4dd","ip":"51.159.113.173","load_balancer":{},"name":null,"port":27122}],"engine":"FerretDB-1","id":"6e708723-cacf-4792-86b6-0eb90f5f3a0b","init_settings":[],"is_ha_cluster":false,"logs_policy":{"max_age_retention":30,"total_disk_retention":null},"maintenances":[],"name":"test-ds-document_db-database-basic","node_type":"docdb-play2-pico","organization_id":"105bdce1-64c0-48ab-899d-868455867ecf","project_id":"105bdce1-64c0-48ab-899d-868455867ecf","read_replicas":[],"region":"fr-par","settings":[{"name":"max_connections","value":"100"}],"status":"ready","tags":[],"upgradable_version":[],"volume":{"size":20000000000,"type":"bssd"}}'
    headers:
      Content-Length:
      - "1027"
      Content-Security-Policy:
      - default-src 'none'; frame-ancestors 'none'
      Content-Type:
      - application/json
      Date:
      - Thu, 16 Nov 2023 16:29:40 GMT
      Server:
      - Scaleway API-Gateway
      Strict-Transport-Security:
      - max-age=63072000
      X-Content-Type-Options:
      - nosniff
      X-Frame-Options:
      - DENY
      X-Request-Id:
      - a42a05a2-1736-47a4-b69b-34b1e15e2b56
    status: 200 OK
    code: 200
    duration: ""
- request:
    body: ""
    form: {}
    headers:
      User-Agent:
      - scaleway-sdk-go/v1.0.0-beta.7+dev (go1.20.4; linux; amd64) terraform-provider/develop
        terraform/terraform-tests
    url: https://api.scaleway.com/document-db/v1beta1/regions/fr-par/instances/6e708723-cacf-4792-86b6-0eb90f5f3a0b/databases/test-ds-document_db-database-basic
    method: DELETE
  response:
    body: ""
    headers:
      Content-Security-Policy:
      - default-src 'none'; frame-ancestors 'none'
      Content-Type:
      - application/json
      Date:
      - Thu, 16 Nov 2023 16:29:40 GMT
      Server:
      - Scaleway API-Gateway
      Strict-Transport-Security:
      - max-age=63072000
      X-Content-Type-Options:
      - nosniff
      X-Frame-Options:
      - DENY
      X-Request-Id:
      - 51b42a06-86aa-441b-9315-d98824bebe28
    status: 204 No Content
    code: 204
    duration: ""
- request:
    body: ""
    form: {}
    headers:
      User-Agent:
      - scaleway-sdk-go/v1.0.0-beta.7+dev (go1.20.4; linux; amd64) terraform-provider/develop
        terraform/terraform-tests
    url: https://api.scaleway.com/document-db/v1beta1/regions/fr-par/instances/6e708723-cacf-4792-86b6-0eb90f5f3a0b
    method: GET
  response:
    body: '{"backup_same_region":false,"backup_schedule":{"disabled":false,"frequency":24,"next_run_at":"2023-11-17T16:25:33.969596Z","retention":7},"created_at":"2023-11-16T16:25:33.969596Z","endpoint":{"id":"2e5f9256-9b09-4101-95f7-fbfcaecdb4dd","ip":"51.159.113.173","load_balancer":{},"name":null,"port":27122},"endpoints":[{"id":"2e5f9256-9b09-4101-95f7-fbfcaecdb4dd","ip":"51.159.113.173","load_balancer":{},"name":null,"port":27122}],"engine":"FerretDB-1","id":"6e708723-cacf-4792-86b6-0eb90f5f3a0b","init_settings":[],"is_ha_cluster":false,"logs_policy":{"max_age_retention":30,"total_disk_retention":null},"maintenances":[],"name":"test-ds-document_db-database-basic","node_type":"docdb-play2-pico","organization_id":"105bdce1-64c0-48ab-899d-868455867ecf","project_id":"105bdce1-64c0-48ab-899d-868455867ecf","read_replicas":[],"region":"fr-par","settings":[{"name":"max_connections","value":"100"}],"status":"ready","tags":[],"upgradable_version":[],"volume":{"size":20000000000,"type":"bssd"}}'
    headers:
      Content-Length:
      - "1027"
      Content-Security-Policy:
      - default-src 'none'; frame-ancestors 'none'
      Content-Type:
      - application/json
      Date:
      - Thu, 16 Nov 2023 16:29:40 GMT
      Server:
      - Scaleway API-Gateway
      Strict-Transport-Security:
      - max-age=63072000
      X-Content-Type-Options:
      - nosniff
      X-Frame-Options:
      - DENY
      X-Request-Id:
      - 31d8d7d4-5355-445c-8fb8-f49d5cd3d872
    status: 200 OK
    code: 200
    duration: ""
- request:
    body: ""
    form: {}
    headers:
      User-Agent:
      - scaleway-sdk-go/v1.0.0-beta.7+dev (go1.20.4; linux; amd64) terraform-provider/develop
        terraform/terraform-tests
    url: https://api.scaleway.com/document-db/v1beta1/regions/fr-par/instances/6e708723-cacf-4792-86b6-0eb90f5f3a0b
    method: GET
  response:
    body: '{"backup_same_region":false,"backup_schedule":{"disabled":false,"frequency":24,"next_run_at":"2023-11-17T16:25:33.969596Z","retention":7},"created_at":"2023-11-16T16:25:33.969596Z","endpoint":{"id":"2e5f9256-9b09-4101-95f7-fbfcaecdb4dd","ip":"51.159.113.173","load_balancer":{},"name":null,"port":27122},"endpoints":[{"id":"2e5f9256-9b09-4101-95f7-fbfcaecdb4dd","ip":"51.159.113.173","load_balancer":{},"name":null,"port":27122}],"engine":"FerretDB-1","id":"6e708723-cacf-4792-86b6-0eb90f5f3a0b","init_settings":[],"is_ha_cluster":false,"logs_policy":{"max_age_retention":30,"total_disk_retention":null},"maintenances":[],"name":"test-ds-document_db-database-basic","node_type":"docdb-play2-pico","organization_id":"105bdce1-64c0-48ab-899d-868455867ecf","project_id":"105bdce1-64c0-48ab-899d-868455867ecf","read_replicas":[],"region":"fr-par","settings":[{"name":"max_connections","value":"100"}],"status":"ready","tags":[],"upgradable_version":[],"volume":{"size":20000000000,"type":"bssd"}}'
    headers:
      Content-Length:
      - "1027"
      Content-Security-Policy:
      - default-src 'none'; frame-ancestors 'none'
      Content-Type:
      - application/json
      Date:
      - Thu, 16 Nov 2023 16:29:40 GMT
      Server:
      - Scaleway API-Gateway
      Strict-Transport-Security:
      - max-age=63072000
      X-Content-Type-Options:
      - nosniff
      X-Frame-Options:
      - DENY
      X-Request-Id:
      - 97b5e16a-3293-412f-a82f-ec108488ab42
    status: 200 OK
    code: 200
    duration: ""
- request:
    body: ""
    form: {}
    headers:
      User-Agent:
      - scaleway-sdk-go/v1.0.0-beta.7+dev (go1.20.4; linux; amd64) terraform-provider/develop
        terraform/terraform-tests
    url: https://api.scaleway.com/document-db/v1beta1/regions/fr-par/instances/6e708723-cacf-4792-86b6-0eb90f5f3a0b
    method: DELETE
  response:
    body: '{"backup_same_region":false,"backup_schedule":{"disabled":false,"frequency":24,"next_run_at":"2023-11-17T16:25:33.969596Z","retention":7},"created_at":"2023-11-16T16:25:33.969596Z","endpoint":{"id":"2e5f9256-9b09-4101-95f7-fbfcaecdb4dd","ip":"51.159.113.173","load_balancer":{},"name":null,"port":27122},"endpoints":[{"id":"2e5f9256-9b09-4101-95f7-fbfcaecdb4dd","ip":"51.159.113.173","load_balancer":{},"name":null,"port":27122}],"engine":"FerretDB-1","id":"6e708723-cacf-4792-86b6-0eb90f5f3a0b","init_settings":[],"is_ha_cluster":false,"logs_policy":{"max_age_retention":30,"total_disk_retention":null},"maintenances":[],"name":"test-ds-document_db-database-basic","node_type":"docdb-play2-pico","organization_id":"105bdce1-64c0-48ab-899d-868455867ecf","project_id":"105bdce1-64c0-48ab-899d-868455867ecf","read_replicas":[],"region":"fr-par","settings":[{"name":"max_connections","value":"100"}],"status":"deleting","tags":[],"upgradable_version":[],"volume":{"size":20000000000,"type":"bssd"}}'
    headers:
      Content-Length:
      - "1030"
      Content-Security-Policy:
      - default-src 'none'; frame-ancestors 'none'
      Content-Type:
      - application/json
      Date:
      - Thu, 16 Nov 2023 16:29:40 GMT
      Server:
      - Scaleway API-Gateway
      Strict-Transport-Security:
      - max-age=63072000
      X-Content-Type-Options:
      - nosniff
      X-Frame-Options:
      - DENY
      X-Request-Id:
      - 2d3b4f58-907f-4a71-b32c-64f1c2cf6f45
    status: 200 OK
    code: 200
    duration: ""
- request:
    body: ""
    form: {}
    headers:
      User-Agent:
      - scaleway-sdk-go/v1.0.0-beta.7+dev (go1.20.4; linux; amd64) terraform-provider/develop
        terraform/terraform-tests
    url: https://api.scaleway.com/document-db/v1beta1/regions/fr-par/instances/6e708723-cacf-4792-86b6-0eb90f5f3a0b
    method: GET
  response:
    body: '{"backup_same_region":false,"backup_schedule":{"disabled":false,"frequency":24,"next_run_at":"2023-11-17T16:25:33.969596Z","retention":7},"created_at":"2023-11-16T16:25:33.969596Z","endpoint":{"id":"2e5f9256-9b09-4101-95f7-fbfcaecdb4dd","ip":"51.159.113.173","load_balancer":{},"name":null,"port":27122},"endpoints":[{"id":"2e5f9256-9b09-4101-95f7-fbfcaecdb4dd","ip":"51.159.113.173","load_balancer":{},"name":null,"port":27122}],"engine":"FerretDB-1","id":"6e708723-cacf-4792-86b6-0eb90f5f3a0b","init_settings":[],"is_ha_cluster":false,"logs_policy":{"max_age_retention":30,"total_disk_retention":null},"maintenances":[],"name":"test-ds-document_db-database-basic","node_type":"docdb-play2-pico","organization_id":"105bdce1-64c0-48ab-899d-868455867ecf","project_id":"105bdce1-64c0-48ab-899d-868455867ecf","read_replicas":[],"region":"fr-par","settings":[{"name":"max_connections","value":"100"}],"status":"deleting","tags":[],"upgradable_version":[],"volume":{"size":20000000000,"type":"bssd"}}'
    headers:
      Content-Length:
      - "1030"
      Content-Security-Policy:
      - default-src 'none'; frame-ancestors 'none'
      Content-Type:
      - application/json
      Date:
      - Thu, 16 Nov 2023 16:29:40 GMT
      Server:
      - Scaleway API-Gateway
      Strict-Transport-Security:
      - max-age=63072000
      X-Content-Type-Options:
      - nosniff
      X-Frame-Options:
      - DENY
      X-Request-Id:
      - 3ffa21da-d31c-4745-9b94-b333cee6ce37
    status: 200 OK
    code: 200
    duration: ""
- request:
    body: ""
    form: {}
    headers:
      User-Agent:
      - scaleway-sdk-go/v1.0.0-beta.7+dev (go1.20.4; linux; amd64) terraform-provider/develop
        terraform/terraform-tests
    url: https://api.scaleway.com/document-db/v1beta1/regions/fr-par/instances/6e708723-cacf-4792-86b6-0eb90f5f3a0b
    method: GET
  response:
    body: '{"message":"resource is not found","resource":"instance","resource_id":"6e708723-cacf-4792-86b6-0eb90f5f3a0b","type":"not_found"}'
    headers:
      Content-Length:
      - "129"
      Content-Security-Policy:
      - default-src 'none'; frame-ancestors 'none'
      Content-Type:
      - application/json
      Date:
      - Thu, 16 Nov 2023 16:30:11 GMT
      Server:
      - Scaleway API-Gateway
      Strict-Transport-Security:
      - max-age=63072000
      X-Content-Type-Options:
      - nosniff
      X-Frame-Options:
      - DENY
      X-Request-Id:
      - 6504eba4-99e2-40ce-928d-634af161c5b9
    status: 404 Not Found
    code: 404
    duration: ""
- request:
    body: ""
    form: {}
    headers:
      User-Agent:
      - scaleway-sdk-go/v1.0.0-beta.7+dev (go1.20.4; linux; amd64) terraform-provider/develop
        terraform/terraform-tests
    url: https://api.scaleway.com/document-db/v1beta1/regions/fr-par/instances/6e708723-cacf-4792-86b6-0eb90f5f3a0b
    method: DELETE
  response:
    body: '{"message":"resource is not found","resource":"instance","resource_id":"6e708723-cacf-4792-86b6-0eb90f5f3a0b","type":"not_found"}'
    headers:
      Content-Length:
      - "129"
      Content-Security-Policy:
      - default-src 'none'; frame-ancestors 'none'
      Content-Type:
      - application/json
      Date:
      - Thu, 16 Nov 2023 16:30:11 GMT
      Server:
      - Scaleway API-Gateway
      Strict-Transport-Security:
      - max-age=63072000
      X-Content-Type-Options:
      - nosniff
      X-Frame-Options:
      - DENY
      X-Request-Id:
      - 3dfbceb2-8f0d-4005-ac31-dbcd514aa522
    status: 404 Not Found
    code: 404
    duration: ""
