---
version: 1
interactions:
- request:
    body: ""
    form: {}
    headers:
      User-Agent:
      - scaleway-sdk-go/v1.0.0-beta.7+dev (go1.21.1; linux; amd64) terraform-provider/develop
        terraform/terraform-tests
    url: https://api.scaleway.com/marketplace/v2/local-images?image_label=ubuntu_jammy&order_by=created_at_asc&type=instance_local&zone=fr-par-1
    method: GET
  response:
    body: '{"local_images":[{"arch":"arm64","compatible_commercial_types":["AMP2-C1","AMP2-C2","AMP2-C4","AMP2-C8","AMP2-C12","AMP2-C24","AMP2-C48","AMP2-C60","COPARM1-2C-8G","COPARM1-4C-16G","COPARM1-8C-32G","COPARM1-16C-64G","COPARM1-32C-128G"],"id":"f0d486ff-f178-4941-ad62-8bbda478b53a","label":"ubuntu_jammy","type":"instance_local","zone":"fr-par-1"},{"arch":"x86_64","compatible_commercial_types":["DEV1-L","DEV1-M","DEV1-S","DEV1-XL","GP1-L","GP1-M","GP1-S","GP1-XL","GP1-XS","START1-L","START1-M","START1-S","START1-XS","VC1L","VC1M","VC1S","X64-120GB","X64-15GB","X64-30GB","X64-60GB","ENT1-XXS","ENT1-XS","ENT1-S","ENT1-M","ENT1-L","ENT1-XL","ENT1-2XL","PRO2-XXS","PRO2-XS","PRO2-S","PRO2-M","PRO2-L","STARDUST1-S","PLAY2-MICRO","PLAY2-NANO","PLAY2-PICO","POP2-2C-8G","POP2-4C-16G","POP2-8C-32G","POP2-16C-64G","POP2-32C-128G","POP2-64C-256G","POP2-HM-2C-16G","POP2-HM-4C-32G","POP2-HM-8C-64G","POP2-HM-16C-128G","POP2-HM-32C-256G","POP2-HM-64C-512G","POP2-HC-2C-4G","POP2-HC-4C-8G","POP2-HC-8C-16G","POP2-HC-16C-32G","POP2-HC-32C-64G","POP2-HC-64C-128G"],"id":"9467798a-e554-4658-a008-82a868d42a3b","label":"ubuntu_jammy","type":"instance_local","zone":"fr-par-1"}],"total_count":2}'
    headers:
      Content-Length:
      - "1260"
      Content-Security-Policy:
      - default-src 'none'; frame-ancestors 'none'
      Content-Type:
      - application/json
      Date:
      - Thu, 22 Feb 2024 07:42:15 GMT
      Server:
      - Scaleway API Gateway (fr-par-3;edge01)
      Strict-Transport-Security:
      - max-age=63072000
      X-Content-Type-Options:
      - nosniff
      X-Frame-Options:
      - DENY
      X-Request-Id:
      - d41c219b-a001-4880-aa35-4ed463af7c9b
    status: 200 OK
    code: 200
    duration: ""
- request:
    body: ""
    form: {}
    headers:
      User-Agent:
      - scaleway-sdk-go/v1.0.0-beta.7+dev (go1.21.1; linux; amd64) terraform-provider/develop
        terraform/terraform-tests
    url: https://api.scaleway.com/instance/v1/zones/fr-par-1/products/servers?page=1
    method: GET
  response:
    body: '{"servers":{"COPARM1-16C-64G":{"alt_names":[],"arch":"arm64","baremetal":false,"capabilities":{"block_storage":true,"boot_types":["rescue","local"],"hot_snapshots_local_volume":false,"placement_groups":true,"private_network":8},"gpu":0,"hourly_price":0.3454,"mig_profile":null,"monthly_price":252.14,"ncpus":16,"network":{"interfaces":[{"internal_bandwidth":1600000000,"internet_bandwidth":null},{"internal_bandwidth":null,"internet_bandwidth":1600000000}],"ipv6_support":true,"sum_internal_bandwidth":1600000000,"sum_internet_bandwidth":1600000000},"per_volume_constraint":{"l_ssd":{"max_size":0,"min_size":0}},"ram":68719476736,"scratch_storage_max_size":null,"volumes_constraint":{"max_size":0,"min_size":0}},"COPARM1-2C-8G":{"alt_names":[],"arch":"arm64","baremetal":false,"capabilities":{"block_storage":true,"boot_types":["rescue","local"],"hot_snapshots_local_volume":false,"placement_groups":true,"private_network":8},"gpu":0,"hourly_price":0.0426,"mig_profile":null,"monthly_price":31.1,"ncpus":2,"network":{"interfaces":[{"internal_bandwidth":200000000,"internet_bandwidth":null},{"internal_bandwidth":null,"internet_bandwidth":200000000}],"ipv6_support":true,"sum_internal_bandwidth":200000000,"sum_internet_bandwidth":200000000},"per_volume_constraint":{"l_ssd":{"max_size":0,"min_size":0}},"ram":8589934592,"scratch_storage_max_size":null,"volumes_constraint":{"max_size":0,"min_size":0}},"COPARM1-32C-128G":{"alt_names":[],"arch":"arm64","baremetal":false,"capabilities":{"block_storage":true,"boot_types":["rescue","local"],"hot_snapshots_local_volume":false,"placement_groups":true,"private_network":8},"gpu":0,"hourly_price":0.6935,"mig_profile":null,"monthly_price":506.26,"ncpus":32,"network":{"interfaces":[{"internal_bandwidth":3200000000,"internet_bandwidth":null},{"internal_bandwidth":null,"internet_bandwidth":3200000000}],"ipv6_support":true,"sum_internal_bandwidth":3200000000,"sum_internet_bandwidth":3200000000},"per_volume_constraint":{"l_ssd":{"max_size":0,"min_size":0}},"ram":137438953472,"scratch_storage_max_size":null,"volumes_constraint":{"max_size":0,"min_size":0}},"COPARM1-4C-16G":{"alt_names":[],"arch":"arm64","baremetal":false,"capabilities":{"block_storage":true,"boot_types":["rescue","local"],"hot_snapshots_local_volume":false,"placement_groups":true,"private_network":8},"gpu":0,"hourly_price":0.0857,"mig_profile":null,"monthly_price":62.56,"ncpus":4,"network":{"interfaces":[{"internal_bandwidth":400000000,"internet_bandwidth":null},{"internal_bandwidth":null,"internet_bandwidth":400000000}],"ipv6_support":true,"sum_internal_bandwidth":400000000,"sum_internet_bandwidth":400000000},"per_volume_constraint":{"l_ssd":{"max_size":0,"min_size":0}},"ram":17179869184,"scratch_storage_max_size":null,"volumes_constraint":{"max_size":0,"min_size":0}},"COPARM1-8C-32G":{"alt_names":[],"arch":"arm64","baremetal":false,"capabilities":{"block_storage":true,"boot_types":["rescue","local"],"hot_snapshots_local_volume":false,"placement_groups":true,"private_network":8},"gpu":0,"hourly_price":0.1724,"mig_profile":null,"monthly_price":125.85,"ncpus":8,"network":{"interfaces":[{"internal_bandwidth":800000000,"internet_bandwidth":null},{"internal_bandwidth":null,"internet_bandwidth":800000000}],"ipv6_support":true,"sum_internal_bandwidth":800000000,"sum_internet_bandwidth":800000000},"per_volume_constraint":{"l_ssd":{"max_size":0,"min_size":0}},"ram":34359738368,"scratch_storage_max_size":null,"volumes_constraint":{"max_size":0,"min_size":0}},"DEV1-L":{"alt_names":[],"arch":"x86_64","baremetal":false,"capabilities":{"block_storage":true,"boot_types":["bootscript","rescue","local"],"hot_snapshots_local_volume":true,"placement_groups":true,"private_network":8},"gpu":0,"hourly_price":0.04952,"mig_profile":null,"monthly_price":36.1496,"ncpus":4,"network":{"interfaces":[{"internal_bandwidth":400000000,"internet_bandwidth":null},{"internal_bandwidth":null,"internet_bandwidth":400000000}],"ipv6_support":true,"sum_internal_bandwidth":400000000,"sum_internet_bandwidth":400000000},"per_volume_constraint":{"l_ssd":{"max_size":800000000000,"min_size":1000000000}},"ram":8589934592,"scratch_storage_max_size":null,"volumes_constraint":{"max_size":80000000000,"min_size":0}},"DEV1-M":{"alt_names":[],"arch":"x86_64","baremetal":false,"capabilities":{"block_storage":true,"boot_types":["bootscript","rescue","local"],"hot_snapshots_local_volume":true,"placement_groups":true,"private_network":8},"gpu":0,"hourly_price":0.02556,"mig_profile":null,"monthly_price":18.6588,"ncpus":3,"network":{"interfaces":[{"internal_bandwidth":300000000,"internet_bandwidth":null},{"internal_bandwidth":null,"internet_bandwidth":300000000}],"ipv6_support":true,"sum_internal_bandwidth":300000000,"sum_internet_bandwidth":300000000},"per_volume_constraint":{"l_ssd":{"max_size":800000000000,"min_size":1000000000}},"ram":4294967296,"scratch_storage_max_size":null,"volumes_constraint":{"max_size":40000000000,"min_size":0}},"DEV1-S":{"alt_names":[],"arch":"x86_64","baremetal":false,"capabilities":{"block_storage":true,"boot_types":["bootscript","rescue","local"],"hot_snapshots_local_volume":true,"placement_groups":true,"private_network":8},"gpu":0,"hourly_price":0.01368,"mig_profile":null,"monthly_price":9.9864,"ncpus":2,"network":{"interfaces":[{"internal_bandwidth":200000000,"internet_bandwidth":null},{"internal_bandwidth":null,"internet_bandwidth":200000000}],"ipv6_support":true,"sum_internal_bandwidth":200000000,"sum_internet_bandwidth":200000000},"per_volume_constraint":{"l_ssd":{"max_size":800000000000,"min_size":1000000000}},"ram":2147483648,"scratch_storage_max_size":null,"volumes_constraint":{"max_size":20000000000,"min_size":0}},"DEV1-XL":{"alt_names":[],"arch":"x86_64","baremetal":false,"capabilities":{"block_storage":true,"boot_types":["bootscript","rescue","local"],"hot_snapshots_local_volume":true,"placement_groups":true,"private_network":8},"gpu":0,"hourly_price":0.07308,"mig_profile":null,"monthly_price":53.3484,"ncpus":4,"network":{"interfaces":[{"internal_bandwidth":500000000,"internet_bandwidth":null},{"internal_bandwidth":null,"internet_bandwidth":500000000}],"ipv6_support":true,"sum_internal_bandwidth":500000000,"sum_internet_bandwidth":500000000},"per_volume_constraint":{"l_ssd":{"max_size":800000000000,"min_size":1000000000}},"ram":12884901888,"scratch_storage_max_size":null,"volumes_constraint":{"max_size":120000000000,"min_size":0}},"ENT1-2XL":{"alt_names":[],"arch":"x86_64","baremetal":false,"capabilities":{"block_storage":true,"boot_types":["rescue","local"],"hot_snapshots_local_volume":false,"placement_groups":true,"private_network":8},"gpu":0,"hourly_price":3.53,"mig_profile":null,"monthly_price":2576.9,"ncpus":96,"network":{"interfaces":[{"internal_bandwidth":20000000000,"internet_bandwidth":null},{"internal_bandwidth":null,"internet_bandwidth":20000000000}],"ipv6_support":true,"sum_internal_bandwidth":20000000000,"sum_internet_bandwidth":20000000000},"per_volume_constraint":{"l_ssd":{"max_size":0,"min_size":0}},"ram":412316860416,"scratch_storage_max_size":null,"volumes_constraint":{"max_size":0,"min_size":0}},"ENT1-L":{"alt_names":[],"arch":"x86_64","baremetal":false,"capabilities":{"block_storage":true,"boot_types":["rescue","local"],"hot_snapshots_local_volume":false,"placement_groups":true,"private_network":8},"gpu":0,"hourly_price":1.18,"mig_profile":null,"monthly_price":861.4,"ncpus":32,"network":{"interfaces":[{"internal_bandwidth":6400000000,"internet_bandwidth":null},{"internal_bandwidth":null,"internet_bandwidth":6400000000}],"ipv6_support":true,"sum_internal_bandwidth":6400000000,"sum_internet_bandwidth":6400000000},"per_volume_constraint":{"l_ssd":{"max_size":0,"min_size":0}},"ram":137438953472,"scratch_storage_max_size":null,"volumes_constraint":{"max_size":0,"min_size":0}},"ENT1-M":{"alt_names":[],"arch":"x86_64","baremetal":false,"capabilities":{"block_storage":true,"boot_types":["rescue","local"],"hot_snapshots_local_volume":false,"placement_groups":true,"private_network":8},"gpu":0,"hourly_price":0.59,"mig_profile":null,"monthly_price":430.7,"ncpus":16,"network":{"interfaces":[{"internal_bandwidth":3200000000,"internet_bandwidth":null},{"internal_bandwidth":null,"internet_bandwidth":3200000000}],"ipv6_support":true,"sum_internal_bandwidth":3200000000,"sum_internet_bandwidth":3200000000},"per_volume_constraint":{"l_ssd":{"max_size":0,"min_size":0}},"ram":68719476736,"scratch_storage_max_size":null,"volumes_constraint":{"max_size":0,"min_size":0}},"ENT1-S":{"alt_names":[],"arch":"x86_64","baremetal":false,"capabilities":{"block_storage":true,"boot_types":["rescue","local"],"hot_snapshots_local_volume":false,"placement_groups":true,"private_network":8},"gpu":0,"hourly_price":0.29,"mig_profile":null,"monthly_price":211.7,"ncpus":8,"network":{"interfaces":[{"internal_bandwidth":1600000000,"internet_bandwidth":null},{"internal_bandwidth":null,"internet_bandwidth":1600000000}],"ipv6_support":true,"sum_internal_bandwidth":1600000000,"sum_internet_bandwidth":1600000000},"per_volume_constraint":{"l_ssd":{"max_size":0,"min_size":0}},"ram":34359738368,"scratch_storage_max_size":null,"volumes_constraint":{"max_size":0,"min_size":0}},"ENT1-XL":{"alt_names":[],"arch":"x86_64","baremetal":false,"capabilities":{"block_storage":true,"boot_types":["rescue","local"],"hot_snapshots_local_volume":false,"placement_groups":true,"private_network":8},"gpu":0,"hourly_price":2.35,"mig_profile":null,"monthly_price":1715.5,"ncpus":64,"network":{"interfaces":[{"internal_bandwidth":12800000000,"internet_bandwidth":null},{"internal_bandwidth":null,"internet_bandwidth":12800000000}],"ipv6_support":true,"sum_internal_bandwidth":12800000000,"sum_internet_bandwidth":12800000000},"per_volume_constraint":{"l_ssd":{"max_size":0,"min_size":0}},"ram":274877906944,"scratch_storage_max_size":null,"volumes_constraint":{"max_size":0,"min_size":0}},"ENT1-XS":{"alt_names":[],"arch":"x86_64","baremetal":false,"capabilities":{"block_storage":true,"boot_types":["rescue","local"],"hot_snapshots_local_volume":false,"placement_groups":true,"private_network":8},"gpu":0,"hourly_price":0.147,"mig_profile":null,"monthly_price":107.31,"ncpus":4,"network":{"interfaces":[{"internal_bandwidth":800000000,"internet_bandwidth":null},{"internal_bandwidth":null,"internet_bandwidth":800000000}],"ipv6_support":true,"sum_internal_bandwidth":800000000,"sum_internet_bandwidth":800000000},"per_volume_constraint":{"l_ssd":{"max_size":0,"min_size":0}},"ram":17179869184,"scratch_storage_max_size":null,"volumes_constraint":{"max_size":0,"min_size":0}},"ENT1-XXS":{"alt_names":[],"arch":"x86_64","baremetal":false,"capabilities":{"block_storage":true,"boot_types":["rescue","local"],"hot_snapshots_local_volume":false,"placement_groups":true,"private_network":8},"gpu":0,"hourly_price":0.0735,"mig_profile":null,"monthly_price":53.655,"ncpus":2,"network":{"interfaces":[{"internal_bandwidth":400000000,"internet_bandwidth":null},{"internal_bandwidth":null,"internet_bandwidth":400000000}],"ipv6_support":true,"sum_internal_bandwidth":400000000,"sum_internet_bandwidth":400000000},"per_volume_constraint":{"l_ssd":{"max_size":0,"min_size":0}},"ram":8589934592,"scratch_storage_max_size":null,"volumes_constraint":{"max_size":0,"min_size":0}},"GP1-L":{"alt_names":[],"arch":"x86_64","baremetal":false,"capabilities":{"block_storage":true,"boot_types":["bootscript","rescue","local"],"hot_snapshots_local_volume":true,"placement_groups":true,"private_network":8},"gpu":0,"hourly_price":0.7894,"mig_profile":null,"monthly_price":576.262,"ncpus":32,"network":{"interfaces":[{"internal_bandwidth":5000000000,"internet_bandwidth":null},{"internal_bandwidth":null,"internet_bandwidth":5000000000}],"ipv6_support":true,"sum_internal_bandwidth":5000000000,"sum_internet_bandwidth":5000000000},"per_volume_constraint":{"l_ssd":{"max_size":800000000000,"min_size":1000000000}},"ram":137438953472,"scratch_storage_max_size":null,"volumes_constraint":{"max_size":600000000000,"min_size":0}},"GP1-M":{"alt_names":[],"arch":"x86_64","baremetal":false,"capabilities":{"block_storage":true,"boot_types":["bootscript","rescue","local"],"hot_snapshots_local_volume":true,"placement_groups":true,"private_network":8},"gpu":0,"hourly_price":0.4064,"mig_profile":null,"monthly_price":296.672,"ncpus":16,"network":{"interfaces":[{"internal_bandwidth":1500000000,"internet_bandwidth":null},{"internal_bandwidth":null,"internet_bandwidth":1500000000}],"ipv6_support":true,"sum_internal_bandwidth":1500000000,"sum_internet_bandwidth":1500000000},"per_volume_constraint":{"l_ssd":{"max_size":800000000000,"min_size":1000000000}},"ram":68719476736,"scratch_storage_max_size":null,"volumes_constraint":{"max_size":600000000000,"min_size":0}},"GP1-S":{"alt_names":[],"arch":"x86_64","baremetal":false,"capabilities":{"block_storage":true,"boot_types":["bootscript","rescue","local"],"hot_snapshots_local_volume":true,"placement_groups":true,"private_network":8},"gpu":0,"hourly_price":0.2042,"mig_profile":null,"monthly_price":149.066,"ncpus":8,"network":{"interfaces":[{"internal_bandwidth":800000000,"internet_bandwidth":null},{"internal_bandwidth":null,"internet_bandwidth":800000000}],"ipv6_support":true,"sum_internal_bandwidth":800000000,"sum_internet_bandwidth":800000000},"per_volume_constraint":{"l_ssd":{"max_size":800000000000,"min_size":1000000000}},"ram":34359738368,"scratch_storage_max_size":null,"volumes_constraint":{"max_size":300000000000,"min_size":0}},"GP1-VIZ":{"alt_names":[],"arch":"x86_64","baremetal":false,"capabilities":{"block_storage":true,"boot_types":["bootscript","rescue","local"],"hot_snapshots_local_volume":true,"placement_groups":true,"private_network":8},"gpu":0,"hourly_price":0.1,"mig_profile":null,"monthly_price":72,"ncpus":8,"network":{"interfaces":[{"internal_bandwidth":500000000,"internet_bandwidth":null},{"internal_bandwidth":null,"internet_bandwidth":500000000}],"ipv6_support":true,"sum_internal_bandwidth":500000000,"sum_internet_bandwidth":500000000},"per_volume_constraint":{"l_ssd":{"max_size":800000000000,"min_size":1000000000}},"ram":34359738368,"scratch_storage_max_size":null,"volumes_constraint":{"max_size":300000000000,"min_size":0}},"GP1-XL":{"alt_names":[],"arch":"x86_64","baremetal":false,"capabilities":{"block_storage":true,"boot_types":["bootscript","rescue","local"],"hot_snapshots_local_volume":true,"placement_groups":true,"private_network":8},"gpu":0,"hourly_price":1.6714,"mig_profile":null,"monthly_price":1220.122,"ncpus":48,"network":{"interfaces":[{"internal_bandwidth":10000000000,"internet_bandwidth":null},{"internal_bandwidth":null,"internet_bandwidth":10000000000}],"ipv6_support":true,"sum_internal_bandwidth":10000000000,"sum_internet_bandwidth":10000000000},"per_volume_constraint":{"l_ssd":{"max_size":800000000000,"min_size":1000000000}},"ram":274877906944,"scratch_storage_max_size":null,"volumes_constraint":{"max_size":600000000000,"min_size":0}},"GP1-XS":{"alt_names":[],"arch":"x86_64","baremetal":false,"capabilities":{"block_storage":true,"boot_types":["bootscript","rescue","local"],"hot_snapshots_local_volume":true,"placement_groups":true,"private_network":8},"gpu":0,"hourly_price":0.1016,"mig_profile":null,"monthly_price":74.168,"ncpus":4,"network":{"interfaces":[{"internal_bandwidth":500000000,"internet_bandwidth":null},{"internal_bandwidth":null,"internet_bandwidth":500000000}],"ipv6_support":true,"sum_internal_bandwidth":500000000,"sum_internet_bandwidth":500000000},"per_volume_constraint":{"l_ssd":{"max_size":800000000000,"min_size":1000000000}},"ram":17179869184,"scratch_storage_max_size":null,"volumes_constraint":{"max_size":150000000000,"min_size":0}},"PLAY2-MICRO":{"alt_names":[],"arch":"x86_64","baremetal":false,"capabilities":{"block_storage":true,"boot_types":["rescue","local"],"hot_snapshots_local_volume":false,"placement_groups":true,"private_network":8},"gpu":0,"hourly_price":0.054,"mig_profile":null,"monthly_price":39.42,"ncpus":4,"network":{"interfaces":[{"internal_bandwidth":400000000,"internet_bandwidth":null},{"internal_bandwidth":null,"internet_bandwidth":400000000}],"ipv6_support":true,"sum_internal_bandwidth":400000000,"sum_internet_bandwidth":400000000},"per_volume_constraint":{"l_ssd":{"max_size":0,"min_size":0}},"ram":8589934592,"scratch_storage_max_size":null,"volumes_constraint":{"max_size":0,"min_size":0}},"PLAY2-NANO":{"alt_names":[],"arch":"x86_64","baremetal":false,"capabilities":{"block_storage":true,"boot_types":["rescue","local"],"hot_snapshots_local_volume":false,"placement_groups":true,"private_network":8},"gpu":0,"hourly_price":0.027,"mig_profile":null,"monthly_price":19.71,"ncpus":2,"network":{"interfaces":[{"internal_bandwidth":200000000,"internet_bandwidth":null},{"internal_bandwidth":null,"internet_bandwidth":200000000}],"ipv6_support":true,"sum_internal_bandwidth":200000000,"sum_internet_bandwidth":200000000},"per_volume_constraint":{"l_ssd":{"max_size":0,"min_size":0}},"ram":4294967296,"scratch_storage_max_size":null,"volumes_constraint":{"max_size":0,"min_size":0}},"PLAY2-PICO":{"alt_names":[],"arch":"x86_64","baremetal":false,"capabilities":{"block_storage":true,"boot_types":["rescue","local"],"hot_snapshots_local_volume":false,"placement_groups":true,"private_network":8},"gpu":0,"hourly_price":0.014,"mig_profile":null,"monthly_price":10.22,"ncpus":1,"network":{"interfaces":[{"internal_bandwidth":100000000,"internet_bandwidth":null},{"internal_bandwidth":null,"internet_bandwidth":100000000}],"ipv6_support":true,"sum_internal_bandwidth":100000000,"sum_internet_bandwidth":100000000},"per_volume_constraint":{"l_ssd":{"max_size":0,"min_size":0}},"ram":2147483648,"scratch_storage_max_size":null,"volumes_constraint":{"max_size":0,"min_size":0}},"POP2-16C-64G":{"alt_names":[],"arch":"x86_64","baremetal":false,"capabilities":{"block_storage":true,"boot_types":["rescue","local"],"hot_snapshots_local_volume":false,"placement_groups":true,"private_network":8},"gpu":0,"hourly_price":0.59,"mig_profile":null,"monthly_price":430.7,"ncpus":16,"network":{"interfaces":[{"internal_bandwidth":3200000000,"internet_bandwidth":null},{"internal_bandwidth":null,"internet_bandwidth":3200000000}],"ipv6_support":true,"sum_internal_bandwidth":3200000000,"sum_internet_bandwidth":3200000000},"per_volume_constraint":{"l_ssd":{"max_size":0,"min_size":0}},"ram":68719476736,"scratch_storage_max_size":null,"volumes_constraint":{"max_size":0,"min_size":0}},"POP2-2C-8G":{"alt_names":[],"arch":"x86_64","baremetal":false,"capabilities":{"block_storage":true,"boot_types":["rescue","local"],"hot_snapshots_local_volume":false,"placement_groups":true,"private_network":8},"gpu":0,"hourly_price":0.0735,"mig_profile":null,"monthly_price":53.66,"ncpus":2,"network":{"interfaces":[{"internal_bandwidth":400000000,"internet_bandwidth":null},{"internal_bandwidth":null,"internet_bandwidth":400000000}],"ipv6_support":true,"sum_internal_bandwidth":400000000,"sum_internet_bandwidth":400000000},"per_volume_constraint":{"l_ssd":{"max_size":0,"min_size":0}},"ram":8589934592,"scratch_storage_max_size":null,"volumes_constraint":{"max_size":0,"min_size":0}},"POP2-32C-128G":{"alt_names":[],"arch":"x86_64","baremetal":false,"capabilities":{"block_storage":true,"boot_types":["rescue","local"],"hot_snapshots_local_volume":false,"placement_groups":true,"private_network":8},"gpu":0,"hourly_price":1.18,"mig_profile":null,"monthly_price":861.4,"ncpus":32,"network":{"interfaces":[{"internal_bandwidth":6400000000,"internet_bandwidth":null},{"internal_bandwidth":null,"internet_bandwidth":6400000000}],"ipv6_support":true,"sum_internal_bandwidth":6400000000,"sum_internet_bandwidth":6400000000},"per_volume_constraint":{"l_ssd":{"max_size":0,"min_size":0}},"ram":137438953472,"scratch_storage_max_size":null,"volumes_constraint":{"max_size":0,"min_size":0}},"POP2-4C-16G":{"alt_names":[],"arch":"x86_64","baremetal":false,"capabilities":{"block_storage":true,"boot_types":["rescue","local"],"hot_snapshots_local_volume":false,"placement_groups":true,"private_network":8},"gpu":0,"hourly_price":0.147,"mig_profile":null,"monthly_price":107.31,"ncpus":4,"network":{"interfaces":[{"internal_bandwidth":800000000,"internet_bandwidth":null},{"internal_bandwidth":null,"internet_bandwidth":800000000}],"ipv6_support":true,"sum_internal_bandwidth":800000000,"sum_internet_bandwidth":800000000},"per_volume_constraint":{"l_ssd":{"max_size":0,"min_size":0}},"ram":17179869184,"scratch_storage_max_size":null,"volumes_constraint":{"max_size":0,"min_size":0}},"POP2-64C-256G":{"alt_names":[],"arch":"x86_64","baremetal":false,"capabilities":{"block_storage":true,"boot_types":["rescue","local"],"hot_snapshots_local_volume":false,"placement_groups":true,"private_network":8},"gpu":0,"hourly_price":2.35,"mig_profile":null,"monthly_price":1715.5,"ncpus":64,"network":{"interfaces":[{"internal_bandwidth":12800000000,"internet_bandwidth":null},{"internal_bandwidth":null,"internet_bandwidth":12800000000}],"ipv6_support":true,"sum_internal_bandwidth":12800000000,"sum_internet_bandwidth":12800000000},"per_volume_constraint":{"l_ssd":{"max_size":0,"min_size":0}},"ram":274877906944,"scratch_storage_max_size":null,"volumes_constraint":{"max_size":0,"min_size":0}},"POP2-8C-32G":{"alt_names":[],"arch":"x86_64","baremetal":false,"capabilities":{"block_storage":true,"boot_types":["rescue","local"],"hot_snapshots_local_volume":false,"placement_groups":true,"private_network":8},"gpu":0,"hourly_price":0.29,"mig_profile":null,"monthly_price":211.7,"ncpus":8,"network":{"interfaces":[{"internal_bandwidth":1600000000,"internet_bandwidth":null},{"internal_bandwidth":null,"internet_bandwidth":1600000000}],"ipv6_support":true,"sum_internal_bandwidth":1600000000,"sum_internet_bandwidth":1600000000},"per_volume_constraint":{"l_ssd":{"max_size":0,"min_size":0}},"ram":34359738368,"scratch_storage_max_size":null,"volumes_constraint":{"max_size":0,"min_size":0}},"POP2-HC-16C-32G":{"alt_names":[],"arch":"x86_64","baremetal":false,"capabilities":{"block_storage":true,"boot_types":["rescue","local"],"hot_snapshots_local_volume":false,"placement_groups":true,"private_network":8},"gpu":0,"hourly_price":0.4256,"mig_profile":null,"monthly_price":310.69,"ncpus":16,"network":{"interfaces":[{"internal_bandwidth":3200000000,"internet_bandwidth":null},{"internal_bandwidth":null,"internet_bandwidth":3200000000}],"ipv6_support":true,"sum_internal_bandwidth":3200000000,"sum_internet_bandwidth":3200000000},"per_volume_constraint":{"l_ssd":{"max_size":0,"min_size":0}},"ram":34359738368,"scratch_storage_max_size":null,"volumes_constraint":{"max_size":0,"min_size":0}},"POP2-HC-2C-4G":{"alt_names":[],"arch":"x86_64","baremetal":false,"capabilities":{"block_storage":true,"boot_types":["rescue","local"],"hot_snapshots_local_volume":false,"placement_groups":true,"private_network":8},"gpu":0,"hourly_price":0.0532,"mig_profile":null,"monthly_price":38.84,"ncpus":2,"network":{"interfaces":[{"internal_bandwidth":400000000,"internet_bandwidth":null},{"internal_bandwidth":null,"internet_bandwidth":400000000}],"ipv6_support":true,"sum_internal_bandwidth":400000000,"sum_internet_bandwidth":400000000},"per_volume_constraint":{"l_ssd":{"max_size":0,"min_size":0}},"ram":4294967296,"scratch_storage_max_size":null,"volumes_constraint":{"max_size":0,"min_size":0}},"POP2-HC-32C-64G":{"alt_names":[],"arch":"x86_64","baremetal":false,"capabilities":{"block_storage":true,"boot_types":["rescue","local"],"hot_snapshots_local_volume":false,"placement_groups":true,"private_network":8},"gpu":0,"hourly_price":0.8512,"mig_profile":null,"monthly_price":621.38,"ncpus":32,"network":{"interfaces":[{"internal_bandwidth":6400000000,"internet_bandwidth":null},{"internal_bandwidth":null,"internet_bandwidth":6400000000}],"ipv6_support":true,"sum_internal_bandwidth":6400000000,"sum_internet_bandwidth":6400000000},"per_volume_constraint":{"l_ssd":{"max_size":0,"min_size":0}},"ram":68719476736,"scratch_storage_max_size":null,"volumes_constraint":{"max_size":0,"min_size":0}},"POP2-HC-4C-8G":{"alt_names":[],"arch":"x86_64","baremetal":false,"capabilities":{"block_storage":true,"boot_types":["rescue","local"],"hot_snapshots_local_volume":false,"placement_groups":true,"private_network":8},"gpu":0,"hourly_price":0.1064,"mig_profile":null,"monthly_price":77.67,"ncpus":4,"network":{"interfaces":[{"internal_bandwidth":800000000,"internet_bandwidth":null},{"internal_bandwidth":null,"internet_bandwidth":800000000}],"ipv6_support":true,"sum_internal_bandwidth":800000000,"sum_internet_bandwidth":800000000},"per_volume_constraint":{"l_ssd":{"max_size":0,"min_size":0}},"ram":8589934592,"scratch_storage_max_size":null,"volumes_constraint":{"max_size":0,"min_size":0}},"POP2-HC-64C-128G":{"alt_names":[],"arch":"x86_64","baremetal":false,"capabilities":{"block_storage":true,"boot_types":["rescue","local"],"hot_snapshots_local_volume":false,"placement_groups":true,"private_network":8},"gpu":0,"hourly_price":1.7024,"mig_profile":null,"monthly_price":1242.75,"ncpus":64,"network":{"interfaces":[{"internal_bandwidth":12800000000,"internet_bandwidth":null},{"internal_bandwidth":null,"internet_bandwidth":12800000000}],"ipv6_support":true,"sum_internal_bandwidth":12800000000,"sum_internet_bandwidth":12800000000},"per_volume_constraint":{"l_ssd":{"max_size":0,"min_size":0}},"ram":137438953472,"scratch_storage_max_size":null,"volumes_constraint":{"max_size":0,"min_size":0}},"POP2-HC-8C-16G":{"alt_names":[],"arch":"x86_64","baremetal":false,"capabilities":{"block_storage":true,"boot_types":["rescue","local"],"hot_snapshots_local_volume":false,"placement_groups":true,"private_network":8},"gpu":0,"hourly_price":0.2128,"mig_profile":null,"monthly_price":155.34,"ncpus":8,"network":{"interfaces":[{"internal_bandwidth":1600000000,"internet_bandwidth":null},{"internal_bandwidth":null,"internet_bandwidth":1600000000}],"ipv6_support":true,"sum_internal_bandwidth":1600000000,"sum_internet_bandwidth":1600000000},"per_volume_constraint":{"l_ssd":{"max_size":0,"min_size":0}},"ram":17179869184,"scratch_storage_max_size":null,"volumes_constraint":{"max_size":0,"min_size":0}},"POP2-HM-16C-128G":{"alt_names":[],"arch":"x86_64","baremetal":false,"capabilities":{"block_storage":true,"boot_types":["rescue","local"],"hot_snapshots_local_volume":false,"placement_groups":true,"private_network":8},"gpu":0,"hourly_price":0.824,"mig_profile":null,"monthly_price":601.52,"ncpus":16,"network":{"interfaces":[{"internal_bandwidth":3200000000,"internet_bandwidth":null},{"internal_bandwidth":null,"internet_bandwidth":3200000000}],"ipv6_support":true,"sum_internal_bandwidth":3200000000,"sum_internet_bandwidth":3200000000},"per_volume_constraint":{"l_ssd":{"max_size":0,"min_size":0}},"ram":137438953472,"scratch_storage_max_size":null,"volumes_constraint":{"max_size":0,"min_size":0}},"POP2-HM-2C-16G":{"alt_names":[],"arch":"x86_64","baremetal":false,"capabilities":{"block_storage":true,"boot_types":["rescue","local"],"hot_snapshots_local_volume":false,"placement_groups":true,"private_network":8},"gpu":0,"hourly_price":0.103,"mig_profile":null,"monthly_price":75.19,"ncpus":2,"network":{"interfaces":[{"internal_bandwidth":400000000,"internet_bandwidth":null},{"internal_bandwidth":null,"internet_bandwidth":400000000}],"ipv6_support":true,"sum_internal_bandwidth":400000000,"sum_internet_bandwidth":400000000},"per_volume_constraint":{"l_ssd":{"max_size":0,"min_size":0}},"ram":17179869184,"scratch_storage_max_size":null,"volumes_constraint":{"max_size":0,"min_size":0}},"POP2-HM-32C-256G":{"alt_names":[],"arch":"x86_64","baremetal":false,"capabilities":{"block_storage":true,"boot_types":["rescue","local"],"hot_snapshots_local_volume":false,"placement_groups":true,"private_network":8},"gpu":0,"hourly_price":1.648,"mig_profile":null,"monthly_price":1203.04,"ncpus":32,"network":{"interfaces":[{"internal_bandwidth":6400000000,"internet_bandwidth":null},{"internal_bandwidth":null,"internet_bandwidth":6400000000}],"ipv6_support":true,"sum_internal_bandwidth":6400000000,"sum_internet_bandwidth":6400000000},"per_volume_constraint":{"l_ssd":{"max_size":0,"min_size":0}},"ram":274877906944,"scratch_storage_max_size":null,"volumes_constraint":{"max_size":0,"min_size":0}},"POP2-HM-4C-32G":{"alt_names":[],"arch":"x86_64","baremetal":false,"capabilities":{"block_storage":true,"boot_types":["rescue","local"],"hot_snapshots_local_volume":false,"placement_groups":true,"private_network":8},"gpu":0,"hourly_price":0.206,"mig_profile":null,"monthly_price":150.38,"ncpus":4,"network":{"interfaces":[{"internal_bandwidth":800000000,"internet_bandwidth":null},{"internal_bandwidth":null,"internet_bandwidth":800000000}],"ipv6_support":true,"sum_internal_bandwidth":800000000,"sum_internet_bandwidth":800000000},"per_volume_constraint":{"l_ssd":{"max_size":0,"min_size":0}},"ram":34359738368,"scratch_storage_max_size":null,"volumes_constraint":{"max_size":0,"min_size":0}},"POP2-HM-64C-512G":{"alt_names":[],"arch":"x86_64","baremetal":false,"capabilities":{"block_storage":true,"boot_types":["rescue","local"],"hot_snapshots_local_volume":false,"placement_groups":true,"private_network":8},"gpu":0,"hourly_price":3.296,"mig_profile":null,"monthly_price":2406.08,"ncpus":64,"network":{"interfaces":[{"internal_bandwidth":12800000000,"internet_bandwidth":null},{"internal_bandwidth":null,"internet_bandwidth":12800000000}],"ipv6_support":true,"sum_internal_bandwidth":12800000000,"sum_internet_bandwidth":12800000000},"per_volume_constraint":{"l_ssd":{"max_size":0,"min_size":0}},"ram":549755813888,"scratch_storage_max_size":null,"volumes_constraint":{"max_size":0,"min_size":0}},"POP2-HM-8C-64G":{"alt_names":[],"arch":"x86_64","baremetal":false,"capabilities":{"block_storage":true,"boot_types":["rescue","local"],"hot_snapshots_local_volume":false,"placement_groups":true,"private_network":8},"gpu":0,"hourly_price":0.412,"mig_profile":null,"monthly_price":300.76,"ncpus":8,"network":{"interfaces":[{"internal_bandwidth":1600000000,"internet_bandwidth":null},{"internal_bandwidth":null,"internet_bandwidth":1600000000}],"ipv6_support":true,"sum_internal_bandwidth":1600000000,"sum_internet_bandwidth":1600000000},"per_volume_constraint":{"l_ssd":{"max_size":0,"min_size":0}},"ram":68719476736,"scratch_storage_max_size":null,"volumes_constraint":{"max_size":0,"min_size":0}},"PRO2-L":{"alt_names":[],"arch":"x86_64","baremetal":false,"capabilities":{"block_storage":true,"boot_types":["rescue","local"],"hot_snapshots_local_volume":false,"placement_groups":true,"private_network":8},"gpu":0,"hourly_price":0.877,"mig_profile":null,"monthly_price":640.21,"ncpus":32,"network":{"interfaces":[{"internal_bandwidth":6000000000,"internet_bandwidth":null},{"internal_bandwidth":null,"internet_bandwidth":6000000000}],"ipv6_support":true,"sum_internal_bandwidth":6000000000,"sum_internet_bandwidth":6000000000},"per_volume_constraint":{"l_ssd":{"max_size":0,"min_size":0}},"ram":137438953472,"scratch_storage_max_size":null,"volumes_constraint":{"max_size":0,"min_size":0}},"PRO2-M":{"alt_names":[],"arch":"x86_64","baremetal":false,"capabilities":{"block_storage":true,"boot_types":["rescue","local"],"hot_snapshots_local_volume":false,"placement_groups":true,"private_network":8},"gpu":0,"hourly_price":0.438,"mig_profile":null,"monthly_price":319.74,"ncpus":16,"network":{"interfaces":[{"internal_bandwidth":3000000000,"internet_bandwidth":null},{"internal_bandwidth":null,"internet_bandwidth":3000000000}],"ipv6_support":true,"sum_internal_bandwidth":3000000000,"sum_internet_bandwidth":3000000000},"per_volume_constraint":{"l_ssd":{"max_size":0,"min_size":0}},"ram":68719476736,"scratch_storage_max_size":null,"volumes_constraint":{"max_size":0,"min_size":0}},"PRO2-S":{"alt_names":[],"arch":"x86_64","baremetal":false,"capabilities":{"block_storage":true,"boot_types":["rescue","local"],"hot_snapshots_local_volume":false,"placement_groups":true,"private_network":8},"gpu":0,"hourly_price":0.219,"mig_profile":null,"monthly_price":159.87,"ncpus":8,"network":{"interfaces":[{"internal_bandwidth":1500000000,"internet_bandwidth":null},{"internal_bandwidth":null,"internet_bandwidth":1500000000}],"ipv6_support":true,"sum_internal_bandwidth":1500000000,"sum_internet_bandwidth":1500000000},"per_volume_constraint":{"l_ssd":{"max_size":0,"min_size":0}},"ram":34359738368,"scratch_storage_max_size":null,"volumes_constraint":{"max_size":0,"min_size":0}},"PRO2-XS":{"alt_names":[],"arch":"x86_64","baremetal":false,"capabilities":{"block_storage":true,"boot_types":["rescue","local"],"hot_snapshots_local_volume":false,"placement_groups":true,"private_network":8},"gpu":0,"hourly_price":0.11,"mig_profile":null,"monthly_price":80.3,"ncpus":4,"network":{"interfaces":[{"internal_bandwidth":700000000,"internet_bandwidth":null},{"internal_bandwidth":null,"internet_bandwidth":700000000}],"ipv6_support":true,"sum_internal_bandwidth":700000000,"sum_internet_bandwidth":700000000},"per_volume_constraint":{"l_ssd":{"max_size":0,"min_size":0}},"ram":17179869184,"scratch_storage_max_size":null,"volumes_constraint":{"max_size":0,"min_size":0}},"PRO2-XXS":{"alt_names":[],"arch":"x86_64","baremetal":false,"capabilities":{"block_storage":true,"boot_types":["rescue","local"],"hot_snapshots_local_volume":false,"placement_groups":true,"private_network":8},"gpu":0,"hourly_price":0.055,"mig_profile":null,"monthly_price":40.15,"ncpus":2,"network":{"interfaces":[{"internal_bandwidth":350000000,"internet_bandwidth":null},{"internal_bandwidth":null,"internet_bandwidth":350000000}],"ipv6_support":true,"sum_internal_bandwidth":350000000,"sum_internet_bandwidth":350000000},"per_volume_constraint":{"l_ssd":{"max_size":0,"min_size":0}},"ram":8589934592,"scratch_storage_max_size":null,"volumes_constraint":{"max_size":0,"min_size":0}},"RENDER-S":{"alt_names":[],"arch":"x86_64","baremetal":false,"capabilities":{"block_storage":true,"boot_types":["local","rescue"],"hot_snapshots_local_volume":true,"placement_groups":true,"private_network":8},"gpu":1,"hourly_price":1.2426,"mig_profile":null,"monthly_price":907.098,"ncpus":10,"network":{"interfaces":[{"internal_bandwidth":1000000000,"internet_bandwidth":null},{"internal_bandwidth":null,"internet_bandwidth":1000000000}],"ipv6_support":true,"sum_internal_bandwidth":1000000000,"sum_internet_bandwidth":1000000000},"per_volume_constraint":{"l_ssd":{"max_size":800000000000,"min_size":1000000000}},"ram":45097156608,"scratch_storage_max_size":null,"volumes_constraint":{"max_size":400000000000,"min_size":0}},"STARDUST1-S":{"alt_names":[],"arch":"x86_64","baremetal":false,"capabilities":{"block_storage":true,"boot_types":["bootscript","rescue","local"],"hot_snapshots_local_volume":true,"placement_groups":true,"private_network":8},"gpu":0,"hourly_price":0.00459,"mig_profile":null,"monthly_price":3.3507,"ncpus":1,"network":{"interfaces":[{"internal_bandwidth":100000000,"internet_bandwidth":null},{"internal_bandwidth":null,"internet_bandwidth":100000000}],"ipv6_support":true,"sum_internal_bandwidth":100000000,"sum_internet_bandwidth":100000000},"per_volume_constraint":{"l_ssd":{"max_size":800000000000,"min_size":1000000000}},"ram":1073741824,"scratch_storage_max_size":null,"volumes_constraint":{"max_size":10000000000,"min_size":0}}}}'
    headers:
      Content-Length:
      - "38183"
      Content-Security-Policy:
      - default-src 'none'; frame-ancestors 'none'
      Content-Type:
      - application/json
      Date:
      - Thu, 22 Feb 2024 07:42:15 GMT
      Link:
      - </products/servers?page=2&per_page=50&>; rel="next",</products/servers?page=2&per_page=50&>;
        rel="last"
      Server:
      - Scaleway API Gateway (fr-par-3;edge01)
      Strict-Transport-Security:
      - max-age=63072000
      X-Content-Type-Options:
      - nosniff
      X-Frame-Options:
      - DENY
      X-Request-Id:
      - aa84bd4e-833b-4e7a-a751-483ee9da12d1
      X-Total-Count:
      - "61"
    status: 200 OK
    code: 200
    duration: ""
- request:
    body: '{"name":"tf-tests-ipam-ip-datasource-instance","project_id":"105bdce1-64c0-48ab-899d-868455867ecf","tags":[]}'
    form: {}
    headers:
      Content-Type:
      - application/json
      User-Agent:
      - scaleway-sdk-go/v1.0.0-beta.7+dev (go1.21.1; linux; amd64) terraform-provider/develop
        terraform/terraform-tests
    url: https://api.scaleway.com/vpc/v2/regions/fr-par/vpcs
    method: POST
  response:
    body: '{"created_at":"2024-02-22T07:42:15.267913Z","id":"b4e0fca7-b596-4d82-9b0b-d6c2c49af7e4","is_default":false,"name":"tf-tests-ipam-ip-datasource-instance","organization_id":"105bdce1-64c0-48ab-899d-868455867ecf","private_network_count":0,"project_id":"105bdce1-64c0-48ab-899d-868455867ecf","region":"fr-par","tags":[],"updated_at":"2024-02-22T07:42:15.267913Z"}'
    headers:
      Content-Length:
      - "368"
      Content-Security-Policy:
      - default-src 'none'; frame-ancestors 'none'
      Content-Type:
      - application/json
      Date:
      - Thu, 22 Feb 2024 07:42:15 GMT
      Server:
      - Scaleway API Gateway (fr-par-3;edge01)
      Strict-Transport-Security:
      - max-age=63072000
      X-Content-Type-Options:
      - nosniff
      X-Frame-Options:
      - DENY
      X-Request-Id:
      - 1795b08e-ed0c-4b4f-b117-ff2aaef60d5e
    status: 200 OK
    code: 200
    duration: ""
- request:
    body: ""
    form: {}
    headers:
      User-Agent:
      - scaleway-sdk-go/v1.0.0-beta.7+dev (go1.21.1; linux; amd64) terraform-provider/develop
        terraform/terraform-tests
    url: https://api.scaleway.com/instance/v1/zones/fr-par-1/products/servers?page=2
    method: GET
  response:
    body: '{"servers":{"START1-L":{"alt_names":[],"arch":"x86_64","baremetal":false,"capabilities":{"block_storage":true,"boot_types":["bootscript","rescue","local"],"hot_snapshots_local_volume":true,"placement_groups":true,"private_network":8},"gpu":0,"hourly_price":0.0368,"mig_profile":null,"monthly_price":26.864,"ncpus":8,"network":{"interfaces":[{"internal_bandwidth":400000000,"internet_bandwidth":null},{"internal_bandwidth":null,"internet_bandwidth":400000000}],"ipv6_support":true,"sum_internal_bandwidth":400000000,"sum_internet_bandwidth":400000000},"per_volume_constraint":{"l_ssd":{"max_size":200000000000,"min_size":1000000000}},"ram":8589934592,"scratch_storage_max_size":null,"volumes_constraint":{"max_size":200000000000,"min_size":200000000000}},"START1-M":{"alt_names":[],"arch":"x86_64","baremetal":false,"capabilities":{"block_storage":true,"boot_types":["bootscript","rescue","local"],"hot_snapshots_local_volume":true,"placement_groups":true,"private_network":8},"gpu":0,"hourly_price":0.0194,"mig_profile":null,"monthly_price":14.162,"ncpus":4,"network":{"interfaces":[{"internal_bandwidth":300000000,"internet_bandwidth":null},{"internal_bandwidth":null,"internet_bandwidth":300000000}],"ipv6_support":true,"sum_internal_bandwidth":300000000,"sum_internet_bandwidth":300000000},"per_volume_constraint":{"l_ssd":{"max_size":200000000000,"min_size":1000000000}},"ram":4294967296,"scratch_storage_max_size":null,"volumes_constraint":{"max_size":100000000000,"min_size":100000000000}},"START1-S":{"alt_names":[],"arch":"x86_64","baremetal":false,"capabilities":{"block_storage":true,"boot_types":["bootscript","rescue","local"],"hot_snapshots_local_volume":true,"placement_groups":true,"private_network":8},"gpu":0,"hourly_price":0.0106,"mig_profile":null,"monthly_price":7.738,"ncpus":2,"network":{"interfaces":[{"internal_bandwidth":200000000,"internet_bandwidth":null},{"internal_bandwidth":null,"internet_bandwidth":200000000}],"ipv6_support":true,"sum_internal_bandwidth":200000000,"sum_internet_bandwidth":200000000},"per_volume_constraint":{"l_ssd":{"max_size":200000000000,"min_size":1000000000}},"ram":2147483648,"scratch_storage_max_size":null,"volumes_constraint":{"max_size":50000000000,"min_size":50000000000}},"START1-XS":{"alt_names":[],"arch":"x86_64","baremetal":false,"capabilities":{"block_storage":true,"boot_types":["bootscript","rescue","local"],"hot_snapshots_local_volume":true,"placement_groups":true,"private_network":8},"gpu":0,"hourly_price":0.0062,"mig_profile":null,"monthly_price":4.526,"ncpus":1,"network":{"interfaces":[{"internal_bandwidth":100000000,"internet_bandwidth":null},{"internal_bandwidth":null,"internet_bandwidth":100000000}],"ipv6_support":true,"sum_internal_bandwidth":100000000,"sum_internet_bandwidth":100000000},"per_volume_constraint":{"l_ssd":{"max_size":200000000000,"min_size":1000000000}},"ram":1073741824,"scratch_storage_max_size":null,"volumes_constraint":{"max_size":25000000000,"min_size":25000000000}},"VC1L":{"alt_names":["X64-8GB"],"arch":"x86_64","baremetal":false,"capabilities":{"block_storage":true,"boot_types":["bootscript","rescue","local"],"hot_snapshots_local_volume":true,"placement_groups":true,"private_network":8},"gpu":0,"hourly_price":0.02468,"mig_profile":null,"monthly_price":18.0164,"ncpus":6,"network":{"interfaces":[{"internal_bandwidth":200000000,"internet_bandwidth":null},{"internal_bandwidth":null,"internet_bandwidth":200000000}],"ipv6_support":true,"sum_internal_bandwidth":200000000,"sum_internet_bandwidth":200000000},"per_volume_constraint":{"l_ssd":{"max_size":200000000000,"min_size":1000000000}},"ram":8589934592,"scratch_storage_max_size":null,"volumes_constraint":{"max_size":200000000000,"min_size":200000000000}},"VC1M":{"alt_names":["X64-4GB"],"arch":"x86_64","baremetal":false,"capabilities":{"block_storage":true,"boot_types":["bootscript","rescue","local"],"hot_snapshots_local_volume":true,"placement_groups":true,"private_network":8},"gpu":0,"hourly_price":0.01555,"mig_profile":null,"monthly_price":11.3515,"ncpus":4,"network":{"interfaces":[{"internal_bandwidth":200000000,"internet_bandwidth":null},{"internal_bandwidth":null,"internet_bandwidth":200000000}],"ipv6_support":true,"sum_internal_bandwidth":200000000,"sum_internet_bandwidth":200000000},"per_volume_constraint":{"l_ssd":{"max_size":200000000000,"min_size":1000000000}},"ram":4294967296,"scratch_storage_max_size":null,"volumes_constraint":{"max_size":100000000000,"min_size":100000000000}},"VC1S":{"alt_names":["X64-2GB"],"arch":"x86_64","baremetal":false,"capabilities":{"block_storage":true,"boot_types":["bootscript","rescue","local"],"hot_snapshots_local_volume":true,"placement_groups":true,"private_network":8},"gpu":0,"hourly_price":0.00862,"mig_profile":null,"monthly_price":6.2926,"ncpus":2,"network":{"interfaces":[{"internal_bandwidth":200000000,"internet_bandwidth":null},{"internal_bandwidth":null,"internet_bandwidth":200000000}],"ipv6_support":true,"sum_internal_bandwidth":200000000,"sum_internet_bandwidth":200000000},"per_volume_constraint":{"l_ssd":{"max_size":200000000000,"min_size":1000000000}},"ram":2147483648,"scratch_storage_max_size":null,"volumes_constraint":{"max_size":50000000000,"min_size":50000000000}},"X64-120GB":{"alt_names":[],"arch":"x86_64","baremetal":false,"capabilities":{"block_storage":true,"boot_types":["bootscript","rescue","local"],"hot_snapshots_local_volume":true,"placement_groups":true,"private_network":8},"gpu":0,"hourly_price":0.42574,"mig_profile":null,"monthly_price":310.7902,"ncpus":12,"network":{"interfaces":[{"internal_bandwidth":1000000000,"internet_bandwidth":null},{"internal_bandwidth":null,"internet_bandwidth":1000000000}],"ipv6_support":true,"sum_internal_bandwidth":1000000000,"sum_internet_bandwidth":1000000000},"per_volume_constraint":{"l_ssd":{"max_size":200000000000,"min_size":1000000000}},"ram":128849018880,"scratch_storage_max_size":null,"volumes_constraint":{"max_size":1000000000000,"min_size":500000000000}},"X64-15GB":{"alt_names":[],"arch":"x86_64","baremetal":false,"capabilities":{"block_storage":true,"boot_types":["bootscript","rescue","local"],"hot_snapshots_local_volume":true,"placement_groups":true,"private_network":8},"gpu":0,"hourly_price":0.06032,"mig_profile":null,"monthly_price":44.0336,"ncpus":6,"network":{"interfaces":[{"internal_bandwidth":250000000,"internet_bandwidth":null},{"internal_bandwidth":null,"internet_bandwidth":250000000}],"ipv6_support":true,"sum_internal_bandwidth":250000000,"sum_internet_bandwidth":250000000},"per_volume_constraint":{"l_ssd":{"max_size":200000000000,"min_size":1000000000}},"ram":16106127360,"scratch_storage_max_size":null,"volumes_constraint":{"max_size":200000000000,"min_size":200000000000}},"X64-30GB":{"alt_names":[],"arch":"x86_64","baremetal":false,"capabilities":{"block_storage":true,"boot_types":["bootscript","rescue","local"],"hot_snapshots_local_volume":true,"placement_groups":true,"private_network":8},"gpu":0,"hourly_price":0.11906,"mig_profile":null,"monthly_price":86.9138,"ncpus":8,"network":{"interfaces":[{"internal_bandwidth":500000000,"internet_bandwidth":null},{"internal_bandwidth":null,"internet_bandwidth":500000000}],"ipv6_support":true,"sum_internal_bandwidth":500000000,"sum_internet_bandwidth":500000000},"per_volume_constraint":{"l_ssd":{"max_size":200000000000,"min_size":1000000000}},"ram":32212254720,"scratch_storage_max_size":null,"volumes_constraint":{"max_size":400000000000,"min_size":300000000000}},"X64-60GB":{"alt_names":[],"arch":"x86_64","baremetal":false,"capabilities":{"block_storage":true,"boot_types":["bootscript","rescue","local"],"hot_snapshots_local_volume":true,"placement_groups":true,"private_network":8},"gpu":0,"hourly_price":0.213,"mig_profile":null,"monthly_price":155.49,"ncpus":10,"network":{"interfaces":[{"internal_bandwidth":1000000000,"internet_bandwidth":null},{"internal_bandwidth":null,"internet_bandwidth":1000000000}],"ipv6_support":true,"sum_internal_bandwidth":1000000000,"sum_internet_bandwidth":1000000000},"per_volume_constraint":{"l_ssd":{"max_size":200000000000,"min_size":1000000000}},"ram":64424509440,"scratch_storage_max_size":null,"volumes_constraint":{"max_size":700000000000,"min_size":400000000000}}}}'
    headers:
      Content-Length:
      - "8882"
      Content-Security-Policy:
      - default-src 'none'; frame-ancestors 'none'
      Content-Type:
      - application/json
      Date:
      - Thu, 22 Feb 2024 07:42:15 GMT
      Link:
      - </products/servers?page=1&per_page=50&>; rel="first",</products/servers?page=1&per_page=50&>;
        rel="previous",</products/servers?page=2&per_page=50&>; rel="last"
      Server:
      - Scaleway API Gateway (fr-par-3;edge01)
      Strict-Transport-Security:
      - max-age=63072000
      X-Content-Type-Options:
      - nosniff
      X-Frame-Options:
      - DENY
      X-Request-Id:
      - 2cfbd8a7-a934-46a7-b0b4-11da341386ee
      X-Total-Count:
      - "61"
    status: 200 OK
    code: 200
    duration: ""
- request:
    body: ""
    form: {}
    headers:
      User-Agent:
      - scaleway-sdk-go/v1.0.0-beta.7+dev (go1.21.1; linux; amd64) terraform-provider/develop
        terraform/terraform-tests
    url: https://api.scaleway.com/vpc/v2/regions/fr-par/vpcs/b4e0fca7-b596-4d82-9b0b-d6c2c49af7e4
    method: GET
  response:
    body: '{"created_at":"2024-02-22T07:42:15.267913Z","id":"b4e0fca7-b596-4d82-9b0b-d6c2c49af7e4","is_default":false,"name":"tf-tests-ipam-ip-datasource-instance","organization_id":"105bdce1-64c0-48ab-899d-868455867ecf","private_network_count":0,"project_id":"105bdce1-64c0-48ab-899d-868455867ecf","region":"fr-par","tags":[],"updated_at":"2024-02-22T07:42:15.267913Z"}'
    headers:
      Content-Length:
      - "368"
      Content-Security-Policy:
      - default-src 'none'; frame-ancestors 'none'
      Content-Type:
      - application/json
      Date:
      - Thu, 22 Feb 2024 07:42:15 GMT
      Server:
      - Scaleway API Gateway (fr-par-3;edge01)
      Strict-Transport-Security:
      - max-age=63072000
      X-Content-Type-Options:
      - nosniff
      X-Frame-Options:
      - DENY
      X-Request-Id:
      - 65fb9585-2f57-4c20-8f8d-64115b50aad1
    status: 200 OK
    code: 200
    duration: ""
- request:
    body: '{"name":"tf-tests-ipam-ip-datasource-instance","project_id":"105bdce1-64c0-48ab-899d-868455867ecf","tags":[],"subnets":null,"vpc_id":"b4e0fca7-b596-4d82-9b0b-d6c2c49af7e4"}'
    form: {}
    headers:
      Content-Type:
      - application/json
      User-Agent:
      - scaleway-sdk-go/v1.0.0-beta.7+dev (go1.21.1; linux; amd64) terraform-provider/develop
        terraform/terraform-tests
    url: https://api.scaleway.com/vpc/v2/regions/fr-par/private-networks
    method: POST
  response:
    body: '{"created_at":"2024-02-22T07:42:15.512724Z","dhcp_enabled":true,"id":"907b63f3-d7ea-4ce8-b6c5-d169ad8e8b00","name":"tf-tests-ipam-ip-datasource-instance","organization_id":"105bdce1-64c0-48ab-899d-868455867ecf","project_id":"105bdce1-64c0-48ab-899d-868455867ecf","region":"fr-par","subnets":[{"created_at":"2024-02-22T07:42:15.512724Z","id":"92d0ed59-8777-42eb-8b1c-d34caea6cf73","subnet":"172.16.4.0/22","updated_at":"2024-02-22T07:42:15.512724Z"},{"created_at":"2024-02-22T07:42:15.512724Z","id":"142cc505-2ffa-413c-ab68-2b0e38d1dbbb","subnet":"fd5f:519c:6d46:cb7f::/64","updated_at":"2024-02-22T07:42:15.512724Z"}],"tags":[],"updated_at":"2024-02-22T07:42:15.512724Z","vpc_id":"b4e0fca7-b596-4d82-9b0b-d6c2c49af7e4"}'
    headers:
      Content-Length:
      - "736"
      Content-Security-Policy:
      - default-src 'none'; frame-ancestors 'none'
      Content-Type:
      - application/json
      Date:
      - Thu, 22 Feb 2024 07:42:16 GMT
      Server:
      - Scaleway API Gateway (fr-par-3;edge01)
      Strict-Transport-Security:
      - max-age=63072000
      X-Content-Type-Options:
      - nosniff
      X-Frame-Options:
      - DENY
      X-Request-Id:
      - 78553fca-f416-4c7a-9ce6-2e3d95c03d2c
    status: 200 OK
    code: 200
    duration: ""
- request:
    body: '{"name":"tf-tests-ipam-ip-datasource-instance","dynamic_ip_required":false,"commercial_type":"PLAY2-MICRO","image":"9467798a-e554-4658-a008-82a868d42a3b","volumes":{"0":{"boot":false,"volume_type":"b_ssd"}},"boot_type":"local","project":"105bdce1-64c0-48ab-899d-868455867ecf","tags":["terraform-test","data_scaleway_instance_servers","basic"]}'
    form: {}
    headers:
      Content-Type:
      - application/json
      User-Agent:
      - scaleway-sdk-go/v1.0.0-beta.7+dev (go1.21.1; linux; amd64) terraform-provider/develop
        terraform/terraform-tests
    url: https://api.scaleway.com/instance/v1/zones/fr-par-1/servers
    method: POST
  response:
    body: '{"server":{"allowed_actions":["poweron","backup","enable_routed_ip"],"arch":"x86_64","boot_type":"local","bootscript":{"architecture":"x86_64","bootcmdargs":"LINUX_COMMON
      scaleway boot=local nbd.max_part=16","default":true,"dtb":"","id":"fdfe150f-a870-4ce4-b432-9f56b5b995c1","initrd":"http://10.194.3.9/initrd/initrd-Linux-x86_64-v3.14.6.gz","kernel":"http://10.194.3.9/kernel/x86_64-mainline-lts-4.4-4.4.230-rev1/vmlinuz-4.4.230","organization":"11111111-1111-4111-8111-111111111111","project":"11111111-1111-4111-8111-111111111111","public":true,"title":"x86_64
      mainline 4.4.230 rev1","zone":"fr-par-1"},"commercial_type":"PLAY2-MICRO","creation_date":"2024-02-22T07:42:15.816653+00:00","dynamic_ip_required":false,"enable_ipv6":false,"extra_networks":[],"hostname":"tf-tests-ipam-ip-datasource-instance","id":"42b849af-27c7-42e0-ac1f-7b20af1e5dd6","image":{"arch":"x86_64","creation_date":"2024-01-31T16:05:11.366989+00:00","default_bootscript":null,"extra_volumes":{},"from_server":null,"id":"9467798a-e554-4658-a008-82a868d42a3b","modification_date":"2024-01-31T16:05:11.366989+00:00","name":"Ubuntu
      22.04 Jammy Jellyfish","organization":"51b656e3-4865-41e8-adbc-0c45bdd780db","project":"51b656e3-4865-41e8-adbc-0c45bdd780db","public":true,"root_volume":{"id":"59235d23-138e-45ea-983d-5a2a58937164","name":"Ubuntu
      22.04 Jammy Jellyfish","size":10000000000,"volume_type":"unified"},"state":"available","tags":[],"zone":"fr-par-1"},"ipv6":null,"location":null,"mac_address":"de:00:00:40:01:f5","maintenances":[],"modification_date":"2024-02-22T07:42:15.816653+00:00","name":"tf-tests-ipam-ip-datasource-instance","organization":"105bdce1-64c0-48ab-899d-868455867ecf","os_family":"linux","placement_group":null,"private_ip":null,"private_nics":[],"project":"105bdce1-64c0-48ab-899d-868455867ecf","protected":false,"public_ip":null,"public_ips":[],"routed_ip_enabled":false,"security_group":{"id":"5881315f-2400-43a0-ac75-08adf6cb8c12","name":"Default
      security group"},"state":"stopped","state_detail":"","tags":["terraform-test","data_scaleway_instance_servers","basic"],"volumes":{"0":{"boot":false,"creation_date":"2024-02-22T07:42:15.816653+00:00","export_uri":null,"id":"658b8f76-5e3d-4368-b1c0-e00fa4334957","modification_date":"2024-02-22T07:42:15.816653+00:00","name":"Ubuntu
      22.04 Jammy Jellyfish","organization":"105bdce1-64c0-48ab-899d-868455867ecf","project":"105bdce1-64c0-48ab-899d-868455867ecf","server":{"id":"42b849af-27c7-42e0-ac1f-7b20af1e5dd6","name":"tf-tests-ipam-ip-datasource-instance"},"size":10000000000,"state":"available","tags":[],"volume_type":"b_ssd","zone":"fr-par-1"}},"zone":"fr-par-1"}}'
    headers:
      Content-Length:
      - "2788"
      Content-Security-Policy:
      - default-src 'none'; frame-ancestors 'none'
      Content-Type:
      - application/json
      Date:
      - Thu, 22 Feb 2024 07:42:16 GMT
      Location:
      - https://api.scaleway.com/instance/v1/zones/fr-par-1/servers/42b849af-27c7-42e0-ac1f-7b20af1e5dd6
      Server:
      - Scaleway API Gateway (fr-par-3;edge01)
      Strict-Transport-Security:
      - max-age=63072000
      X-Content-Type-Options:
      - nosniff
      X-Frame-Options:
      - DENY
      X-Request-Id:
      - ee95ccbb-befc-4704-a5b8-ae6f61d2460a
    status: 201 Created
    code: 201
    duration: ""
- request:
    body: ""
    form: {}
    headers:
      User-Agent:
      - scaleway-sdk-go/v1.0.0-beta.7+dev (go1.21.1; linux; amd64) terraform-provider/develop
        terraform/terraform-tests
    url: https://api.scaleway.com/vpc/v2/regions/fr-par/private-networks/907b63f3-d7ea-4ce8-b6c5-d169ad8e8b00
    method: GET
  response:
    body: '{"created_at":"2024-02-22T07:42:15.512724Z","dhcp_enabled":true,"id":"907b63f3-d7ea-4ce8-b6c5-d169ad8e8b00","name":"tf-tests-ipam-ip-datasource-instance","organization_id":"105bdce1-64c0-48ab-899d-868455867ecf","project_id":"105bdce1-64c0-48ab-899d-868455867ecf","region":"fr-par","subnets":[{"created_at":"2024-02-22T07:42:15.512724Z","id":"92d0ed59-8777-42eb-8b1c-d34caea6cf73","subnet":"172.16.4.0/22","updated_at":"2024-02-22T07:42:15.512724Z"},{"created_at":"2024-02-22T07:42:15.512724Z","id":"142cc505-2ffa-413c-ab68-2b0e38d1dbbb","subnet":"fd5f:519c:6d46:cb7f::/64","updated_at":"2024-02-22T07:42:15.512724Z"}],"tags":[],"updated_at":"2024-02-22T07:42:15.512724Z","vpc_id":"b4e0fca7-b596-4d82-9b0b-d6c2c49af7e4"}'
    headers:
      Content-Length:
      - "736"
      Content-Security-Policy:
      - default-src 'none'; frame-ancestors 'none'
      Content-Type:
      - application/json
      Date:
      - Thu, 22 Feb 2024 07:42:16 GMT
      Server:
      - Scaleway API Gateway (fr-par-3;edge01)
      Strict-Transport-Security:
      - max-age=63072000
      X-Content-Type-Options:
      - nosniff
      X-Frame-Options:
      - DENY
      X-Request-Id:
      - 05831ed5-8b77-4db2-830e-c12fccf32d0a
    status: 200 OK
    code: 200
    duration: ""
- request:
    body: ""
    form: {}
    headers:
      User-Agent:
      - scaleway-sdk-go/v1.0.0-beta.7+dev (go1.21.1; linux; amd64) terraform-provider/develop
        terraform/terraform-tests
    url: https://api.scaleway.com/instance/v1/zones/fr-par-1/servers/42b849af-27c7-42e0-ac1f-7b20af1e5dd6
    method: GET
  response:
    body: '{"server":{"allowed_actions":["poweron","backup","enable_routed_ip"],"arch":"x86_64","boot_type":"local","bootscript":{"architecture":"x86_64","bootcmdargs":"LINUX_COMMON
      scaleway boot=local nbd.max_part=16","default":true,"dtb":"","id":"fdfe150f-a870-4ce4-b432-9f56b5b995c1","initrd":"http://10.194.3.9/initrd/initrd-Linux-x86_64-v3.14.6.gz","kernel":"http://10.194.3.9/kernel/x86_64-mainline-lts-4.4-4.4.230-rev1/vmlinuz-4.4.230","organization":"11111111-1111-4111-8111-111111111111","project":"11111111-1111-4111-8111-111111111111","public":true,"title":"x86_64
      mainline 4.4.230 rev1","zone":"fr-par-1"},"commercial_type":"PLAY2-MICRO","creation_date":"2024-02-22T07:42:15.816653+00:00","dynamic_ip_required":false,"enable_ipv6":false,"extra_networks":[],"hostname":"tf-tests-ipam-ip-datasource-instance","id":"42b849af-27c7-42e0-ac1f-7b20af1e5dd6","image":{"arch":"x86_64","creation_date":"2024-01-31T16:05:11.366989+00:00","default_bootscript":null,"extra_volumes":{},"from_server":null,"id":"9467798a-e554-4658-a008-82a868d42a3b","modification_date":"2024-01-31T16:05:11.366989+00:00","name":"Ubuntu
      22.04 Jammy Jellyfish","organization":"51b656e3-4865-41e8-adbc-0c45bdd780db","project":"51b656e3-4865-41e8-adbc-0c45bdd780db","public":true,"root_volume":{"id":"59235d23-138e-45ea-983d-5a2a58937164","name":"Ubuntu
      22.04 Jammy Jellyfish","size":10000000000,"volume_type":"unified"},"state":"available","tags":[],"zone":"fr-par-1"},"ipv6":null,"location":null,"mac_address":"de:00:00:40:01:f5","maintenances":[],"modification_date":"2024-02-22T07:42:15.816653+00:00","name":"tf-tests-ipam-ip-datasource-instance","organization":"105bdce1-64c0-48ab-899d-868455867ecf","os_family":"linux","placement_group":null,"private_ip":null,"private_nics":[],"project":"105bdce1-64c0-48ab-899d-868455867ecf","protected":false,"public_ip":null,"public_ips":[],"routed_ip_enabled":false,"security_group":{"id":"5881315f-2400-43a0-ac75-08adf6cb8c12","name":"Default
      security group"},"state":"stopped","state_detail":"","tags":["terraform-test","data_scaleway_instance_servers","basic"],"volumes":{"0":{"boot":false,"creation_date":"2024-02-22T07:42:15.816653+00:00","export_uri":null,"id":"658b8f76-5e3d-4368-b1c0-e00fa4334957","modification_date":"2024-02-22T07:42:15.816653+00:00","name":"Ubuntu
      22.04 Jammy Jellyfish","organization":"105bdce1-64c0-48ab-899d-868455867ecf","project":"105bdce1-64c0-48ab-899d-868455867ecf","server":{"id":"42b849af-27c7-42e0-ac1f-7b20af1e5dd6","name":"tf-tests-ipam-ip-datasource-instance"},"size":10000000000,"state":"available","tags":[],"volume_type":"b_ssd","zone":"fr-par-1"}},"zone":"fr-par-1"}}'
    headers:
      Content-Length:
      - "2788"
      Content-Security-Policy:
      - default-src 'none'; frame-ancestors 'none'
      Content-Type:
      - application/json
      Date:
      - Thu, 22 Feb 2024 07:42:16 GMT
      Server:
      - Scaleway API Gateway (fr-par-3;edge01)
      Strict-Transport-Security:
      - max-age=63072000
      X-Content-Type-Options:
      - nosniff
      X-Frame-Options:
      - DENY
      X-Request-Id:
      - 9755b25d-4512-4cee-9569-ad10df127f3c
    status: 200 OK
    code: 200
    duration: ""
- request:
    body: ""
    form: {}
    headers:
      User-Agent:
      - scaleway-sdk-go/v1.0.0-beta.7+dev (go1.21.1; linux; amd64) terraform-provider/develop
        terraform/terraform-tests
    url: https://api.scaleway.com/instance/v1/zones/fr-par-1/servers/42b849af-27c7-42e0-ac1f-7b20af1e5dd6
    method: GET
  response:
    body: '{"server":{"allowed_actions":["poweron","backup","enable_routed_ip"],"arch":"x86_64","boot_type":"local","bootscript":{"architecture":"x86_64","bootcmdargs":"LINUX_COMMON
      scaleway boot=local nbd.max_part=16","default":true,"dtb":"","id":"fdfe150f-a870-4ce4-b432-9f56b5b995c1","initrd":"http://10.194.3.9/initrd/initrd-Linux-x86_64-v3.14.6.gz","kernel":"http://10.194.3.9/kernel/x86_64-mainline-lts-4.4-4.4.230-rev1/vmlinuz-4.4.230","organization":"11111111-1111-4111-8111-111111111111","project":"11111111-1111-4111-8111-111111111111","public":true,"title":"x86_64
      mainline 4.4.230 rev1","zone":"fr-par-1"},"commercial_type":"PLAY2-MICRO","creation_date":"2024-02-22T07:42:15.816653+00:00","dynamic_ip_required":false,"enable_ipv6":false,"extra_networks":[],"hostname":"tf-tests-ipam-ip-datasource-instance","id":"42b849af-27c7-42e0-ac1f-7b20af1e5dd6","image":{"arch":"x86_64","creation_date":"2024-01-31T16:05:11.366989+00:00","default_bootscript":null,"extra_volumes":{},"from_server":null,"id":"9467798a-e554-4658-a008-82a868d42a3b","modification_date":"2024-01-31T16:05:11.366989+00:00","name":"Ubuntu
      22.04 Jammy Jellyfish","organization":"51b656e3-4865-41e8-adbc-0c45bdd780db","project":"51b656e3-4865-41e8-adbc-0c45bdd780db","public":true,"root_volume":{"id":"59235d23-138e-45ea-983d-5a2a58937164","name":"Ubuntu
      22.04 Jammy Jellyfish","size":10000000000,"volume_type":"unified"},"state":"available","tags":[],"zone":"fr-par-1"},"ipv6":null,"location":null,"mac_address":"de:00:00:40:01:f5","maintenances":[],"modification_date":"2024-02-22T07:42:15.816653+00:00","name":"tf-tests-ipam-ip-datasource-instance","organization":"105bdce1-64c0-48ab-899d-868455867ecf","os_family":"linux","placement_group":null,"private_ip":null,"private_nics":[],"project":"105bdce1-64c0-48ab-899d-868455867ecf","protected":false,"public_ip":null,"public_ips":[],"routed_ip_enabled":false,"security_group":{"id":"5881315f-2400-43a0-ac75-08adf6cb8c12","name":"Default
      security group"},"state":"stopped","state_detail":"","tags":["terraform-test","data_scaleway_instance_servers","basic"],"volumes":{"0":{"boot":false,"creation_date":"2024-02-22T07:42:15.816653+00:00","export_uri":null,"id":"658b8f76-5e3d-4368-b1c0-e00fa4334957","modification_date":"2024-02-22T07:42:15.816653+00:00","name":"Ubuntu
      22.04 Jammy Jellyfish","organization":"105bdce1-64c0-48ab-899d-868455867ecf","project":"105bdce1-64c0-48ab-899d-868455867ecf","server":{"id":"42b849af-27c7-42e0-ac1f-7b20af1e5dd6","name":"tf-tests-ipam-ip-datasource-instance"},"size":10000000000,"state":"available","tags":[],"volume_type":"b_ssd","zone":"fr-par-1"}},"zone":"fr-par-1"}}'
    headers:
      Content-Length:
      - "2788"
      Content-Security-Policy:
      - default-src 'none'; frame-ancestors 'none'
      Content-Type:
      - application/json
      Date:
      - Thu, 22 Feb 2024 07:42:16 GMT
      Server:
      - Scaleway API Gateway (fr-par-3;edge01)
      Strict-Transport-Security:
      - max-age=63072000
      X-Content-Type-Options:
      - nosniff
      X-Frame-Options:
      - DENY
      X-Request-Id:
      - b9460640-803b-41a4-a4d2-844eb2626d4a
    status: 200 OK
    code: 200
    duration: ""
- request:
    body: '{"action":"poweron"}'
    form: {}
    headers:
      Content-Type:
      - application/json
      User-Agent:
      - scaleway-sdk-go/v1.0.0-beta.7+dev (go1.21.1; linux; amd64) terraform-provider/develop
        terraform/terraform-tests
    url: https://api.scaleway.com/instance/v1/zones/fr-par-1/servers/42b849af-27c7-42e0-ac1f-7b20af1e5dd6/action
    method: POST
  response:
    body: '{"task":{"description":"server_batch_poweron","href_from":"/servers/42b849af-27c7-42e0-ac1f-7b20af1e5dd6/action","href_result":"/servers/42b849af-27c7-42e0-ac1f-7b20af1e5dd6","id":"de6a786f-1692-41cd-9db6-4e8d493e44ce","started_at":"2024-02-22T07:42:16.625684+00:00","status":"pending","terminated_at":null}}'
    headers:
      Content-Length:
      - "322"
      Content-Security-Policy:
      - default-src 'none'; frame-ancestors 'none'
      Content-Type:
      - application/json
      Date:
      - Thu, 22 Feb 2024 07:42:16 GMT
      Location:
      - https://api.scaleway.com/instance/v1/zones/fr-par-1/tasks/de6a786f-1692-41cd-9db6-4e8d493e44ce
      Server:
      - Scaleway API Gateway (fr-par-3;edge01)
      Strict-Transport-Security:
      - max-age=63072000
      X-Content-Type-Options:
      - nosniff
      X-Frame-Options:
      - DENY
      X-Request-Id:
      - 02918720-bfdc-44e9-b795-0f428a75bd8c
    status: 202 Accepted
    code: 202
    duration: ""
- request:
    body: ""
    form: {}
    headers:
      User-Agent:
      - scaleway-sdk-go/v1.0.0-beta.7+dev (go1.21.1; linux; amd64) terraform-provider/develop
        terraform/terraform-tests
    url: https://api.scaleway.com/instance/v1/zones/fr-par-1/servers/42b849af-27c7-42e0-ac1f-7b20af1e5dd6
    method: GET
  response:
    body: '{"server":{"allowed_actions":["stop_in_place","backup","enable_routed_ip"],"arch":"x86_64","boot_type":"local","bootscript":{"architecture":"x86_64","bootcmdargs":"LINUX_COMMON
      scaleway boot=local nbd.max_part=16","default":true,"dtb":"","id":"fdfe150f-a870-4ce4-b432-9f56b5b995c1","initrd":"http://10.194.3.9/initrd/initrd-Linux-x86_64-v3.14.6.gz","kernel":"http://10.194.3.9/kernel/x86_64-mainline-lts-4.4-4.4.230-rev1/vmlinuz-4.4.230","organization":"11111111-1111-4111-8111-111111111111","project":"11111111-1111-4111-8111-111111111111","public":true,"title":"x86_64
      mainline 4.4.230 rev1","zone":"fr-par-1"},"commercial_type":"PLAY2-MICRO","creation_date":"2024-02-22T07:42:15.816653+00:00","dynamic_ip_required":false,"enable_ipv6":false,"extra_networks":[],"hostname":"tf-tests-ipam-ip-datasource-instance","id":"42b849af-27c7-42e0-ac1f-7b20af1e5dd6","image":{"arch":"x86_64","creation_date":"2024-01-31T16:05:11.366989+00:00","default_bootscript":null,"extra_volumes":{},"from_server":null,"id":"9467798a-e554-4658-a008-82a868d42a3b","modification_date":"2024-01-31T16:05:11.366989+00:00","name":"Ubuntu
      22.04 Jammy Jellyfish","organization":"51b656e3-4865-41e8-adbc-0c45bdd780db","project":"51b656e3-4865-41e8-adbc-0c45bdd780db","public":true,"root_volume":{"id":"59235d23-138e-45ea-983d-5a2a58937164","name":"Ubuntu
      22.04 Jammy Jellyfish","size":10000000000,"volume_type":"unified"},"state":"available","tags":[],"zone":"fr-par-1"},"ipv6":null,"location":null,"mac_address":"de:00:00:40:01:f5","maintenances":[],"modification_date":"2024-02-22T07:42:16.488157+00:00","name":"tf-tests-ipam-ip-datasource-instance","organization":"105bdce1-64c0-48ab-899d-868455867ecf","os_family":"linux","placement_group":null,"private_ip":null,"private_nics":[],"project":"105bdce1-64c0-48ab-899d-868455867ecf","protected":false,"public_ip":null,"public_ips":[],"routed_ip_enabled":false,"security_group":{"id":"5881315f-2400-43a0-ac75-08adf6cb8c12","name":"Default
      security group"},"state":"starting","state_detail":"allocating node","tags":["terraform-test","data_scaleway_instance_servers","basic"],"volumes":{"0":{"boot":false,"creation_date":"2024-02-22T07:42:15.816653+00:00","export_uri":null,"id":"658b8f76-5e3d-4368-b1c0-e00fa4334957","modification_date":"2024-02-22T07:42:15.816653+00:00","name":"Ubuntu
      22.04 Jammy Jellyfish","organization":"105bdce1-64c0-48ab-899d-868455867ecf","project":"105bdce1-64c0-48ab-899d-868455867ecf","server":{"id":"42b849af-27c7-42e0-ac1f-7b20af1e5dd6","name":"tf-tests-ipam-ip-datasource-instance"},"size":10000000000,"state":"available","tags":[],"volume_type":"b_ssd","zone":"fr-par-1"}},"zone":"fr-par-1"}}'
    headers:
      Content-Length:
      - "2810"
      Content-Security-Policy:
      - default-src 'none'; frame-ancestors 'none'
      Content-Type:
      - application/json
      Date:
      - Thu, 22 Feb 2024 07:42:17 GMT
      Server:
      - Scaleway API Gateway (fr-par-3;edge01)
      Strict-Transport-Security:
      - max-age=63072000
      X-Content-Type-Options:
      - nosniff
      X-Frame-Options:
      - DENY
      X-Request-Id:
      - 7097c4b4-6cf8-4c25-a2eb-04be1e7ac16f
    status: 200 OK
    code: 200
    duration: ""
- request:
    body: ""
    form: {}
    headers:
      User-Agent:
      - scaleway-sdk-go/v1.0.0-beta.7+dev (go1.21.1; linux; amd64) terraform-provider/develop
        terraform/terraform-tests
    url: https://api.scaleway.com/instance/v1/zones/fr-par-1/servers/42b849af-27c7-42e0-ac1f-7b20af1e5dd6
    method: GET
  response:
    body: '{"server":{"allowed_actions":["stop_in_place","backup","enable_routed_ip"],"arch":"x86_64","boot_type":"local","bootscript":{"architecture":"x86_64","bootcmdargs":"LINUX_COMMON
      scaleway boot=local nbd.max_part=16","default":true,"dtb":"","id":"fdfe150f-a870-4ce4-b432-9f56b5b995c1","initrd":"http://10.194.3.9/initrd/initrd-Linux-x86_64-v3.14.6.gz","kernel":"http://10.194.3.9/kernel/x86_64-mainline-lts-4.4-4.4.230-rev1/vmlinuz-4.4.230","organization":"11111111-1111-4111-8111-111111111111","project":"11111111-1111-4111-8111-111111111111","public":true,"title":"x86_64
      mainline 4.4.230 rev1","zone":"fr-par-1"},"commercial_type":"PLAY2-MICRO","creation_date":"2024-02-22T07:42:15.816653+00:00","dynamic_ip_required":false,"enable_ipv6":false,"extra_networks":[],"hostname":"tf-tests-ipam-ip-datasource-instance","id":"42b849af-27c7-42e0-ac1f-7b20af1e5dd6","image":{"arch":"x86_64","creation_date":"2024-01-31T16:05:11.366989+00:00","default_bootscript":null,"extra_volumes":{},"from_server":null,"id":"9467798a-e554-4658-a008-82a868d42a3b","modification_date":"2024-01-31T16:05:11.366989+00:00","name":"Ubuntu
      22.04 Jammy Jellyfish","organization":"51b656e3-4865-41e8-adbc-0c45bdd780db","project":"51b656e3-4865-41e8-adbc-0c45bdd780db","public":true,"root_volume":{"id":"59235d23-138e-45ea-983d-5a2a58937164","name":"Ubuntu
      22.04 Jammy Jellyfish","size":10000000000,"volume_type":"unified"},"state":"available","tags":[],"zone":"fr-par-1"},"ipv6":null,"location":{"cluster_id":"60","hypervisor_id":"901","node_id":"72","platform_id":"14","zone_id":"par1"},"mac_address":"de:00:00:40:01:f5","maintenances":[],"modification_date":"2024-02-22T07:42:16.488157+00:00","name":"tf-tests-ipam-ip-datasource-instance","organization":"105bdce1-64c0-48ab-899d-868455867ecf","os_family":"linux","placement_group":null,"private_ip":"10.76.160.143","private_nics":[],"project":"105bdce1-64c0-48ab-899d-868455867ecf","protected":false,"public_ip":null,"public_ips":[],"routed_ip_enabled":false,"security_group":{"id":"5881315f-2400-43a0-ac75-08adf6cb8c12","name":"Default
      security group"},"state":"starting","state_detail":"provisioning node","tags":["terraform-test","data_scaleway_instance_servers","basic"],"volumes":{"0":{"boot":false,"creation_date":"2024-02-22T07:42:15.816653+00:00","export_uri":null,"id":"658b8f76-5e3d-4368-b1c0-e00fa4334957","modification_date":"2024-02-22T07:42:15.816653+00:00","name":"Ubuntu
      22.04 Jammy Jellyfish","organization":"105bdce1-64c0-48ab-899d-868455867ecf","project":"105bdce1-64c0-48ab-899d-868455867ecf","server":{"id":"42b849af-27c7-42e0-ac1f-7b20af1e5dd6","name":"tf-tests-ipam-ip-datasource-instance"},"size":10000000000,"state":"available","tags":[],"volume_type":"b_ssd","zone":"fr-par-1"}},"zone":"fr-par-1"}}'
    headers:
      Content-Length:
      - "2920"
      Content-Security-Policy:
      - default-src 'none'; frame-ancestors 'none'
      Content-Type:
      - application/json
      Date:
      - Thu, 22 Feb 2024 07:42:22 GMT
      Server:
      - Scaleway API Gateway (fr-par-3;edge01)
      Strict-Transport-Security:
      - max-age=63072000
      X-Content-Type-Options:
      - nosniff
      X-Frame-Options:
      - DENY
      X-Request-Id:
      - 5333681b-830a-4d73-ae0b-337743ff8968
    status: 200 OK
    code: 200
    duration: ""
- request:
    body: ""
    form: {}
    headers:
      User-Agent:
      - scaleway-sdk-go/v1.0.0-beta.7+dev (go1.21.1; linux; amd64) terraform-provider/develop
        terraform/terraform-tests
    url: https://api.scaleway.com/instance/v1/zones/fr-par-1/servers/42b849af-27c7-42e0-ac1f-7b20af1e5dd6
    method: GET
  response:
    body: '{"server":{"allowed_actions":["poweroff","terminate","reboot","stop_in_place","backup","enable_routed_ip"],"arch":"x86_64","boot_type":"local","bootscript":{"architecture":"x86_64","bootcmdargs":"LINUX_COMMON
      scaleway boot=local nbd.max_part=16","default":true,"dtb":"","id":"fdfe150f-a870-4ce4-b432-9f56b5b995c1","initrd":"http://10.194.3.9/initrd/initrd-Linux-x86_64-v3.14.6.gz","kernel":"http://10.194.3.9/kernel/x86_64-mainline-lts-4.4-4.4.230-rev1/vmlinuz-4.4.230","organization":"11111111-1111-4111-8111-111111111111","project":"11111111-1111-4111-8111-111111111111","public":true,"title":"x86_64
      mainline 4.4.230 rev1","zone":"fr-par-1"},"commercial_type":"PLAY2-MICRO","creation_date":"2024-02-22T07:42:15.816653+00:00","dynamic_ip_required":false,"enable_ipv6":false,"extra_networks":[],"hostname":"tf-tests-ipam-ip-datasource-instance","id":"42b849af-27c7-42e0-ac1f-7b20af1e5dd6","image":{"arch":"x86_64","creation_date":"2024-01-31T16:05:11.366989+00:00","default_bootscript":null,"extra_volumes":{},"from_server":null,"id":"9467798a-e554-4658-a008-82a868d42a3b","modification_date":"2024-01-31T16:05:11.366989+00:00","name":"Ubuntu
      22.04 Jammy Jellyfish","organization":"51b656e3-4865-41e8-adbc-0c45bdd780db","project":"51b656e3-4865-41e8-adbc-0c45bdd780db","public":true,"root_volume":{"id":"59235d23-138e-45ea-983d-5a2a58937164","name":"Ubuntu
      22.04 Jammy Jellyfish","size":10000000000,"volume_type":"unified"},"state":"available","tags":[],"zone":"fr-par-1"},"ipv6":null,"location":{"cluster_id":"60","hypervisor_id":"901","node_id":"72","platform_id":"14","zone_id":"par1"},"mac_address":"de:00:00:40:01:f5","maintenances":[],"modification_date":"2024-02-22T07:42:23.024247+00:00","name":"tf-tests-ipam-ip-datasource-instance","organization":"105bdce1-64c0-48ab-899d-868455867ecf","os_family":"linux","placement_group":null,"private_ip":"10.76.160.143","private_nics":[],"project":"105bdce1-64c0-48ab-899d-868455867ecf","protected":false,"public_ip":null,"public_ips":[],"routed_ip_enabled":false,"security_group":{"id":"5881315f-2400-43a0-ac75-08adf6cb8c12","name":"Default
      security group"},"state":"running","state_detail":"booting kernel","tags":["terraform-test","data_scaleway_instance_servers","basic"],"volumes":{"0":{"boot":false,"creation_date":"2024-02-22T07:42:15.816653+00:00","export_uri":null,"id":"658b8f76-5e3d-4368-b1c0-e00fa4334957","modification_date":"2024-02-22T07:42:15.816653+00:00","name":"Ubuntu
      22.04 Jammy Jellyfish","organization":"105bdce1-64c0-48ab-899d-868455867ecf","project":"105bdce1-64c0-48ab-899d-868455867ecf","server":{"id":"42b849af-27c7-42e0-ac1f-7b20af1e5dd6","name":"tf-tests-ipam-ip-datasource-instance"},"size":10000000000,"state":"available","tags":[],"volume_type":"b_ssd","zone":"fr-par-1"}},"zone":"fr-par-1"}}'
    headers:
      Content-Length:
      - "2951"
      Content-Security-Policy:
      - default-src 'none'; frame-ancestors 'none'
      Content-Type:
      - application/json
      Date:
      - Thu, 22 Feb 2024 07:42:27 GMT
      Server:
      - Scaleway API Gateway (fr-par-3;edge01)
      Strict-Transport-Security:
      - max-age=63072000
      X-Content-Type-Options:
      - nosniff
      X-Frame-Options:
      - DENY
      X-Request-Id:
      - 3d827294-1fda-4f2a-995c-be7d2d548868
    status: 200 OK
    code: 200
    duration: ""
- request:
    body: ""
    form: {}
    headers:
      User-Agent:
      - scaleway-sdk-go/v1.0.0-beta.7+dev (go1.21.1; linux; amd64) terraform-provider/develop
        terraform/terraform-tests
    url: https://api.scaleway.com/instance/v1/zones/fr-par-1/servers/42b849af-27c7-42e0-ac1f-7b20af1e5dd6
    method: GET
  response:
    body: '{"server":{"allowed_actions":["poweroff","terminate","reboot","stop_in_place","backup","enable_routed_ip"],"arch":"x86_64","boot_type":"local","bootscript":{"architecture":"x86_64","bootcmdargs":"LINUX_COMMON
      scaleway boot=local nbd.max_part=16","default":true,"dtb":"","id":"fdfe150f-a870-4ce4-b432-9f56b5b995c1","initrd":"http://10.194.3.9/initrd/initrd-Linux-x86_64-v3.14.6.gz","kernel":"http://10.194.3.9/kernel/x86_64-mainline-lts-4.4-4.4.230-rev1/vmlinuz-4.4.230","organization":"11111111-1111-4111-8111-111111111111","project":"11111111-1111-4111-8111-111111111111","public":true,"title":"x86_64
      mainline 4.4.230 rev1","zone":"fr-par-1"},"commercial_type":"PLAY2-MICRO","creation_date":"2024-02-22T07:42:15.816653+00:00","dynamic_ip_required":false,"enable_ipv6":false,"extra_networks":[],"hostname":"tf-tests-ipam-ip-datasource-instance","id":"42b849af-27c7-42e0-ac1f-7b20af1e5dd6","image":{"arch":"x86_64","creation_date":"2024-01-31T16:05:11.366989+00:00","default_bootscript":null,"extra_volumes":{},"from_server":null,"id":"9467798a-e554-4658-a008-82a868d42a3b","modification_date":"2024-01-31T16:05:11.366989+00:00","name":"Ubuntu
      22.04 Jammy Jellyfish","organization":"51b656e3-4865-41e8-adbc-0c45bdd780db","project":"51b656e3-4865-41e8-adbc-0c45bdd780db","public":true,"root_volume":{"id":"59235d23-138e-45ea-983d-5a2a58937164","name":"Ubuntu
      22.04 Jammy Jellyfish","size":10000000000,"volume_type":"unified"},"state":"available","tags":[],"zone":"fr-par-1"},"ipv6":null,"location":{"cluster_id":"60","hypervisor_id":"901","node_id":"72","platform_id":"14","zone_id":"par1"},"mac_address":"de:00:00:40:01:f5","maintenances":[],"modification_date":"2024-02-22T07:42:23.024247+00:00","name":"tf-tests-ipam-ip-datasource-instance","organization":"105bdce1-64c0-48ab-899d-868455867ecf","os_family":"linux","placement_group":null,"private_ip":"10.76.160.143","private_nics":[],"project":"105bdce1-64c0-48ab-899d-868455867ecf","protected":false,"public_ip":null,"public_ips":[],"routed_ip_enabled":false,"security_group":{"id":"5881315f-2400-43a0-ac75-08adf6cb8c12","name":"Default
      security group"},"state":"running","state_detail":"booting kernel","tags":["terraform-test","data_scaleway_instance_servers","basic"],"volumes":{"0":{"boot":false,"creation_date":"2024-02-22T07:42:15.816653+00:00","export_uri":null,"id":"658b8f76-5e3d-4368-b1c0-e00fa4334957","modification_date":"2024-02-22T07:42:15.816653+00:00","name":"Ubuntu
      22.04 Jammy Jellyfish","organization":"105bdce1-64c0-48ab-899d-868455867ecf","project":"105bdce1-64c0-48ab-899d-868455867ecf","server":{"id":"42b849af-27c7-42e0-ac1f-7b20af1e5dd6","name":"tf-tests-ipam-ip-datasource-instance"},"size":10000000000,"state":"available","tags":[],"volume_type":"b_ssd","zone":"fr-par-1"}},"zone":"fr-par-1"}}'
    headers:
      Content-Length:
      - "2951"
      Content-Security-Policy:
      - default-src 'none'; frame-ancestors 'none'
      Content-Type:
      - application/json
      Date:
      - Thu, 22 Feb 2024 07:42:27 GMT
      Server:
      - Scaleway API Gateway (fr-par-3;edge01)
      Strict-Transport-Security:
      - max-age=63072000
      X-Content-Type-Options:
      - nosniff
      X-Frame-Options:
      - DENY
      X-Request-Id:
      - 2418decf-3661-46e0-a198-a5e11848859d
    status: 200 OK
    code: 200
    duration: ""
- request:
    body: ""
    form: {}
    headers:
      User-Agent:
      - scaleway-sdk-go/v1.0.0-beta.7+dev (go1.21.1; linux; amd64) terraform-provider/develop
        terraform/terraform-tests
    url: https://api.scaleway.com/instance/v1/zones/fr-par-1/servers/42b849af-27c7-42e0-ac1f-7b20af1e5dd6/user_data
    method: GET
  response:
    body: '{"user_data":[]}'
    headers:
      Content-Length:
      - "17"
      Content-Security-Policy:
      - default-src 'none'; frame-ancestors 'none'
      Content-Type:
      - application/json
      Date:
      - Thu, 22 Feb 2024 07:42:27 GMT
      Server:
      - Scaleway API Gateway (fr-par-3;edge01)
      Strict-Transport-Security:
      - max-age=63072000
      X-Content-Type-Options:
      - nosniff
      X-Frame-Options:
      - DENY
      X-Request-Id:
      - 553741c5-c2b5-4aaf-864c-4bd625e1814e
    status: 200 OK
    code: 200
    duration: ""
- request:
    body: ""
    form: {}
    headers:
      User-Agent:
      - scaleway-sdk-go/v1.0.0-beta.7+dev (go1.21.1; linux; amd64) terraform-provider/develop
        terraform/terraform-tests
    url: https://api.scaleway.com/instance/v1/zones/fr-par-1/servers/42b849af-27c7-42e0-ac1f-7b20af1e5dd6/private_nics
    method: GET
  response:
    body: '{"private_nics":[]}'
    headers:
      Content-Length:
      - "20"
      Content-Security-Policy:
      - default-src 'none'; frame-ancestors 'none'
      Content-Type:
      - application/json
      Date:
      - Thu, 22 Feb 2024 07:42:27 GMT
      Link:
      - </servers/42b849af-27c7-42e0-ac1f-7b20af1e5dd6/private_nics?page=0&per_page=50&>;
        rel="last"
      Server:
      - Scaleway API Gateway (fr-par-3;edge01)
      Strict-Transport-Security:
      - max-age=63072000
      X-Content-Type-Options:
      - nosniff
      X-Frame-Options:
      - DENY
      X-Request-Id:
      - 77203a8a-0bec-486c-8996-c963c1757bba
      X-Total-Count:
      - "0"
    status: 200 OK
    code: 200
    duration: ""
- request:
    body: ""
    form: {}
    headers:
      User-Agent:
      - scaleway-sdk-go/v1.0.0-beta.7+dev (go1.21.1; linux; amd64) terraform-provider/develop
        terraform/terraform-tests
    url: https://api.scaleway.com/instance/v1/zones/fr-par-1/servers/42b849af-27c7-42e0-ac1f-7b20af1e5dd6
    method: GET
  response:
    body: '{"server":{"allowed_actions":["poweroff","terminate","reboot","stop_in_place","backup","enable_routed_ip"],"arch":"x86_64","boot_type":"local","bootscript":{"architecture":"x86_64","bootcmdargs":"LINUX_COMMON
      scaleway boot=local nbd.max_part=16","default":true,"dtb":"","id":"fdfe150f-a870-4ce4-b432-9f56b5b995c1","initrd":"http://10.194.3.9/initrd/initrd-Linux-x86_64-v3.14.6.gz","kernel":"http://10.194.3.9/kernel/x86_64-mainline-lts-4.4-4.4.230-rev1/vmlinuz-4.4.230","organization":"11111111-1111-4111-8111-111111111111","project":"11111111-1111-4111-8111-111111111111","public":true,"title":"x86_64
      mainline 4.4.230 rev1","zone":"fr-par-1"},"commercial_type":"PLAY2-MICRO","creation_date":"2024-02-22T07:42:15.816653+00:00","dynamic_ip_required":false,"enable_ipv6":false,"extra_networks":[],"hostname":"tf-tests-ipam-ip-datasource-instance","id":"42b849af-27c7-42e0-ac1f-7b20af1e5dd6","image":{"arch":"x86_64","creation_date":"2024-01-31T16:05:11.366989+00:00","default_bootscript":null,"extra_volumes":{},"from_server":null,"id":"9467798a-e554-4658-a008-82a868d42a3b","modification_date":"2024-01-31T16:05:11.366989+00:00","name":"Ubuntu
      22.04 Jammy Jellyfish","organization":"51b656e3-4865-41e8-adbc-0c45bdd780db","project":"51b656e3-4865-41e8-adbc-0c45bdd780db","public":true,"root_volume":{"id":"59235d23-138e-45ea-983d-5a2a58937164","name":"Ubuntu
      22.04 Jammy Jellyfish","size":10000000000,"volume_type":"unified"},"state":"available","tags":[],"zone":"fr-par-1"},"ipv6":null,"location":{"cluster_id":"60","hypervisor_id":"901","node_id":"72","platform_id":"14","zone_id":"par1"},"mac_address":"de:00:00:40:01:f5","maintenances":[],"modification_date":"2024-02-22T07:42:23.024247+00:00","name":"tf-tests-ipam-ip-datasource-instance","organization":"105bdce1-64c0-48ab-899d-868455867ecf","os_family":"linux","placement_group":null,"private_ip":"10.76.160.143","private_nics":[],"project":"105bdce1-64c0-48ab-899d-868455867ecf","protected":false,"public_ip":null,"public_ips":[],"routed_ip_enabled":false,"security_group":{"id":"5881315f-2400-43a0-ac75-08adf6cb8c12","name":"Default
      security group"},"state":"running","state_detail":"booting kernel","tags":["terraform-test","data_scaleway_instance_servers","basic"],"volumes":{"0":{"boot":false,"creation_date":"2024-02-22T07:42:15.816653+00:00","export_uri":null,"id":"658b8f76-5e3d-4368-b1c0-e00fa4334957","modification_date":"2024-02-22T07:42:15.816653+00:00","name":"Ubuntu
      22.04 Jammy Jellyfish","organization":"105bdce1-64c0-48ab-899d-868455867ecf","project":"105bdce1-64c0-48ab-899d-868455867ecf","server":{"id":"42b849af-27c7-42e0-ac1f-7b20af1e5dd6","name":"tf-tests-ipam-ip-datasource-instance"},"size":10000000000,"state":"available","tags":[],"volume_type":"b_ssd","zone":"fr-par-1"}},"zone":"fr-par-1"}}'
    headers:
      Content-Length:
      - "2951"
      Content-Security-Policy:
      - default-src 'none'; frame-ancestors 'none'
      Content-Type:
      - application/json
      Date:
      - Thu, 22 Feb 2024 07:42:28 GMT
      Server:
      - Scaleway API Gateway (fr-par-3;edge01)
      Strict-Transport-Security:
      - max-age=63072000
      X-Content-Type-Options:
      - nosniff
      X-Frame-Options:
      - DENY
      X-Request-Id:
      - b670fa60-4943-4548-ba01-294858cc2001
    status: 200 OK
    code: 200
    duration: ""
- request:
    body: '{"private_network_id":"907b63f3-d7ea-4ce8-b6c5-d169ad8e8b00"}'
    form: {}
    headers:
      Content-Type:
      - application/json
      User-Agent:
      - scaleway-sdk-go/v1.0.0-beta.7+dev (go1.21.1; linux; amd64) terraform-provider/develop
        terraform/terraform-tests
    url: https://api.scaleway.com/instance/v1/zones/fr-par-1/servers/42b849af-27c7-42e0-ac1f-7b20af1e5dd6/private_nics
    method: POST
  response:
    body: '{"private_nic":{"creation_date":"2024-02-22T07:42:28.149974+00:00","id":"6c5451c0-dbe4-48d1-bec1-efaaf58e9142","mac_address":"02:00:00:18:8b:c0","modification_date":"2024-02-22T07:42:28.149974+00:00","private_network_id":"907b63f3-d7ea-4ce8-b6c5-d169ad8e8b00","server_id":"42b849af-27c7-42e0-ac1f-7b20af1e5dd6","state":"syncing","tags":[],"zone":"fr-par-1"}}'
    headers:
      Content-Length:
      - "376"
      Content-Security-Policy:
      - default-src 'none'; frame-ancestors 'none'
      Content-Type:
      - application/json
      Date:
      - Thu, 22 Feb 2024 07:42:28 GMT
      Server:
      - Scaleway API Gateway (fr-par-3;edge01)
      Strict-Transport-Security:
      - max-age=63072000
      X-Content-Type-Options:
      - nosniff
      X-Frame-Options:
      - DENY
      X-Request-Id:
      - b10dd27b-700a-45d4-832c-c18c25c2e123
    status: 201 Created
    code: 201
    duration: ""
- request:
    body: ""
    form: {}
    headers:
      User-Agent:
      - scaleway-sdk-go/v1.0.0-beta.7+dev (go1.21.1; linux; amd64) terraform-provider/develop
        terraform/terraform-tests
    url: https://api.scaleway.com/instance/v1/zones/fr-par-1/servers/42b849af-27c7-42e0-ac1f-7b20af1e5dd6/private_nics/6c5451c0-dbe4-48d1-bec1-efaaf58e9142
    method: GET
  response:
    body: '{"private_nic":{"creation_date":"2024-02-22T07:42:28.149974+00:00","id":"6c5451c0-dbe4-48d1-bec1-efaaf58e9142","mac_address":"02:00:00:18:8b:c0","modification_date":"2024-02-22T07:42:28.149974+00:00","private_network_id":"907b63f3-d7ea-4ce8-b6c5-d169ad8e8b00","server_id":"42b849af-27c7-42e0-ac1f-7b20af1e5dd6","state":"syncing","tags":[],"zone":"fr-par-1"}}'
    headers:
      Content-Length:
      - "376"
      Content-Security-Policy:
      - default-src 'none'; frame-ancestors 'none'
      Content-Type:
      - application/json
      Date:
      - Thu, 22 Feb 2024 07:42:28 GMT
      Server:
      - Scaleway API Gateway (fr-par-3;edge01)
      Strict-Transport-Security:
      - max-age=63072000
      X-Content-Type-Options:
      - nosniff
      X-Frame-Options:
      - DENY
      X-Request-Id:
      - 12a6fbc5-e9dc-4615-9173-bcaf707f88c9
    status: 200 OK
    code: 200
    duration: ""
- request:
    body: ""
    form: {}
    headers:
      User-Agent:
      - scaleway-sdk-go/v1.0.0-beta.7+dev (go1.21.1; linux; amd64) terraform-provider/develop
        terraform/terraform-tests
    url: https://api.scaleway.com/instance/v1/zones/fr-par-1/servers/42b849af-27c7-42e0-ac1f-7b20af1e5dd6/private_nics/6c5451c0-dbe4-48d1-bec1-efaaf58e9142
    method: GET
  response:
    body: '{"private_nic":{"creation_date":"2024-02-22T07:42:28.149974+00:00","id":"6c5451c0-dbe4-48d1-bec1-efaaf58e9142","mac_address":"02:00:00:18:8b:c0","modification_date":"2024-02-22T07:42:29.040246+00:00","private_network_id":"907b63f3-d7ea-4ce8-b6c5-d169ad8e8b00","server_id":"42b849af-27c7-42e0-ac1f-7b20af1e5dd6","state":"syncing","tags":[],"zone":"fr-par-1"}}'
    headers:
      Content-Length:
      - "376"
      Content-Security-Policy:
      - default-src 'none'; frame-ancestors 'none'
      Content-Type:
      - application/json
      Date:
      - Thu, 22 Feb 2024 07:42:33 GMT
      Server:
      - Scaleway API Gateway (fr-par-3;edge01)
      Strict-Transport-Security:
      - max-age=63072000
      X-Content-Type-Options:
      - nosniff
      X-Frame-Options:
      - DENY
      X-Request-Id:
      - 2ef58a82-56b6-4172-8317-16fcf3035bd4
    status: 200 OK
    code: 200
    duration: ""
- request:
    body: ""
    form: {}
    headers:
      User-Agent:
      - scaleway-sdk-go/v1.0.0-beta.7+dev (go1.21.1; linux; amd64) terraform-provider/develop
        terraform/terraform-tests
    url: https://api.scaleway.com/instance/v1/zones/fr-par-1/servers/42b849af-27c7-42e0-ac1f-7b20af1e5dd6/private_nics/6c5451c0-dbe4-48d1-bec1-efaaf58e9142
    method: GET
  response:
    body: '{"private_nic":{"creation_date":"2024-02-22T07:42:28.149974+00:00","id":"6c5451c0-dbe4-48d1-bec1-efaaf58e9142","mac_address":"02:00:00:18:8b:c0","modification_date":"2024-02-22T07:42:29.040246+00:00","private_network_id":"907b63f3-d7ea-4ce8-b6c5-d169ad8e8b00","server_id":"42b849af-27c7-42e0-ac1f-7b20af1e5dd6","state":"syncing","tags":[],"zone":"fr-par-1"}}'
    headers:
      Content-Length:
      - "376"
      Content-Security-Policy:
      - default-src 'none'; frame-ancestors 'none'
      Content-Type:
      - application/json
      Date:
      - Thu, 22 Feb 2024 07:42:38 GMT
      Server:
      - Scaleway API Gateway (fr-par-3;edge01)
      Strict-Transport-Security:
      - max-age=63072000
      X-Content-Type-Options:
      - nosniff
      X-Frame-Options:
      - DENY
      X-Request-Id:
      - af5f474f-34a6-41e2-8b54-a6be18c39e06
    status: 200 OK
    code: 200
    duration: ""
- request:
    body: ""
    form: {}
    headers:
      User-Agent:
      - scaleway-sdk-go/v1.0.0-beta.7+dev (go1.21.1; linux; amd64) terraform-provider/develop
        terraform/terraform-tests
    url: https://api.scaleway.com/instance/v1/zones/fr-par-1/servers/42b849af-27c7-42e0-ac1f-7b20af1e5dd6/private_nics/6c5451c0-dbe4-48d1-bec1-efaaf58e9142
    method: GET
  response:
    body: '{"private_nic":{"creation_date":"2024-02-22T07:42:28.149974+00:00","id":"6c5451c0-dbe4-48d1-bec1-efaaf58e9142","mac_address":"02:00:00:18:8b:c0","modification_date":"2024-02-22T07:42:29.040246+00:00","private_network_id":"907b63f3-d7ea-4ce8-b6c5-d169ad8e8b00","server_id":"42b849af-27c7-42e0-ac1f-7b20af1e5dd6","state":"syncing","tags":[],"zone":"fr-par-1"}}'
    headers:
      Content-Length:
      - "376"
      Content-Security-Policy:
      - default-src 'none'; frame-ancestors 'none'
      Content-Type:
      - application/json
      Date:
      - Thu, 22 Feb 2024 07:42:43 GMT
      Server:
      - Scaleway API Gateway (fr-par-3;edge01)
      Strict-Transport-Security:
      - max-age=63072000
      X-Content-Type-Options:
      - nosniff
      X-Frame-Options:
      - DENY
      X-Request-Id:
      - bbdf7d96-82f2-4949-b021-fee577029348
    status: 200 OK
    code: 200
    duration: ""
- request:
    body: ""
    form: {}
    headers:
      User-Agent:
      - scaleway-sdk-go/v1.0.0-beta.7+dev (go1.21.1; linux; amd64) terraform-provider/develop
        terraform/terraform-tests
    url: https://api.scaleway.com/instance/v1/zones/fr-par-1/servers/42b849af-27c7-42e0-ac1f-7b20af1e5dd6/private_nics/6c5451c0-dbe4-48d1-bec1-efaaf58e9142
    method: GET
  response:
    body: '{"private_nic":{"creation_date":"2024-02-22T07:42:28.149974+00:00","id":"6c5451c0-dbe4-48d1-bec1-efaaf58e9142","mac_address":"02:00:00:18:8b:c0","modification_date":"2024-02-22T07:42:29.040246+00:00","private_network_id":"907b63f3-d7ea-4ce8-b6c5-d169ad8e8b00","server_id":"42b849af-27c7-42e0-ac1f-7b20af1e5dd6","state":"syncing","tags":[],"zone":"fr-par-1"}}'
    headers:
      Content-Length:
      - "376"
      Content-Security-Policy:
      - default-src 'none'; frame-ancestors 'none'
      Content-Type:
      - application/json
      Date:
      - Thu, 22 Feb 2024 07:42:48 GMT
      Server:
      - Scaleway API Gateway (fr-par-3;edge01)
      Strict-Transport-Security:
      - max-age=63072000
      X-Content-Type-Options:
      - nosniff
      X-Frame-Options:
      - DENY
      X-Request-Id:
      - 15058818-95eb-474d-ad0f-3baa0fa6b1b9
    status: 200 OK
    code: 200
    duration: ""
- request:
    body: ""
    form: {}
    headers:
      User-Agent:
      - scaleway-sdk-go/v1.0.0-beta.7+dev (go1.21.1; linux; amd64) terraform-provider/develop
        terraform/terraform-tests
    url: https://api.scaleway.com/instance/v1/zones/fr-par-1/servers/42b849af-27c7-42e0-ac1f-7b20af1e5dd6/private_nics/6c5451c0-dbe4-48d1-bec1-efaaf58e9142
    method: GET
  response:
    body: '{"private_nic":{"creation_date":"2024-02-22T07:42:28.149974+00:00","id":"6c5451c0-dbe4-48d1-bec1-efaaf58e9142","mac_address":"02:00:00:18:8b:c0","modification_date":"2024-02-22T07:42:29.040246+00:00","private_network_id":"907b63f3-d7ea-4ce8-b6c5-d169ad8e8b00","server_id":"42b849af-27c7-42e0-ac1f-7b20af1e5dd6","state":"syncing","tags":[],"zone":"fr-par-1"}}'
    headers:
      Content-Length:
      - "376"
      Content-Security-Policy:
      - default-src 'none'; frame-ancestors 'none'
      Content-Type:
      - application/json
      Date:
      - Thu, 22 Feb 2024 07:42:54 GMT
      Server:
      - Scaleway API Gateway (fr-par-3;edge01)
      Strict-Transport-Security:
      - max-age=63072000
      X-Content-Type-Options:
      - nosniff
      X-Frame-Options:
      - DENY
      X-Request-Id:
      - 889d9153-b73b-4efb-840d-0c5ef9949f83
    status: 200 OK
    code: 200
    duration: ""
- request:
    body: ""
    form: {}
    headers:
      User-Agent:
      - scaleway-sdk-go/v1.0.0-beta.7+dev (go1.21.1; linux; amd64) terraform-provider/develop
        terraform/terraform-tests
    url: https://api.scaleway.com/instance/v1/zones/fr-par-1/servers/42b849af-27c7-42e0-ac1f-7b20af1e5dd6/private_nics/6c5451c0-dbe4-48d1-bec1-efaaf58e9142
    method: GET
  response:
    body: '{"private_nic":{"creation_date":"2024-02-22T07:42:28.149974+00:00","id":"6c5451c0-dbe4-48d1-bec1-efaaf58e9142","mac_address":"02:00:00:18:8b:c0","modification_date":"2024-02-22T07:42:29.040246+00:00","private_network_id":"907b63f3-d7ea-4ce8-b6c5-d169ad8e8b00","server_id":"42b849af-27c7-42e0-ac1f-7b20af1e5dd6","state":"syncing","tags":[],"zone":"fr-par-1"}}'
    headers:
      Content-Length:
      - "376"
      Content-Security-Policy:
      - default-src 'none'; frame-ancestors 'none'
      Content-Type:
      - application/json
      Date:
      - Thu, 22 Feb 2024 07:42:59 GMT
      Server:
      - Scaleway API Gateway (fr-par-3;edge01)
      Strict-Transport-Security:
      - max-age=63072000
      X-Content-Type-Options:
      - nosniff
      X-Frame-Options:
      - DENY
      X-Request-Id:
      - 5ed4ec07-f3b5-44c8-b838-bcaebccd7c46
    status: 200 OK
    code: 200
    duration: ""
- request:
    body: ""
    form: {}
    headers:
      User-Agent:
      - scaleway-sdk-go/v1.0.0-beta.7+dev (go1.21.1; linux; amd64) terraform-provider/develop
        terraform/terraform-tests
    url: https://api.scaleway.com/instance/v1/zones/fr-par-1/servers/42b849af-27c7-42e0-ac1f-7b20af1e5dd6/private_nics/6c5451c0-dbe4-48d1-bec1-efaaf58e9142
    method: GET
  response:
    body: '{"private_nic":{"creation_date":"2024-02-22T07:42:28.149974+00:00","id":"6c5451c0-dbe4-48d1-bec1-efaaf58e9142","mac_address":"02:00:00:18:8b:c0","modification_date":"2024-02-22T07:43:01.344212+00:00","private_network_id":"907b63f3-d7ea-4ce8-b6c5-d169ad8e8b00","server_id":"42b849af-27c7-42e0-ac1f-7b20af1e5dd6","state":"available","tags":[],"zone":"fr-par-1"}}'
    headers:
      Content-Length:
      - "378"
      Content-Security-Policy:
      - default-src 'none'; frame-ancestors 'none'
      Content-Type:
      - application/json
      Date:
      - Thu, 22 Feb 2024 07:43:04 GMT
      Server:
      - Scaleway API Gateway (fr-par-3;edge01)
      Strict-Transport-Security:
      - max-age=63072000
      X-Content-Type-Options:
      - nosniff
      X-Frame-Options:
      - DENY
      X-Request-Id:
      - 802b9cb9-8aab-4e64-8943-cea2f3521eab
    status: 200 OK
    code: 200
    duration: ""
- request:
    body: ""
    form: {}
    headers:
      User-Agent:
      - scaleway-sdk-go/v1.0.0-beta.7+dev (go1.21.1; linux; amd64) terraform-provider/develop
        terraform/terraform-tests
    url: https://api.scaleway.com/instance/v1/zones/fr-par-1/servers/42b849af-27c7-42e0-ac1f-7b20af1e5dd6/private_nics/6c5451c0-dbe4-48d1-bec1-efaaf58e9142
    method: GET
  response:
    body: '{"private_nic":{"creation_date":"2024-02-22T07:42:28.149974+00:00","id":"6c5451c0-dbe4-48d1-bec1-efaaf58e9142","mac_address":"02:00:00:18:8b:c0","modification_date":"2024-02-22T07:43:01.344212+00:00","private_network_id":"907b63f3-d7ea-4ce8-b6c5-d169ad8e8b00","server_id":"42b849af-27c7-42e0-ac1f-7b20af1e5dd6","state":"available","tags":[],"zone":"fr-par-1"}}'
    headers:
      Content-Length:
      - "378"
      Content-Security-Policy:
      - default-src 'none'; frame-ancestors 'none'
      Content-Type:
      - application/json
      Date:
      - Thu, 22 Feb 2024 07:43:04 GMT
      Server:
      - Scaleway API Gateway (fr-par-3;edge01)
      Strict-Transport-Security:
      - max-age=63072000
      X-Content-Type-Options:
      - nosniff
      X-Frame-Options:
      - DENY
      X-Request-Id:
      - d8e3f21c-d4a7-47e0-8554-5f005d2c8364
    status: 200 OK
    code: 200
    duration: ""
- request:
    body: ""
    form: {}
    headers:
      User-Agent:
      - scaleway-sdk-go/v1.0.0-beta.7+dev (go1.21.1; linux; amd64) terraform-provider/develop
        terraform/terraform-tests
    url: https://api.scaleway.com/ipam/v1/regions/fr-par/ips?is_ipv6=false&order_by=created_at_desc&page=1&resource_id=6c5451c0-dbe4-48d1-bec1-efaaf58e9142&resource_type=instance_private_nic
    method: GET
  response:
    body: '{"ips":[{"address":"172.16.4.2/22","created_at":"2024-02-22T07:42:28.961824Z","id":"b60fcf2f-fc09-442e-9c6f-4f5ee95fcf9d","is_ipv6":false,"project_id":"105bdce1-64c0-48ab-899d-868455867ecf","region":"fr-par","resource":{"id":"6c5451c0-dbe4-48d1-bec1-efaaf58e9142","mac_address":"02:00:00:18:8B:C0","name":"tf-tests-ipam-ip-datasource-instance","type":"instance_private_nic"},"reverses":[],"source":{"subnet_id":"92d0ed59-8777-42eb-8b1c-d34caea6cf73"},"tags":[],"updated_at":"2024-02-22T07:42:28.961824Z","zone":null}],"total_count":1}'
    headers:
      Content-Length:
      - "549"
      Content-Security-Policy:
      - default-src 'none'; frame-ancestors 'none'
      Content-Type:
      - application/json
      Date:
      - Thu, 22 Feb 2024 07:43:04 GMT
      Server:
      - Scaleway API Gateway (fr-par-3;edge01)
      Strict-Transport-Security:
      - max-age=63072000
      X-Content-Type-Options:
      - nosniff
      X-Frame-Options:
      - DENY
      X-Request-Id:
      - 55b85160-4d7d-4671-8f94-fdf0acf17672
    status: 200 OK
    code: 200
    duration: ""
- request:
    body: ""
    form: {}
    headers:
      User-Agent:
      - scaleway-sdk-go/v1.0.0-beta.7+dev (go1.21.1; linux; amd64) terraform-provider/develop
        terraform/terraform-tests
    url: https://api.scaleway.com/ipam/v1/regions/fr-par/ips?is_ipv6=false&mac_address=02%3A00%3A00%3A18%3A8b%3Ac0&order_by=created_at_desc&page=1&resource_type=unknown_type
    method: GET
  response:
    body: '{"ips":[{"address":"172.16.4.2/22","created_at":"2024-02-22T07:42:28.961824Z","id":"b60fcf2f-fc09-442e-9c6f-4f5ee95fcf9d","is_ipv6":false,"project_id":"105bdce1-64c0-48ab-899d-868455867ecf","region":"fr-par","resource":{"id":"6c5451c0-dbe4-48d1-bec1-efaaf58e9142","mac_address":"02:00:00:18:8B:C0","name":"tf-tests-ipam-ip-datasource-instance","type":"instance_private_nic"},"reverses":[],"source":{"subnet_id":"92d0ed59-8777-42eb-8b1c-d34caea6cf73"},"tags":[],"updated_at":"2024-02-22T07:42:28.961824Z","zone":null}],"total_count":1}'
    headers:
      Content-Length:
      - "549"
      Content-Security-Policy:
      - default-src 'none'; frame-ancestors 'none'
      Content-Type:
      - application/json
      Date:
      - Thu, 22 Feb 2024 07:43:04 GMT
      Server:
      - Scaleway API Gateway (fr-par-3;edge01)
      Strict-Transport-Security:
      - max-age=63072000
      X-Content-Type-Options:
      - nosniff
      X-Frame-Options:
      - DENY
      X-Request-Id:
      - 4510b323-ad5d-43e3-954a-dac163b60b9c
    status: 200 OK
    code: 200
    duration: ""
- request:
    body: ""
    form: {}
    headers:
      User-Agent:
      - scaleway-sdk-go/v1.0.0-beta.7+dev (go1.21.1; linux; amd64) terraform-provider/develop
        terraform/terraform-tests
    url: https://api.scaleway.com/ipam/v1/regions/fr-par/ips?is_ipv6=false&mac_address=02%3A00%3A00%3A18%3A8b%3Ac0&order_by=created_at_desc&page=1&resource_type=unknown_type
    method: GET
  response:
    body: '{"ips":[{"address":"172.16.4.2/22","created_at":"2024-02-22T07:42:28.961824Z","id":"b60fcf2f-fc09-442e-9c6f-4f5ee95fcf9d","is_ipv6":false,"project_id":"105bdce1-64c0-48ab-899d-868455867ecf","region":"fr-par","resource":{"id":"6c5451c0-dbe4-48d1-bec1-efaaf58e9142","mac_address":"02:00:00:18:8B:C0","name":"tf-tests-ipam-ip-datasource-instance","type":"instance_private_nic"},"reverses":[],"source":{"subnet_id":"92d0ed59-8777-42eb-8b1c-d34caea6cf73"},"tags":[],"updated_at":"2024-02-22T07:42:28.961824Z","zone":null}],"total_count":1}'
    headers:
      Content-Length:
      - "549"
      Content-Security-Policy:
      - default-src 'none'; frame-ancestors 'none'
      Content-Type:
      - application/json
      Date:
      - Thu, 22 Feb 2024 07:43:04 GMT
      Server:
      - Scaleway API Gateway (fr-par-3;edge01)
      Strict-Transport-Security:
      - max-age=63072000
      X-Content-Type-Options:
      - nosniff
      X-Frame-Options:
      - DENY
      X-Request-Id:
      - c9512596-52b0-4f5d-913c-d109c6547378
    status: 200 OK
    code: 200
    duration: ""
- request:
    body: ""
    form: {}
    headers:
      User-Agent:
      - scaleway-sdk-go/v1.0.0-beta.7+dev (go1.21.1; linux; amd64) terraform-provider/develop
        terraform/terraform-tests
    url: https://api.scaleway.com/ipam/v1/regions/fr-par/ips?is_ipv6=false&order_by=created_at_desc&page=1&resource_id=6c5451c0-dbe4-48d1-bec1-efaaf58e9142&resource_type=instance_private_nic
    method: GET
  response:
    body: '{"ips":[{"address":"172.16.4.2/22","created_at":"2024-02-22T07:42:28.961824Z","id":"b60fcf2f-fc09-442e-9c6f-4f5ee95fcf9d","is_ipv6":false,"project_id":"105bdce1-64c0-48ab-899d-868455867ecf","region":"fr-par","resource":{"id":"6c5451c0-dbe4-48d1-bec1-efaaf58e9142","mac_address":"02:00:00:18:8B:C0","name":"tf-tests-ipam-ip-datasource-instance","type":"instance_private_nic"},"reverses":[],"source":{"subnet_id":"92d0ed59-8777-42eb-8b1c-d34caea6cf73"},"tags":[],"updated_at":"2024-02-22T07:42:28.961824Z","zone":null}],"total_count":1}'
    headers:
      Content-Length:
      - "549"
      Content-Security-Policy:
      - default-src 'none'; frame-ancestors 'none'
      Content-Type:
      - application/json
      Date:
      - Thu, 22 Feb 2024 07:43:04 GMT
      Server:
      - Scaleway API Gateway (fr-par-3;edge01)
      Strict-Transport-Security:
      - max-age=63072000
      X-Content-Type-Options:
      - nosniff
      X-Frame-Options:
      - DENY
      X-Request-Id:
      - a9890756-4443-497b-a28b-25389d9faf4b
    status: 200 OK
    code: 200
    duration: ""
- request:
    body: ""
    form: {}
    headers:
      User-Agent:
      - scaleway-sdk-go/v1.0.0-beta.7+dev (go1.21.1; linux; amd64) terraform-provider/develop
        terraform/terraform-tests
    url: https://api.scaleway.com/vpc/v2/regions/fr-par/vpcs/b4e0fca7-b596-4d82-9b0b-d6c2c49af7e4
    method: GET
  response:
    body: '{"created_at":"2024-02-22T07:42:15.267913Z","id":"b4e0fca7-b596-4d82-9b0b-d6c2c49af7e4","is_default":false,"name":"tf-tests-ipam-ip-datasource-instance","organization_id":"105bdce1-64c0-48ab-899d-868455867ecf","private_network_count":1,"project_id":"105bdce1-64c0-48ab-899d-868455867ecf","region":"fr-par","tags":[],"updated_at":"2024-02-22T07:42:15.267913Z"}'
    headers:
      Content-Length:
      - "368"
      Content-Security-Policy:
      - default-src 'none'; frame-ancestors 'none'
      Content-Type:
      - application/json
      Date:
      - Thu, 22 Feb 2024 07:43:05 GMT
      Server:
      - Scaleway API Gateway (fr-par-3;edge01)
      Strict-Transport-Security:
      - max-age=63072000
      X-Content-Type-Options:
      - nosniff
      X-Frame-Options:
      - DENY
      X-Request-Id:
      - 8f867443-973f-4499-8ee7-45de3939be50
    status: 200 OK
    code: 200
    duration: ""
- request:
    body: ""
    form: {}
    headers:
      User-Agent:
      - scaleway-sdk-go/v1.0.0-beta.7+dev (go1.21.1; linux; amd64) terraform-provider/develop
        terraform/terraform-tests
    url: https://api.scaleway.com/vpc/v2/regions/fr-par/private-networks/907b63f3-d7ea-4ce8-b6c5-d169ad8e8b00
    method: GET
  response:
    body: '{"created_at":"2024-02-22T07:42:15.512724Z","dhcp_enabled":true,"id":"907b63f3-d7ea-4ce8-b6c5-d169ad8e8b00","name":"tf-tests-ipam-ip-datasource-instance","organization_id":"105bdce1-64c0-48ab-899d-868455867ecf","project_id":"105bdce1-64c0-48ab-899d-868455867ecf","region":"fr-par","subnets":[{"created_at":"2024-02-22T07:42:15.512724Z","id":"92d0ed59-8777-42eb-8b1c-d34caea6cf73","subnet":"172.16.4.0/22","updated_at":"2024-02-22T07:42:15.512724Z"},{"created_at":"2024-02-22T07:42:15.512724Z","id":"142cc505-2ffa-413c-ab68-2b0e38d1dbbb","subnet":"fd5f:519c:6d46:cb7f::/64","updated_at":"2024-02-22T07:42:15.512724Z"}],"tags":[],"updated_at":"2024-02-22T07:42:15.512724Z","vpc_id":"b4e0fca7-b596-4d82-9b0b-d6c2c49af7e4"}'
    headers:
      Content-Length:
      - "736"
      Content-Security-Policy:
      - default-src 'none'; frame-ancestors 'none'
      Content-Type:
      - application/json
      Date:
      - Thu, 22 Feb 2024 07:43:05 GMT
      Server:
      - Scaleway API Gateway (fr-par-3;edge01)
      Strict-Transport-Security:
      - max-age=63072000
      X-Content-Type-Options:
      - nosniff
      X-Frame-Options:
      - DENY
      X-Request-Id:
      - 6ba162b5-8ab7-46ac-9498-5f7b969e8aa6
    status: 200 OK
    code: 200
    duration: ""
- request:
    body: ""
    form: {}
    headers:
      User-Agent:
      - scaleway-sdk-go/v1.0.0-beta.7+dev (go1.21.1; linux; amd64) terraform-provider/develop
        terraform/terraform-tests
    url: https://api.scaleway.com/instance/v1/zones/fr-par-1/servers/42b849af-27c7-42e0-ac1f-7b20af1e5dd6
    method: GET
  response:
    body: '{"server":{"allowed_actions":["poweroff","terminate","reboot","stop_in_place","backup","enable_routed_ip"],"arch":"x86_64","boot_type":"local","bootscript":{"architecture":"x86_64","bootcmdargs":"LINUX_COMMON
      scaleway boot=local nbd.max_part=16","default":true,"dtb":"","id":"fdfe150f-a870-4ce4-b432-9f56b5b995c1","initrd":"http://10.194.3.9/initrd/initrd-Linux-x86_64-v3.14.6.gz","kernel":"http://10.194.3.9/kernel/x86_64-mainline-lts-4.4-4.4.230-rev1/vmlinuz-4.4.230","organization":"11111111-1111-4111-8111-111111111111","project":"11111111-1111-4111-8111-111111111111","public":true,"title":"x86_64
      mainline 4.4.230 rev1","zone":"fr-par-1"},"commercial_type":"PLAY2-MICRO","creation_date":"2024-02-22T07:42:15.816653+00:00","dynamic_ip_required":false,"enable_ipv6":false,"extra_networks":[],"hostname":"tf-tests-ipam-ip-datasource-instance","id":"42b849af-27c7-42e0-ac1f-7b20af1e5dd6","image":{"arch":"x86_64","creation_date":"2024-01-31T16:05:11.366989+00:00","default_bootscript":null,"extra_volumes":{},"from_server":null,"id":"9467798a-e554-4658-a008-82a868d42a3b","modification_date":"2024-01-31T16:05:11.366989+00:00","name":"Ubuntu
      22.04 Jammy Jellyfish","organization":"51b656e3-4865-41e8-adbc-0c45bdd780db","project":"51b656e3-4865-41e8-adbc-0c45bdd780db","public":true,"root_volume":{"id":"59235d23-138e-45ea-983d-5a2a58937164","name":"Ubuntu
      22.04 Jammy Jellyfish","size":10000000000,"volume_type":"unified"},"state":"available","tags":[],"zone":"fr-par-1"},"ipv6":null,"location":{"cluster_id":"60","hypervisor_id":"901","node_id":"72","platform_id":"14","zone_id":"par1"},"mac_address":"de:00:00:40:01:f5","maintenances":[],"modification_date":"2024-02-22T07:42:23.024247+00:00","name":"tf-tests-ipam-ip-datasource-instance","organization":"105bdce1-64c0-48ab-899d-868455867ecf","os_family":"linux","placement_group":null,"private_ip":"10.76.160.143","private_nics":[{"creation_date":"2024-02-22T07:42:28.149974+00:00","id":"6c5451c0-dbe4-48d1-bec1-efaaf58e9142","mac_address":"02:00:00:18:8b:c0","modification_date":"2024-02-22T07:43:01.344212+00:00","private_network_id":"907b63f3-d7ea-4ce8-b6c5-d169ad8e8b00","server_id":"42b849af-27c7-42e0-ac1f-7b20af1e5dd6","state":"available","tags":[],"zone":"fr-par-1"}],"project":"105bdce1-64c0-48ab-899d-868455867ecf","protected":false,"public_ip":null,"public_ips":[],"routed_ip_enabled":false,"security_group":{"id":"5881315f-2400-43a0-ac75-08adf6cb8c12","name":"Default
      security group"},"state":"running","state_detail":"booted","tags":["terraform-test","data_scaleway_instance_servers","basic"],"volumes":{"0":{"boot":false,"creation_date":"2024-02-22T07:42:15.816653+00:00","export_uri":null,"id":"658b8f76-5e3d-4368-b1c0-e00fa4334957","modification_date":"2024-02-22T07:42:15.816653+00:00","name":"Ubuntu
      22.04 Jammy Jellyfish","organization":"105bdce1-64c0-48ab-899d-868455867ecf","project":"105bdce1-64c0-48ab-899d-868455867ecf","server":{"id":"42b849af-27c7-42e0-ac1f-7b20af1e5dd6","name":"tf-tests-ipam-ip-datasource-instance"},"size":10000000000,"state":"available","tags":[],"volume_type":"b_ssd","zone":"fr-par-1"}},"zone":"fr-par-1"}}'
    headers:
      Content-Length:
      - "3304"
      Content-Security-Policy:
      - default-src 'none'; frame-ancestors 'none'
      Content-Type:
      - application/json
      Date:
      - Thu, 22 Feb 2024 07:43:05 GMT
      Server:
      - Scaleway API Gateway (fr-par-3;edge01)
      Strict-Transport-Security:
      - max-age=63072000
      X-Content-Type-Options:
      - nosniff
      X-Frame-Options:
      - DENY
      X-Request-Id:
      - f7438672-0e8f-4cac-82dd-55efbfbbabae
    status: 200 OK
    code: 200
    duration: ""
- request:
    body: ""
    form: {}
    headers:
      User-Agent:
      - scaleway-sdk-go/v1.0.0-beta.7+dev (go1.21.1; linux; amd64) terraform-provider/develop
        terraform/terraform-tests
    url: https://api.scaleway.com/instance/v1/zones/fr-par-1/servers/42b849af-27c7-42e0-ac1f-7b20af1e5dd6/user_data
    method: GET
  response:
    body: '{"user_data":[]}'
    headers:
      Content-Length:
      - "17"
      Content-Security-Policy:
      - default-src 'none'; frame-ancestors 'none'
      Content-Type:
      - application/json
      Date:
      - Thu, 22 Feb 2024 07:43:05 GMT
      Server:
      - Scaleway API Gateway (fr-par-3;edge01)
      Strict-Transport-Security:
      - max-age=63072000
      X-Content-Type-Options:
      - nosniff
      X-Frame-Options:
      - DENY
      X-Request-Id:
      - 75f99d37-506e-4078-af53-680c9dda1e27
    status: 200 OK
    code: 200
    duration: ""
- request:
    body: ""
    form: {}
    headers:
      User-Agent:
      - scaleway-sdk-go/v1.0.0-beta.7+dev (go1.21.1; linux; amd64) terraform-provider/develop
        terraform/terraform-tests
    url: https://api.scaleway.com/instance/v1/zones/fr-par-1/servers/42b849af-27c7-42e0-ac1f-7b20af1e5dd6/private_nics
    method: GET
  response:
    body: '{"private_nics":[{"creation_date":"2024-02-22T07:42:28.149974+00:00","id":"6c5451c0-dbe4-48d1-bec1-efaaf58e9142","mac_address":"02:00:00:18:8b:c0","modification_date":"2024-02-22T07:43:01.344212+00:00","private_network_id":"907b63f3-d7ea-4ce8-b6c5-d169ad8e8b00","server_id":"42b849af-27c7-42e0-ac1f-7b20af1e5dd6","state":"available","tags":[],"zone":"fr-par-1"}]}'
    headers:
      Content-Length:
      - "381"
      Content-Security-Policy:
      - default-src 'none'; frame-ancestors 'none'
      Content-Type:
      - application/json
      Date:
      - Thu, 22 Feb 2024 07:43:05 GMT
      Link:
      - </servers/42b849af-27c7-42e0-ac1f-7b20af1e5dd6/private_nics?page=1&per_page=50&>;
        rel="last"
      Server:
      - Scaleway API Gateway (fr-par-3;edge01)
      Strict-Transport-Security:
      - max-age=63072000
      X-Content-Type-Options:
      - nosniff
      X-Frame-Options:
      - DENY
      X-Request-Id:
      - a594109a-735d-49e4-bb71-266e10fbc8f8
      X-Total-Count:
      - "1"
    status: 200 OK
    code: 200
    duration: ""
- request:
    body: ""
    form: {}
    headers:
      User-Agent:
      - scaleway-sdk-go/v1.0.0-beta.7+dev (go1.21.1; linux; amd64) terraform-provider/develop
        terraform/terraform-tests
    url: https://api.scaleway.com/instance/v1/zones/fr-par-1/servers/42b849af-27c7-42e0-ac1f-7b20af1e5dd6/private_nics/6c5451c0-dbe4-48d1-bec1-efaaf58e9142
    method: GET
  response:
    body: '{"private_nic":{"creation_date":"2024-02-22T07:42:28.149974+00:00","id":"6c5451c0-dbe4-48d1-bec1-efaaf58e9142","mac_address":"02:00:00:18:8b:c0","modification_date":"2024-02-22T07:43:01.344212+00:00","private_network_id":"907b63f3-d7ea-4ce8-b6c5-d169ad8e8b00","server_id":"42b849af-27c7-42e0-ac1f-7b20af1e5dd6","state":"available","tags":[],"zone":"fr-par-1"}}'
    headers:
      Content-Length:
      - "378"
      Content-Security-Policy:
      - default-src 'none'; frame-ancestors 'none'
      Content-Type:
      - application/json
      Date:
      - Thu, 22 Feb 2024 07:43:05 GMT
      Server:
      - Scaleway API Gateway (fr-par-3;edge01)
      Strict-Transport-Security:
      - max-age=63072000
      X-Content-Type-Options:
      - nosniff
      X-Frame-Options:
      - DENY
      X-Request-Id:
      - 009e32d5-8b0e-4a2e-93e7-e96833e6eefa
    status: 200 OK
    code: 200
    duration: ""
- request:
    body: ""
    form: {}
    headers:
      User-Agent:
      - scaleway-sdk-go/v1.0.0-beta.7+dev (go1.21.1; linux; amd64) terraform-provider/develop
        terraform/terraform-tests
    url: https://api.scaleway.com/ipam/v1/regions/fr-par/ips?is_ipv6=false&order_by=created_at_desc&page=1&resource_id=6c5451c0-dbe4-48d1-bec1-efaaf58e9142&resource_type=instance_private_nic
    method: GET
  response:
    body: '{"ips":[{"address":"172.16.4.2/22","created_at":"2024-02-22T07:42:28.961824Z","id":"b60fcf2f-fc09-442e-9c6f-4f5ee95fcf9d","is_ipv6":false,"project_id":"105bdce1-64c0-48ab-899d-868455867ecf","region":"fr-par","resource":{"id":"6c5451c0-dbe4-48d1-bec1-efaaf58e9142","mac_address":"02:00:00:18:8B:C0","name":"tf-tests-ipam-ip-datasource-instance","type":"instance_private_nic"},"reverses":[],"source":{"subnet_id":"92d0ed59-8777-42eb-8b1c-d34caea6cf73"},"tags":[],"updated_at":"2024-02-22T07:42:28.961824Z","zone":null}],"total_count":1}'
    headers:
      Content-Length:
      - "549"
      Content-Security-Policy:
      - default-src 'none'; frame-ancestors 'none'
      Content-Type:
      - application/json
      Date:
      - Thu, 22 Feb 2024 07:43:05 GMT
      Server:
      - Scaleway API Gateway (fr-par-3;edge01)
      Strict-Transport-Security:
      - max-age=63072000
      X-Content-Type-Options:
      - nosniff
      X-Frame-Options:
      - DENY
      X-Request-Id:
      - 982a662f-8000-4ccb-b0e4-8bfc27c48df0
    status: 200 OK
    code: 200
    duration: ""
- request:
    body: ""
    form: {}
    headers:
      User-Agent:
      - scaleway-sdk-go/v1.0.0-beta.7+dev (go1.21.1; linux; amd64) terraform-provider/develop
        terraform/terraform-tests
    url: https://api.scaleway.com/ipam/v1/regions/fr-par/ips?is_ipv6=false&mac_address=02%3A00%3A00%3A18%3A8b%3Ac0&order_by=created_at_desc&page=1&resource_type=unknown_type
    method: GET
  response:
    body: '{"ips":[{"address":"172.16.4.2/22","created_at":"2024-02-22T07:42:28.961824Z","id":"b60fcf2f-fc09-442e-9c6f-4f5ee95fcf9d","is_ipv6":false,"project_id":"105bdce1-64c0-48ab-899d-868455867ecf","region":"fr-par","resource":{"id":"6c5451c0-dbe4-48d1-bec1-efaaf58e9142","mac_address":"02:00:00:18:8B:C0","name":"tf-tests-ipam-ip-datasource-instance","type":"instance_private_nic"},"reverses":[],"source":{"subnet_id":"92d0ed59-8777-42eb-8b1c-d34caea6cf73"},"tags":[],"updated_at":"2024-02-22T07:42:28.961824Z","zone":null}],"total_count":1}'
    headers:
      Content-Length:
      - "549"
      Content-Security-Policy:
      - default-src 'none'; frame-ancestors 'none'
      Content-Type:
      - application/json
      Date:
      - Thu, 22 Feb 2024 07:43:05 GMT
      Server:
      - Scaleway API Gateway (fr-par-3;edge01)
      Strict-Transport-Security:
      - max-age=63072000
      X-Content-Type-Options:
      - nosniff
      X-Frame-Options:
      - DENY
      X-Request-Id:
      - 0de1d4bb-84d2-497b-ad7d-0159d1936224
    status: 200 OK
    code: 200
    duration: ""
- request:
    body: ""
    form: {}
    headers:
      User-Agent:
      - scaleway-sdk-go/v1.0.0-beta.7+dev (go1.21.1; linux; amd64) terraform-provider/develop
        terraform/terraform-tests
    url: https://api.scaleway.com/ipam/v1/regions/fr-par/ips?is_ipv6=false&mac_address=02%3A00%3A00%3A18%3A8b%3Ac0&order_by=created_at_desc&page=1&resource_type=unknown_type
    method: GET
  response:
    body: '{"ips":[{"address":"172.16.4.2/22","created_at":"2024-02-22T07:42:28.961824Z","id":"b60fcf2f-fc09-442e-9c6f-4f5ee95fcf9d","is_ipv6":false,"project_id":"105bdce1-64c0-48ab-899d-868455867ecf","region":"fr-par","resource":{"id":"6c5451c0-dbe4-48d1-bec1-efaaf58e9142","mac_address":"02:00:00:18:8B:C0","name":"tf-tests-ipam-ip-datasource-instance","type":"instance_private_nic"},"reverses":[],"source":{"subnet_id":"92d0ed59-8777-42eb-8b1c-d34caea6cf73"},"tags":[],"updated_at":"2024-02-22T07:42:28.961824Z","zone":null}],"total_count":1}'
    headers:
      Content-Length:
      - "549"
      Content-Security-Policy:
      - default-src 'none'; frame-ancestors 'none'
      Content-Type:
      - application/json
      Date:
      - Thu, 22 Feb 2024 07:43:05 GMT
      Server:
      - Scaleway API Gateway (fr-par-3;edge01)
      Strict-Transport-Security:
      - max-age=63072000
      X-Content-Type-Options:
      - nosniff
      X-Frame-Options:
      - DENY
      X-Request-Id:
      - fffd888c-65cf-4572-8e5e-e3ea9d00a20e
    status: 200 OK
    code: 200
    duration: ""
- request:
    body: ""
    form: {}
    headers:
      User-Agent:
      - scaleway-sdk-go/v1.0.0-beta.7+dev (go1.21.1; linux; amd64) terraform-provider/develop
        terraform/terraform-tests
    url: https://api.scaleway.com/ipam/v1/regions/fr-par/ips?is_ipv6=false&order_by=created_at_desc&page=1&resource_id=6c5451c0-dbe4-48d1-bec1-efaaf58e9142&resource_type=instance_private_nic
    method: GET
  response:
    body: '{"ips":[{"address":"172.16.4.2/22","created_at":"2024-02-22T07:42:28.961824Z","id":"b60fcf2f-fc09-442e-9c6f-4f5ee95fcf9d","is_ipv6":false,"project_id":"105bdce1-64c0-48ab-899d-868455867ecf","region":"fr-par","resource":{"id":"6c5451c0-dbe4-48d1-bec1-efaaf58e9142","mac_address":"02:00:00:18:8B:C0","name":"tf-tests-ipam-ip-datasource-instance","type":"instance_private_nic"},"reverses":[],"source":{"subnet_id":"92d0ed59-8777-42eb-8b1c-d34caea6cf73"},"tags":[],"updated_at":"2024-02-22T07:42:28.961824Z","zone":null}],"total_count":1}'
    headers:
      Content-Length:
      - "549"
      Content-Security-Policy:
      - default-src 'none'; frame-ancestors 'none'
      Content-Type:
      - application/json
      Date:
      - Thu, 22 Feb 2024 07:43:05 GMT
      Server:
      - Scaleway API Gateway (fr-par-3;edge01)
      Strict-Transport-Security:
      - max-age=63072000
      X-Content-Type-Options:
      - nosniff
      X-Frame-Options:
      - DENY
      X-Request-Id:
      - 009ddae6-d05f-440f-9816-ab266822a21b
    status: 200 OK
    code: 200
    duration: ""
- request:
    body: ""
    form: {}
    headers:
      User-Agent:
      - scaleway-sdk-go/v1.0.0-beta.7+dev (go1.21.1; linux; amd64) terraform-provider/develop
        terraform/terraform-tests
    url: https://api.scaleway.com/instance/v1/zones/fr-par-1/servers/42b849af-27c7-42e0-ac1f-7b20af1e5dd6/private_nics/6c5451c0-dbe4-48d1-bec1-efaaf58e9142
    method: GET
  response:
    body: '{"private_nic":{"creation_date":"2024-02-22T07:42:28.149974+00:00","id":"6c5451c0-dbe4-48d1-bec1-efaaf58e9142","mac_address":"02:00:00:18:8b:c0","modification_date":"2024-02-22T07:43:01.344212+00:00","private_network_id":"907b63f3-d7ea-4ce8-b6c5-d169ad8e8b00","server_id":"42b849af-27c7-42e0-ac1f-7b20af1e5dd6","state":"available","tags":[],"zone":"fr-par-1"}}'
    headers:
      Content-Length:
      - "378"
      Content-Security-Policy:
      - default-src 'none'; frame-ancestors 'none'
      Content-Type:
      - application/json
      Date:
      - Thu, 22 Feb 2024 07:43:06 GMT
      Server:
      - Scaleway API Gateway (fr-par-3;edge01)
      Strict-Transport-Security:
      - max-age=63072000
      X-Content-Type-Options:
      - nosniff
      X-Frame-Options:
      - DENY
      X-Request-Id:
      - a5352fe8-8e65-4906-be96-5082da5478a3
    status: 200 OK
    code: 200
    duration: ""
- request:
    body: ""
    form: {}
    headers:
      User-Agent:
      - scaleway-sdk-go/v1.0.0-beta.7+dev (go1.21.1; linux; amd64) terraform-provider/develop
        terraform/terraform-tests
    url: https://api.scaleway.com/instance/v1/zones/fr-par-1/servers/42b849af-27c7-42e0-ac1f-7b20af1e5dd6/private_nics/6c5451c0-dbe4-48d1-bec1-efaaf58e9142
    method: DELETE
  response:
    body: ""
    headers:
      Content-Security-Policy:
      - default-src 'none'; frame-ancestors 'none'
      Date:
      - Thu, 22 Feb 2024 07:43:06 GMT
      Server:
      - Scaleway API Gateway (fr-par-3;edge01)
      Strict-Transport-Security:
      - max-age=63072000
      X-Content-Type-Options:
      - nosniff
      X-Frame-Options:
      - DENY
      X-Request-Id:
      - aebf82bb-d592-406d-8177-241c15c1f8ca
    status: 204 No Content
    code: 204
    duration: ""
- request:
    body: ""
    form: {}
    headers:
      User-Agent:
      - scaleway-sdk-go/v1.0.0-beta.7+dev (go1.21.1; linux; amd64) terraform-provider/develop
        terraform/terraform-tests
    url: https://api.scaleway.com/instance/v1/zones/fr-par-1/servers/42b849af-27c7-42e0-ac1f-7b20af1e5dd6/private_nics/6c5451c0-dbe4-48d1-bec1-efaaf58e9142
    method: GET
  response:
    body: '{"message":"resource is not found","resource":"instance_private_nic","resource_id":"6c5451c0-dbe4-48d1-bec1-efaaf58e9142","type":"not_found"}'
    headers:
      Content-Length:
      - "148"
      Content-Security-Policy:
      - default-src 'none'; frame-ancestors 'none'
      Content-Type:
      - application/json
      Date:
      - Thu, 22 Feb 2024 07:43:06 GMT
      Server:
      - Scaleway API Gateway (fr-par-3;edge01)
      Strict-Transport-Security:
      - max-age=63072000
      X-Content-Type-Options:
      - nosniff
      X-Frame-Options:
      - DENY
      X-Request-Id:
      - f9fc1aa0-2f9e-4524-8e6a-f77600362e9c
    status: 404 Not Found
    code: 404
    duration: ""
- request:
    body: ""
    form: {}
    headers:
      User-Agent:
      - scaleway-sdk-go/v1.0.0-beta.7+dev (go1.21.1; linux; amd64) terraform-provider/develop
        terraform/terraform-tests
    url: https://api.scaleway.com/instance/v1/zones/fr-par-1/servers/42b849af-27c7-42e0-ac1f-7b20af1e5dd6
    method: GET
  response:
    body: '{"server":{"allowed_actions":["poweroff","terminate","reboot","stop_in_place","backup","enable_routed_ip"],"arch":"x86_64","boot_type":"local","bootscript":{"architecture":"x86_64","bootcmdargs":"LINUX_COMMON
      scaleway boot=local nbd.max_part=16","default":true,"dtb":"","id":"fdfe150f-a870-4ce4-b432-9f56b5b995c1","initrd":"http://10.194.3.9/initrd/initrd-Linux-x86_64-v3.14.6.gz","kernel":"http://10.194.3.9/kernel/x86_64-mainline-lts-4.4-4.4.230-rev1/vmlinuz-4.4.230","organization":"11111111-1111-4111-8111-111111111111","project":"11111111-1111-4111-8111-111111111111","public":true,"title":"x86_64
      mainline 4.4.230 rev1","zone":"fr-par-1"},"commercial_type":"PLAY2-MICRO","creation_date":"2024-02-22T07:42:15.816653+00:00","dynamic_ip_required":false,"enable_ipv6":false,"extra_networks":[],"hostname":"tf-tests-ipam-ip-datasource-instance","id":"42b849af-27c7-42e0-ac1f-7b20af1e5dd6","image":{"arch":"x86_64","creation_date":"2024-01-31T16:05:11.366989+00:00","default_bootscript":null,"extra_volumes":{},"from_server":null,"id":"9467798a-e554-4658-a008-82a868d42a3b","modification_date":"2024-01-31T16:05:11.366989+00:00","name":"Ubuntu
      22.04 Jammy Jellyfish","organization":"51b656e3-4865-41e8-adbc-0c45bdd780db","project":"51b656e3-4865-41e8-adbc-0c45bdd780db","public":true,"root_volume":{"id":"59235d23-138e-45ea-983d-5a2a58937164","name":"Ubuntu
      22.04 Jammy Jellyfish","size":10000000000,"volume_type":"unified"},"state":"available","tags":[],"zone":"fr-par-1"},"ipv6":null,"location":{"cluster_id":"60","hypervisor_id":"901","node_id":"72","platform_id":"14","zone_id":"par1"},"mac_address":"de:00:00:40:01:f5","maintenances":[],"modification_date":"2024-02-22T07:42:23.024247+00:00","name":"tf-tests-ipam-ip-datasource-instance","organization":"105bdce1-64c0-48ab-899d-868455867ecf","os_family":"linux","placement_group":null,"private_ip":"10.76.160.143","private_nics":[],"project":"105bdce1-64c0-48ab-899d-868455867ecf","protected":false,"public_ip":null,"public_ips":[],"routed_ip_enabled":false,"security_group":{"id":"5881315f-2400-43a0-ac75-08adf6cb8c12","name":"Default
      security group"},"state":"running","state_detail":"booted","tags":["terraform-test","data_scaleway_instance_servers","basic"],"volumes":{"0":{"boot":false,"creation_date":"2024-02-22T07:42:15.816653+00:00","export_uri":null,"id":"658b8f76-5e3d-4368-b1c0-e00fa4334957","modification_date":"2024-02-22T07:42:15.816653+00:00","name":"Ubuntu
      22.04 Jammy Jellyfish","organization":"105bdce1-64c0-48ab-899d-868455867ecf","project":"105bdce1-64c0-48ab-899d-868455867ecf","server":{"id":"42b849af-27c7-42e0-ac1f-7b20af1e5dd6","name":"tf-tests-ipam-ip-datasource-instance"},"size":10000000000,"state":"available","tags":[],"volume_type":"b_ssd","zone":"fr-par-1"}},"zone":"fr-par-1"}}'
    headers:
      Content-Length:
      - "2943"
      Content-Security-Policy:
      - default-src 'none'; frame-ancestors 'none'
      Content-Type:
      - application/json
      Date:
      - Thu, 22 Feb 2024 07:43:06 GMT
      Server:
      - Scaleway API Gateway (fr-par-3;edge01)
      Strict-Transport-Security:
      - max-age=63072000
      X-Content-Type-Options:
      - nosniff
      X-Frame-Options:
      - DENY
      X-Request-Id:
      - 9815b5d5-ac8d-49e3-a6be-4205267a0a49
    status: 200 OK
    code: 200
    duration: ""
- request:
    body: '{"action":"poweroff"}'
    form: {}
    headers:
      Content-Type:
      - application/json
      User-Agent:
      - scaleway-sdk-go/v1.0.0-beta.7+dev (go1.21.1; linux; amd64) terraform-provider/develop
        terraform/terraform-tests
    url: https://api.scaleway.com/instance/v1/zones/fr-par-1/servers/42b849af-27c7-42e0-ac1f-7b20af1e5dd6/action
    method: POST
  response:
    body: '{"task":{"description":"server_poweroff","href_from":"/servers/42b849af-27c7-42e0-ac1f-7b20af1e5dd6/action","href_result":"/servers/42b849af-27c7-42e0-ac1f-7b20af1e5dd6","id":"fbef2777-932b-4fef-a8d6-88fde55028e3","started_at":"2024-02-22T07:43:07.118324+00:00","status":"pending","terminated_at":null}}'
    headers:
      Content-Length:
      - "317"
      Content-Security-Policy:
      - default-src 'none'; frame-ancestors 'none'
      Content-Type:
      - application/json
      Date:
      - Thu, 22 Feb 2024 07:43:07 GMT
      Location:
      - https://api.scaleway.com/instance/v1/zones/fr-par-1/tasks/fbef2777-932b-4fef-a8d6-88fde55028e3
      Server:
      - Scaleway API Gateway (fr-par-3;edge01)
      Strict-Transport-Security:
      - max-age=63072000
      X-Content-Type-Options:
      - nosniff
      X-Frame-Options:
      - DENY
      X-Request-Id:
      - 2ace8657-50c0-4bc1-904c-2ea4ad1a7839
    status: 202 Accepted
    code: 202
    duration: ""
- request:
    body: ""
    form: {}
    headers:
      User-Agent:
      - scaleway-sdk-go/v1.0.0-beta.7+dev (go1.21.1; linux; amd64) terraform-provider/develop
        terraform/terraform-tests
    url: https://api.scaleway.com/instance/v1/zones/fr-par-1/servers/42b849af-27c7-42e0-ac1f-7b20af1e5dd6
    method: GET
  response:
    body: '{"server":{"allowed_actions":["stop_in_place","backup","enable_routed_ip"],"arch":"x86_64","boot_type":"local","bootscript":{"architecture":"x86_64","bootcmdargs":"LINUX_COMMON
      scaleway boot=local nbd.max_part=16","default":true,"dtb":"","id":"fdfe150f-a870-4ce4-b432-9f56b5b995c1","initrd":"http://10.194.3.9/initrd/initrd-Linux-x86_64-v3.14.6.gz","kernel":"http://10.194.3.9/kernel/x86_64-mainline-lts-4.4-4.4.230-rev1/vmlinuz-4.4.230","organization":"11111111-1111-4111-8111-111111111111","project":"11111111-1111-4111-8111-111111111111","public":true,"title":"x86_64
      mainline 4.4.230 rev1","zone":"fr-par-1"},"commercial_type":"PLAY2-MICRO","creation_date":"2024-02-22T07:42:15.816653+00:00","dynamic_ip_required":false,"enable_ipv6":false,"extra_networks":[],"hostname":"tf-tests-ipam-ip-datasource-instance","id":"42b849af-27c7-42e0-ac1f-7b20af1e5dd6","image":{"arch":"x86_64","creation_date":"2024-01-31T16:05:11.366989+00:00","default_bootscript":null,"extra_volumes":{},"from_server":null,"id":"9467798a-e554-4658-a008-82a868d42a3b","modification_date":"2024-01-31T16:05:11.366989+00:00","name":"Ubuntu
      22.04 Jammy Jellyfish","organization":"51b656e3-4865-41e8-adbc-0c45bdd780db","project":"51b656e3-4865-41e8-adbc-0c45bdd780db","public":true,"root_volume":{"id":"59235d23-138e-45ea-983d-5a2a58937164","name":"Ubuntu
      22.04 Jammy Jellyfish","size":10000000000,"volume_type":"unified"},"state":"available","tags":[],"zone":"fr-par-1"},"ipv6":null,"location":{"cluster_id":"60","hypervisor_id":"901","node_id":"72","platform_id":"14","zone_id":"par1"},"mac_address":"de:00:00:40:01:f5","maintenances":[],"modification_date":"2024-02-22T07:43:06.962323+00:00","name":"tf-tests-ipam-ip-datasource-instance","organization":"105bdce1-64c0-48ab-899d-868455867ecf","os_family":"linux","placement_group":null,"private_ip":"10.76.160.143","private_nics":[],"project":"105bdce1-64c0-48ab-899d-868455867ecf","protected":false,"public_ip":null,"public_ips":[],"routed_ip_enabled":false,"security_group":{"id":"5881315f-2400-43a0-ac75-08adf6cb8c12","name":"Default
      security group"},"state":"stopping","state_detail":"stopping","tags":["terraform-test","data_scaleway_instance_servers","basic"],"volumes":{"0":{"boot":false,"creation_date":"2024-02-22T07:42:15.816653+00:00","export_uri":null,"id":"658b8f76-5e3d-4368-b1c0-e00fa4334957","modification_date":"2024-02-22T07:42:15.816653+00:00","name":"Ubuntu
      22.04 Jammy Jellyfish","organization":"105bdce1-64c0-48ab-899d-868455867ecf","project":"105bdce1-64c0-48ab-899d-868455867ecf","server":{"id":"42b849af-27c7-42e0-ac1f-7b20af1e5dd6","name":"tf-tests-ipam-ip-datasource-instance"},"size":10000000000,"state":"available","tags":[],"volume_type":"b_ssd","zone":"fr-par-1"}},"zone":"fr-par-1"}}'
    headers:
      Content-Length:
      - "2911"
      Content-Security-Policy:
      - default-src 'none'; frame-ancestors 'none'
      Content-Type:
      - application/json
      Date:
      - Thu, 22 Feb 2024 07:43:07 GMT
      Server:
      - Scaleway API Gateway (fr-par-3;edge01)
      Strict-Transport-Security:
      - max-age=63072000
      X-Content-Type-Options:
      - nosniff
      X-Frame-Options:
      - DENY
      X-Request-Id:
      - 7325db3c-7450-4c53-8f50-145cb01a2921
    status: 200 OK
    code: 200
    duration: ""
- request:
    body: ""
    form: {}
    headers:
      User-Agent:
      - scaleway-sdk-go/v1.0.0-beta.7+dev (go1.21.1; linux; amd64) terraform-provider/develop
        terraform/terraform-tests
    url: https://api.scaleway.com/vpc/v2/regions/fr-par/private-networks/907b63f3-d7ea-4ce8-b6c5-d169ad8e8b00
    method: DELETE
  response:
    body: ""
    headers:
      Content-Security-Policy:
      - default-src 'none'; frame-ancestors 'none'
      Content-Type:
      - application/json
      Date:
      - Thu, 22 Feb 2024 07:43:07 GMT
      Server:
      - Scaleway API Gateway (fr-par-3;edge01)
      Strict-Transport-Security:
      - max-age=63072000
      X-Content-Type-Options:
      - nosniff
      X-Frame-Options:
      - DENY
      X-Request-Id:
      - a1618a27-6c34-4767-b91b-82b52f984bf0
    status: 204 No Content
    code: 204
    duration: ""
- request:
    body: ""
    form: {}
    headers:
      User-Agent:
      - scaleway-sdk-go/v1.0.0-beta.7+dev (go1.21.1; linux; amd64) terraform-provider/develop
        terraform/terraform-tests
    url: https://api.scaleway.com/vpc/v2/regions/fr-par/vpcs/b4e0fca7-b596-4d82-9b0b-d6c2c49af7e4
    method: DELETE
  response:
    body: ""
    headers:
      Content-Security-Policy:
      - default-src 'none'; frame-ancestors 'none'
      Content-Type:
      - application/json
      Date:
      - Thu, 22 Feb 2024 07:43:08 GMT
      Server:
      - Scaleway API Gateway (fr-par-3;edge01)
      Strict-Transport-Security:
      - max-age=63072000
      X-Content-Type-Options:
      - nosniff
      X-Frame-Options:
      - DENY
      X-Request-Id:
      - d57a4a4a-c888-49f0-b0f7-d125861825b4
    status: 204 No Content
    code: 204
    duration: ""
- request:
    body: ""
    form: {}
    headers:
      User-Agent:
      - scaleway-sdk-go/v1.0.0-beta.7+dev (go1.21.1; linux; amd64) terraform-provider/develop
        terraform/terraform-tests
    url: https://api.scaleway.com/instance/v1/zones/fr-par-1/servers/42b849af-27c7-42e0-ac1f-7b20af1e5dd6
    method: GET
  response:
    body: '{"server":{"allowed_actions":["stop_in_place","backup","enable_routed_ip"],"arch":"x86_64","boot_type":"local","bootscript":{"architecture":"x86_64","bootcmdargs":"LINUX_COMMON
      scaleway boot=local nbd.max_part=16","default":true,"dtb":"","id":"fdfe150f-a870-4ce4-b432-9f56b5b995c1","initrd":"http://10.194.3.9/initrd/initrd-Linux-x86_64-v3.14.6.gz","kernel":"http://10.194.3.9/kernel/x86_64-mainline-lts-4.4-4.4.230-rev1/vmlinuz-4.4.230","organization":"11111111-1111-4111-8111-111111111111","project":"11111111-1111-4111-8111-111111111111","public":true,"title":"x86_64
      mainline 4.4.230 rev1","zone":"fr-par-1"},"commercial_type":"PLAY2-MICRO","creation_date":"2024-02-22T07:42:15.816653+00:00","dynamic_ip_required":false,"enable_ipv6":false,"extra_networks":[],"hostname":"tf-tests-ipam-ip-datasource-instance","id":"42b849af-27c7-42e0-ac1f-7b20af1e5dd6","image":{"arch":"x86_64","creation_date":"2024-01-31T16:05:11.366989+00:00","default_bootscript":null,"extra_volumes":{},"from_server":null,"id":"9467798a-e554-4658-a008-82a868d42a3b","modification_date":"2024-01-31T16:05:11.366989+00:00","name":"Ubuntu
      22.04 Jammy Jellyfish","organization":"51b656e3-4865-41e8-adbc-0c45bdd780db","project":"51b656e3-4865-41e8-adbc-0c45bdd780db","public":true,"root_volume":{"id":"59235d23-138e-45ea-983d-5a2a58937164","name":"Ubuntu
      22.04 Jammy Jellyfish","size":10000000000,"volume_type":"unified"},"state":"available","tags":[],"zone":"fr-par-1"},"ipv6":null,"location":{"cluster_id":"60","hypervisor_id":"901","node_id":"72","platform_id":"14","zone_id":"par1"},"mac_address":"de:00:00:40:01:f5","maintenances":[],"modification_date":"2024-02-22T07:43:06.962323+00:00","name":"tf-tests-ipam-ip-datasource-instance","organization":"105bdce1-64c0-48ab-899d-868455867ecf","os_family":"linux","placement_group":null,"private_ip":"10.76.160.143","private_nics":[],"project":"105bdce1-64c0-48ab-899d-868455867ecf","protected":false,"public_ip":null,"public_ips":[],"routed_ip_enabled":false,"security_group":{"id":"5881315f-2400-43a0-ac75-08adf6cb8c12","name":"Default
      security group"},"state":"stopping","state_detail":"stopping","tags":["terraform-test","data_scaleway_instance_servers","basic"],"volumes":{"0":{"boot":false,"creation_date":"2024-02-22T07:42:15.816653+00:00","export_uri":null,"id":"658b8f76-5e3d-4368-b1c0-e00fa4334957","modification_date":"2024-02-22T07:42:15.816653+00:00","name":"Ubuntu
      22.04 Jammy Jellyfish","organization":"105bdce1-64c0-48ab-899d-868455867ecf","project":"105bdce1-64c0-48ab-899d-868455867ecf","server":{"id":"42b849af-27c7-42e0-ac1f-7b20af1e5dd6","name":"tf-tests-ipam-ip-datasource-instance"},"size":10000000000,"state":"available","tags":[],"volume_type":"b_ssd","zone":"fr-par-1"}},"zone":"fr-par-1"}}'
    headers:
      Content-Length:
      - "2911"
      Content-Security-Policy:
      - default-src 'none'; frame-ancestors 'none'
      Content-Type:
      - application/json
      Date:
      - Thu, 22 Feb 2024 07:43:12 GMT
      Server:
      - Scaleway API Gateway (fr-par-3;edge01)
      Strict-Transport-Security:
      - max-age=63072000
      X-Content-Type-Options:
      - nosniff
      X-Frame-Options:
      - DENY
      X-Request-Id:
      - 8b522c52-f55f-4a92-b7f3-944050135d9c
    status: 200 OK
    code: 200
    duration: ""
- request:
    body: ""
    form: {}
    headers:
      User-Agent:
      - scaleway-sdk-go/v1.0.0-beta.7+dev (go1.21.1; linux; amd64) terraform-provider/develop
        terraform/terraform-tests
    url: https://api.scaleway.com/instance/v1/zones/fr-par-1/servers/42b849af-27c7-42e0-ac1f-7b20af1e5dd6
    method: GET
  response:
    body: '{"server":{"allowed_actions":["stop_in_place","backup","enable_routed_ip"],"arch":"x86_64","boot_type":"local","bootscript":{"architecture":"x86_64","bootcmdargs":"LINUX_COMMON
      scaleway boot=local nbd.max_part=16","default":true,"dtb":"","id":"fdfe150f-a870-4ce4-b432-9f56b5b995c1","initrd":"http://10.194.3.9/initrd/initrd-Linux-x86_64-v3.14.6.gz","kernel":"http://10.194.3.9/kernel/x86_64-mainline-lts-4.4-4.4.230-rev1/vmlinuz-4.4.230","organization":"11111111-1111-4111-8111-111111111111","project":"11111111-1111-4111-8111-111111111111","public":true,"title":"x86_64
      mainline 4.4.230 rev1","zone":"fr-par-1"},"commercial_type":"PLAY2-MICRO","creation_date":"2024-02-22T07:42:15.816653+00:00","dynamic_ip_required":false,"enable_ipv6":false,"extra_networks":[],"hostname":"tf-tests-ipam-ip-datasource-instance","id":"42b849af-27c7-42e0-ac1f-7b20af1e5dd6","image":{"arch":"x86_64","creation_date":"2024-01-31T16:05:11.366989+00:00","default_bootscript":null,"extra_volumes":{},"from_server":null,"id":"9467798a-e554-4658-a008-82a868d42a3b","modification_date":"2024-01-31T16:05:11.366989+00:00","name":"Ubuntu
      22.04 Jammy Jellyfish","organization":"51b656e3-4865-41e8-adbc-0c45bdd780db","project":"51b656e3-4865-41e8-adbc-0c45bdd780db","public":true,"root_volume":{"id":"59235d23-138e-45ea-983d-5a2a58937164","name":"Ubuntu
      22.04 Jammy Jellyfish","size":10000000000,"volume_type":"unified"},"state":"available","tags":[],"zone":"fr-par-1"},"ipv6":null,"location":{"cluster_id":"60","hypervisor_id":"901","node_id":"72","platform_id":"14","zone_id":"par1"},"mac_address":"de:00:00:40:01:f5","maintenances":[],"modification_date":"2024-02-22T07:43:06.962323+00:00","name":"tf-tests-ipam-ip-datasource-instance","organization":"105bdce1-64c0-48ab-899d-868455867ecf","os_family":"linux","placement_group":null,"private_ip":"10.76.160.143","private_nics":[],"project":"105bdce1-64c0-48ab-899d-868455867ecf","protected":false,"public_ip":null,"public_ips":[],"routed_ip_enabled":false,"security_group":{"id":"5881315f-2400-43a0-ac75-08adf6cb8c12","name":"Default
      security group"},"state":"stopping","state_detail":"stopping","tags":["terraform-test","data_scaleway_instance_servers","basic"],"volumes":{"0":{"boot":false,"creation_date":"2024-02-22T07:42:15.816653+00:00","export_uri":null,"id":"658b8f76-5e3d-4368-b1c0-e00fa4334957","modification_date":"2024-02-22T07:42:15.816653+00:00","name":"Ubuntu
      22.04 Jammy Jellyfish","organization":"105bdce1-64c0-48ab-899d-868455867ecf","project":"105bdce1-64c0-48ab-899d-868455867ecf","server":{"id":"42b849af-27c7-42e0-ac1f-7b20af1e5dd6","name":"tf-tests-ipam-ip-datasource-instance"},"size":10000000000,"state":"available","tags":[],"volume_type":"b_ssd","zone":"fr-par-1"}},"zone":"fr-par-1"}}'
    headers:
      Content-Length:
      - "2911"
      Content-Security-Policy:
      - default-src 'none'; frame-ancestors 'none'
      Content-Type:
      - application/json
      Date:
      - Thu, 22 Feb 2024 07:43:17 GMT
      Server:
      - Scaleway API Gateway (fr-par-3;edge01)
      Strict-Transport-Security:
      - max-age=63072000
      X-Content-Type-Options:
      - nosniff
      X-Frame-Options:
      - DENY
      X-Request-Id:
      - 02497b42-2aa4-48cb-bc6e-994baf6e0991
    status: 200 OK
    code: 200
    duration: ""
- request:
    body: ""
    form: {}
    headers:
      User-Agent:
      - scaleway-sdk-go/v1.0.0-beta.7+dev (go1.21.1; linux; amd64) terraform-provider/develop
        terraform/terraform-tests
    url: https://api.scaleway.com/instance/v1/zones/fr-par-1/servers/42b849af-27c7-42e0-ac1f-7b20af1e5dd6
    method: GET
  response:
    body: '{"server":{"allowed_actions":["stop_in_place","backup","enable_routed_ip"],"arch":"x86_64","boot_type":"local","bootscript":{"architecture":"x86_64","bootcmdargs":"LINUX_COMMON
      scaleway boot=local nbd.max_part=16","default":true,"dtb":"","id":"fdfe150f-a870-4ce4-b432-9f56b5b995c1","initrd":"http://10.194.3.9/initrd/initrd-Linux-x86_64-v3.14.6.gz","kernel":"http://10.194.3.9/kernel/x86_64-mainline-lts-4.4-4.4.230-rev1/vmlinuz-4.4.230","organization":"11111111-1111-4111-8111-111111111111","project":"11111111-1111-4111-8111-111111111111","public":true,"title":"x86_64
      mainline 4.4.230 rev1","zone":"fr-par-1"},"commercial_type":"PLAY2-MICRO","creation_date":"2024-02-22T07:42:15.816653+00:00","dynamic_ip_required":false,"enable_ipv6":false,"extra_networks":[],"hostname":"tf-tests-ipam-ip-datasource-instance","id":"42b849af-27c7-42e0-ac1f-7b20af1e5dd6","image":{"arch":"x86_64","creation_date":"2024-01-31T16:05:11.366989+00:00","default_bootscript":null,"extra_volumes":{},"from_server":null,"id":"9467798a-e554-4658-a008-82a868d42a3b","modification_date":"2024-01-31T16:05:11.366989+00:00","name":"Ubuntu
      22.04 Jammy Jellyfish","organization":"51b656e3-4865-41e8-adbc-0c45bdd780db","project":"51b656e3-4865-41e8-adbc-0c45bdd780db","public":true,"root_volume":{"id":"59235d23-138e-45ea-983d-5a2a58937164","name":"Ubuntu
      22.04 Jammy Jellyfish","size":10000000000,"volume_type":"unified"},"state":"available","tags":[],"zone":"fr-par-1"},"ipv6":null,"location":{"cluster_id":"60","hypervisor_id":"901","node_id":"72","platform_id":"14","zone_id":"par1"},"mac_address":"de:00:00:40:01:f5","maintenances":[],"modification_date":"2024-02-22T07:43:06.962323+00:00","name":"tf-tests-ipam-ip-datasource-instance","organization":"105bdce1-64c0-48ab-899d-868455867ecf","os_family":"linux","placement_group":null,"private_ip":"10.76.160.143","private_nics":[],"project":"105bdce1-64c0-48ab-899d-868455867ecf","protected":false,"public_ip":null,"public_ips":[],"routed_ip_enabled":false,"security_group":{"id":"5881315f-2400-43a0-ac75-08adf6cb8c12","name":"Default
      security group"},"state":"stopping","state_detail":"stopping","tags":["terraform-test","data_scaleway_instance_servers","basic"],"volumes":{"0":{"boot":false,"creation_date":"2024-02-22T07:42:15.816653+00:00","export_uri":null,"id":"658b8f76-5e3d-4368-b1c0-e00fa4334957","modification_date":"2024-02-22T07:42:15.816653+00:00","name":"Ubuntu
      22.04 Jammy Jellyfish","organization":"105bdce1-64c0-48ab-899d-868455867ecf","project":"105bdce1-64c0-48ab-899d-868455867ecf","server":{"id":"42b849af-27c7-42e0-ac1f-7b20af1e5dd6","name":"tf-tests-ipam-ip-datasource-instance"},"size":10000000000,"state":"available","tags":[],"volume_type":"b_ssd","zone":"fr-par-1"}},"zone":"fr-par-1"}}'
    headers:
      Content-Length:
      - "2911"
      Content-Security-Policy:
      - default-src 'none'; frame-ancestors 'none'
      Content-Type:
      - application/json
      Date:
      - Thu, 22 Feb 2024 07:43:23 GMT
      Server:
      - Scaleway API Gateway (fr-par-3;edge01)
      Strict-Transport-Security:
      - max-age=63072000
      X-Content-Type-Options:
      - nosniff
      X-Frame-Options:
      - DENY
      X-Request-Id:
      - 87e55bd0-092e-4c68-a2b4-a40ff4444a98
    status: 200 OK
    code: 200
    duration: ""
- request:
    body: ""
    form: {}
    headers:
      User-Agent:
      - scaleway-sdk-go/v1.0.0-beta.7+dev (go1.21.1; linux; amd64) terraform-provider/develop
        terraform/terraform-tests
    url: https://api.scaleway.com/instance/v1/zones/fr-par-1/servers/42b849af-27c7-42e0-ac1f-7b20af1e5dd6
    method: GET
  response:
    body: '{"server":{"allowed_actions":["poweron","backup","enable_routed_ip"],"arch":"x86_64","boot_type":"local","bootscript":{"architecture":"x86_64","bootcmdargs":"LINUX_COMMON
      scaleway boot=local nbd.max_part=16","default":true,"dtb":"","id":"fdfe150f-a870-4ce4-b432-9f56b5b995c1","initrd":"http://10.194.3.9/initrd/initrd-Linux-x86_64-v3.14.6.gz","kernel":"http://10.194.3.9/kernel/x86_64-mainline-lts-4.4-4.4.230-rev1/vmlinuz-4.4.230","organization":"11111111-1111-4111-8111-111111111111","project":"11111111-1111-4111-8111-111111111111","public":true,"title":"x86_64
      mainline 4.4.230 rev1","zone":"fr-par-1"},"commercial_type":"PLAY2-MICRO","creation_date":"2024-02-22T07:42:15.816653+00:00","dynamic_ip_required":false,"enable_ipv6":false,"extra_networks":[],"hostname":"tf-tests-ipam-ip-datasource-instance","id":"42b849af-27c7-42e0-ac1f-7b20af1e5dd6","image":{"arch":"x86_64","creation_date":"2024-01-31T16:05:11.366989+00:00","default_bootscript":null,"extra_volumes":{},"from_server":null,"id":"9467798a-e554-4658-a008-82a868d42a3b","modification_date":"2024-01-31T16:05:11.366989+00:00","name":"Ubuntu
      22.04 Jammy Jellyfish","organization":"51b656e3-4865-41e8-adbc-0c45bdd780db","project":"51b656e3-4865-41e8-adbc-0c45bdd780db","public":true,"root_volume":{"id":"59235d23-138e-45ea-983d-5a2a58937164","name":"Ubuntu
      22.04 Jammy Jellyfish","size":10000000000,"volume_type":"unified"},"state":"available","tags":[],"zone":"fr-par-1"},"ipv6":null,"location":null,"mac_address":"de:00:00:40:01:f5","maintenances":[],"modification_date":"2024-02-22T07:43:23.882323+00:00","name":"tf-tests-ipam-ip-datasource-instance","organization":"105bdce1-64c0-48ab-899d-868455867ecf","os_family":"linux","placement_group":null,"private_ip":null,"private_nics":[],"project":"105bdce1-64c0-48ab-899d-868455867ecf","protected":false,"public_ip":null,"public_ips":[],"routed_ip_enabled":false,"security_group":{"id":"5881315f-2400-43a0-ac75-08adf6cb8c12","name":"Default
      security group"},"state":"stopped","state_detail":"","tags":["terraform-test","data_scaleway_instance_servers","basic"],"volumes":{"0":{"boot":false,"creation_date":"2024-02-22T07:42:15.816653+00:00","export_uri":null,"id":"658b8f76-5e3d-4368-b1c0-e00fa4334957","modification_date":"2024-02-22T07:42:15.816653+00:00","name":"Ubuntu
      22.04 Jammy Jellyfish","organization":"105bdce1-64c0-48ab-899d-868455867ecf","project":"105bdce1-64c0-48ab-899d-868455867ecf","server":{"id":"42b849af-27c7-42e0-ac1f-7b20af1e5dd6","name":"tf-tests-ipam-ip-datasource-instance"},"size":10000000000,"state":"available","tags":[],"volume_type":"b_ssd","zone":"fr-par-1"}},"zone":"fr-par-1"}}'
    headers:
      Content-Length:
      - "2788"
      Content-Security-Policy:
      - default-src 'none'; frame-ancestors 'none'
      Content-Type:
      - application/json
      Date:
      - Thu, 22 Feb 2024 07:43:28 GMT
      Server:
      - Scaleway API Gateway (fr-par-3;edge01)
      Strict-Transport-Security:
      - max-age=63072000
      X-Content-Type-Options:
      - nosniff
      X-Frame-Options:
      - DENY
      X-Request-Id:
      - 13d97f61-6dba-4a1c-94db-7ed8d0aa0172
    status: 200 OK
    code: 200
    duration: ""
- request:
    body: ""
    form: {}
    headers:
      User-Agent:
      - scaleway-sdk-go/v1.0.0-beta.7+dev (go1.21.1; linux; amd64) terraform-provider/develop
        terraform/terraform-tests
    url: https://api.scaleway.com/instance/v1/zones/fr-par-1/servers/42b849af-27c7-42e0-ac1f-7b20af1e5dd6
    method: GET
  response:
    body: '{"server":{"allowed_actions":["poweron","backup","enable_routed_ip"],"arch":"x86_64","boot_type":"local","bootscript":{"architecture":"x86_64","bootcmdargs":"LINUX_COMMON
      scaleway boot=local nbd.max_part=16","default":true,"dtb":"","id":"fdfe150f-a870-4ce4-b432-9f56b5b995c1","initrd":"http://10.194.3.9/initrd/initrd-Linux-x86_64-v3.14.6.gz","kernel":"http://10.194.3.9/kernel/x86_64-mainline-lts-4.4-4.4.230-rev1/vmlinuz-4.4.230","organization":"11111111-1111-4111-8111-111111111111","project":"11111111-1111-4111-8111-111111111111","public":true,"title":"x86_64
      mainline 4.4.230 rev1","zone":"fr-par-1"},"commercial_type":"PLAY2-MICRO","creation_date":"2024-02-22T07:42:15.816653+00:00","dynamic_ip_required":false,"enable_ipv6":false,"extra_networks":[],"hostname":"tf-tests-ipam-ip-datasource-instance","id":"42b849af-27c7-42e0-ac1f-7b20af1e5dd6","image":{"arch":"x86_64","creation_date":"2024-01-31T16:05:11.366989+00:00","default_bootscript":null,"extra_volumes":{},"from_server":null,"id":"9467798a-e554-4658-a008-82a868d42a3b","modification_date":"2024-01-31T16:05:11.366989+00:00","name":"Ubuntu
      22.04 Jammy Jellyfish","organization":"51b656e3-4865-41e8-adbc-0c45bdd780db","project":"51b656e3-4865-41e8-adbc-0c45bdd780db","public":true,"root_volume":{"id":"59235d23-138e-45ea-983d-5a2a58937164","name":"Ubuntu
      22.04 Jammy Jellyfish","size":10000000000,"volume_type":"unified"},"state":"available","tags":[],"zone":"fr-par-1"},"ipv6":null,"location":null,"mac_address":"de:00:00:40:01:f5","maintenances":[],"modification_date":"2024-02-22T07:43:23.882323+00:00","name":"tf-tests-ipam-ip-datasource-instance","organization":"105bdce1-64c0-48ab-899d-868455867ecf","os_family":"linux","placement_group":null,"private_ip":null,"private_nics":[],"project":"105bdce1-64c0-48ab-899d-868455867ecf","protected":false,"public_ip":null,"public_ips":[],"routed_ip_enabled":false,"security_group":{"id":"5881315f-2400-43a0-ac75-08adf6cb8c12","name":"Default
      security group"},"state":"stopped","state_detail":"","tags":["terraform-test","data_scaleway_instance_servers","basic"],"volumes":{"0":{"boot":false,"creation_date":"2024-02-22T07:42:15.816653+00:00","export_uri":null,"id":"658b8f76-5e3d-4368-b1c0-e00fa4334957","modification_date":"2024-02-22T07:42:15.816653+00:00","name":"Ubuntu
      22.04 Jammy Jellyfish","organization":"105bdce1-64c0-48ab-899d-868455867ecf","project":"105bdce1-64c0-48ab-899d-868455867ecf","server":{"id":"42b849af-27c7-42e0-ac1f-7b20af1e5dd6","name":"tf-tests-ipam-ip-datasource-instance"},"size":10000000000,"state":"available","tags":[],"volume_type":"b_ssd","zone":"fr-par-1"}},"zone":"fr-par-1"}}'
    headers:
      Content-Length:
      - "2788"
      Content-Security-Policy:
      - default-src 'none'; frame-ancestors 'none'
      Content-Type:
      - application/json
      Date:
      - Thu, 22 Feb 2024 07:43:28 GMT
      Server:
      - Scaleway API Gateway (fr-par-3;edge01)
      Strict-Transport-Security:
      - max-age=63072000
      X-Content-Type-Options:
      - nosniff
      X-Frame-Options:
      - DENY
      X-Request-Id:
      - 01616286-0d8a-4eae-888d-67507d33e06b
    status: 200 OK
    code: 200
    duration: ""
- request:
    body: ""
    form: {}
    headers:
      User-Agent:
      - scaleway-sdk-go/v1.0.0-beta.7+dev (go1.21.1; linux; amd64) terraform-provider/develop
        terraform/terraform-tests
    url: https://api.scaleway.com/instance/v1/zones/fr-par-1/servers/42b849af-27c7-42e0-ac1f-7b20af1e5dd6
    method: DELETE
  response:
    body: ""
    headers:
      Content-Security-Policy:
      - default-src 'none'; frame-ancestors 'none'
      Date:
      - Thu, 22 Feb 2024 07:43:28 GMT
      Server:
      - Scaleway API Gateway (fr-par-3;edge01)
      Strict-Transport-Security:
      - max-age=63072000
      X-Content-Type-Options:
      - nosniff
      X-Frame-Options:
      - DENY
      X-Request-Id:
      - e787eed0-94bb-4946-b858-b13126b88273
    status: 204 No Content
    code: 204
    duration: ""
- request:
    body: ""
    form: {}
    headers:
      User-Agent:
      - scaleway-sdk-go/v1.0.0-beta.7+dev (go1.21.1; linux; amd64) terraform-provider/develop
        terraform/terraform-tests
    url: https://api.scaleway.com/instance/v1/zones/fr-par-1/servers/42b849af-27c7-42e0-ac1f-7b20af1e5dd6
    method: GET
  response:
    body: '{"message":"resource is not found","resource":"instance_server","resource_id":"42b849af-27c7-42e0-ac1f-7b20af1e5dd6","type":"not_found"}'
    headers:
      Content-Length:
      - "143"
      Content-Security-Policy:
      - default-src 'none'; frame-ancestors 'none'
      Content-Type:
      - application/json
      Date:
      - Thu, 22 Feb 2024 07:43:28 GMT
      Server:
      - Scaleway API Gateway (fr-par-3;edge01)
      Strict-Transport-Security:
      - max-age=63072000
      X-Content-Type-Options:
      - nosniff
      X-Frame-Options:
      - DENY
      X-Request-Id:
      - db283145-580e-4ebf-acdb-43db4006047e
    status: 404 Not Found
    code: 404
    duration: ""
- request:
    body: ""
    form: {}
    headers:
      User-Agent:
      - scaleway-sdk-go/v1.0.0-beta.7+dev (go1.21.1; linux; amd64) terraform-provider/develop
        terraform/terraform-tests
    url: https://api.scaleway.com/instance/v1/zones/fr-par-1/volumes/658b8f76-5e3d-4368-b1c0-e00fa4334957
    method: DELETE
  response:
    body: ""
    headers:
      Content-Security-Policy:
      - default-src 'none'; frame-ancestors 'none'
      Date:
      - Thu, 22 Feb 2024 07:43:29 GMT
      Server:
      - Scaleway API Gateway (fr-par-3;edge01)
      Strict-Transport-Security:
      - max-age=63072000
      X-Content-Type-Options:
      - nosniff
      X-Frame-Options:
      - DENY
      X-Request-Id:
      - e02675c3-b32a-4b17-80d1-dc57ad285d7e
    status: 204 No Content
    code: 204
    duration: ""
- request:
    body: ""
    form: {}
    headers:
      User-Agent:
      - scaleway-sdk-go/v1.0.0-beta.7+dev (go1.21.1; linux; amd64) terraform-provider/develop
        terraform/terraform-tests
    url: https://api.scaleway.com/instance/v1/zones/fr-par-1/servers/42b849af-27c7-42e0-ac1f-7b20af1e5dd6
    method: GET
  response:
    body: '{"message":"resource is not found","resource":"instance_server","resource_id":"42b849af-27c7-42e0-ac1f-7b20af1e5dd6","type":"not_found"}'
    headers:
      Content-Length:
      - "143"
      Content-Security-Policy:
      - default-src 'none'; frame-ancestors 'none'
      Content-Type:
      - application/json
      Date:
      - Thu, 22 Feb 2024 07:43:29 GMT
      Server:
      - Scaleway API Gateway (fr-par-3;edge01)
      Strict-Transport-Security:
      - max-age=63072000
      X-Content-Type-Options:
      - nosniff
      X-Frame-Options:
      - DENY
      X-Request-Id:
      - 53a82ba3-95b2-4eec-9af1-cb54d229707c
    status: 404 Not Found
    code: 404
    duration: ""
