---
version: 1
interactions:
- request:
    body: '{"project_id":"564aa517-68b0-4fd7-8c8c-d21c4bcdcbd5","reverse":null}'
    form: {}
    headers:
      Content-Type:
      - application/json
      User-Agent:
      - scaleway-sdk-go/v1.0.0-beta.7+dev (go1.20.4; darwin; amd64) terraform-provider/develop
        terraform/terraform-tests
    url: https://api.scaleway.com/lb/v1/zones/fr-par-1/ips
    method: POST
  response:
    body: '{"id":"86df9ff8-7a77-492d-9b03-4f6205127499","ip_address":"195.154.197.174","lb_id":null,"organization_id":"564aa517-68b0-4fd7-8c8c-d21c4bcdcbd5","project_id":"564aa517-68b0-4fd7-8c8c-d21c4bcdcbd5","region":"fr-par","reverse":"195-154-197-174.lb.fr-par.scw.cloud","zone":"fr-par-1"}'
    headers:
      Content-Length:
      - "282"
      Content-Security-Policy:
      - default-src 'none'; frame-ancestors 'none'
      Content-Type:
      - application/json
      Date:
      - Mon, 03 Jul 2023 20:18:30 GMT
      Server:
      - Scaleway API-Gateway
      Strict-Transport-Security:
      - max-age=63072000
      X-Content-Type-Options:
      - nosniff
      X-Frame-Options:
      - DENY
      X-Request-Id:
      - b15336c5-61aa-46dc-a162-06a57c35b179
    status: 200 OK
    code: 200
    duration: ""
- request:
    body: ""
    form: {}
    headers:
      User-Agent:
      - scaleway-sdk-go/v1.0.0-beta.7+dev (go1.20.4; darwin; amd64) terraform-provider/develop
        terraform/terraform-tests
    url: https://api.scaleway.com/lb/v1/zones/fr-par-1/ips/86df9ff8-7a77-492d-9b03-4f6205127499
    method: GET
  response:
    body: '{"id":"86df9ff8-7a77-492d-9b03-4f6205127499","ip_address":"195.154.197.174","lb_id":null,"organization_id":"564aa517-68b0-4fd7-8c8c-d21c4bcdcbd5","project_id":"564aa517-68b0-4fd7-8c8c-d21c4bcdcbd5","region":"fr-par","reverse":"195-154-197-174.lb.fr-par.scw.cloud","zone":"fr-par-1"}'
    headers:
      Content-Length:
      - "282"
      Content-Security-Policy:
      - default-src 'none'; frame-ancestors 'none'
      Content-Type:
      - application/json
      Date:
      - Mon, 03 Jul 2023 20:18:30 GMT
      Server:
      - Scaleway API-Gateway
      Strict-Transport-Security:
      - max-age=63072000
      X-Content-Type-Options:
      - nosniff
      X-Frame-Options:
      - DENY
      X-Request-Id:
      - 16203cd7-996b-40aa-8bf5-16aec349d9ed
    status: 200 OK
    code: 200
    duration: ""
- request:
    body: '{"project_id":"564aa517-68b0-4fd7-8c8c-d21c4bcdcbd5","name":"test-lb","description":"","ip_id":"86df9ff8-7a77-492d-9b03-4f6205127499","assign_flexible_ip":null,"tags":null,"type":"lb-s","ssl_compatibility_level":"ssl_compatibility_level_intermediate"}'
    form: {}
    headers:
      Content-Type:
      - application/json
      User-Agent:
      - scaleway-sdk-go/v1.0.0-beta.7+dev (go1.20.4; darwin; amd64) terraform-provider/develop
        terraform/terraform-tests
    url: https://api.scaleway.com/lb/v1/zones/fr-par-1/lbs
    method: POST
  response:
    body: '{"backend_count":0,"created_at":"2023-07-03T20:18:30.303218778Z","description":"","frontend_count":0,"id":"a6ef5464-8f83-428f-9707-2b71f23c62be","instances":[],"ip":[{"id":"86df9ff8-7a77-492d-9b03-4f6205127499","ip_address":"195.154.197.174","lb_id":"a6ef5464-8f83-428f-9707-2b71f23c62be","organization_id":"564aa517-68b0-4fd7-8c8c-d21c4bcdcbd5","project_id":"564aa517-68b0-4fd7-8c8c-d21c4bcdcbd5","region":"fr-par","reverse":"195-154-197-174.lb.fr-par.scw.cloud","zone":"fr-par-1"}],"name":"test-lb","organization_id":"564aa517-68b0-4fd7-8c8c-d21c4bcdcbd5","private_network_count":0,"project_id":"564aa517-68b0-4fd7-8c8c-d21c4bcdcbd5","region":"fr-par","route_count":0,"ssl_compatibility_level":"ssl_compatibility_level_intermediate","status":"to_create","subscriber":null,"tags":[],"type":"lb-s","updated_at":"2023-07-03T20:18:30.303218778Z","zone":"fr-par-1"}'
    headers:
      Content-Length:
      - "862"
      Content-Security-Policy:
      - default-src 'none'; frame-ancestors 'none'
      Content-Type:
      - application/json
      Date:
      - Mon, 03 Jul 2023 20:18:30 GMT
      Server:
      - Scaleway API-Gateway
      Strict-Transport-Security:
      - max-age=63072000
      X-Content-Type-Options:
      - nosniff
      X-Frame-Options:
      - DENY
      X-Request-Id:
      - d741b84c-a6f3-4f2f-8211-e12b026b7834
    status: 200 OK
    code: 200
    duration: ""
- request:
    body: ""
    form: {}
    headers:
      User-Agent:
      - scaleway-sdk-go/v1.0.0-beta.7+dev (go1.20.4; darwin; amd64) terraform-provider/develop
        terraform/terraform-tests
    url: https://api.scaleway.com/lb/v1/zones/fr-par-1/lbs/a6ef5464-8f83-428f-9707-2b71f23c62be
    method: GET
  response:
    body: '{"backend_count":0,"created_at":"2023-07-03T20:18:30.303219Z","description":"","frontend_count":0,"id":"a6ef5464-8f83-428f-9707-2b71f23c62be","instances":[{"created_at":"2023-07-03T20:17:24.721494Z","id":"98f9070c-36de-42b2-8d02-6624598ed8b6","ip_address":"10.74.110.67","region":"fr-par","status":"unknown","updated_at":"2023-07-03T20:18:30.512094Z","zone":"fr-par-1"}],"ip":[{"id":"86df9ff8-7a77-492d-9b03-4f6205127499","ip_address":"195.154.197.174","lb_id":"a6ef5464-8f83-428f-9707-2b71f23c62be","organization_id":"564aa517-68b0-4fd7-8c8c-d21c4bcdcbd5","project_id":"564aa517-68b0-4fd7-8c8c-d21c4bcdcbd5","region":"fr-par","reverse":"195-154-197-174.lb.fr-par.scw.cloud","zone":"fr-par-1"}],"name":"test-lb","organization_id":"564aa517-68b0-4fd7-8c8c-d21c4bcdcbd5","private_network_count":0,"project_id":"564aa517-68b0-4fd7-8c8c-d21c4bcdcbd5","region":"fr-par","route_count":0,"ssl_compatibility_level":"ssl_compatibility_level_intermediate","status":"creating","subscriber":null,"tags":[],"type":"lb-s","updated_at":"2023-07-03T20:18:30.526588Z","zone":"fr-par-1"}'
    headers:
      Content-Length:
      - "1069"
      Content-Security-Policy:
      - default-src 'none'; frame-ancestors 'none'
      Content-Type:
      - application/json
      Date:
      - Mon, 03 Jul 2023 20:18:30 GMT
      Server:
      - Scaleway API-Gateway
      Strict-Transport-Security:
      - max-age=63072000
      X-Content-Type-Options:
      - nosniff
      X-Frame-Options:
      - DENY
      X-Request-Id:
      - 57e616af-6f36-4260-8835-0b77fc659945
    status: 200 OK
    code: 200
    duration: ""
- request:
    body: ""
    form: {}
    headers:
      User-Agent:
      - scaleway-sdk-go/v1.0.0-beta.7+dev (go1.20.4; darwin; amd64) terraform-provider/develop
        terraform/terraform-tests
    url: https://api.scaleway.com/lb/v1/zones/fr-par-1/lbs/a6ef5464-8f83-428f-9707-2b71f23c62be
    method: GET
  response:
    body: '{"backend_count":0,"created_at":"2023-07-03T20:18:30.303219Z","description":"","frontend_count":0,"id":"a6ef5464-8f83-428f-9707-2b71f23c62be","instances":[{"created_at":"2023-07-03T20:17:24.721494Z","id":"98f9070c-36de-42b2-8d02-6624598ed8b6","ip_address":"10.74.110.67","region":"fr-par","status":"ready","updated_at":"2023-07-03T20:18:31.611270Z","zone":"fr-par-1"}],"ip":[{"id":"86df9ff8-7a77-492d-9b03-4f6205127499","ip_address":"195.154.197.174","lb_id":"a6ef5464-8f83-428f-9707-2b71f23c62be","organization_id":"564aa517-68b0-4fd7-8c8c-d21c4bcdcbd5","project_id":"564aa517-68b0-4fd7-8c8c-d21c4bcdcbd5","region":"fr-par","reverse":"195-154-197-174.lb.fr-par.scw.cloud","zone":"fr-par-1"}],"name":"test-lb","organization_id":"564aa517-68b0-4fd7-8c8c-d21c4bcdcbd5","private_network_count":0,"project_id":"564aa517-68b0-4fd7-8c8c-d21c4bcdcbd5","region":"fr-par","route_count":0,"ssl_compatibility_level":"ssl_compatibility_level_intermediate","status":"ready","subscriber":null,"tags":[],"type":"lb-s","updated_at":"2023-07-03T20:18:32.627294Z","zone":"fr-par-1"}'
    headers:
      Content-Length:
      - "1064"
      Content-Security-Policy:
      - default-src 'none'; frame-ancestors 'none'
      Content-Type:
      - application/json
      Date:
      - Mon, 03 Jul 2023 20:19:00 GMT
      Server:
      - Scaleway API-Gateway
      Strict-Transport-Security:
      - max-age=63072000
      X-Content-Type-Options:
      - nosniff
      X-Frame-Options:
      - DENY
      X-Request-Id:
      - 03a9841d-5dc8-42cd-a45b-7c79522a80ce
    status: 200 OK
    code: 200
    duration: ""
- request:
    body: ""
    form: {}
    headers:
      User-Agent:
      - scaleway-sdk-go/v1.0.0-beta.7+dev (go1.20.4; darwin; amd64) terraform-provider/develop
        terraform/terraform-tests
    url: https://api.scaleway.com/lb/v1/zones/fr-par-1/lbs/a6ef5464-8f83-428f-9707-2b71f23c62be
    method: GET
  response:
    body: '{"backend_count":0,"created_at":"2023-07-03T20:18:30.303219Z","description":"","frontend_count":0,"id":"a6ef5464-8f83-428f-9707-2b71f23c62be","instances":[{"created_at":"2023-07-03T20:17:24.721494Z","id":"98f9070c-36de-42b2-8d02-6624598ed8b6","ip_address":"10.74.110.67","region":"fr-par","status":"ready","updated_at":"2023-07-03T20:18:31.611270Z","zone":"fr-par-1"}],"ip":[{"id":"86df9ff8-7a77-492d-9b03-4f6205127499","ip_address":"195.154.197.174","lb_id":"a6ef5464-8f83-428f-9707-2b71f23c62be","organization_id":"564aa517-68b0-4fd7-8c8c-d21c4bcdcbd5","project_id":"564aa517-68b0-4fd7-8c8c-d21c4bcdcbd5","region":"fr-par","reverse":"195-154-197-174.lb.fr-par.scw.cloud","zone":"fr-par-1"}],"name":"test-lb","organization_id":"564aa517-68b0-4fd7-8c8c-d21c4bcdcbd5","private_network_count":0,"project_id":"564aa517-68b0-4fd7-8c8c-d21c4bcdcbd5","region":"fr-par","route_count":0,"ssl_compatibility_level":"ssl_compatibility_level_intermediate","status":"ready","subscriber":null,"tags":[],"type":"lb-s","updated_at":"2023-07-03T20:18:32.627294Z","zone":"fr-par-1"}'
    headers:
      Content-Length:
      - "1064"
      Content-Security-Policy:
      - default-src 'none'; frame-ancestors 'none'
      Content-Type:
      - application/json
      Date:
      - Mon, 03 Jul 2023 20:19:00 GMT
      Server:
      - Scaleway API-Gateway
      Strict-Transport-Security:
      - max-age=63072000
      X-Content-Type-Options:
      - nosniff
      X-Frame-Options:
      - DENY
      X-Request-Id:
      - 57089e0c-5253-4181-8279-301145374a54
    status: 200 OK
    code: 200
    duration: ""
- request:
    body: ""
    form: {}
    headers:
      User-Agent:
      - scaleway-sdk-go/v1.0.0-beta.7+dev (go1.20.4; darwin; amd64) terraform-provider/develop
        terraform/terraform-tests
    url: https://api.scaleway.com/lb/v1/zones/fr-par-1/lbs/a6ef5464-8f83-428f-9707-2b71f23c62be/private-networks?order_by=created_at_asc
    method: GET
  response:
    body: '{"private_network":[],"total_count":0}'
    headers:
      Content-Length:
      - "38"
      Content-Security-Policy:
      - default-src 'none'; frame-ancestors 'none'
      Content-Type:
      - application/json
      Date:
      - Mon, 03 Jul 2023 20:19:00 GMT
      Server:
      - Scaleway API-Gateway
      Strict-Transport-Security:
      - max-age=63072000
      X-Content-Type-Options:
      - nosniff
      X-Frame-Options:
      - DENY
      X-Request-Id:
      - 498c4cb1-9ba6-49da-9b89-67dea86fe1d4
    status: 200 OK
    code: 200
    duration: ""
- request:
    body: ""
    form: {}
    headers:
      User-Agent:
      - scaleway-sdk-go/v1.0.0-beta.7+dev (go1.20.4; darwin; amd64) terraform-provider/develop
        terraform/terraform-tests
    url: https://api.scaleway.com/lb/v1/zones/fr-par-1/lbs/a6ef5464-8f83-428f-9707-2b71f23c62be
    method: GET
  response:
    body: '{"backend_count":0,"created_at":"2023-07-03T20:18:30.303219Z","description":"","frontend_count":0,"id":"a6ef5464-8f83-428f-9707-2b71f23c62be","instances":[{"created_at":"2023-07-03T20:17:24.721494Z","id":"98f9070c-36de-42b2-8d02-6624598ed8b6","ip_address":"10.74.110.67","region":"fr-par","status":"ready","updated_at":"2023-07-03T20:18:31.611270Z","zone":"fr-par-1"}],"ip":[{"id":"86df9ff8-7a77-492d-9b03-4f6205127499","ip_address":"195.154.197.174","lb_id":"a6ef5464-8f83-428f-9707-2b71f23c62be","organization_id":"564aa517-68b0-4fd7-8c8c-d21c4bcdcbd5","project_id":"564aa517-68b0-4fd7-8c8c-d21c4bcdcbd5","region":"fr-par","reverse":"195-154-197-174.lb.fr-par.scw.cloud","zone":"fr-par-1"}],"name":"test-lb","organization_id":"564aa517-68b0-4fd7-8c8c-d21c4bcdcbd5","private_network_count":0,"project_id":"564aa517-68b0-4fd7-8c8c-d21c4bcdcbd5","region":"fr-par","route_count":0,"ssl_compatibility_level":"ssl_compatibility_level_intermediate","status":"ready","subscriber":null,"tags":[],"type":"lb-s","updated_at":"2023-07-03T20:18:32.627294Z","zone":"fr-par-1"}'
    headers:
      Content-Length:
      - "1064"
      Content-Security-Policy:
      - default-src 'none'; frame-ancestors 'none'
      Content-Type:
      - application/json
      Date:
      - Mon, 03 Jul 2023 20:19:00 GMT
      Server:
      - Scaleway API-Gateway
      Strict-Transport-Security:
      - max-age=63072000
      X-Content-Type-Options:
      - nosniff
      X-Frame-Options:
      - DENY
      X-Request-Id:
      - 839f2012-cb38-4eff-81f5-0e978ab45282
    status: 200 OK
    code: 200
    duration: ""
- request:
    body: '{"name":"tf-lb-bkd-keen-aryabhata","forward_protocol":"http","forward_port":80,"forward_port_algorithm":"roundrobin","sticky_sessions":"none","sticky_sessions_cookie_name":"","health_check":{"port":80,"check_max_retries":2,"check_send_proxy":false,"transient_check_delay":"0.500000000s","check_delay":60000,"check_timeout":30000},"server_ip":null,"on_marked_down_action":"on_marked_down_action_none","proxy_protocol":"proxy_protocol_none","failover_host":null,"ssl_bridging":false,"ignore_ssl_server_verify":false,"redispatch_attempt_count":null,"max_retries":3,"max_connections":null,"timeout_queue":"0.000000000s","timeout_server":300000,"timeout_connect":5000,"timeout_tunnel":900000}'
    form: {}
    headers:
      Content-Type:
      - application/json
      User-Agent:
      - scaleway-sdk-go/v1.0.0-beta.7+dev (go1.20.4; darwin; amd64) terraform-provider/develop
        terraform/terraform-tests
    url: https://api.scaleway.com/lb/v1/zones/fr-par-1/lbs/a6ef5464-8f83-428f-9707-2b71f23c62be/backends
    method: POST
  response:
    body: '{"created_at":"2023-07-03T20:19:01.079082675Z","failover_host":null,"forward_port":80,"forward_port_algorithm":"roundrobin","forward_protocol":"http","health_check":{"check_delay":60000,"check_max_retries":2,"check_send_proxy":false,"check_timeout":30000,"port":80,"tcp_config":{},"transient_check_delay":"0.500s"},"id":"da7ba5df-6c6e-4961-8b7b-2293b5660b18","ignore_ssl_server_verify":false,"lb":{"backend_count":1,"created_at":"2023-07-03T20:18:30.303219Z","description":"","frontend_count":0,"id":"a6ef5464-8f83-428f-9707-2b71f23c62be","instances":[{"created_at":"2023-07-03T20:17:24.721494Z","id":"98f9070c-36de-42b2-8d02-6624598ed8b6","ip_address":"10.74.110.67","region":"fr-par","status":"pending","updated_at":"2023-07-03T20:19:01.104392174Z","zone":"fr-par-1"}],"ip":[{"id":"86df9ff8-7a77-492d-9b03-4f6205127499","ip_address":"195.154.197.174","lb_id":"a6ef5464-8f83-428f-9707-2b71f23c62be","organization_id":"564aa517-68b0-4fd7-8c8c-d21c4bcdcbd5","project_id":"564aa517-68b0-4fd7-8c8c-d21c4bcdcbd5","region":"fr-par","reverse":"195-154-197-174.lb.fr-par.scw.cloud","zone":"fr-par-1"}],"name":"test-lb","organization_id":"564aa517-68b0-4fd7-8c8c-d21c4bcdcbd5","private_network_count":0,"project_id":"564aa517-68b0-4fd7-8c8c-d21c4bcdcbd5","region":"fr-par","route_count":0,"ssl_compatibility_level":"ssl_compatibility_level_intermediate","status":"ready","subscriber":null,"tags":[],"type":"lb-s","updated_at":"2023-07-03T20:18:32.627294Z","zone":"fr-par-1"},"max_connections":null,"max_retries":3,"name":"tf-lb-bkd-keen-aryabhata","on_marked_down_action":"on_marked_down_action_none","pool":[],"proxy_protocol":"proxy_protocol_none","redispatch_attempt_count":null,"send_proxy_v2":false,"ssl_bridging":false,"sticky_sessions":"none","sticky_sessions_cookie_name":"","timeout_connect":5000,"timeout_queue":"0s","timeout_server":300000,"timeout_tunnel":900000,"updated_at":"2023-07-03T20:19:01.079082675Z"}'
    headers:
      Content-Length:
      - "1913"
      Content-Security-Policy:
      - default-src 'none'; frame-ancestors 'none'
      Content-Type:
      - application/json
      Date:
      - Mon, 03 Jul 2023 20:19:01 GMT
      Server:
      - Scaleway API-Gateway
      Strict-Transport-Security:
      - max-age=63072000
      X-Content-Type-Options:
      - nosniff
      X-Frame-Options:
      - DENY
      X-Request-Id:
      - 87841a2d-eb3b-409f-8c77-61a7177f679d
    status: 200 OK
    code: 200
    duration: ""
- request:
    body: ""
    form: {}
    headers:
      User-Agent:
      - scaleway-sdk-go/v1.0.0-beta.7+dev (go1.20.4; darwin; amd64) terraform-provider/develop
        terraform/terraform-tests
    url: https://api.scaleway.com/lb/v1/zones/fr-par-1/lbs/a6ef5464-8f83-428f-9707-2b71f23c62be
    method: GET
  response:
    body: '{"backend_count":1,"created_at":"2023-07-03T20:18:30.303219Z","description":"","frontend_count":0,"id":"a6ef5464-8f83-428f-9707-2b71f23c62be","instances":[{"created_at":"2023-07-03T20:17:24.721494Z","id":"98f9070c-36de-42b2-8d02-6624598ed8b6","ip_address":"10.74.110.67","region":"fr-par","status":"pending","updated_at":"2023-07-03T20:19:01.104392Z","zone":"fr-par-1"}],"ip":[{"id":"86df9ff8-7a77-492d-9b03-4f6205127499","ip_address":"195.154.197.174","lb_id":"a6ef5464-8f83-428f-9707-2b71f23c62be","organization_id":"564aa517-68b0-4fd7-8c8c-d21c4bcdcbd5","project_id":"564aa517-68b0-4fd7-8c8c-d21c4bcdcbd5","region":"fr-par","reverse":"195-154-197-174.lb.fr-par.scw.cloud","zone":"fr-par-1"}],"name":"test-lb","organization_id":"564aa517-68b0-4fd7-8c8c-d21c4bcdcbd5","private_network_count":0,"project_id":"564aa517-68b0-4fd7-8c8c-d21c4bcdcbd5","region":"fr-par","route_count":0,"ssl_compatibility_level":"ssl_compatibility_level_intermediate","status":"ready","subscriber":null,"tags":[],"type":"lb-s","updated_at":"2023-07-03T20:18:32.627294Z","zone":"fr-par-1"}'
    headers:
      Content-Length:
      - "1066"
      Content-Security-Policy:
      - default-src 'none'; frame-ancestors 'none'
      Content-Type:
      - application/json
      Date:
      - Mon, 03 Jul 2023 20:19:01 GMT
      Server:
      - Scaleway API-Gateway
      Strict-Transport-Security:
      - max-age=63072000
      X-Content-Type-Options:
      - nosniff
      X-Frame-Options:
      - DENY
      X-Request-Id:
      - 772ba241-c833-4a27-8c9b-b2120d932114
    status: 200 OK
    code: 200
    duration: ""
- request:
    body: ""
    form: {}
    headers:
      User-Agent:
      - scaleway-sdk-go/v1.0.0-beta.7+dev (go1.20.4; darwin; amd64) terraform-provider/develop
        terraform/terraform-tests
    url: https://api.scaleway.com/lb/v1/zones/fr-par-1/backends/da7ba5df-6c6e-4961-8b7b-2293b5660b18
    method: GET
  response:
    body: '{"created_at":"2023-07-03T20:19:01.079083Z","failover_host":null,"forward_port":80,"forward_port_algorithm":"roundrobin","forward_protocol":"http","health_check":{"check_delay":60000,"check_max_retries":2,"check_send_proxy":false,"check_timeout":30000,"port":80,"tcp_config":{},"transient_check_delay":"0.500s"},"id":"da7ba5df-6c6e-4961-8b7b-2293b5660b18","ignore_ssl_server_verify":false,"lb":{"backend_count":1,"created_at":"2023-07-03T20:18:30.303219Z","description":"","frontend_count":0,"id":"a6ef5464-8f83-428f-9707-2b71f23c62be","instances":[{"created_at":"2023-07-03T20:17:24.721494Z","id":"98f9070c-36de-42b2-8d02-6624598ed8b6","ip_address":"10.74.110.67","region":"fr-par","status":"ready","updated_at":"2023-07-03T20:19:01.313475Z","zone":"fr-par-1"}],"ip":[{"id":"86df9ff8-7a77-492d-9b03-4f6205127499","ip_address":"195.154.197.174","lb_id":"a6ef5464-8f83-428f-9707-2b71f23c62be","organization_id":"564aa517-68b0-4fd7-8c8c-d21c4bcdcbd5","project_id":"564aa517-68b0-4fd7-8c8c-d21c4bcdcbd5","region":"fr-par","reverse":"195-154-197-174.lb.fr-par.scw.cloud","zone":"fr-par-1"}],"name":"test-lb","organization_id":"564aa517-68b0-4fd7-8c8c-d21c4bcdcbd5","private_network_count":0,"project_id":"564aa517-68b0-4fd7-8c8c-d21c4bcdcbd5","region":"fr-par","route_count":0,"ssl_compatibility_level":"ssl_compatibility_level_intermediate","status":"ready","subscriber":null,"tags":[],"type":"lb-s","updated_at":"2023-07-03T20:18:32.627294Z","zone":"fr-par-1"},"max_connections":null,"max_retries":3,"name":"tf-lb-bkd-keen-aryabhata","on_marked_down_action":"on_marked_down_action_none","pool":[],"proxy_protocol":"proxy_protocol_none","redispatch_attempt_count":null,"send_proxy_v2":false,"ssl_bridging":false,"sticky_sessions":"none","sticky_sessions_cookie_name":"","timeout_connect":5000,"timeout_queue":"0s","timeout_server":300000,"timeout_tunnel":900000,"updated_at":"2023-07-03T20:19:01.079083Z"}'
    headers:
      Content-Length:
      - "1902"
      Content-Security-Policy:
      - default-src 'none'; frame-ancestors 'none'
      Content-Type:
      - application/json
      Date:
      - Mon, 03 Jul 2023 20:19:01 GMT
      Server:
      - Scaleway API-Gateway
      Strict-Transport-Security:
      - max-age=63072000
      X-Content-Type-Options:
      - nosniff
      X-Frame-Options:
      - DENY
      X-Request-Id:
      - fa1c067a-a212-4486-a09a-4682319accc5
    status: 200 OK
    code: 200
    duration: ""
- request:
    body: ""
    form: {}
    headers:
      User-Agent:
      - scaleway-sdk-go/v1.0.0-beta.7+dev (go1.20.4; darwin; amd64) terraform-provider/develop
        terraform/terraform-tests
    url: https://api.scaleway.com/lb/v1/zones/fr-par-1/lbs/a6ef5464-8f83-428f-9707-2b71f23c62be
    method: GET
  response:
    body: '{"backend_count":1,"created_at":"2023-07-03T20:18:30.303219Z","description":"","frontend_count":0,"id":"a6ef5464-8f83-428f-9707-2b71f23c62be","instances":[{"created_at":"2023-07-03T20:17:24.721494Z","id":"98f9070c-36de-42b2-8d02-6624598ed8b6","ip_address":"10.74.110.67","region":"fr-par","status":"ready","updated_at":"2023-07-03T20:19:01.313475Z","zone":"fr-par-1"}],"ip":[{"id":"86df9ff8-7a77-492d-9b03-4f6205127499","ip_address":"195.154.197.174","lb_id":"a6ef5464-8f83-428f-9707-2b71f23c62be","organization_id":"564aa517-68b0-4fd7-8c8c-d21c4bcdcbd5","project_id":"564aa517-68b0-4fd7-8c8c-d21c4bcdcbd5","region":"fr-par","reverse":"195-154-197-174.lb.fr-par.scw.cloud","zone":"fr-par-1"}],"name":"test-lb","organization_id":"564aa517-68b0-4fd7-8c8c-d21c4bcdcbd5","private_network_count":0,"project_id":"564aa517-68b0-4fd7-8c8c-d21c4bcdcbd5","region":"fr-par","route_count":0,"ssl_compatibility_level":"ssl_compatibility_level_intermediate","status":"ready","subscriber":null,"tags":[],"type":"lb-s","updated_at":"2023-07-03T20:18:32.627294Z","zone":"fr-par-1"}'
    headers:
      Content-Length:
      - "1064"
      Content-Security-Policy:
      - default-src 'none'; frame-ancestors 'none'
      Content-Type:
      - application/json
      Date:
      - Mon, 03 Jul 2023 20:19:01 GMT
      Server:
      - Scaleway API-Gateway
      Strict-Transport-Security:
      - max-age=63072000
      X-Content-Type-Options:
      - nosniff
      X-Frame-Options:
      - DENY
      X-Request-Id:
      - 5b969720-82af-472e-8828-d843bca8bb48
    status: 200 OK
    code: 200
    duration: ""
- request:
    body: ""
    form: {}
    headers:
      User-Agent:
      - scaleway-sdk-go/v1.0.0-beta.7+dev (go1.20.4; darwin; amd64) terraform-provider/develop
        terraform/terraform-tests
    url: https://api.scaleway.com/lb/v1/zones/fr-par-1/lbs/a6ef5464-8f83-428f-9707-2b71f23c62be
    method: GET
  response:
    body: '{"backend_count":1,"created_at":"2023-07-03T20:18:30.303219Z","description":"","frontend_count":0,"id":"a6ef5464-8f83-428f-9707-2b71f23c62be","instances":[{"created_at":"2023-07-03T20:17:24.721494Z","id":"98f9070c-36de-42b2-8d02-6624598ed8b6","ip_address":"10.74.110.67","region":"fr-par","status":"ready","updated_at":"2023-07-03T20:19:01.313475Z","zone":"fr-par-1"}],"ip":[{"id":"86df9ff8-7a77-492d-9b03-4f6205127499","ip_address":"195.154.197.174","lb_id":"a6ef5464-8f83-428f-9707-2b71f23c62be","organization_id":"564aa517-68b0-4fd7-8c8c-d21c4bcdcbd5","project_id":"564aa517-68b0-4fd7-8c8c-d21c4bcdcbd5","region":"fr-par","reverse":"195-154-197-174.lb.fr-par.scw.cloud","zone":"fr-par-1"}],"name":"test-lb","organization_id":"564aa517-68b0-4fd7-8c8c-d21c4bcdcbd5","private_network_count":0,"project_id":"564aa517-68b0-4fd7-8c8c-d21c4bcdcbd5","region":"fr-par","route_count":0,"ssl_compatibility_level":"ssl_compatibility_level_intermediate","status":"ready","subscriber":null,"tags":[],"type":"lb-s","updated_at":"2023-07-03T20:18:32.627294Z","zone":"fr-par-1"}'
    headers:
      Content-Length:
      - "1064"
      Content-Security-Policy:
      - default-src 'none'; frame-ancestors 'none'
      Content-Type:
      - application/json
      Date:
      - Mon, 03 Jul 2023 20:19:01 GMT
      Server:
      - Scaleway API-Gateway
      Strict-Transport-Security:
      - max-age=63072000
      X-Content-Type-Options:
      - nosniff
      X-Frame-Options:
      - DENY
      X-Request-Id:
      - 797c008c-2637-4c47-b582-541cb6c5d5f4
    status: 200 OK
    code: 200
    duration: ""
- request:
    body: '{"name":"tf-frontend-datasource0","inbound_port":50000,"backend_id":"da7ba5df-6c6e-4961-8b7b-2293b5660b18","certificate_ids":null,"enable_http3":false,"timeout_client":null}'
    form: {}
    headers:
      Content-Type:
      - application/json
      User-Agent:
      - scaleway-sdk-go/v1.0.0-beta.7+dev (go1.20.4; darwin; amd64) terraform-provider/develop
        terraform/terraform-tests
    url: https://api.scaleway.com/lb/v1/zones/fr-par-1/lbs/a6ef5464-8f83-428f-9707-2b71f23c62be/frontends
    method: POST
  response:
    body: '{"backend":{"created_at":"2023-07-03T20:19:01.079083Z","failover_host":null,"forward_port":80,"forward_port_algorithm":"roundrobin","forward_protocol":"http","health_check":{"check_delay":60000,"check_max_retries":2,"check_send_proxy":false,"check_timeout":30000,"port":80,"tcp_config":{},"transient_check_delay":"0.500s"},"id":"da7ba5df-6c6e-4961-8b7b-2293b5660b18","ignore_ssl_server_verify":false,"lb":{"backend_count":1,"created_at":"2023-07-03T20:18:30.303219Z","description":"","frontend_count":1,"id":"a6ef5464-8f83-428f-9707-2b71f23c62be","instances":[],"ip":[{"id":"86df9ff8-7a77-492d-9b03-4f6205127499","ip_address":"195.154.197.174","lb_id":"a6ef5464-8f83-428f-9707-2b71f23c62be","organization_id":"564aa517-68b0-4fd7-8c8c-d21c4bcdcbd5","project_id":"564aa517-68b0-4fd7-8c8c-d21c4bcdcbd5","region":"fr-par","reverse":"195-154-197-174.lb.fr-par.scw.cloud","zone":"fr-par-1"}],"name":"test-lb","organization_id":"564aa517-68b0-4fd7-8c8c-d21c4bcdcbd5","private_network_count":0,"project_id":"564aa517-68b0-4fd7-8c8c-d21c4bcdcbd5","region":"fr-par","route_count":0,"ssl_compatibility_level":"ssl_compatibility_level_intermediate","status":"ready","subscriber":null,"tags":[],"type":"lb-s","updated_at":"2023-07-03T20:18:32.627294Z","zone":"fr-par-1"},"max_connections":null,"max_retries":3,"name":"tf-lb-bkd-keen-aryabhata","on_marked_down_action":"on_marked_down_action_none","pool":[],"proxy_protocol":"proxy_protocol_none","redispatch_attempt_count":null,"send_proxy_v2":false,"ssl_bridging":false,"sticky_sessions":"none","sticky_sessions_cookie_name":"","timeout_connect":5000,"timeout_queue":"0s","timeout_server":300000,"timeout_tunnel":900000,"updated_at":"2023-07-03T20:19:01.079083Z"},"certificate":null,"certificate_ids":[],"created_at":"2023-07-03T20:19:01.734306Z","enable_http3":false,"id":"8454b749-4c8b-4519-be22-d181a6512301","inbound_port":50000,"lb":{"backend_count":1,"created_at":"2023-07-03T20:18:30.303219Z","description":"","frontend_count":1,"id":"a6ef5464-8f83-428f-9707-2b71f23c62be","instances":[{"created_at":"2023-07-03T20:17:24.721494Z","id":"98f9070c-36de-42b2-8d02-6624598ed8b6","ip_address":"10.74.110.67","region":"fr-par","status":"pending","updated_at":"2023-07-03T20:19:01.789136443Z","zone":"fr-par-1"}],"ip":[{"id":"86df9ff8-7a77-492d-9b03-4f6205127499","ip_address":"195.154.197.174","lb_id":"a6ef5464-8f83-428f-9707-2b71f23c62be","organization_id":"564aa517-68b0-4fd7-8c8c-d21c4bcdcbd5","project_id":"564aa517-68b0-4fd7-8c8c-d21c4bcdcbd5","region":"fr-par","reverse":"195-154-197-174.lb.fr-par.scw.cloud","zone":"fr-par-1"}],"name":"test-lb","organization_id":"564aa517-68b0-4fd7-8c8c-d21c4bcdcbd5","private_network_count":0,"project_id":"564aa517-68b0-4fd7-8c8c-d21c4bcdcbd5","region":"fr-par","route_count":0,"ssl_compatibility_level":"ssl_compatibility_level_intermediate","status":"ready","subscriber":null,"tags":[],"type":"lb-s","updated_at":"2023-07-03T20:18:32.627294Z","zone":"fr-par-1"},"name":"tf-frontend-datasource0","timeout_client":null,"updated_at":"2023-07-03T20:19:01.734306Z"}'
    headers:
      Content-Length:
      - "3044"
      Content-Security-Policy:
      - default-src 'none'; frame-ancestors 'none'
      Content-Type:
      - application/json
      Date:
      - Mon, 03 Jul 2023 20:19:01 GMT
      Server:
      - Scaleway API-Gateway
      Strict-Transport-Security:
      - max-age=63072000
      X-Content-Type-Options:
      - nosniff
      X-Frame-Options:
      - DENY
      X-Request-Id:
      - 525fe71e-35c2-4338-8156-fc21252d5e40
    status: 200 OK
    code: 200
    duration: ""
- request:
    body: ""
    form: {}
    headers:
      User-Agent:
      - scaleway-sdk-go/v1.0.0-beta.7+dev (go1.20.4; darwin; amd64) terraform-provider/develop
        terraform/terraform-tests
    url: https://api.scaleway.com/lb/v1/zones/fr-par-1/lbs/a6ef5464-8f83-428f-9707-2b71f23c62be
    method: GET
  response:
    body: '{"backend_count":1,"created_at":"2023-07-03T20:18:30.303219Z","description":"","frontend_count":1,"id":"a6ef5464-8f83-428f-9707-2b71f23c62be","instances":[{"created_at":"2023-07-03T20:17:24.721494Z","id":"98f9070c-36de-42b2-8d02-6624598ed8b6","ip_address":"10.74.110.67","region":"fr-par","status":"pending","updated_at":"2023-07-03T20:19:01.789136Z","zone":"fr-par-1"}],"ip":[{"id":"86df9ff8-7a77-492d-9b03-4f6205127499","ip_address":"195.154.197.174","lb_id":"a6ef5464-8f83-428f-9707-2b71f23c62be","organization_id":"564aa517-68b0-4fd7-8c8c-d21c4bcdcbd5","project_id":"564aa517-68b0-4fd7-8c8c-d21c4bcdcbd5","region":"fr-par","reverse":"195-154-197-174.lb.fr-par.scw.cloud","zone":"fr-par-1"}],"name":"test-lb","organization_id":"564aa517-68b0-4fd7-8c8c-d21c4bcdcbd5","private_network_count":0,"project_id":"564aa517-68b0-4fd7-8c8c-d21c4bcdcbd5","region":"fr-par","route_count":0,"ssl_compatibility_level":"ssl_compatibility_level_intermediate","status":"ready","subscriber":null,"tags":[],"type":"lb-s","updated_at":"2023-07-03T20:18:32.627294Z","zone":"fr-par-1"}'
    headers:
      Content-Length:
      - "1066"
      Content-Security-Policy:
      - default-src 'none'; frame-ancestors 'none'
      Content-Type:
      - application/json
      Date:
      - Mon, 03 Jul 2023 20:19:01 GMT
      Server:
      - Scaleway API-Gateway
      Strict-Transport-Security:
      - max-age=63072000
      X-Content-Type-Options:
      - nosniff
      X-Frame-Options:
      - DENY
      X-Request-Id:
      - 74a39f67-78d1-4e39-90dc-f0dc8d1ff5b1
    status: 200 OK
    code: 200
    duration: ""
- request:
    body: '{"name":"tf-frontend-datasource0","inbound_port":50000,"backend_id":"da7ba5df-6c6e-4961-8b7b-2293b5660b18","certificate_ids":null,"enable_http3":false,"timeout_client":null}'
    form: {}
    headers:
      Content-Type:
      - application/json
      User-Agent:
      - scaleway-sdk-go/v1.0.0-beta.7+dev (go1.20.4; darwin; amd64) terraform-provider/develop
        terraform/terraform-tests
    url: https://api.scaleway.com/lb/v1/zones/fr-par-1/frontends/8454b749-4c8b-4519-be22-d181a6512301
    method: PUT
  response:
    body: '{"backend":{"created_at":"2023-07-03T20:19:01.079083Z","failover_host":null,"forward_port":80,"forward_port_algorithm":"roundrobin","forward_protocol":"http","health_check":{"check_delay":60000,"check_max_retries":2,"check_send_proxy":false,"check_timeout":30000,"port":80,"tcp_config":{},"transient_check_delay":"0.500s"},"id":"da7ba5df-6c6e-4961-8b7b-2293b5660b18","ignore_ssl_server_verify":false,"lb":{"backend_count":1,"created_at":"2023-07-03T20:18:30.303219Z","description":"","frontend_count":1,"id":"a6ef5464-8f83-428f-9707-2b71f23c62be","instances":[],"ip":[{"id":"86df9ff8-7a77-492d-9b03-4f6205127499","ip_address":"195.154.197.174","lb_id":"a6ef5464-8f83-428f-9707-2b71f23c62be","organization_id":"564aa517-68b0-4fd7-8c8c-d21c4bcdcbd5","project_id":"564aa517-68b0-4fd7-8c8c-d21c4bcdcbd5","region":"fr-par","reverse":"195-154-197-174.lb.fr-par.scw.cloud","zone":"fr-par-1"}],"name":"test-lb","organization_id":"564aa517-68b0-4fd7-8c8c-d21c4bcdcbd5","private_network_count":0,"project_id":"564aa517-68b0-4fd7-8c8c-d21c4bcdcbd5","region":"fr-par","route_count":0,"ssl_compatibility_level":"ssl_compatibility_level_intermediate","status":"ready","subscriber":null,"tags":[],"type":"lb-s","updated_at":"2023-07-03T20:18:32.627294Z","zone":"fr-par-1"},"max_connections":null,"max_retries":3,"name":"tf-lb-bkd-keen-aryabhata","on_marked_down_action":"on_marked_down_action_none","pool":[],"proxy_protocol":"proxy_protocol_none","redispatch_attempt_count":null,"send_proxy_v2":false,"ssl_bridging":false,"sticky_sessions":"none","sticky_sessions_cookie_name":"","timeout_connect":5000,"timeout_queue":"0s","timeout_server":300000,"timeout_tunnel":900000,"updated_at":"2023-07-03T20:19:01.079083Z"},"certificate":null,"certificate_ids":[],"created_at":"2023-07-03T20:19:01.734306Z","enable_http3":false,"id":"8454b749-4c8b-4519-be22-d181a6512301","inbound_port":50000,"lb":{"backend_count":1,"created_at":"2023-07-03T20:18:30.303219Z","description":"","frontend_count":1,"id":"a6ef5464-8f83-428f-9707-2b71f23c62be","instances":[{"created_at":"2023-07-03T20:17:24.721494Z","id":"98f9070c-36de-42b2-8d02-6624598ed8b6","ip_address":"10.74.110.67","region":"fr-par","status":"pending","updated_at":"2023-07-03T20:19:02.157308248Z","zone":"fr-par-1"}],"ip":[{"id":"86df9ff8-7a77-492d-9b03-4f6205127499","ip_address":"195.154.197.174","lb_id":"a6ef5464-8f83-428f-9707-2b71f23c62be","organization_id":"564aa517-68b0-4fd7-8c8c-d21c4bcdcbd5","project_id":"564aa517-68b0-4fd7-8c8c-d21c4bcdcbd5","region":"fr-par","reverse":"195-154-197-174.lb.fr-par.scw.cloud","zone":"fr-par-1"}],"name":"test-lb","organization_id":"564aa517-68b0-4fd7-8c8c-d21c4bcdcbd5","private_network_count":0,"project_id":"564aa517-68b0-4fd7-8c8c-d21c4bcdcbd5","region":"fr-par","route_count":0,"ssl_compatibility_level":"ssl_compatibility_level_intermediate","status":"ready","subscriber":null,"tags":[],"type":"lb-s","updated_at":"2023-07-03T20:18:32.627294Z","zone":"fr-par-1"},"name":"tf-frontend-datasource0","timeout_client":null,"updated_at":"2023-07-03T20:19:02.124569758Z"}'
    headers:
      Content-Length:
      - "3047"
      Content-Security-Policy:
      - default-src 'none'; frame-ancestors 'none'
      Content-Type:
      - application/json
      Date:
      - Mon, 03 Jul 2023 20:19:02 GMT
      Server:
      - Scaleway API-Gateway
      Strict-Transport-Security:
      - max-age=63072000
      X-Content-Type-Options:
      - nosniff
      X-Frame-Options:
      - DENY
      X-Request-Id:
      - f9734aa9-c42b-4dd3-8730-eb25173a81a0
    status: 200 OK
    code: 200
    duration: ""
- request:
    body: ""
    form: {}
    headers:
      User-Agent:
      - scaleway-sdk-go/v1.0.0-beta.7+dev (go1.20.4; darwin; amd64) terraform-provider/develop
        terraform/terraform-tests
    url: https://api.scaleway.com/lb/v1/zones/fr-par-1/frontends/8454b749-4c8b-4519-be22-d181a6512301/acls?order_by=created_at_asc&page=1
    method: GET
  response:
    body: '{"acls":[],"total_count":0}'
    headers:
      Content-Length:
      - "27"
      Content-Security-Policy:
      - default-src 'none'; frame-ancestors 'none'
      Content-Type:
      - application/json
      Date:
      - Mon, 03 Jul 2023 20:19:02 GMT
      Server:
      - Scaleway API-Gateway
      Strict-Transport-Security:
      - max-age=63072000
      X-Content-Type-Options:
      - nosniff
      X-Frame-Options:
      - DENY
      X-Request-Id:
      - 4d328771-1c57-41f1-951e-53a1b0405581
    status: 200 OK
    code: 200
    duration: ""
- request:
    body: ""
    form: {}
    headers:
      User-Agent:
      - scaleway-sdk-go/v1.0.0-beta.7+dev (go1.20.4; darwin; amd64) terraform-provider/develop
        terraform/terraform-tests
    url: https://api.scaleway.com/lb/v1/zones/fr-par-1/frontends/8454b749-4c8b-4519-be22-d181a6512301
    method: GET
  response:
    body: '{"backend":{"created_at":"2023-07-03T20:19:01.079083Z","failover_host":null,"forward_port":80,"forward_port_algorithm":"roundrobin","forward_protocol":"http","health_check":{"check_delay":60000,"check_max_retries":2,"check_send_proxy":false,"check_timeout":30000,"port":80,"tcp_config":{},"transient_check_delay":"0.500s"},"id":"da7ba5df-6c6e-4961-8b7b-2293b5660b18","ignore_ssl_server_verify":false,"lb":{"backend_count":1,"created_at":"2023-07-03T20:18:30.303219Z","description":"","frontend_count":1,"id":"a6ef5464-8f83-428f-9707-2b71f23c62be","instances":[],"ip":[{"id":"86df9ff8-7a77-492d-9b03-4f6205127499","ip_address":"195.154.197.174","lb_id":"a6ef5464-8f83-428f-9707-2b71f23c62be","organization_id":"564aa517-68b0-4fd7-8c8c-d21c4bcdcbd5","project_id":"564aa517-68b0-4fd7-8c8c-d21c4bcdcbd5","region":"fr-par","reverse":"195-154-197-174.lb.fr-par.scw.cloud","zone":"fr-par-1"}],"name":"test-lb","organization_id":"564aa517-68b0-4fd7-8c8c-d21c4bcdcbd5","private_network_count":0,"project_id":"564aa517-68b0-4fd7-8c8c-d21c4bcdcbd5","region":"fr-par","route_count":0,"ssl_compatibility_level":"ssl_compatibility_level_intermediate","status":"ready","subscriber":null,"tags":[],"type":"lb-s","updated_at":"2023-07-03T20:18:32.627294Z","zone":"fr-par-1"},"max_connections":null,"max_retries":3,"name":"tf-lb-bkd-keen-aryabhata","on_marked_down_action":"on_marked_down_action_none","pool":[],"proxy_protocol":"proxy_protocol_none","redispatch_attempt_count":null,"send_proxy_v2":false,"ssl_bridging":false,"sticky_sessions":"none","sticky_sessions_cookie_name":"","timeout_connect":5000,"timeout_queue":"0s","timeout_server":300000,"timeout_tunnel":900000,"updated_at":"2023-07-03T20:19:01.079083Z"},"certificate":null,"certificate_ids":[],"created_at":"2023-07-03T20:19:01.734306Z","enable_http3":false,"id":"8454b749-4c8b-4519-be22-d181a6512301","inbound_port":50000,"lb":{"backend_count":1,"created_at":"2023-07-03T20:18:30.303219Z","description":"","frontend_count":1,"id":"a6ef5464-8f83-428f-9707-2b71f23c62be","instances":[],"ip":[{"id":"86df9ff8-7a77-492d-9b03-4f6205127499","ip_address":"195.154.197.174","lb_id":"a6ef5464-8f83-428f-9707-2b71f23c62be","organization_id":"564aa517-68b0-4fd7-8c8c-d21c4bcdcbd5","project_id":"564aa517-68b0-4fd7-8c8c-d21c4bcdcbd5","region":"fr-par","reverse":"195-154-197-174.lb.fr-par.scw.cloud","zone":"fr-par-1"}],"name":"test-lb","organization_id":"564aa517-68b0-4fd7-8c8c-d21c4bcdcbd5","private_network_count":0,"project_id":"564aa517-68b0-4fd7-8c8c-d21c4bcdcbd5","region":"fr-par","route_count":0,"ssl_compatibility_level":"ssl_compatibility_level_intermediate","status":"ready","subscriber":null,"tags":[],"type":"lb-s","updated_at":"2023-07-03T20:18:32.627294Z","zone":"fr-par-1"},"name":"tf-frontend-datasource0","timeout_client":null,"updated_at":"2023-07-03T20:19:02.124570Z"}'
    headers:
      Content-Length:
      - "2827"
      Content-Security-Policy:
      - default-src 'none'; frame-ancestors 'none'
      Content-Type:
      - application/json
      Date:
      - Mon, 03 Jul 2023 20:19:02 GMT
      Server:
      - Scaleway API-Gateway
      Strict-Transport-Security:
      - max-age=63072000
      X-Content-Type-Options:
      - nosniff
      X-Frame-Options:
      - DENY
      X-Request-Id:
      - c665bcf4-58b4-46ce-bd8b-d6600dcfa6d9
    status: 200 OK
    code: 200
    duration: ""
- request:
    body: ""
    form: {}
    headers:
      User-Agent:
      - scaleway-sdk-go/v1.0.0-beta.7+dev (go1.20.4; darwin; amd64) terraform-provider/develop
        terraform/terraform-tests
    url: https://api.scaleway.com/lb/v1/zones/fr-par-1/frontends/8454b749-4c8b-4519-be22-d181a6512301/acls?order_by=created_at_asc&page=1
    method: GET
  response:
    body: '{"acls":[],"total_count":0}'
    headers:
      Content-Length:
      - "27"
      Content-Security-Policy:
      - default-src 'none'; frame-ancestors 'none'
      Content-Type:
      - application/json
      Date:
      - Mon, 03 Jul 2023 20:19:02 GMT
      Server:
      - Scaleway API-Gateway
      Strict-Transport-Security:
      - max-age=63072000
      X-Content-Type-Options:
      - nosniff
      X-Frame-Options:
      - DENY
      X-Request-Id:
      - 74668a99-b6a7-494e-87a9-0247edb8720d
    status: 200 OK
    code: 200
    duration: ""
- request:
    body: ""
    form: {}
    headers:
      User-Agent:
      - scaleway-sdk-go/v1.0.0-beta.7+dev (go1.20.4; darwin; amd64) terraform-provider/develop
        terraform/terraform-tests
    url: https://api.scaleway.com/lb/v1/zones/fr-par-1/ips/86df9ff8-7a77-492d-9b03-4f6205127499
    method: GET
  response:
    body: '{"id":"86df9ff8-7a77-492d-9b03-4f6205127499","ip_address":"195.154.197.174","lb_id":"a6ef5464-8f83-428f-9707-2b71f23c62be","organization_id":"564aa517-68b0-4fd7-8c8c-d21c4bcdcbd5","project_id":"564aa517-68b0-4fd7-8c8c-d21c4bcdcbd5","region":"fr-par","reverse":"195-154-197-174.lb.fr-par.scw.cloud","zone":"fr-par-1"}'
    headers:
      Content-Length:
      - "316"
      Content-Security-Policy:
      - default-src 'none'; frame-ancestors 'none'
      Content-Type:
      - application/json
      Date:
      - Mon, 03 Jul 2023 20:19:03 GMT
      Server:
      - Scaleway API-Gateway
      Strict-Transport-Security:
      - max-age=63072000
      X-Content-Type-Options:
      - nosniff
      X-Frame-Options:
      - DENY
      X-Request-Id:
      - 1edc0b75-3bf9-495f-b00e-870f0b281aaf
    status: 200 OK
    code: 200
    duration: ""
- request:
    body: ""
    form: {}
    headers:
      User-Agent:
      - scaleway-sdk-go/v1.0.0-beta.7+dev (go1.20.4; darwin; amd64) terraform-provider/develop
        terraform/terraform-tests
    url: https://api.scaleway.com/lb/v1/zones/fr-par-1/lbs/a6ef5464-8f83-428f-9707-2b71f23c62be
    method: GET
  response:
    body: '{"backend_count":1,"created_at":"2023-07-03T20:18:30.303219Z","description":"","frontend_count":1,"id":"a6ef5464-8f83-428f-9707-2b71f23c62be","instances":[{"created_at":"2023-07-03T20:17:24.721494Z","id":"98f9070c-36de-42b2-8d02-6624598ed8b6","ip_address":"10.74.110.67","region":"fr-par","status":"ready","updated_at":"2023-07-03T20:19:02.382813Z","zone":"fr-par-1"}],"ip":[{"id":"86df9ff8-7a77-492d-9b03-4f6205127499","ip_address":"195.154.197.174","lb_id":"a6ef5464-8f83-428f-9707-2b71f23c62be","organization_id":"564aa517-68b0-4fd7-8c8c-d21c4bcdcbd5","project_id":"564aa517-68b0-4fd7-8c8c-d21c4bcdcbd5","region":"fr-par","reverse":"195-154-197-174.lb.fr-par.scw.cloud","zone":"fr-par-1"}],"name":"test-lb","organization_id":"564aa517-68b0-4fd7-8c8c-d21c4bcdcbd5","private_network_count":0,"project_id":"564aa517-68b0-4fd7-8c8c-d21c4bcdcbd5","region":"fr-par","route_count":0,"ssl_compatibility_level":"ssl_compatibility_level_intermediate","status":"ready","subscriber":null,"tags":[],"type":"lb-s","updated_at":"2023-07-03T20:18:32.627294Z","zone":"fr-par-1"}'
    headers:
      Content-Length:
      - "1064"
      Content-Security-Policy:
      - default-src 'none'; frame-ancestors 'none'
      Content-Type:
      - application/json
      Date:
      - Mon, 03 Jul 2023 20:19:03 GMT
      Server:
      - Scaleway API-Gateway
      Strict-Transport-Security:
      - max-age=63072000
      X-Content-Type-Options:
      - nosniff
      X-Frame-Options:
      - DENY
      X-Request-Id:
      - b6bdbadf-e7d8-453e-8202-7f063c17de63
    status: 200 OK
    code: 200
    duration: ""
- request:
    body: ""
    form: {}
    headers:
      User-Agent:
      - scaleway-sdk-go/v1.0.0-beta.7+dev (go1.20.4; darwin; amd64) terraform-provider/develop
        terraform/terraform-tests
    url: https://api.scaleway.com/lb/v1/zones/fr-par-1/lbs/a6ef5464-8f83-428f-9707-2b71f23c62be
    method: GET
  response:
    body: '{"backend_count":1,"created_at":"2023-07-03T20:18:30.303219Z","description":"","frontend_count":1,"id":"a6ef5464-8f83-428f-9707-2b71f23c62be","instances":[{"created_at":"2023-07-03T20:17:24.721494Z","id":"98f9070c-36de-42b2-8d02-6624598ed8b6","ip_address":"10.74.110.67","region":"fr-par","status":"ready","updated_at":"2023-07-03T20:19:02.382813Z","zone":"fr-par-1"}],"ip":[{"id":"86df9ff8-7a77-492d-9b03-4f6205127499","ip_address":"195.154.197.174","lb_id":"a6ef5464-8f83-428f-9707-2b71f23c62be","organization_id":"564aa517-68b0-4fd7-8c8c-d21c4bcdcbd5","project_id":"564aa517-68b0-4fd7-8c8c-d21c4bcdcbd5","region":"fr-par","reverse":"195-154-197-174.lb.fr-par.scw.cloud","zone":"fr-par-1"}],"name":"test-lb","organization_id":"564aa517-68b0-4fd7-8c8c-d21c4bcdcbd5","private_network_count":0,"project_id":"564aa517-68b0-4fd7-8c8c-d21c4bcdcbd5","region":"fr-par","route_count":0,"ssl_compatibility_level":"ssl_compatibility_level_intermediate","status":"ready","subscriber":null,"tags":[],"type":"lb-s","updated_at":"2023-07-03T20:18:32.627294Z","zone":"fr-par-1"}'
    headers:
      Content-Length:
      - "1064"
      Content-Security-Policy:
      - default-src 'none'; frame-ancestors 'none'
      Content-Type:
      - application/json
      Date:
      - Mon, 03 Jul 2023 20:19:03 GMT
      Server:
      - Scaleway API-Gateway
      Strict-Transport-Security:
      - max-age=63072000
      X-Content-Type-Options:
      - nosniff
      X-Frame-Options:
      - DENY
      X-Request-Id:
      - 10b1868d-2473-4f5b-b380-fbfd7b76f9c3
    status: 200 OK
    code: 200
    duration: ""
- request:
    body: ""
    form: {}
    headers:
      User-Agent:
      - scaleway-sdk-go/v1.0.0-beta.7+dev (go1.20.4; darwin; amd64) terraform-provider/develop
        terraform/terraform-tests
    url: https://api.scaleway.com/lb/v1/zones/fr-par-1/lbs/a6ef5464-8f83-428f-9707-2b71f23c62be/private-networks?order_by=created_at_asc
    method: GET
  response:
    body: '{"private_network":[],"total_count":0}'
    headers:
      Content-Length:
      - "38"
      Content-Security-Policy:
      - default-src 'none'; frame-ancestors 'none'
      Content-Type:
      - application/json
      Date:
      - Mon, 03 Jul 2023 20:19:03 GMT
      Server:
      - Scaleway API-Gateway
      Strict-Transport-Security:
      - max-age=63072000
      X-Content-Type-Options:
      - nosniff
      X-Frame-Options:
      - DENY
      X-Request-Id:
      - e8687688-b541-47a9-a13b-455d6dd15420
    status: 200 OK
    code: 200
    duration: ""
- request:
    body: ""
    form: {}
    headers:
      User-Agent:
      - scaleway-sdk-go/v1.0.0-beta.7+dev (go1.20.4; darwin; amd64) terraform-provider/develop
        terraform/terraform-tests
    url: https://api.scaleway.com/lb/v1/zones/fr-par-1/backends/da7ba5df-6c6e-4961-8b7b-2293b5660b18
    method: GET
  response:
    body: '{"created_at":"2023-07-03T20:19:01.079083Z","failover_host":null,"forward_port":80,"forward_port_algorithm":"roundrobin","forward_protocol":"http","health_check":{"check_delay":60000,"check_max_retries":2,"check_send_proxy":false,"check_timeout":30000,"port":80,"tcp_config":{},"transient_check_delay":"0.500s"},"id":"da7ba5df-6c6e-4961-8b7b-2293b5660b18","ignore_ssl_server_verify":false,"lb":{"backend_count":1,"created_at":"2023-07-03T20:18:30.303219Z","description":"","frontend_count":1,"id":"a6ef5464-8f83-428f-9707-2b71f23c62be","instances":[{"created_at":"2023-07-03T20:17:24.721494Z","id":"98f9070c-36de-42b2-8d02-6624598ed8b6","ip_address":"10.74.110.67","region":"fr-par","status":"ready","updated_at":"2023-07-03T20:19:02.382813Z","zone":"fr-par-1"}],"ip":[{"id":"86df9ff8-7a77-492d-9b03-4f6205127499","ip_address":"195.154.197.174","lb_id":"a6ef5464-8f83-428f-9707-2b71f23c62be","organization_id":"564aa517-68b0-4fd7-8c8c-d21c4bcdcbd5","project_id":"564aa517-68b0-4fd7-8c8c-d21c4bcdcbd5","region":"fr-par","reverse":"195-154-197-174.lb.fr-par.scw.cloud","zone":"fr-par-1"}],"name":"test-lb","organization_id":"564aa517-68b0-4fd7-8c8c-d21c4bcdcbd5","private_network_count":0,"project_id":"564aa517-68b0-4fd7-8c8c-d21c4bcdcbd5","region":"fr-par","route_count":0,"ssl_compatibility_level":"ssl_compatibility_level_intermediate","status":"ready","subscriber":null,"tags":[],"type":"lb-s","updated_at":"2023-07-03T20:18:32.627294Z","zone":"fr-par-1"},"max_connections":null,"max_retries":3,"name":"tf-lb-bkd-keen-aryabhata","on_marked_down_action":"on_marked_down_action_none","pool":[],"proxy_protocol":"proxy_protocol_none","redispatch_attempt_count":null,"send_proxy_v2":false,"ssl_bridging":false,"sticky_sessions":"none","sticky_sessions_cookie_name":"","timeout_connect":5000,"timeout_queue":"0s","timeout_server":300000,"timeout_tunnel":900000,"updated_at":"2023-07-03T20:19:01.079083Z"}'
    headers:
      Content-Length:
      - "1902"
      Content-Security-Policy:
      - default-src 'none'; frame-ancestors 'none'
      Content-Type:
      - application/json
      Date:
      - Mon, 03 Jul 2023 20:19:03 GMT
      Server:
      - Scaleway API-Gateway
      Strict-Transport-Security:
      - max-age=63072000
      X-Content-Type-Options:
      - nosniff
      X-Frame-Options:
      - DENY
      X-Request-Id:
      - 3ac9c00b-1abe-4dad-9768-5ce95d2cc95f
    status: 200 OK
    code: 200
    duration: ""
- request:
    body: ""
    form: {}
    headers:
      User-Agent:
      - scaleway-sdk-go/v1.0.0-beta.7+dev (go1.20.4; darwin; amd64) terraform-provider/develop
        terraform/terraform-tests
    url: https://api.scaleway.com/lb/v1/zones/fr-par-1/lbs/a6ef5464-8f83-428f-9707-2b71f23c62be
    method: GET
  response:
    body: '{"backend_count":1,"created_at":"2023-07-03T20:18:30.303219Z","description":"","frontend_count":1,"id":"a6ef5464-8f83-428f-9707-2b71f23c62be","instances":[{"created_at":"2023-07-03T20:17:24.721494Z","id":"98f9070c-36de-42b2-8d02-6624598ed8b6","ip_address":"10.74.110.67","region":"fr-par","status":"ready","updated_at":"2023-07-03T20:19:02.382813Z","zone":"fr-par-1"}],"ip":[{"id":"86df9ff8-7a77-492d-9b03-4f6205127499","ip_address":"195.154.197.174","lb_id":"a6ef5464-8f83-428f-9707-2b71f23c62be","organization_id":"564aa517-68b0-4fd7-8c8c-d21c4bcdcbd5","project_id":"564aa517-68b0-4fd7-8c8c-d21c4bcdcbd5","region":"fr-par","reverse":"195-154-197-174.lb.fr-par.scw.cloud","zone":"fr-par-1"}],"name":"test-lb","organization_id":"564aa517-68b0-4fd7-8c8c-d21c4bcdcbd5","private_network_count":0,"project_id":"564aa517-68b0-4fd7-8c8c-d21c4bcdcbd5","region":"fr-par","route_count":0,"ssl_compatibility_level":"ssl_compatibility_level_intermediate","status":"ready","subscriber":null,"tags":[],"type":"lb-s","updated_at":"2023-07-03T20:18:32.627294Z","zone":"fr-par-1"}'
    headers:
      Content-Length:
      - "1064"
      Content-Security-Policy:
      - default-src 'none'; frame-ancestors 'none'
      Content-Type:
      - application/json
      Date:
      - Mon, 03 Jul 2023 20:19:03 GMT
      Server:
      - Scaleway API-Gateway
      Strict-Transport-Security:
      - max-age=63072000
      X-Content-Type-Options:
      - nosniff
      X-Frame-Options:
      - DENY
      X-Request-Id:
      - 4255a6e6-554f-4f86-a894-e1f812c83802
    status: 200 OK
    code: 200
    duration: ""
- request:
    body: ""
    form: {}
    headers:
      User-Agent:
      - scaleway-sdk-go/v1.0.0-beta.7+dev (go1.20.4; darwin; amd64) terraform-provider/develop
        terraform/terraform-tests
    url: https://api.scaleway.com/lb/v1/zones/fr-par-1/frontends/8454b749-4c8b-4519-be22-d181a6512301
    method: GET
  response:
    body: '{"backend":{"created_at":"2023-07-03T20:19:01.079083Z","failover_host":null,"forward_port":80,"forward_port_algorithm":"roundrobin","forward_protocol":"http","health_check":{"check_delay":60000,"check_max_retries":2,"check_send_proxy":false,"check_timeout":30000,"port":80,"tcp_config":{},"transient_check_delay":"0.500s"},"id":"da7ba5df-6c6e-4961-8b7b-2293b5660b18","ignore_ssl_server_verify":false,"lb":{"backend_count":1,"created_at":"2023-07-03T20:18:30.303219Z","description":"","frontend_count":1,"id":"a6ef5464-8f83-428f-9707-2b71f23c62be","instances":[],"ip":[{"id":"86df9ff8-7a77-492d-9b03-4f6205127499","ip_address":"195.154.197.174","lb_id":"a6ef5464-8f83-428f-9707-2b71f23c62be","organization_id":"564aa517-68b0-4fd7-8c8c-d21c4bcdcbd5","project_id":"564aa517-68b0-4fd7-8c8c-d21c4bcdcbd5","region":"fr-par","reverse":"195-154-197-174.lb.fr-par.scw.cloud","zone":"fr-par-1"}],"name":"test-lb","organization_id":"564aa517-68b0-4fd7-8c8c-d21c4bcdcbd5","private_network_count":0,"project_id":"564aa517-68b0-4fd7-8c8c-d21c4bcdcbd5","region":"fr-par","route_count":0,"ssl_compatibility_level":"ssl_compatibility_level_intermediate","status":"ready","subscriber":null,"tags":[],"type":"lb-s","updated_at":"2023-07-03T20:18:32.627294Z","zone":"fr-par-1"},"max_connections":null,"max_retries":3,"name":"tf-lb-bkd-keen-aryabhata","on_marked_down_action":"on_marked_down_action_none","pool":[],"proxy_protocol":"proxy_protocol_none","redispatch_attempt_count":null,"send_proxy_v2":false,"ssl_bridging":false,"sticky_sessions":"none","sticky_sessions_cookie_name":"","timeout_connect":5000,"timeout_queue":"0s","timeout_server":300000,"timeout_tunnel":900000,"updated_at":"2023-07-03T20:19:01.079083Z"},"certificate":null,"certificate_ids":[],"created_at":"2023-07-03T20:19:01.734306Z","enable_http3":false,"id":"8454b749-4c8b-4519-be22-d181a6512301","inbound_port":50000,"lb":{"backend_count":1,"created_at":"2023-07-03T20:18:30.303219Z","description":"","frontend_count":1,"id":"a6ef5464-8f83-428f-9707-2b71f23c62be","instances":[],"ip":[{"id":"86df9ff8-7a77-492d-9b03-4f6205127499","ip_address":"195.154.197.174","lb_id":"a6ef5464-8f83-428f-9707-2b71f23c62be","organization_id":"564aa517-68b0-4fd7-8c8c-d21c4bcdcbd5","project_id":"564aa517-68b0-4fd7-8c8c-d21c4bcdcbd5","region":"fr-par","reverse":"195-154-197-174.lb.fr-par.scw.cloud","zone":"fr-par-1"}],"name":"test-lb","organization_id":"564aa517-68b0-4fd7-8c8c-d21c4bcdcbd5","private_network_count":0,"project_id":"564aa517-68b0-4fd7-8c8c-d21c4bcdcbd5","region":"fr-par","route_count":0,"ssl_compatibility_level":"ssl_compatibility_level_intermediate","status":"ready","subscriber":null,"tags":[],"type":"lb-s","updated_at":"2023-07-03T20:18:32.627294Z","zone":"fr-par-1"},"name":"tf-frontend-datasource0","timeout_client":null,"updated_at":"2023-07-03T20:19:02.124570Z"}'
    headers:
      Content-Length:
      - "2827"
      Content-Security-Policy:
      - default-src 'none'; frame-ancestors 'none'
      Content-Type:
      - application/json
      Date:
      - Mon, 03 Jul 2023 20:19:03 GMT
      Server:
      - Scaleway API-Gateway
      Strict-Transport-Security:
      - max-age=63072000
      X-Content-Type-Options:
      - nosniff
      X-Frame-Options:
      - DENY
      X-Request-Id:
      - e3393f12-0fa1-46fc-bd98-b3f2e1c34ea9
    status: 200 OK
    code: 200
    duration: ""
- request:
    body: ""
    form: {}
    headers:
      User-Agent:
      - scaleway-sdk-go/v1.0.0-beta.7+dev (go1.20.4; darwin; amd64) terraform-provider/develop
        terraform/terraform-tests
    url: https://api.scaleway.com/lb/v1/zones/fr-par-1/frontends/8454b749-4c8b-4519-be22-d181a6512301/acls?order_by=created_at_asc&page=1
    method: GET
  response:
    body: '{"acls":[],"total_count":0}'
    headers:
      Content-Length:
      - "27"
      Content-Security-Policy:
      - default-src 'none'; frame-ancestors 'none'
      Content-Type:
      - application/json
      Date:
      - Mon, 03 Jul 2023 20:19:03 GMT
      Server:
      - Scaleway API-Gateway
      Strict-Transport-Security:
      - max-age=63072000
      X-Content-Type-Options:
      - nosniff
      X-Frame-Options:
      - DENY
      X-Request-Id:
      - b381dc63-cab2-4ff6-8c24-af6cd6f7c3cc
    status: 200 OK
    code: 200
    duration: ""
- request:
    body: ""
    form: {}
    headers:
      User-Agent:
      - scaleway-sdk-go/v1.0.0-beta.7+dev (go1.20.4; darwin; amd64) terraform-provider/develop
        terraform/terraform-tests
    url: https://api.scaleway.com/lb/v1/zones/fr-par-1/ips/86df9ff8-7a77-492d-9b03-4f6205127499
    method: GET
  response:
    body: '{"id":"86df9ff8-7a77-492d-9b03-4f6205127499","ip_address":"195.154.197.174","lb_id":"a6ef5464-8f83-428f-9707-2b71f23c62be","organization_id":"564aa517-68b0-4fd7-8c8c-d21c4bcdcbd5","project_id":"564aa517-68b0-4fd7-8c8c-d21c4bcdcbd5","region":"fr-par","reverse":"195-154-197-174.lb.fr-par.scw.cloud","zone":"fr-par-1"}'
    headers:
      Content-Length:
      - "316"
      Content-Security-Policy:
      - default-src 'none'; frame-ancestors 'none'
      Content-Type:
      - application/json
      Date:
      - Mon, 03 Jul 2023 20:19:04 GMT
      Server:
      - Scaleway API-Gateway
      Strict-Transport-Security:
      - max-age=63072000
      X-Content-Type-Options:
      - nosniff
      X-Frame-Options:
      - DENY
      X-Request-Id:
      - 95a6c43e-ca10-466e-a958-e56df7eafa66
    status: 200 OK
    code: 200
    duration: ""
- request:
    body: ""
    form: {}
    headers:
      User-Agent:
      - scaleway-sdk-go/v1.0.0-beta.7+dev (go1.20.4; darwin; amd64) terraform-provider/develop
        terraform/terraform-tests
    url: https://api.scaleway.com/lb/v1/zones/fr-par-1/lbs/a6ef5464-8f83-428f-9707-2b71f23c62be
    method: GET
  response:
    body: '{"backend_count":1,"created_at":"2023-07-03T20:18:30.303219Z","description":"","frontend_count":1,"id":"a6ef5464-8f83-428f-9707-2b71f23c62be","instances":[{"created_at":"2023-07-03T20:17:24.721494Z","id":"98f9070c-36de-42b2-8d02-6624598ed8b6","ip_address":"10.74.110.67","region":"fr-par","status":"ready","updated_at":"2023-07-03T20:19:02.382813Z","zone":"fr-par-1"}],"ip":[{"id":"86df9ff8-7a77-492d-9b03-4f6205127499","ip_address":"195.154.197.174","lb_id":"a6ef5464-8f83-428f-9707-2b71f23c62be","organization_id":"564aa517-68b0-4fd7-8c8c-d21c4bcdcbd5","project_id":"564aa517-68b0-4fd7-8c8c-d21c4bcdcbd5","region":"fr-par","reverse":"195-154-197-174.lb.fr-par.scw.cloud","zone":"fr-par-1"}],"name":"test-lb","organization_id":"564aa517-68b0-4fd7-8c8c-d21c4bcdcbd5","private_network_count":0,"project_id":"564aa517-68b0-4fd7-8c8c-d21c4bcdcbd5","region":"fr-par","route_count":0,"ssl_compatibility_level":"ssl_compatibility_level_intermediate","status":"ready","subscriber":null,"tags":[],"type":"lb-s","updated_at":"2023-07-03T20:18:32.627294Z","zone":"fr-par-1"}'
    headers:
      Content-Length:
      - "1064"
      Content-Security-Policy:
      - default-src 'none'; frame-ancestors 'none'
      Content-Type:
      - application/json
      Date:
      - Mon, 03 Jul 2023 20:19:04 GMT
      Server:
      - Scaleway API-Gateway
      Strict-Transport-Security:
      - max-age=63072000
      X-Content-Type-Options:
      - nosniff
      X-Frame-Options:
      - DENY
      X-Request-Id:
      - 3849ba5d-551b-4035-a13d-5ef70e672111
    status: 200 OK
    code: 200
    duration: ""
- request:
    body: ""
    form: {}
    headers:
      User-Agent:
      - scaleway-sdk-go/v1.0.0-beta.7+dev (go1.20.4; darwin; amd64) terraform-provider/develop
        terraform/terraform-tests
    url: https://api.scaleway.com/lb/v1/zones/fr-par-1/lbs/a6ef5464-8f83-428f-9707-2b71f23c62be
    method: GET
  response:
    body: '{"backend_count":1,"created_at":"2023-07-03T20:18:30.303219Z","description":"","frontend_count":1,"id":"a6ef5464-8f83-428f-9707-2b71f23c62be","instances":[{"created_at":"2023-07-03T20:17:24.721494Z","id":"98f9070c-36de-42b2-8d02-6624598ed8b6","ip_address":"10.74.110.67","region":"fr-par","status":"ready","updated_at":"2023-07-03T20:19:02.382813Z","zone":"fr-par-1"}],"ip":[{"id":"86df9ff8-7a77-492d-9b03-4f6205127499","ip_address":"195.154.197.174","lb_id":"a6ef5464-8f83-428f-9707-2b71f23c62be","organization_id":"564aa517-68b0-4fd7-8c8c-d21c4bcdcbd5","project_id":"564aa517-68b0-4fd7-8c8c-d21c4bcdcbd5","region":"fr-par","reverse":"195-154-197-174.lb.fr-par.scw.cloud","zone":"fr-par-1"}],"name":"test-lb","organization_id":"564aa517-68b0-4fd7-8c8c-d21c4bcdcbd5","private_network_count":0,"project_id":"564aa517-68b0-4fd7-8c8c-d21c4bcdcbd5","region":"fr-par","route_count":0,"ssl_compatibility_level":"ssl_compatibility_level_intermediate","status":"ready","subscriber":null,"tags":[],"type":"lb-s","updated_at":"2023-07-03T20:18:32.627294Z","zone":"fr-par-1"}'
    headers:
      Content-Length:
      - "1064"
      Content-Security-Policy:
      - default-src 'none'; frame-ancestors 'none'
      Content-Type:
      - application/json
      Date:
      - Mon, 03 Jul 2023 20:19:04 GMT
      Server:
      - Scaleway API-Gateway
      Strict-Transport-Security:
      - max-age=63072000
      X-Content-Type-Options:
      - nosniff
      X-Frame-Options:
      - DENY
      X-Request-Id:
      - 494e3c85-c2ac-4fee-9786-3225a30ccfd5
    status: 200 OK
    code: 200
    duration: ""
- request:
    body: ""
    form: {}
    headers:
      User-Agent:
      - scaleway-sdk-go/v1.0.0-beta.7+dev (go1.20.4; darwin; amd64) terraform-provider/develop
        terraform/terraform-tests
    url: https://api.scaleway.com/lb/v1/zones/fr-par-1/lbs/a6ef5464-8f83-428f-9707-2b71f23c62be/private-networks?order_by=created_at_asc
    method: GET
  response:
    body: '{"private_network":[],"total_count":0}'
    headers:
      Content-Length:
      - "38"
      Content-Security-Policy:
      - default-src 'none'; frame-ancestors 'none'
      Content-Type:
      - application/json
      Date:
      - Mon, 03 Jul 2023 20:19:04 GMT
      Server:
      - Scaleway API-Gateway
      Strict-Transport-Security:
      - max-age=63072000
      X-Content-Type-Options:
      - nosniff
      X-Frame-Options:
      - DENY
      X-Request-Id:
      - c2377fdd-28fd-43c2-b912-d9eb4365c501
    status: 200 OK
    code: 200
    duration: ""
- request:
    body: ""
    form: {}
    headers:
      User-Agent:
      - scaleway-sdk-go/v1.0.0-beta.7+dev (go1.20.4; darwin; amd64) terraform-provider/develop
        terraform/terraform-tests
    url: https://api.scaleway.com/lb/v1/zones/fr-par-1/backends/da7ba5df-6c6e-4961-8b7b-2293b5660b18
    method: GET
  response:
    body: '{"created_at":"2023-07-03T20:19:01.079083Z","failover_host":null,"forward_port":80,"forward_port_algorithm":"roundrobin","forward_protocol":"http","health_check":{"check_delay":60000,"check_max_retries":2,"check_send_proxy":false,"check_timeout":30000,"port":80,"tcp_config":{},"transient_check_delay":"0.500s"},"id":"da7ba5df-6c6e-4961-8b7b-2293b5660b18","ignore_ssl_server_verify":false,"lb":{"backend_count":1,"created_at":"2023-07-03T20:18:30.303219Z","description":"","frontend_count":1,"id":"a6ef5464-8f83-428f-9707-2b71f23c62be","instances":[{"created_at":"2023-07-03T20:17:24.721494Z","id":"98f9070c-36de-42b2-8d02-6624598ed8b6","ip_address":"10.74.110.67","region":"fr-par","status":"ready","updated_at":"2023-07-03T20:19:02.382813Z","zone":"fr-par-1"}],"ip":[{"id":"86df9ff8-7a77-492d-9b03-4f6205127499","ip_address":"195.154.197.174","lb_id":"a6ef5464-8f83-428f-9707-2b71f23c62be","organization_id":"564aa517-68b0-4fd7-8c8c-d21c4bcdcbd5","project_id":"564aa517-68b0-4fd7-8c8c-d21c4bcdcbd5","region":"fr-par","reverse":"195-154-197-174.lb.fr-par.scw.cloud","zone":"fr-par-1"}],"name":"test-lb","organization_id":"564aa517-68b0-4fd7-8c8c-d21c4bcdcbd5","private_network_count":0,"project_id":"564aa517-68b0-4fd7-8c8c-d21c4bcdcbd5","region":"fr-par","route_count":0,"ssl_compatibility_level":"ssl_compatibility_level_intermediate","status":"ready","subscriber":null,"tags":[],"type":"lb-s","updated_at":"2023-07-03T20:18:32.627294Z","zone":"fr-par-1"},"max_connections":null,"max_retries":3,"name":"tf-lb-bkd-keen-aryabhata","on_marked_down_action":"on_marked_down_action_none","pool":[],"proxy_protocol":"proxy_protocol_none","redispatch_attempt_count":null,"send_proxy_v2":false,"ssl_bridging":false,"sticky_sessions":"none","sticky_sessions_cookie_name":"","timeout_connect":5000,"timeout_queue":"0s","timeout_server":300000,"timeout_tunnel":900000,"updated_at":"2023-07-03T20:19:01.079083Z"}'
    headers:
      Content-Length:
      - "1902"
      Content-Security-Policy:
      - default-src 'none'; frame-ancestors 'none'
      Content-Type:
      - application/json
      Date:
      - Mon, 03 Jul 2023 20:19:04 GMT
      Server:
      - Scaleway API-Gateway
      Strict-Transport-Security:
      - max-age=63072000
      X-Content-Type-Options:
      - nosniff
      X-Frame-Options:
      - DENY
      X-Request-Id:
      - e4051989-1662-4110-a0e9-f5cc0635e14e
    status: 200 OK
    code: 200
    duration: ""
- request:
    body: ""
    form: {}
    headers:
      User-Agent:
      - scaleway-sdk-go/v1.0.0-beta.7+dev (go1.20.4; darwin; amd64) terraform-provider/develop
        terraform/terraform-tests
    url: https://api.scaleway.com/lb/v1/zones/fr-par-1/lbs/a6ef5464-8f83-428f-9707-2b71f23c62be
    method: GET
  response:
    body: '{"backend_count":1,"created_at":"2023-07-03T20:18:30.303219Z","description":"","frontend_count":1,"id":"a6ef5464-8f83-428f-9707-2b71f23c62be","instances":[{"created_at":"2023-07-03T20:17:24.721494Z","id":"98f9070c-36de-42b2-8d02-6624598ed8b6","ip_address":"10.74.110.67","region":"fr-par","status":"ready","updated_at":"2023-07-03T20:19:02.382813Z","zone":"fr-par-1"}],"ip":[{"id":"86df9ff8-7a77-492d-9b03-4f6205127499","ip_address":"195.154.197.174","lb_id":"a6ef5464-8f83-428f-9707-2b71f23c62be","organization_id":"564aa517-68b0-4fd7-8c8c-d21c4bcdcbd5","project_id":"564aa517-68b0-4fd7-8c8c-d21c4bcdcbd5","region":"fr-par","reverse":"195-154-197-174.lb.fr-par.scw.cloud","zone":"fr-par-1"}],"name":"test-lb","organization_id":"564aa517-68b0-4fd7-8c8c-d21c4bcdcbd5","private_network_count":0,"project_id":"564aa517-68b0-4fd7-8c8c-d21c4bcdcbd5","region":"fr-par","route_count":0,"ssl_compatibility_level":"ssl_compatibility_level_intermediate","status":"ready","subscriber":null,"tags":[],"type":"lb-s","updated_at":"2023-07-03T20:18:32.627294Z","zone":"fr-par-1"}'
    headers:
      Content-Length:
      - "1064"
      Content-Security-Policy:
      - default-src 'none'; frame-ancestors 'none'
      Content-Type:
      - application/json
      Date:
      - Mon, 03 Jul 2023 20:19:04 GMT
      Server:
      - Scaleway API-Gateway
      Strict-Transport-Security:
      - max-age=63072000
      X-Content-Type-Options:
      - nosniff
      X-Frame-Options:
      - DENY
      X-Request-Id:
      - 122ba710-c7a9-4a3a-acbc-2470f3820d9c
    status: 200 OK
    code: 200
    duration: ""
- request:
    body: ""
    form: {}
    headers:
      User-Agent:
      - scaleway-sdk-go/v1.0.0-beta.7+dev (go1.20.4; darwin; amd64) terraform-provider/develop
        terraform/terraform-tests
    url: https://api.scaleway.com/lb/v1/zones/fr-par-1/frontends/8454b749-4c8b-4519-be22-d181a6512301
    method: GET
  response:
    body: '{"backend":{"created_at":"2023-07-03T20:19:01.079083Z","failover_host":null,"forward_port":80,"forward_port_algorithm":"roundrobin","forward_protocol":"http","health_check":{"check_delay":60000,"check_max_retries":2,"check_send_proxy":false,"check_timeout":30000,"port":80,"tcp_config":{},"transient_check_delay":"0.500s"},"id":"da7ba5df-6c6e-4961-8b7b-2293b5660b18","ignore_ssl_server_verify":false,"lb":{"backend_count":1,"created_at":"2023-07-03T20:18:30.303219Z","description":"","frontend_count":1,"id":"a6ef5464-8f83-428f-9707-2b71f23c62be","instances":[],"ip":[{"id":"86df9ff8-7a77-492d-9b03-4f6205127499","ip_address":"195.154.197.174","lb_id":"a6ef5464-8f83-428f-9707-2b71f23c62be","organization_id":"564aa517-68b0-4fd7-8c8c-d21c4bcdcbd5","project_id":"564aa517-68b0-4fd7-8c8c-d21c4bcdcbd5","region":"fr-par","reverse":"195-154-197-174.lb.fr-par.scw.cloud","zone":"fr-par-1"}],"name":"test-lb","organization_id":"564aa517-68b0-4fd7-8c8c-d21c4bcdcbd5","private_network_count":0,"project_id":"564aa517-68b0-4fd7-8c8c-d21c4bcdcbd5","region":"fr-par","route_count":0,"ssl_compatibility_level":"ssl_compatibility_level_intermediate","status":"ready","subscriber":null,"tags":[],"type":"lb-s","updated_at":"2023-07-03T20:18:32.627294Z","zone":"fr-par-1"},"max_connections":null,"max_retries":3,"name":"tf-lb-bkd-keen-aryabhata","on_marked_down_action":"on_marked_down_action_none","pool":[],"proxy_protocol":"proxy_protocol_none","redispatch_attempt_count":null,"send_proxy_v2":false,"ssl_bridging":false,"sticky_sessions":"none","sticky_sessions_cookie_name":"","timeout_connect":5000,"timeout_queue":"0s","timeout_server":300000,"timeout_tunnel":900000,"updated_at":"2023-07-03T20:19:01.079083Z"},"certificate":null,"certificate_ids":[],"created_at":"2023-07-03T20:19:01.734306Z","enable_http3":false,"id":"8454b749-4c8b-4519-be22-d181a6512301","inbound_port":50000,"lb":{"backend_count":1,"created_at":"2023-07-03T20:18:30.303219Z","description":"","frontend_count":1,"id":"a6ef5464-8f83-428f-9707-2b71f23c62be","instances":[],"ip":[{"id":"86df9ff8-7a77-492d-9b03-4f6205127499","ip_address":"195.154.197.174","lb_id":"a6ef5464-8f83-428f-9707-2b71f23c62be","organization_id":"564aa517-68b0-4fd7-8c8c-d21c4bcdcbd5","project_id":"564aa517-68b0-4fd7-8c8c-d21c4bcdcbd5","region":"fr-par","reverse":"195-154-197-174.lb.fr-par.scw.cloud","zone":"fr-par-1"}],"name":"test-lb","organization_id":"564aa517-68b0-4fd7-8c8c-d21c4bcdcbd5","private_network_count":0,"project_id":"564aa517-68b0-4fd7-8c8c-d21c4bcdcbd5","region":"fr-par","route_count":0,"ssl_compatibility_level":"ssl_compatibility_level_intermediate","status":"ready","subscriber":null,"tags":[],"type":"lb-s","updated_at":"2023-07-03T20:18:32.627294Z","zone":"fr-par-1"},"name":"tf-frontend-datasource0","timeout_client":null,"updated_at":"2023-07-03T20:19:02.124570Z"}'
    headers:
      Content-Length:
      - "2827"
      Content-Security-Policy:
      - default-src 'none'; frame-ancestors 'none'
      Content-Type:
      - application/json
      Date:
      - Mon, 03 Jul 2023 20:19:04 GMT
      Server:
      - Scaleway API-Gateway
      Strict-Transport-Security:
      - max-age=63072000
      X-Content-Type-Options:
      - nosniff
      X-Frame-Options:
      - DENY
      X-Request-Id:
      - ae32a4a9-e1ea-47c9-9fc1-dc1cc16654e0
    status: 200 OK
    code: 200
    duration: ""
- request:
    body: ""
    form: {}
    headers:
      User-Agent:
      - scaleway-sdk-go/v1.0.0-beta.7+dev (go1.20.4; darwin; amd64) terraform-provider/develop
        terraform/terraform-tests
    url: https://api.scaleway.com/lb/v1/zones/fr-par-1/frontends/8454b749-4c8b-4519-be22-d181a6512301/acls?order_by=created_at_asc&page=1
    method: GET
  response:
    body: '{"acls":[],"total_count":0}'
    headers:
      Content-Length:
      - "27"
      Content-Security-Policy:
      - default-src 'none'; frame-ancestors 'none'
      Content-Type:
      - application/json
      Date:
      - Mon, 03 Jul 2023 20:19:04 GMT
      Server:
      - Scaleway API-Gateway
      Strict-Transport-Security:
      - max-age=63072000
      X-Content-Type-Options:
      - nosniff
      X-Frame-Options:
      - DENY
      X-Request-Id:
      - 4d544ee3-7dfd-4274-8523-e3d7b44eee6f
    status: 200 OK
    code: 200
    duration: ""
- request:
    body: ""
    form: {}
    headers:
      User-Agent:
      - scaleway-sdk-go/v1.0.0-beta.7+dev (go1.20.4; darwin; amd64) terraform-provider/develop
        terraform/terraform-tests
    url: https://api.scaleway.com/lb/v1/zones/fr-par-1/lbs/a6ef5464-8f83-428f-9707-2b71f23c62be
    method: GET
  response:
    body: '{"backend_count":1,"created_at":"2023-07-03T20:18:30.303219Z","description":"","frontend_count":1,"id":"a6ef5464-8f83-428f-9707-2b71f23c62be","instances":[{"created_at":"2023-07-03T20:17:24.721494Z","id":"98f9070c-36de-42b2-8d02-6624598ed8b6","ip_address":"10.74.110.67","region":"fr-par","status":"ready","updated_at":"2023-07-03T20:19:02.382813Z","zone":"fr-par-1"}],"ip":[{"id":"86df9ff8-7a77-492d-9b03-4f6205127499","ip_address":"195.154.197.174","lb_id":"a6ef5464-8f83-428f-9707-2b71f23c62be","organization_id":"564aa517-68b0-4fd7-8c8c-d21c4bcdcbd5","project_id":"564aa517-68b0-4fd7-8c8c-d21c4bcdcbd5","region":"fr-par","reverse":"195-154-197-174.lb.fr-par.scw.cloud","zone":"fr-par-1"}],"name":"test-lb","organization_id":"564aa517-68b0-4fd7-8c8c-d21c4bcdcbd5","private_network_count":0,"project_id":"564aa517-68b0-4fd7-8c8c-d21c4bcdcbd5","region":"fr-par","route_count":0,"ssl_compatibility_level":"ssl_compatibility_level_intermediate","status":"ready","subscriber":null,"tags":[],"type":"lb-s","updated_at":"2023-07-03T20:18:32.627294Z","zone":"fr-par-1"}'
    headers:
      Content-Length:
      - "1064"
      Content-Security-Policy:
      - default-src 'none'; frame-ancestors 'none'
      Content-Type:
      - application/json
      Date:
      - Mon, 03 Jul 2023 20:19:05 GMT
      Server:
      - Scaleway API-Gateway
      Strict-Transport-Security:
      - max-age=63072000
      X-Content-Type-Options:
      - nosniff
      X-Frame-Options:
      - DENY
      X-Request-Id:
      - d49fabfd-b35c-4683-80c4-3be5f774d7f5
    status: 200 OK
    code: 200
    duration: ""
- request:
    body: '{"name":"tf-frontend-datasource1","inbound_port":50001,"backend_id":"da7ba5df-6c6e-4961-8b7b-2293b5660b18","certificate_ids":null,"enable_http3":false,"timeout_client":null}'
    form: {}
    headers:
      Content-Type:
      - application/json
      User-Agent:
      - scaleway-sdk-go/v1.0.0-beta.7+dev (go1.20.4; darwin; amd64) terraform-provider/develop
        terraform/terraform-tests
    url: https://api.scaleway.com/lb/v1/zones/fr-par-1/lbs/a6ef5464-8f83-428f-9707-2b71f23c62be/frontends
    method: POST
  response:
    body: '{"backend":{"created_at":"2023-07-03T20:19:01.079083Z","failover_host":null,"forward_port":80,"forward_port_algorithm":"roundrobin","forward_protocol":"http","health_check":{"check_delay":60000,"check_max_retries":2,"check_send_proxy":false,"check_timeout":30000,"port":80,"tcp_config":{},"transient_check_delay":"0.500s"},"id":"da7ba5df-6c6e-4961-8b7b-2293b5660b18","ignore_ssl_server_verify":false,"lb":{"backend_count":1,"created_at":"2023-07-03T20:18:30.303219Z","description":"","frontend_count":2,"id":"a6ef5464-8f83-428f-9707-2b71f23c62be","instances":[],"ip":[{"id":"86df9ff8-7a77-492d-9b03-4f6205127499","ip_address":"195.154.197.174","lb_id":"a6ef5464-8f83-428f-9707-2b71f23c62be","organization_id":"564aa517-68b0-4fd7-8c8c-d21c4bcdcbd5","project_id":"564aa517-68b0-4fd7-8c8c-d21c4bcdcbd5","region":"fr-par","reverse":"195-154-197-174.lb.fr-par.scw.cloud","zone":"fr-par-1"}],"name":"test-lb","organization_id":"564aa517-68b0-4fd7-8c8c-d21c4bcdcbd5","private_network_count":0,"project_id":"564aa517-68b0-4fd7-8c8c-d21c4bcdcbd5","region":"fr-par","route_count":0,"ssl_compatibility_level":"ssl_compatibility_level_intermediate","status":"ready","subscriber":null,"tags":[],"type":"lb-s","updated_at":"2023-07-03T20:18:32.627294Z","zone":"fr-par-1"},"max_connections":null,"max_retries":3,"name":"tf-lb-bkd-keen-aryabhata","on_marked_down_action":"on_marked_down_action_none","pool":[],"proxy_protocol":"proxy_protocol_none","redispatch_attempt_count":null,"send_proxy_v2":false,"ssl_bridging":false,"sticky_sessions":"none","sticky_sessions_cookie_name":"","timeout_connect":5000,"timeout_queue":"0s","timeout_server":300000,"timeout_tunnel":900000,"updated_at":"2023-07-03T20:19:01.079083Z"},"certificate":null,"certificate_ids":[],"created_at":"2023-07-03T20:19:05.481139Z","enable_http3":false,"id":"9e448829-3a99-4ce2-a90e-7508011f6c3f","inbound_port":50001,"lb":{"backend_count":1,"created_at":"2023-07-03T20:18:30.303219Z","description":"","frontend_count":2,"id":"a6ef5464-8f83-428f-9707-2b71f23c62be","instances":[{"created_at":"2023-07-03T20:17:24.721494Z","id":"98f9070c-36de-42b2-8d02-6624598ed8b6","ip_address":"10.74.110.67","region":"fr-par","status":"pending","updated_at":"2023-07-03T20:19:05.531745882Z","zone":"fr-par-1"}],"ip":[{"id":"86df9ff8-7a77-492d-9b03-4f6205127499","ip_address":"195.154.197.174","lb_id":"a6ef5464-8f83-428f-9707-2b71f23c62be","organization_id":"564aa517-68b0-4fd7-8c8c-d21c4bcdcbd5","project_id":"564aa517-68b0-4fd7-8c8c-d21c4bcdcbd5","region":"fr-par","reverse":"195-154-197-174.lb.fr-par.scw.cloud","zone":"fr-par-1"}],"name":"test-lb","organization_id":"564aa517-68b0-4fd7-8c8c-d21c4bcdcbd5","private_network_count":0,"project_id":"564aa517-68b0-4fd7-8c8c-d21c4bcdcbd5","region":"fr-par","route_count":0,"ssl_compatibility_level":"ssl_compatibility_level_intermediate","status":"ready","subscriber":null,"tags":[],"type":"lb-s","updated_at":"2023-07-03T20:18:32.627294Z","zone":"fr-par-1"},"name":"tf-frontend-datasource1","timeout_client":null,"updated_at":"2023-07-03T20:19:05.481139Z"}'
    headers:
      Content-Length:
      - "3044"
      Content-Security-Policy:
      - default-src 'none'; frame-ancestors 'none'
      Content-Type:
      - application/json
      Date:
      - Mon, 03 Jul 2023 20:19:05 GMT
      Server:
      - Scaleway API-Gateway
      Strict-Transport-Security:
      - max-age=63072000
      X-Content-Type-Options:
      - nosniff
      X-Frame-Options:
      - DENY
      X-Request-Id:
      - 4aea2ebe-1511-4007-afd0-be497066ba84
    status: 200 OK
    code: 200
    duration: ""
- request:
    body: ""
    form: {}
    headers:
      User-Agent:
      - scaleway-sdk-go/v1.0.0-beta.7+dev (go1.20.4; darwin; amd64) terraform-provider/develop
        terraform/terraform-tests
    url: https://api.scaleway.com/lb/v1/zones/fr-par-1/lbs/a6ef5464-8f83-428f-9707-2b71f23c62be
    method: GET
  response:
    body: '{"backend_count":1,"created_at":"2023-07-03T20:18:30.303219Z","description":"","frontend_count":2,"id":"a6ef5464-8f83-428f-9707-2b71f23c62be","instances":[{"created_at":"2023-07-03T20:17:24.721494Z","id":"98f9070c-36de-42b2-8d02-6624598ed8b6","ip_address":"10.74.110.67","region":"fr-par","status":"ready","updated_at":"2023-07-03T20:19:05.794609Z","zone":"fr-par-1"}],"ip":[{"id":"86df9ff8-7a77-492d-9b03-4f6205127499","ip_address":"195.154.197.174","lb_id":"a6ef5464-8f83-428f-9707-2b71f23c62be","organization_id":"564aa517-68b0-4fd7-8c8c-d21c4bcdcbd5","project_id":"564aa517-68b0-4fd7-8c8c-d21c4bcdcbd5","region":"fr-par","reverse":"195-154-197-174.lb.fr-par.scw.cloud","zone":"fr-par-1"}],"name":"test-lb","organization_id":"564aa517-68b0-4fd7-8c8c-d21c4bcdcbd5","private_network_count":0,"project_id":"564aa517-68b0-4fd7-8c8c-d21c4bcdcbd5","region":"fr-par","route_count":0,"ssl_compatibility_level":"ssl_compatibility_level_intermediate","status":"ready","subscriber":null,"tags":[],"type":"lb-s","updated_at":"2023-07-03T20:18:32.627294Z","zone":"fr-par-1"}'
    headers:
      Content-Length:
      - "1064"
      Content-Security-Policy:
      - default-src 'none'; frame-ancestors 'none'
      Content-Type:
      - application/json
      Date:
      - Mon, 03 Jul 2023 20:19:05 GMT
      Server:
      - Scaleway API-Gateway
      Strict-Transport-Security:
      - max-age=63072000
      X-Content-Type-Options:
      - nosniff
      X-Frame-Options:
      - DENY
      X-Request-Id:
      - 24160a36-92da-4f4c-8967-1505265e215b
    status: 200 OK
    code: 200
    duration: ""
- request:
    body: '{"name":"tf-frontend-datasource1","inbound_port":50001,"backend_id":"da7ba5df-6c6e-4961-8b7b-2293b5660b18","certificate_ids":null,"enable_http3":false,"timeout_client":null}'
    form: {}
    headers:
      Content-Type:
      - application/json
      User-Agent:
      - scaleway-sdk-go/v1.0.0-beta.7+dev (go1.20.4; darwin; amd64) terraform-provider/develop
        terraform/terraform-tests
    url: https://api.scaleway.com/lb/v1/zones/fr-par-1/frontends/9e448829-3a99-4ce2-a90e-7508011f6c3f
    method: PUT
  response:
    body: '{"backend":{"created_at":"2023-07-03T20:19:01.079083Z","failover_host":null,"forward_port":80,"forward_port_algorithm":"roundrobin","forward_protocol":"http","health_check":{"check_delay":60000,"check_max_retries":2,"check_send_proxy":false,"check_timeout":30000,"port":80,"tcp_config":{},"transient_check_delay":"0.500s"},"id":"da7ba5df-6c6e-4961-8b7b-2293b5660b18","ignore_ssl_server_verify":false,"lb":{"backend_count":1,"created_at":"2023-07-03T20:18:30.303219Z","description":"","frontend_count":2,"id":"a6ef5464-8f83-428f-9707-2b71f23c62be","instances":[],"ip":[{"id":"86df9ff8-7a77-492d-9b03-4f6205127499","ip_address":"195.154.197.174","lb_id":"a6ef5464-8f83-428f-9707-2b71f23c62be","organization_id":"564aa517-68b0-4fd7-8c8c-d21c4bcdcbd5","project_id":"564aa517-68b0-4fd7-8c8c-d21c4bcdcbd5","region":"fr-par","reverse":"195-154-197-174.lb.fr-par.scw.cloud","zone":"fr-par-1"}],"name":"test-lb","organization_id":"564aa517-68b0-4fd7-8c8c-d21c4bcdcbd5","private_network_count":0,"project_id":"564aa517-68b0-4fd7-8c8c-d21c4bcdcbd5","region":"fr-par","route_count":0,"ssl_compatibility_level":"ssl_compatibility_level_intermediate","status":"ready","subscriber":null,"tags":[],"type":"lb-s","updated_at":"2023-07-03T20:18:32.627294Z","zone":"fr-par-1"},"max_connections":null,"max_retries":3,"name":"tf-lb-bkd-keen-aryabhata","on_marked_down_action":"on_marked_down_action_none","pool":[],"proxy_protocol":"proxy_protocol_none","redispatch_attempt_count":null,"send_proxy_v2":false,"ssl_bridging":false,"sticky_sessions":"none","sticky_sessions_cookie_name":"","timeout_connect":5000,"timeout_queue":"0s","timeout_server":300000,"timeout_tunnel":900000,"updated_at":"2023-07-03T20:19:01.079083Z"},"certificate":null,"certificate_ids":[],"created_at":"2023-07-03T20:19:05.481139Z","enable_http3":false,"id":"9e448829-3a99-4ce2-a90e-7508011f6c3f","inbound_port":50001,"lb":{"backend_count":1,"created_at":"2023-07-03T20:18:30.303219Z","description":"","frontend_count":2,"id":"a6ef5464-8f83-428f-9707-2b71f23c62be","instances":[{"created_at":"2023-07-03T20:17:24.721494Z","id":"98f9070c-36de-42b2-8d02-6624598ed8b6","ip_address":"10.74.110.67","region":"fr-par","status":"pending","updated_at":"2023-07-03T20:19:06.066263359Z","zone":"fr-par-1"}],"ip":[{"id":"86df9ff8-7a77-492d-9b03-4f6205127499","ip_address":"195.154.197.174","lb_id":"a6ef5464-8f83-428f-9707-2b71f23c62be","organization_id":"564aa517-68b0-4fd7-8c8c-d21c4bcdcbd5","project_id":"564aa517-68b0-4fd7-8c8c-d21c4bcdcbd5","region":"fr-par","reverse":"195-154-197-174.lb.fr-par.scw.cloud","zone":"fr-par-1"}],"name":"test-lb","organization_id":"564aa517-68b0-4fd7-8c8c-d21c4bcdcbd5","private_network_count":0,"project_id":"564aa517-68b0-4fd7-8c8c-d21c4bcdcbd5","region":"fr-par","route_count":0,"ssl_compatibility_level":"ssl_compatibility_level_intermediate","status":"ready","subscriber":null,"tags":[],"type":"lb-s","updated_at":"2023-07-03T20:18:32.627294Z","zone":"fr-par-1"},"name":"tf-frontend-datasource1","timeout_client":null,"updated_at":"2023-07-03T20:19:06.040001062Z"}'
    headers:
      Content-Length:
      - "3047"
      Content-Security-Policy:
      - default-src 'none'; frame-ancestors 'none'
      Content-Type:
      - application/json
      Date:
      - Mon, 03 Jul 2023 20:19:06 GMT
      Server:
      - Scaleway API-Gateway
      Strict-Transport-Security:
      - max-age=63072000
      X-Content-Type-Options:
      - nosniff
      X-Frame-Options:
      - DENY
      X-Request-Id:
      - 5aa9d6f8-6344-48e1-9437-dd2b3aaada69
    status: 200 OK
    code: 200
    duration: ""
- request:
    body: ""
    form: {}
    headers:
      User-Agent:
      - scaleway-sdk-go/v1.0.0-beta.7+dev (go1.20.4; darwin; amd64) terraform-provider/develop
        terraform/terraform-tests
    url: https://api.scaleway.com/lb/v1/zones/fr-par-1/frontends/9e448829-3a99-4ce2-a90e-7508011f6c3f/acls?order_by=created_at_asc&page=1
    method: GET
  response:
    body: '{"acls":[],"total_count":0}'
    headers:
      Content-Length:
      - "27"
      Content-Security-Policy:
      - default-src 'none'; frame-ancestors 'none'
      Content-Type:
      - application/json
      Date:
      - Mon, 03 Jul 2023 20:19:06 GMT
      Server:
      - Scaleway API-Gateway
      Strict-Transport-Security:
      - max-age=63072000
      X-Content-Type-Options:
      - nosniff
      X-Frame-Options:
      - DENY
      X-Request-Id:
      - 1247c080-ed07-4d1c-a471-cdad7d6e7369
    status: 200 OK
    code: 200
    duration: ""
- request:
    body: ""
    form: {}
    headers:
      User-Agent:
      - scaleway-sdk-go/v1.0.0-beta.7+dev (go1.20.4; darwin; amd64) terraform-provider/develop
        terraform/terraform-tests
    url: https://api.scaleway.com/lb/v1/zones/fr-par-1/frontends/9e448829-3a99-4ce2-a90e-7508011f6c3f
    method: GET
  response:
    body: '{"backend":{"created_at":"2023-07-03T20:19:01.079083Z","failover_host":null,"forward_port":80,"forward_port_algorithm":"roundrobin","forward_protocol":"http","health_check":{"check_delay":60000,"check_max_retries":2,"check_send_proxy":false,"check_timeout":30000,"port":80,"tcp_config":{},"transient_check_delay":"0.500s"},"id":"da7ba5df-6c6e-4961-8b7b-2293b5660b18","ignore_ssl_server_verify":false,"lb":{"backend_count":1,"created_at":"2023-07-03T20:18:30.303219Z","description":"","frontend_count":2,"id":"a6ef5464-8f83-428f-9707-2b71f23c62be","instances":[],"ip":[{"id":"86df9ff8-7a77-492d-9b03-4f6205127499","ip_address":"195.154.197.174","lb_id":"a6ef5464-8f83-428f-9707-2b71f23c62be","organization_id":"564aa517-68b0-4fd7-8c8c-d21c4bcdcbd5","project_id":"564aa517-68b0-4fd7-8c8c-d21c4bcdcbd5","region":"fr-par","reverse":"195-154-197-174.lb.fr-par.scw.cloud","zone":"fr-par-1"}],"name":"test-lb","organization_id":"564aa517-68b0-4fd7-8c8c-d21c4bcdcbd5","private_network_count":0,"project_id":"564aa517-68b0-4fd7-8c8c-d21c4bcdcbd5","region":"fr-par","route_count":0,"ssl_compatibility_level":"ssl_compatibility_level_intermediate","status":"ready","subscriber":null,"tags":[],"type":"lb-s","updated_at":"2023-07-03T20:18:32.627294Z","zone":"fr-par-1"},"max_connections":null,"max_retries":3,"name":"tf-lb-bkd-keen-aryabhata","on_marked_down_action":"on_marked_down_action_none","pool":[],"proxy_protocol":"proxy_protocol_none","redispatch_attempt_count":null,"send_proxy_v2":false,"ssl_bridging":false,"sticky_sessions":"none","sticky_sessions_cookie_name":"","timeout_connect":5000,"timeout_queue":"0s","timeout_server":300000,"timeout_tunnel":900000,"updated_at":"2023-07-03T20:19:01.079083Z"},"certificate":null,"certificate_ids":[],"created_at":"2023-07-03T20:19:05.481139Z","enable_http3":false,"id":"9e448829-3a99-4ce2-a90e-7508011f6c3f","inbound_port":50001,"lb":{"backend_count":1,"created_at":"2023-07-03T20:18:30.303219Z","description":"","frontend_count":2,"id":"a6ef5464-8f83-428f-9707-2b71f23c62be","instances":[],"ip":[{"id":"86df9ff8-7a77-492d-9b03-4f6205127499","ip_address":"195.154.197.174","lb_id":"a6ef5464-8f83-428f-9707-2b71f23c62be","organization_id":"564aa517-68b0-4fd7-8c8c-d21c4bcdcbd5","project_id":"564aa517-68b0-4fd7-8c8c-d21c4bcdcbd5","region":"fr-par","reverse":"195-154-197-174.lb.fr-par.scw.cloud","zone":"fr-par-1"}],"name":"test-lb","organization_id":"564aa517-68b0-4fd7-8c8c-d21c4bcdcbd5","private_network_count":0,"project_id":"564aa517-68b0-4fd7-8c8c-d21c4bcdcbd5","region":"fr-par","route_count":0,"ssl_compatibility_level":"ssl_compatibility_level_intermediate","status":"ready","subscriber":null,"tags":[],"type":"lb-s","updated_at":"2023-07-03T20:18:32.627294Z","zone":"fr-par-1"},"name":"tf-frontend-datasource1","timeout_client":null,"updated_at":"2023-07-03T20:19:06.040001Z"}'
    headers:
      Content-Length:
      - "2827"
      Content-Security-Policy:
      - default-src 'none'; frame-ancestors 'none'
      Content-Type:
      - application/json
      Date:
      - Mon, 03 Jul 2023 20:19:06 GMT
      Server:
      - Scaleway API-Gateway
      Strict-Transport-Security:
      - max-age=63072000
      X-Content-Type-Options:
      - nosniff
      X-Frame-Options:
      - DENY
      X-Request-Id:
      - ae3eabc7-6057-45de-9845-de3df340f887
    status: 200 OK
    code: 200
    duration: ""
- request:
    body: ""
    form: {}
    headers:
      User-Agent:
      - scaleway-sdk-go/v1.0.0-beta.7+dev (go1.20.4; darwin; amd64) terraform-provider/develop
        terraform/terraform-tests
    url: https://api.scaleway.com/lb/v1/zones/fr-par-1/frontends/9e448829-3a99-4ce2-a90e-7508011f6c3f/acls?order_by=created_at_asc&page=1
    method: GET
  response:
    body: '{"acls":[],"total_count":0}'
    headers:
      Content-Length:
      - "27"
      Content-Security-Policy:
      - default-src 'none'; frame-ancestors 'none'
      Content-Type:
      - application/json
      Date:
      - Mon, 03 Jul 2023 20:19:06 GMT
      Server:
      - Scaleway API-Gateway
      Strict-Transport-Security:
      - max-age=63072000
      X-Content-Type-Options:
      - nosniff
      X-Frame-Options:
      - DENY
      X-Request-Id:
      - fda4213e-5917-47ed-aee4-b7a94b4e3d8f
    status: 200 OK
    code: 200
    duration: ""
- request:
    body: ""
    form: {}
    headers:
      User-Agent:
      - scaleway-sdk-go/v1.0.0-beta.7+dev (go1.20.4; darwin; amd64) terraform-provider/develop
        terraform/terraform-tests
    url: https://api.scaleway.com/lb/v1/zones/fr-par-1/lbs/a6ef5464-8f83-428f-9707-2b71f23c62be/frontends?order_by=created_at_asc
    method: GET
  response:
    body: '{"frontends":[{"backend":{"created_at":"2023-07-03T20:19:01.079083Z","failover_host":null,"forward_port":80,"forward_port_algorithm":"roundrobin","forward_protocol":"http","health_check":{"check_delay":60000,"check_max_retries":2,"check_send_proxy":false,"check_timeout":30000,"port":80,"tcp_config":{},"transient_check_delay":"0.500s"},"id":"da7ba5df-6c6e-4961-8b7b-2293b5660b18","ignore_ssl_server_verify":false,"lb":{"backend_count":0,"created_at":"0001-01-01T00:00:00Z","description":"","frontend_count":0,"id":"","instances":[],"ip":[],"name":"","organization_id":"","private_network_count":0,"project_id":"","region":"fr-par","route_count":0,"ssl_compatibility_level":"ssl_compatibility_level_unknown","status":"to_create","subscriber":null,"tags":[],"type":"","updated_at":"0001-01-01T00:00:00Z","zone":"fr-par-1"},"max_connections":null,"max_retries":3,"name":"tf-lb-bkd-keen-aryabhata","on_marked_down_action":"on_marked_down_action_none","pool":[],"proxy_protocol":"proxy_protocol_none","redispatch_attempt_count":null,"send_proxy_v2":false,"ssl_bridging":false,"sticky_sessions":"none","sticky_sessions_cookie_name":"","timeout_connect":5000,"timeout_queue":"0s","timeout_server":300000,"timeout_tunnel":900000,"updated_at":"2023-07-03T20:19:01.079083Z"},"certificate":null,"certificate_ids":[],"created_at":"2023-07-03T20:19:01.734306Z","enable_http3":false,"id":"8454b749-4c8b-4519-be22-d181a6512301","inbound_port":50000,"lb":{"backend_count":0,"created_at":"0001-01-01T00:00:00Z","description":"","frontend_count":0,"id":"","instances":[],"ip":[],"name":"","organization_id":"","private_network_count":0,"project_id":"","region":"fr-par","route_count":0,"ssl_compatibility_level":"ssl_compatibility_level_unknown","status":"to_create","subscriber":null,"tags":[],"type":"","updated_at":"0001-01-01T00:00:00Z","zone":"fr-par-1"},"name":"tf-frontend-datasource0","timeout_client":null,"updated_at":"2023-07-03T20:19:02.124570Z"},{"backend":{"created_at":"2023-07-03T20:19:01.079083Z","failover_host":null,"forward_port":80,"forward_port_algorithm":"roundrobin","forward_protocol":"http","health_check":{"check_delay":60000,"check_max_retries":2,"check_send_proxy":false,"check_timeout":30000,"port":80,"tcp_config":{},"transient_check_delay":"0.500s"},"id":"da7ba5df-6c6e-4961-8b7b-2293b5660b18","ignore_ssl_server_verify":false,"lb":{"backend_count":0,"created_at":"0001-01-01T00:00:00Z","description":"","frontend_count":0,"id":"","instances":[],"ip":[],"name":"","organization_id":"","private_network_count":0,"project_id":"","region":"fr-par","route_count":0,"ssl_compatibility_level":"ssl_compatibility_level_unknown","status":"to_create","subscriber":null,"tags":[],"type":"","updated_at":"0001-01-01T00:00:00Z","zone":"fr-par-1"},"max_connections":null,"max_retries":3,"name":"tf-lb-bkd-keen-aryabhata","on_marked_down_action":"on_marked_down_action_none","pool":[],"proxy_protocol":"proxy_protocol_none","redispatch_attempt_count":null,"send_proxy_v2":false,"ssl_bridging":false,"sticky_sessions":"none","sticky_sessions_cookie_name":"","timeout_connect":5000,"timeout_queue":"0s","timeout_server":300000,"timeout_tunnel":900000,"updated_at":"2023-07-03T20:19:01.079083Z"},"certificate":null,"certificate_ids":[],"created_at":"2023-07-03T20:19:05.481139Z","enable_http3":false,"id":"9e448829-3a99-4ce2-a90e-7508011f6c3f","inbound_port":50001,"lb":{"backend_count":0,"created_at":"0001-01-01T00:00:00Z","description":"","frontend_count":0,"id":"","instances":[],"ip":[],"name":"","organization_id":"","private_network_count":0,"project_id":"","region":"fr-par","route_count":0,"ssl_compatibility_level":"ssl_compatibility_level_unknown","status":"to_create","subscriber":null,"tags":[],"type":"","updated_at":"0001-01-01T00:00:00Z","zone":"fr-par-1"},"name":"tf-frontend-datasource1","timeout_client":null,"updated_at":"2023-07-03T20:19:06.040001Z"}],"total_count":2}'
    headers:
      Content-Length:
      - "3887"
      Content-Security-Policy:
      - default-src 'none'; frame-ancestors 'none'
      Content-Type:
      - application/json
      Date:
      - Mon, 03 Jul 2023 20:19:06 GMT
      Server:
      - Scaleway API-Gateway
      Strict-Transport-Security:
      - max-age=63072000
      X-Content-Type-Options:
      - nosniff
      X-Frame-Options:
      - DENY
      X-Request-Id:
      - 9a23a488-33e2-4091-afd0-821e1c347f6a
    status: 200 OK
    code: 200
    duration: ""
- request:
    body: ""
    form: {}
    headers:
      User-Agent:
      - scaleway-sdk-go/v1.0.0-beta.7+dev (go1.20.4; darwin; amd64) terraform-provider/develop
        terraform/terraform-tests
    url: https://api.scaleway.com/lb/v1/zones/fr-par-1/lbs/a6ef5464-8f83-428f-9707-2b71f23c62be/frontends?name=tf-frontend-datasource&order_by=created_at_asc
    method: GET
  response:
    body: '{"frontends":[{"backend":{"created_at":"2023-07-03T20:19:01.079083Z","failover_host":null,"forward_port":80,"forward_port_algorithm":"roundrobin","forward_protocol":"http","health_check":{"check_delay":60000,"check_max_retries":2,"check_send_proxy":false,"check_timeout":30000,"port":80,"tcp_config":{},"transient_check_delay":"0.500s"},"id":"da7ba5df-6c6e-4961-8b7b-2293b5660b18","ignore_ssl_server_verify":false,"lb":{"backend_count":0,"created_at":"0001-01-01T00:00:00Z","description":"","frontend_count":0,"id":"","instances":[],"ip":[],"name":"","organization_id":"","private_network_count":0,"project_id":"","region":"fr-par","route_count":0,"ssl_compatibility_level":"ssl_compatibility_level_unknown","status":"to_create","subscriber":null,"tags":[],"type":"","updated_at":"0001-01-01T00:00:00Z","zone":"fr-par-1"},"max_connections":null,"max_retries":3,"name":"tf-lb-bkd-keen-aryabhata","on_marked_down_action":"on_marked_down_action_none","pool":[],"proxy_protocol":"proxy_protocol_none","redispatch_attempt_count":null,"send_proxy_v2":false,"ssl_bridging":false,"sticky_sessions":"none","sticky_sessions_cookie_name":"","timeout_connect":5000,"timeout_queue":"0s","timeout_server":300000,"timeout_tunnel":900000,"updated_at":"2023-07-03T20:19:01.079083Z"},"certificate":null,"certificate_ids":[],"created_at":"2023-07-03T20:19:01.734306Z","enable_http3":false,"id":"8454b749-4c8b-4519-be22-d181a6512301","inbound_port":50000,"lb":{"backend_count":0,"created_at":"0001-01-01T00:00:00Z","description":"","frontend_count":0,"id":"","instances":[],"ip":[],"name":"","organization_id":"","private_network_count":0,"project_id":"","region":"fr-par","route_count":0,"ssl_compatibility_level":"ssl_compatibility_level_unknown","status":"to_create","subscriber":null,"tags":[],"type":"","updated_at":"0001-01-01T00:00:00Z","zone":"fr-par-1"},"name":"tf-frontend-datasource0","timeout_client":null,"updated_at":"2023-07-03T20:19:02.124570Z"},{"backend":{"created_at":"2023-07-03T20:19:01.079083Z","failover_host":null,"forward_port":80,"forward_port_algorithm":"roundrobin","forward_protocol":"http","health_check":{"check_delay":60000,"check_max_retries":2,"check_send_proxy":false,"check_timeout":30000,"port":80,"tcp_config":{},"transient_check_delay":"0.500s"},"id":"da7ba5df-6c6e-4961-8b7b-2293b5660b18","ignore_ssl_server_verify":false,"lb":{"backend_count":0,"created_at":"0001-01-01T00:00:00Z","description":"","frontend_count":0,"id":"","instances":[],"ip":[],"name":"","organization_id":"","private_network_count":0,"project_id":"","region":"fr-par","route_count":0,"ssl_compatibility_level":"ssl_compatibility_level_unknown","status":"to_create","subscriber":null,"tags":[],"type":"","updated_at":"0001-01-01T00:00:00Z","zone":"fr-par-1"},"max_connections":null,"max_retries":3,"name":"tf-lb-bkd-keen-aryabhata","on_marked_down_action":"on_marked_down_action_none","pool":[],"proxy_protocol":"proxy_protocol_none","redispatch_attempt_count":null,"send_proxy_v2":false,"ssl_bridging":false,"sticky_sessions":"none","sticky_sessions_cookie_name":"","timeout_connect":5000,"timeout_queue":"0s","timeout_server":300000,"timeout_tunnel":900000,"updated_at":"2023-07-03T20:19:01.079083Z"},"certificate":null,"certificate_ids":[],"created_at":"2023-07-03T20:19:05.481139Z","enable_http3":false,"id":"9e448829-3a99-4ce2-a90e-7508011f6c3f","inbound_port":50001,"lb":{"backend_count":0,"created_at":"0001-01-01T00:00:00Z","description":"","frontend_count":0,"id":"","instances":[],"ip":[],"name":"","organization_id":"","private_network_count":0,"project_id":"","region":"fr-par","route_count":0,"ssl_compatibility_level":"ssl_compatibility_level_unknown","status":"to_create","subscriber":null,"tags":[],"type":"","updated_at":"0001-01-01T00:00:00Z","zone":"fr-par-1"},"name":"tf-frontend-datasource1","timeout_client":null,"updated_at":"2023-07-03T20:19:06.040001Z"}],"total_count":2}'
    headers:
      Content-Length:
      - "3887"
      Content-Security-Policy:
      - default-src 'none'; frame-ancestors 'none'
      Content-Type:
      - application/json
      Date:
      - Mon, 03 Jul 2023 20:19:06 GMT
      Server:
      - Scaleway API-Gateway
      Strict-Transport-Security:
      - max-age=63072000
      X-Content-Type-Options:
      - nosniff
      X-Frame-Options:
      - DENY
      X-Request-Id:
      - 4753b722-c697-4259-b85a-901e61081945
    status: 200 OK
    code: 200
    duration: ""
- request:
    body: ""
    form: {}
    headers:
      User-Agent:
      - scaleway-sdk-go/v1.0.0-beta.7+dev (go1.20.4; darwin; amd64) terraform-provider/develop
        terraform/terraform-tests
    url: https://api.scaleway.com/lb/v1/zones/fr-par-1/lbs/a6ef5464-8f83-428f-9707-2b71f23c62be/frontends?order_by=created_at_asc
    method: GET
  response:
    body: '{"frontends":[{"backend":{"created_at":"2023-07-03T20:19:01.079083Z","failover_host":null,"forward_port":80,"forward_port_algorithm":"roundrobin","forward_protocol":"http","health_check":{"check_delay":60000,"check_max_retries":2,"check_send_proxy":false,"check_timeout":30000,"port":80,"tcp_config":{},"transient_check_delay":"0.500s"},"id":"da7ba5df-6c6e-4961-8b7b-2293b5660b18","ignore_ssl_server_verify":false,"lb":{"backend_count":0,"created_at":"0001-01-01T00:00:00Z","description":"","frontend_count":0,"id":"","instances":[],"ip":[],"name":"","organization_id":"","private_network_count":0,"project_id":"","region":"fr-par","route_count":0,"ssl_compatibility_level":"ssl_compatibility_level_unknown","status":"to_create","subscriber":null,"tags":[],"type":"","updated_at":"0001-01-01T00:00:00Z","zone":"fr-par-1"},"max_connections":null,"max_retries":3,"name":"tf-lb-bkd-keen-aryabhata","on_marked_down_action":"on_marked_down_action_none","pool":[],"proxy_protocol":"proxy_protocol_none","redispatch_attempt_count":null,"send_proxy_v2":false,"ssl_bridging":false,"sticky_sessions":"none","sticky_sessions_cookie_name":"","timeout_connect":5000,"timeout_queue":"0s","timeout_server":300000,"timeout_tunnel":900000,"updated_at":"2023-07-03T20:19:01.079083Z"},"certificate":null,"certificate_ids":[],"created_at":"2023-07-03T20:19:01.734306Z","enable_http3":false,"id":"8454b749-4c8b-4519-be22-d181a6512301","inbound_port":50000,"lb":{"backend_count":0,"created_at":"0001-01-01T00:00:00Z","description":"","frontend_count":0,"id":"","instances":[],"ip":[],"name":"","organization_id":"","private_network_count":0,"project_id":"","region":"fr-par","route_count":0,"ssl_compatibility_level":"ssl_compatibility_level_unknown","status":"to_create","subscriber":null,"tags":[],"type":"","updated_at":"0001-01-01T00:00:00Z","zone":"fr-par-1"},"name":"tf-frontend-datasource0","timeout_client":null,"updated_at":"2023-07-03T20:19:02.124570Z"},{"backend":{"created_at":"2023-07-03T20:19:01.079083Z","failover_host":null,"forward_port":80,"forward_port_algorithm":"roundrobin","forward_protocol":"http","health_check":{"check_delay":60000,"check_max_retries":2,"check_send_proxy":false,"check_timeout":30000,"port":80,"tcp_config":{},"transient_check_delay":"0.500s"},"id":"da7ba5df-6c6e-4961-8b7b-2293b5660b18","ignore_ssl_server_verify":false,"lb":{"backend_count":0,"created_at":"0001-01-01T00:00:00Z","description":"","frontend_count":0,"id":"","instances":[],"ip":[],"name":"","organization_id":"","private_network_count":0,"project_id":"","region":"fr-par","route_count":0,"ssl_compatibility_level":"ssl_compatibility_level_unknown","status":"to_create","subscriber":null,"tags":[],"type":"","updated_at":"0001-01-01T00:00:00Z","zone":"fr-par-1"},"max_connections":null,"max_retries":3,"name":"tf-lb-bkd-keen-aryabhata","on_marked_down_action":"on_marked_down_action_none","pool":[],"proxy_protocol":"proxy_protocol_none","redispatch_attempt_count":null,"send_proxy_v2":false,"ssl_bridging":false,"sticky_sessions":"none","sticky_sessions_cookie_name":"","timeout_connect":5000,"timeout_queue":"0s","timeout_server":300000,"timeout_tunnel":900000,"updated_at":"2023-07-03T20:19:01.079083Z"},"certificate":null,"certificate_ids":[],"created_at":"2023-07-03T20:19:05.481139Z","enable_http3":false,"id":"9e448829-3a99-4ce2-a90e-7508011f6c3f","inbound_port":50001,"lb":{"backend_count":0,"created_at":"0001-01-01T00:00:00Z","description":"","frontend_count":0,"id":"","instances":[],"ip":[],"name":"","organization_id":"","private_network_count":0,"project_id":"","region":"fr-par","route_count":0,"ssl_compatibility_level":"ssl_compatibility_level_unknown","status":"to_create","subscriber":null,"tags":[],"type":"","updated_at":"0001-01-01T00:00:00Z","zone":"fr-par-1"},"name":"tf-frontend-datasource1","timeout_client":null,"updated_at":"2023-07-03T20:19:06.040001Z"}],"total_count":2}'
    headers:
      Content-Length:
      - "3887"
      Content-Security-Policy:
      - default-src 'none'; frame-ancestors 'none'
      Content-Type:
      - application/json
      Date:
      - Mon, 03 Jul 2023 20:19:07 GMT
      Server:
      - Scaleway API-Gateway
      Strict-Transport-Security:
      - max-age=63072000
      X-Content-Type-Options:
      - nosniff
      X-Frame-Options:
      - DENY
      X-Request-Id:
      - fc7a3df0-41b1-4173-bad2-526967117c55
    status: 200 OK
    code: 200
    duration: ""
- request:
    body: ""
    form: {}
    headers:
      User-Agent:
      - scaleway-sdk-go/v1.0.0-beta.7+dev (go1.20.4; darwin; amd64) terraform-provider/develop
        terraform/terraform-tests
    url: https://api.scaleway.com/lb/v1/zones/fr-par-1/lbs/a6ef5464-8f83-428f-9707-2b71f23c62be/frontends?name=tf-frontend-datasource&order_by=created_at_asc
    method: GET
  response:
    body: '{"frontends":[{"backend":{"created_at":"2023-07-03T20:19:01.079083Z","failover_host":null,"forward_port":80,"forward_port_algorithm":"roundrobin","forward_protocol":"http","health_check":{"check_delay":60000,"check_max_retries":2,"check_send_proxy":false,"check_timeout":30000,"port":80,"tcp_config":{},"transient_check_delay":"0.500s"},"id":"da7ba5df-6c6e-4961-8b7b-2293b5660b18","ignore_ssl_server_verify":false,"lb":{"backend_count":0,"created_at":"0001-01-01T00:00:00Z","description":"","frontend_count":0,"id":"","instances":[],"ip":[],"name":"","organization_id":"","private_network_count":0,"project_id":"","region":"fr-par","route_count":0,"ssl_compatibility_level":"ssl_compatibility_level_unknown","status":"to_create","subscriber":null,"tags":[],"type":"","updated_at":"0001-01-01T00:00:00Z","zone":"fr-par-1"},"max_connections":null,"max_retries":3,"name":"tf-lb-bkd-keen-aryabhata","on_marked_down_action":"on_marked_down_action_none","pool":[],"proxy_protocol":"proxy_protocol_none","redispatch_attempt_count":null,"send_proxy_v2":false,"ssl_bridging":false,"sticky_sessions":"none","sticky_sessions_cookie_name":"","timeout_connect":5000,"timeout_queue":"0s","timeout_server":300000,"timeout_tunnel":900000,"updated_at":"2023-07-03T20:19:01.079083Z"},"certificate":null,"certificate_ids":[],"created_at":"2023-07-03T20:19:01.734306Z","enable_http3":false,"id":"8454b749-4c8b-4519-be22-d181a6512301","inbound_port":50000,"lb":{"backend_count":0,"created_at":"0001-01-01T00:00:00Z","description":"","frontend_count":0,"id":"","instances":[],"ip":[],"name":"","organization_id":"","private_network_count":0,"project_id":"","region":"fr-par","route_count":0,"ssl_compatibility_level":"ssl_compatibility_level_unknown","status":"to_create","subscriber":null,"tags":[],"type":"","updated_at":"0001-01-01T00:00:00Z","zone":"fr-par-1"},"name":"tf-frontend-datasource0","timeout_client":null,"updated_at":"2023-07-03T20:19:02.124570Z"},{"backend":{"created_at":"2023-07-03T20:19:01.079083Z","failover_host":null,"forward_port":80,"forward_port_algorithm":"roundrobin","forward_protocol":"http","health_check":{"check_delay":60000,"check_max_retries":2,"check_send_proxy":false,"check_timeout":30000,"port":80,"tcp_config":{},"transient_check_delay":"0.500s"},"id":"da7ba5df-6c6e-4961-8b7b-2293b5660b18","ignore_ssl_server_verify":false,"lb":{"backend_count":0,"created_at":"0001-01-01T00:00:00Z","description":"","frontend_count":0,"id":"","instances":[],"ip":[],"name":"","organization_id":"","private_network_count":0,"project_id":"","region":"fr-par","route_count":0,"ssl_compatibility_level":"ssl_compatibility_level_unknown","status":"to_create","subscriber":null,"tags":[],"type":"","updated_at":"0001-01-01T00:00:00Z","zone":"fr-par-1"},"max_connections":null,"max_retries":3,"name":"tf-lb-bkd-keen-aryabhata","on_marked_down_action":"on_marked_down_action_none","pool":[],"proxy_protocol":"proxy_protocol_none","redispatch_attempt_count":null,"send_proxy_v2":false,"ssl_bridging":false,"sticky_sessions":"none","sticky_sessions_cookie_name":"","timeout_connect":5000,"timeout_queue":"0s","timeout_server":300000,"timeout_tunnel":900000,"updated_at":"2023-07-03T20:19:01.079083Z"},"certificate":null,"certificate_ids":[],"created_at":"2023-07-03T20:19:05.481139Z","enable_http3":false,"id":"9e448829-3a99-4ce2-a90e-7508011f6c3f","inbound_port":50001,"lb":{"backend_count":0,"created_at":"0001-01-01T00:00:00Z","description":"","frontend_count":0,"id":"","instances":[],"ip":[],"name":"","organization_id":"","private_network_count":0,"project_id":"","region":"fr-par","route_count":0,"ssl_compatibility_level":"ssl_compatibility_level_unknown","status":"to_create","subscriber":null,"tags":[],"type":"","updated_at":"0001-01-01T00:00:00Z","zone":"fr-par-1"},"name":"tf-frontend-datasource1","timeout_client":null,"updated_at":"2023-07-03T20:19:06.040001Z"}],"total_count":2}'
    headers:
      Content-Length:
      - "3887"
      Content-Security-Policy:
      - default-src 'none'; frame-ancestors 'none'
      Content-Type:
      - application/json
      Date:
      - Mon, 03 Jul 2023 20:19:07 GMT
      Server:
      - Scaleway API-Gateway
      Strict-Transport-Security:
      - max-age=63072000
      X-Content-Type-Options:
      - nosniff
      X-Frame-Options:
      - DENY
      X-Request-Id:
      - 5e2ce780-feaf-4dfb-b3b1-994b0cf2f25e
    status: 200 OK
    code: 200
    duration: ""
- request:
    body: ""
    form: {}
    headers:
      User-Agent:
      - scaleway-sdk-go/v1.0.0-beta.7+dev (go1.20.4; darwin; amd64) terraform-provider/develop
        terraform/terraform-tests
    url: https://api.scaleway.com/lb/v1/zones/fr-par-1/ips/86df9ff8-7a77-492d-9b03-4f6205127499
    method: GET
  response:
    body: '{"id":"86df9ff8-7a77-492d-9b03-4f6205127499","ip_address":"195.154.197.174","lb_id":"a6ef5464-8f83-428f-9707-2b71f23c62be","organization_id":"564aa517-68b0-4fd7-8c8c-d21c4bcdcbd5","project_id":"564aa517-68b0-4fd7-8c8c-d21c4bcdcbd5","region":"fr-par","reverse":"195-154-197-174.lb.fr-par.scw.cloud","zone":"fr-par-1"}'
    headers:
      Content-Length:
      - "316"
      Content-Security-Policy:
      - default-src 'none'; frame-ancestors 'none'
      Content-Type:
      - application/json
      Date:
      - Mon, 03 Jul 2023 20:19:07 GMT
      Server:
      - Scaleway API-Gateway
      Strict-Transport-Security:
      - max-age=63072000
      X-Content-Type-Options:
      - nosniff
      X-Frame-Options:
      - DENY
      X-Request-Id:
      - 173912b2-c963-4e1f-85fb-d979f4be8fe5
    status: 200 OK
    code: 200
    duration: ""
- request:
    body: ""
    form: {}
    headers:
      User-Agent:
      - scaleway-sdk-go/v1.0.0-beta.7+dev (go1.20.4; darwin; amd64) terraform-provider/develop
        terraform/terraform-tests
    url: https://api.scaleway.com/lb/v1/zones/fr-par-1/lbs/a6ef5464-8f83-428f-9707-2b71f23c62be
    method: GET
  response:
    body: '{"backend_count":1,"created_at":"2023-07-03T20:18:30.303219Z","description":"","frontend_count":2,"id":"a6ef5464-8f83-428f-9707-2b71f23c62be","instances":[{"created_at":"2023-07-03T20:17:24.721494Z","id":"98f9070c-36de-42b2-8d02-6624598ed8b6","ip_address":"10.74.110.67","region":"fr-par","status":"ready","updated_at":"2023-07-03T20:19:06.310356Z","zone":"fr-par-1"}],"ip":[{"id":"86df9ff8-7a77-492d-9b03-4f6205127499","ip_address":"195.154.197.174","lb_id":"a6ef5464-8f83-428f-9707-2b71f23c62be","organization_id":"564aa517-68b0-4fd7-8c8c-d21c4bcdcbd5","project_id":"564aa517-68b0-4fd7-8c8c-d21c4bcdcbd5","region":"fr-par","reverse":"195-154-197-174.lb.fr-par.scw.cloud","zone":"fr-par-1"}],"name":"test-lb","organization_id":"564aa517-68b0-4fd7-8c8c-d21c4bcdcbd5","private_network_count":0,"project_id":"564aa517-68b0-4fd7-8c8c-d21c4bcdcbd5","region":"fr-par","route_count":0,"ssl_compatibility_level":"ssl_compatibility_level_intermediate","status":"ready","subscriber":null,"tags":[],"type":"lb-s","updated_at":"2023-07-03T20:18:32.627294Z","zone":"fr-par-1"}'
    headers:
      Content-Length:
      - "1064"
      Content-Security-Policy:
      - default-src 'none'; frame-ancestors 'none'
      Content-Type:
      - application/json
      Date:
      - Mon, 03 Jul 2023 20:19:07 GMT
      Server:
      - Scaleway API-Gateway
      Strict-Transport-Security:
      - max-age=63072000
      X-Content-Type-Options:
      - nosniff
      X-Frame-Options:
      - DENY
      X-Request-Id:
      - b929f70d-ceed-4ce9-b8b6-297ed8a11d7f
    status: 200 OK
    code: 200
    duration: ""
- request:
    body: ""
    form: {}
    headers:
      User-Agent:
      - scaleway-sdk-go/v1.0.0-beta.7+dev (go1.20.4; darwin; amd64) terraform-provider/develop
        terraform/terraform-tests
    url: https://api.scaleway.com/lb/v1/zones/fr-par-1/lbs/a6ef5464-8f83-428f-9707-2b71f23c62be
    method: GET
  response:
    body: '{"backend_count":1,"created_at":"2023-07-03T20:18:30.303219Z","description":"","frontend_count":2,"id":"a6ef5464-8f83-428f-9707-2b71f23c62be","instances":[{"created_at":"2023-07-03T20:17:24.721494Z","id":"98f9070c-36de-42b2-8d02-6624598ed8b6","ip_address":"10.74.110.67","region":"fr-par","status":"ready","updated_at":"2023-07-03T20:19:06.310356Z","zone":"fr-par-1"}],"ip":[{"id":"86df9ff8-7a77-492d-9b03-4f6205127499","ip_address":"195.154.197.174","lb_id":"a6ef5464-8f83-428f-9707-2b71f23c62be","organization_id":"564aa517-68b0-4fd7-8c8c-d21c4bcdcbd5","project_id":"564aa517-68b0-4fd7-8c8c-d21c4bcdcbd5","region":"fr-par","reverse":"195-154-197-174.lb.fr-par.scw.cloud","zone":"fr-par-1"}],"name":"test-lb","organization_id":"564aa517-68b0-4fd7-8c8c-d21c4bcdcbd5","private_network_count":0,"project_id":"564aa517-68b0-4fd7-8c8c-d21c4bcdcbd5","region":"fr-par","route_count":0,"ssl_compatibility_level":"ssl_compatibility_level_intermediate","status":"ready","subscriber":null,"tags":[],"type":"lb-s","updated_at":"2023-07-03T20:18:32.627294Z","zone":"fr-par-1"}'
    headers:
      Content-Length:
      - "1064"
      Content-Security-Policy:
      - default-src 'none'; frame-ancestors 'none'
      Content-Type:
      - application/json
      Date:
      - Mon, 03 Jul 2023 20:19:07 GMT
      Server:
      - Scaleway API-Gateway
      Strict-Transport-Security:
      - max-age=63072000
      X-Content-Type-Options:
      - nosniff
      X-Frame-Options:
      - DENY
      X-Request-Id:
      - 5c4896a9-4e50-4e9b-b210-1f5cfed766ab
    status: 200 OK
    code: 200
    duration: ""
- request:
    body: ""
    form: {}
    headers:
      User-Agent:
      - scaleway-sdk-go/v1.0.0-beta.7+dev (go1.20.4; darwin; amd64) terraform-provider/develop
        terraform/terraform-tests
    url: https://api.scaleway.com/lb/v1/zones/fr-par-1/lbs/a6ef5464-8f83-428f-9707-2b71f23c62be/private-networks?order_by=created_at_asc
    method: GET
  response:
    body: '{"private_network":[],"total_count":0}'
    headers:
      Content-Length:
      - "38"
      Content-Security-Policy:
      - default-src 'none'; frame-ancestors 'none'
      Content-Type:
      - application/json
      Date:
      - Mon, 03 Jul 2023 20:19:07 GMT
      Server:
      - Scaleway API-Gateway
      Strict-Transport-Security:
      - max-age=63072000
      X-Content-Type-Options:
      - nosniff
      X-Frame-Options:
      - DENY
      X-Request-Id:
      - 959e45a6-ee17-428d-823e-9e545ad31fb7
    status: 200 OK
    code: 200
    duration: ""
- request:
    body: ""
    form: {}
    headers:
      User-Agent:
      - scaleway-sdk-go/v1.0.0-beta.7+dev (go1.20.4; darwin; amd64) terraform-provider/develop
        terraform/terraform-tests
    url: https://api.scaleway.com/lb/v1/zones/fr-par-1/backends/da7ba5df-6c6e-4961-8b7b-2293b5660b18
    method: GET
  response:
    body: '{"created_at":"2023-07-03T20:19:01.079083Z","failover_host":null,"forward_port":80,"forward_port_algorithm":"roundrobin","forward_protocol":"http","health_check":{"check_delay":60000,"check_max_retries":2,"check_send_proxy":false,"check_timeout":30000,"port":80,"tcp_config":{},"transient_check_delay":"0.500s"},"id":"da7ba5df-6c6e-4961-8b7b-2293b5660b18","ignore_ssl_server_verify":false,"lb":{"backend_count":1,"created_at":"2023-07-03T20:18:30.303219Z","description":"","frontend_count":2,"id":"a6ef5464-8f83-428f-9707-2b71f23c62be","instances":[{"created_at":"2023-07-03T20:17:24.721494Z","id":"98f9070c-36de-42b2-8d02-6624598ed8b6","ip_address":"10.74.110.67","region":"fr-par","status":"ready","updated_at":"2023-07-03T20:19:06.310356Z","zone":"fr-par-1"}],"ip":[{"id":"86df9ff8-7a77-492d-9b03-4f6205127499","ip_address":"195.154.197.174","lb_id":"a6ef5464-8f83-428f-9707-2b71f23c62be","organization_id":"564aa517-68b0-4fd7-8c8c-d21c4bcdcbd5","project_id":"564aa517-68b0-4fd7-8c8c-d21c4bcdcbd5","region":"fr-par","reverse":"195-154-197-174.lb.fr-par.scw.cloud","zone":"fr-par-1"}],"name":"test-lb","organization_id":"564aa517-68b0-4fd7-8c8c-d21c4bcdcbd5","private_network_count":0,"project_id":"564aa517-68b0-4fd7-8c8c-d21c4bcdcbd5","region":"fr-par","route_count":0,"ssl_compatibility_level":"ssl_compatibility_level_intermediate","status":"ready","subscriber":null,"tags":[],"type":"lb-s","updated_at":"2023-07-03T20:18:32.627294Z","zone":"fr-par-1"},"max_connections":null,"max_retries":3,"name":"tf-lb-bkd-keen-aryabhata","on_marked_down_action":"on_marked_down_action_none","pool":[],"proxy_protocol":"proxy_protocol_none","redispatch_attempt_count":null,"send_proxy_v2":false,"ssl_bridging":false,"sticky_sessions":"none","sticky_sessions_cookie_name":"","timeout_connect":5000,"timeout_queue":"0s","timeout_server":300000,"timeout_tunnel":900000,"updated_at":"2023-07-03T20:19:01.079083Z"}'
    headers:
      Content-Length:
      - "1902"
      Content-Security-Policy:
      - default-src 'none'; frame-ancestors 'none'
      Content-Type:
      - application/json
      Date:
      - Mon, 03 Jul 2023 20:19:07 GMT
      Server:
      - Scaleway API-Gateway
      Strict-Transport-Security:
      - max-age=63072000
      X-Content-Type-Options:
      - nosniff
      X-Frame-Options:
      - DENY
      X-Request-Id:
      - 6c3c2bd5-4f81-4a01-8e50-343f158ac2e6
    status: 200 OK
    code: 200
    duration: ""
- request:
    body: ""
    form: {}
    headers:
      User-Agent:
      - scaleway-sdk-go/v1.0.0-beta.7+dev (go1.20.4; darwin; amd64) terraform-provider/develop
        terraform/terraform-tests
    url: https://api.scaleway.com/lb/v1/zones/fr-par-1/lbs/a6ef5464-8f83-428f-9707-2b71f23c62be
    method: GET
  response:
    body: '{"backend_count":1,"created_at":"2023-07-03T20:18:30.303219Z","description":"","frontend_count":2,"id":"a6ef5464-8f83-428f-9707-2b71f23c62be","instances":[{"created_at":"2023-07-03T20:17:24.721494Z","id":"98f9070c-36de-42b2-8d02-6624598ed8b6","ip_address":"10.74.110.67","region":"fr-par","status":"ready","updated_at":"2023-07-03T20:19:06.310356Z","zone":"fr-par-1"}],"ip":[{"id":"86df9ff8-7a77-492d-9b03-4f6205127499","ip_address":"195.154.197.174","lb_id":"a6ef5464-8f83-428f-9707-2b71f23c62be","organization_id":"564aa517-68b0-4fd7-8c8c-d21c4bcdcbd5","project_id":"564aa517-68b0-4fd7-8c8c-d21c4bcdcbd5","region":"fr-par","reverse":"195-154-197-174.lb.fr-par.scw.cloud","zone":"fr-par-1"}],"name":"test-lb","organization_id":"564aa517-68b0-4fd7-8c8c-d21c4bcdcbd5","private_network_count":0,"project_id":"564aa517-68b0-4fd7-8c8c-d21c4bcdcbd5","region":"fr-par","route_count":0,"ssl_compatibility_level":"ssl_compatibility_level_intermediate","status":"ready","subscriber":null,"tags":[],"type":"lb-s","updated_at":"2023-07-03T20:18:32.627294Z","zone":"fr-par-1"}'
    headers:
      Content-Length:
      - "1064"
      Content-Security-Policy:
      - default-src 'none'; frame-ancestors 'none'
      Content-Type:
      - application/json
      Date:
      - Mon, 03 Jul 2023 20:19:07 GMT
      Server:
      - Scaleway API-Gateway
      Strict-Transport-Security:
      - max-age=63072000
      X-Content-Type-Options:
      - nosniff
      X-Frame-Options:
      - DENY
      X-Request-Id:
      - 0af5c309-cf6a-41c0-b451-baa88f0d8ce6
    status: 200 OK
    code: 200
    duration: ""
- request:
    body: ""
    form: {}
    headers:
      User-Agent:
      - scaleway-sdk-go/v1.0.0-beta.7+dev (go1.20.4; darwin; amd64) terraform-provider/develop
        terraform/terraform-tests
    url: https://api.scaleway.com/lb/v1/zones/fr-par-1/frontends/8454b749-4c8b-4519-be22-d181a6512301
    method: GET
  response:
    body: '{"backend":{"created_at":"2023-07-03T20:19:01.079083Z","failover_host":null,"forward_port":80,"forward_port_algorithm":"roundrobin","forward_protocol":"http","health_check":{"check_delay":60000,"check_max_retries":2,"check_send_proxy":false,"check_timeout":30000,"port":80,"tcp_config":{},"transient_check_delay":"0.500s"},"id":"da7ba5df-6c6e-4961-8b7b-2293b5660b18","ignore_ssl_server_verify":false,"lb":{"backend_count":1,"created_at":"2023-07-03T20:18:30.303219Z","description":"","frontend_count":2,"id":"a6ef5464-8f83-428f-9707-2b71f23c62be","instances":[],"ip":[{"id":"86df9ff8-7a77-492d-9b03-4f6205127499","ip_address":"195.154.197.174","lb_id":"a6ef5464-8f83-428f-9707-2b71f23c62be","organization_id":"564aa517-68b0-4fd7-8c8c-d21c4bcdcbd5","project_id":"564aa517-68b0-4fd7-8c8c-d21c4bcdcbd5","region":"fr-par","reverse":"195-154-197-174.lb.fr-par.scw.cloud","zone":"fr-par-1"}],"name":"test-lb","organization_id":"564aa517-68b0-4fd7-8c8c-d21c4bcdcbd5","private_network_count":0,"project_id":"564aa517-68b0-4fd7-8c8c-d21c4bcdcbd5","region":"fr-par","route_count":0,"ssl_compatibility_level":"ssl_compatibility_level_intermediate","status":"ready","subscriber":null,"tags":[],"type":"lb-s","updated_at":"2023-07-03T20:18:32.627294Z","zone":"fr-par-1"},"max_connections":null,"max_retries":3,"name":"tf-lb-bkd-keen-aryabhata","on_marked_down_action":"on_marked_down_action_none","pool":[],"proxy_protocol":"proxy_protocol_none","redispatch_attempt_count":null,"send_proxy_v2":false,"ssl_bridging":false,"sticky_sessions":"none","sticky_sessions_cookie_name":"","timeout_connect":5000,"timeout_queue":"0s","timeout_server":300000,"timeout_tunnel":900000,"updated_at":"2023-07-03T20:19:01.079083Z"},"certificate":null,"certificate_ids":[],"created_at":"2023-07-03T20:19:01.734306Z","enable_http3":false,"id":"8454b749-4c8b-4519-be22-d181a6512301","inbound_port":50000,"lb":{"backend_count":1,"created_at":"2023-07-03T20:18:30.303219Z","description":"","frontend_count":2,"id":"a6ef5464-8f83-428f-9707-2b71f23c62be","instances":[],"ip":[{"id":"86df9ff8-7a77-492d-9b03-4f6205127499","ip_address":"195.154.197.174","lb_id":"a6ef5464-8f83-428f-9707-2b71f23c62be","organization_id":"564aa517-68b0-4fd7-8c8c-d21c4bcdcbd5","project_id":"564aa517-68b0-4fd7-8c8c-d21c4bcdcbd5","region":"fr-par","reverse":"195-154-197-174.lb.fr-par.scw.cloud","zone":"fr-par-1"}],"name":"test-lb","organization_id":"564aa517-68b0-4fd7-8c8c-d21c4bcdcbd5","private_network_count":0,"project_id":"564aa517-68b0-4fd7-8c8c-d21c4bcdcbd5","region":"fr-par","route_count":0,"ssl_compatibility_level":"ssl_compatibility_level_intermediate","status":"ready","subscriber":null,"tags":[],"type":"lb-s","updated_at":"2023-07-03T20:18:32.627294Z","zone":"fr-par-1"},"name":"tf-frontend-datasource0","timeout_client":null,"updated_at":"2023-07-03T20:19:02.124570Z"}'
    headers:
      Content-Length:
      - "2827"
      Content-Security-Policy:
      - default-src 'none'; frame-ancestors 'none'
      Content-Type:
      - application/json
      Date:
      - Mon, 03 Jul 2023 20:19:07 GMT
      Server:
      - Scaleway API-Gateway
      Strict-Transport-Security:
      - max-age=63072000
      X-Content-Type-Options:
      - nosniff
      X-Frame-Options:
      - DENY
      X-Request-Id:
      - f93bd433-3875-4049-96fd-38c17693db81
    status: 200 OK
    code: 200
    duration: ""
- request:
    body: ""
    form: {}
    headers:
      User-Agent:
      - scaleway-sdk-go/v1.0.0-beta.7+dev (go1.20.4; darwin; amd64) terraform-provider/develop
        terraform/terraform-tests
    url: https://api.scaleway.com/lb/v1/zones/fr-par-1/frontends/9e448829-3a99-4ce2-a90e-7508011f6c3f
    method: GET
  response:
    body: '{"backend":{"created_at":"2023-07-03T20:19:01.079083Z","failover_host":null,"forward_port":80,"forward_port_algorithm":"roundrobin","forward_protocol":"http","health_check":{"check_delay":60000,"check_max_retries":2,"check_send_proxy":false,"check_timeout":30000,"port":80,"tcp_config":{},"transient_check_delay":"0.500s"},"id":"da7ba5df-6c6e-4961-8b7b-2293b5660b18","ignore_ssl_server_verify":false,"lb":{"backend_count":1,"created_at":"2023-07-03T20:18:30.303219Z","description":"","frontend_count":2,"id":"a6ef5464-8f83-428f-9707-2b71f23c62be","instances":[],"ip":[{"id":"86df9ff8-7a77-492d-9b03-4f6205127499","ip_address":"195.154.197.174","lb_id":"a6ef5464-8f83-428f-9707-2b71f23c62be","organization_id":"564aa517-68b0-4fd7-8c8c-d21c4bcdcbd5","project_id":"564aa517-68b0-4fd7-8c8c-d21c4bcdcbd5","region":"fr-par","reverse":"195-154-197-174.lb.fr-par.scw.cloud","zone":"fr-par-1"}],"name":"test-lb","organization_id":"564aa517-68b0-4fd7-8c8c-d21c4bcdcbd5","private_network_count":0,"project_id":"564aa517-68b0-4fd7-8c8c-d21c4bcdcbd5","region":"fr-par","route_count":0,"ssl_compatibility_level":"ssl_compatibility_level_intermediate","status":"ready","subscriber":null,"tags":[],"type":"lb-s","updated_at":"2023-07-03T20:18:32.627294Z","zone":"fr-par-1"},"max_connections":null,"max_retries":3,"name":"tf-lb-bkd-keen-aryabhata","on_marked_down_action":"on_marked_down_action_none","pool":[],"proxy_protocol":"proxy_protocol_none","redispatch_attempt_count":null,"send_proxy_v2":false,"ssl_bridging":false,"sticky_sessions":"none","sticky_sessions_cookie_name":"","timeout_connect":5000,"timeout_queue":"0s","timeout_server":300000,"timeout_tunnel":900000,"updated_at":"2023-07-03T20:19:01.079083Z"},"certificate":null,"certificate_ids":[],"created_at":"2023-07-03T20:19:05.481139Z","enable_http3":false,"id":"9e448829-3a99-4ce2-a90e-7508011f6c3f","inbound_port":50001,"lb":{"backend_count":1,"created_at":"2023-07-03T20:18:30.303219Z","description":"","frontend_count":2,"id":"a6ef5464-8f83-428f-9707-2b71f23c62be","instances":[],"ip":[{"id":"86df9ff8-7a77-492d-9b03-4f6205127499","ip_address":"195.154.197.174","lb_id":"a6ef5464-8f83-428f-9707-2b71f23c62be","organization_id":"564aa517-68b0-4fd7-8c8c-d21c4bcdcbd5","project_id":"564aa517-68b0-4fd7-8c8c-d21c4bcdcbd5","region":"fr-par","reverse":"195-154-197-174.lb.fr-par.scw.cloud","zone":"fr-par-1"}],"name":"test-lb","organization_id":"564aa517-68b0-4fd7-8c8c-d21c4bcdcbd5","private_network_count":0,"project_id":"564aa517-68b0-4fd7-8c8c-d21c4bcdcbd5","region":"fr-par","route_count":0,"ssl_compatibility_level":"ssl_compatibility_level_intermediate","status":"ready","subscriber":null,"tags":[],"type":"lb-s","updated_at":"2023-07-03T20:18:32.627294Z","zone":"fr-par-1"},"name":"tf-frontend-datasource1","timeout_client":null,"updated_at":"2023-07-03T20:19:06.040001Z"}'
    headers:
      Content-Length:
      - "2827"
      Content-Security-Policy:
      - default-src 'none'; frame-ancestors 'none'
      Content-Type:
      - application/json
      Date:
      - Mon, 03 Jul 2023 20:19:07 GMT
      Server:
      - Scaleway API-Gateway
      Strict-Transport-Security:
      - max-age=63072000
      X-Content-Type-Options:
      - nosniff
      X-Frame-Options:
      - DENY
      X-Request-Id:
      - 7615abb1-7659-463a-ab06-33bb1b597de2
    status: 200 OK
    code: 200
    duration: ""
- request:
    body: ""
    form: {}
    headers:
      User-Agent:
      - scaleway-sdk-go/v1.0.0-beta.7+dev (go1.20.4; darwin; amd64) terraform-provider/develop
        terraform/terraform-tests
    url: https://api.scaleway.com/lb/v1/zones/fr-par-1/frontends/8454b749-4c8b-4519-be22-d181a6512301/acls?order_by=created_at_asc&page=1
    method: GET
  response:
    body: '{"acls":[],"total_count":0}'
    headers:
      Content-Length:
      - "27"
      Content-Security-Policy:
      - default-src 'none'; frame-ancestors 'none'
      Content-Type:
      - application/json
      Date:
      - Mon, 03 Jul 2023 20:19:07 GMT
      Server:
      - Scaleway API-Gateway
      Strict-Transport-Security:
      - max-age=63072000
      X-Content-Type-Options:
      - nosniff
      X-Frame-Options:
      - DENY
      X-Request-Id:
      - 4d0f2bac-0c51-4531-9a40-6b4600bdaa61
    status: 200 OK
    code: 200
    duration: ""
- request:
    body: ""
    form: {}
    headers:
      User-Agent:
      - scaleway-sdk-go/v1.0.0-beta.7+dev (go1.20.4; darwin; amd64) terraform-provider/develop
        terraform/terraform-tests
    url: https://api.scaleway.com/lb/v1/zones/fr-par-1/frontends/9e448829-3a99-4ce2-a90e-7508011f6c3f/acls?order_by=created_at_asc&page=1
    method: GET
  response:
    body: '{"acls":[],"total_count":0}'
    headers:
      Content-Length:
      - "27"
      Content-Security-Policy:
      - default-src 'none'; frame-ancestors 'none'
      Content-Type:
      - application/json
      Date:
      - Mon, 03 Jul 2023 20:19:07 GMT
      Server:
      - Scaleway API-Gateway
      Strict-Transport-Security:
      - max-age=63072000
      X-Content-Type-Options:
      - nosniff
      X-Frame-Options:
      - DENY
      X-Request-Id:
      - c2c25ea3-77aa-4831-8055-6525e103cfc1
    status: 200 OK
    code: 200
    duration: ""
- request:
    body: ""
    form: {}
    headers:
      User-Agent:
      - scaleway-sdk-go/v1.0.0-beta.7+dev (go1.20.4; darwin; amd64) terraform-provider/develop
        terraform/terraform-tests
    url: https://api.scaleway.com/lb/v1/zones/fr-par-1/lbs/a6ef5464-8f83-428f-9707-2b71f23c62be/frontends?name=tf-frontend-datasource&order_by=created_at_asc
    method: GET
  response:
    body: '{"frontends":[{"backend":{"created_at":"2023-07-03T20:19:01.079083Z","failover_host":null,"forward_port":80,"forward_port_algorithm":"roundrobin","forward_protocol":"http","health_check":{"check_delay":60000,"check_max_retries":2,"check_send_proxy":false,"check_timeout":30000,"port":80,"tcp_config":{},"transient_check_delay":"0.500s"},"id":"da7ba5df-6c6e-4961-8b7b-2293b5660b18","ignore_ssl_server_verify":false,"lb":{"backend_count":0,"created_at":"0001-01-01T00:00:00Z","description":"","frontend_count":0,"id":"","instances":[],"ip":[],"name":"","organization_id":"","private_network_count":0,"project_id":"","region":"fr-par","route_count":0,"ssl_compatibility_level":"ssl_compatibility_level_unknown","status":"to_create","subscriber":null,"tags":[],"type":"","updated_at":"0001-01-01T00:00:00Z","zone":"fr-par-1"},"max_connections":null,"max_retries":3,"name":"tf-lb-bkd-keen-aryabhata","on_marked_down_action":"on_marked_down_action_none","pool":[],"proxy_protocol":"proxy_protocol_none","redispatch_attempt_count":null,"send_proxy_v2":false,"ssl_bridging":false,"sticky_sessions":"none","sticky_sessions_cookie_name":"","timeout_connect":5000,"timeout_queue":"0s","timeout_server":300000,"timeout_tunnel":900000,"updated_at":"2023-07-03T20:19:01.079083Z"},"certificate":null,"certificate_ids":[],"created_at":"2023-07-03T20:19:01.734306Z","enable_http3":false,"id":"8454b749-4c8b-4519-be22-d181a6512301","inbound_port":50000,"lb":{"backend_count":0,"created_at":"0001-01-01T00:00:00Z","description":"","frontend_count":0,"id":"","instances":[],"ip":[],"name":"","organization_id":"","private_network_count":0,"project_id":"","region":"fr-par","route_count":0,"ssl_compatibility_level":"ssl_compatibility_level_unknown","status":"to_create","subscriber":null,"tags":[],"type":"","updated_at":"0001-01-01T00:00:00Z","zone":"fr-par-1"},"name":"tf-frontend-datasource0","timeout_client":null,"updated_at":"2023-07-03T20:19:02.124570Z"},{"backend":{"created_at":"2023-07-03T20:19:01.079083Z","failover_host":null,"forward_port":80,"forward_port_algorithm":"roundrobin","forward_protocol":"http","health_check":{"check_delay":60000,"check_max_retries":2,"check_send_proxy":false,"check_timeout":30000,"port":80,"tcp_config":{},"transient_check_delay":"0.500s"},"id":"da7ba5df-6c6e-4961-8b7b-2293b5660b18","ignore_ssl_server_verify":false,"lb":{"backend_count":0,"created_at":"0001-01-01T00:00:00Z","description":"","frontend_count":0,"id":"","instances":[],"ip":[],"name":"","organization_id":"","private_network_count":0,"project_id":"","region":"fr-par","route_count":0,"ssl_compatibility_level":"ssl_compatibility_level_unknown","status":"to_create","subscriber":null,"tags":[],"type":"","updated_at":"0001-01-01T00:00:00Z","zone":"fr-par-1"},"max_connections":null,"max_retries":3,"name":"tf-lb-bkd-keen-aryabhata","on_marked_down_action":"on_marked_down_action_none","pool":[],"proxy_protocol":"proxy_protocol_none","redispatch_attempt_count":null,"send_proxy_v2":false,"ssl_bridging":false,"sticky_sessions":"none","sticky_sessions_cookie_name":"","timeout_connect":5000,"timeout_queue":"0s","timeout_server":300000,"timeout_tunnel":900000,"updated_at":"2023-07-03T20:19:01.079083Z"},"certificate":null,"certificate_ids":[],"created_at":"2023-07-03T20:19:05.481139Z","enable_http3":false,"id":"9e448829-3a99-4ce2-a90e-7508011f6c3f","inbound_port":50001,"lb":{"backend_count":0,"created_at":"0001-01-01T00:00:00Z","description":"","frontend_count":0,"id":"","instances":[],"ip":[],"name":"","organization_id":"","private_network_count":0,"project_id":"","region":"fr-par","route_count":0,"ssl_compatibility_level":"ssl_compatibility_level_unknown","status":"to_create","subscriber":null,"tags":[],"type":"","updated_at":"0001-01-01T00:00:00Z","zone":"fr-par-1"},"name":"tf-frontend-datasource1","timeout_client":null,"updated_at":"2023-07-03T20:19:06.040001Z"}],"total_count":2}'
    headers:
      Content-Length:
      - "3887"
      Content-Security-Policy:
      - default-src 'none'; frame-ancestors 'none'
      Content-Type:
      - application/json
      Date:
      - Mon, 03 Jul 2023 20:19:07 GMT
      Server:
      - Scaleway API-Gateway
      Strict-Transport-Security:
      - max-age=63072000
      X-Content-Type-Options:
      - nosniff
      X-Frame-Options:
      - DENY
      X-Request-Id:
      - b431448d-a6a1-4122-af89-bbbb83ea0475
    status: 200 OK
    code: 200
    duration: ""
- request:
    body: ""
    form: {}
    headers:
      User-Agent:
      - scaleway-sdk-go/v1.0.0-beta.7+dev (go1.20.4; darwin; amd64) terraform-provider/develop
        terraform/terraform-tests
    url: https://api.scaleway.com/lb/v1/zones/fr-par-1/lbs/a6ef5464-8f83-428f-9707-2b71f23c62be/frontends?order_by=created_at_asc
    method: GET
  response:
    body: '{"frontends":[{"backend":{"created_at":"2023-07-03T20:19:01.079083Z","failover_host":null,"forward_port":80,"forward_port_algorithm":"roundrobin","forward_protocol":"http","health_check":{"check_delay":60000,"check_max_retries":2,"check_send_proxy":false,"check_timeout":30000,"port":80,"tcp_config":{},"transient_check_delay":"0.500s"},"id":"da7ba5df-6c6e-4961-8b7b-2293b5660b18","ignore_ssl_server_verify":false,"lb":{"backend_count":0,"created_at":"0001-01-01T00:00:00Z","description":"","frontend_count":0,"id":"","instances":[],"ip":[],"name":"","organization_id":"","private_network_count":0,"project_id":"","region":"fr-par","route_count":0,"ssl_compatibility_level":"ssl_compatibility_level_unknown","status":"to_create","subscriber":null,"tags":[],"type":"","updated_at":"0001-01-01T00:00:00Z","zone":"fr-par-1"},"max_connections":null,"max_retries":3,"name":"tf-lb-bkd-keen-aryabhata","on_marked_down_action":"on_marked_down_action_none","pool":[],"proxy_protocol":"proxy_protocol_none","redispatch_attempt_count":null,"send_proxy_v2":false,"ssl_bridging":false,"sticky_sessions":"none","sticky_sessions_cookie_name":"","timeout_connect":5000,"timeout_queue":"0s","timeout_server":300000,"timeout_tunnel":900000,"updated_at":"2023-07-03T20:19:01.079083Z"},"certificate":null,"certificate_ids":[],"created_at":"2023-07-03T20:19:01.734306Z","enable_http3":false,"id":"8454b749-4c8b-4519-be22-d181a6512301","inbound_port":50000,"lb":{"backend_count":0,"created_at":"0001-01-01T00:00:00Z","description":"","frontend_count":0,"id":"","instances":[],"ip":[],"name":"","organization_id":"","private_network_count":0,"project_id":"","region":"fr-par","route_count":0,"ssl_compatibility_level":"ssl_compatibility_level_unknown","status":"to_create","subscriber":null,"tags":[],"type":"","updated_at":"0001-01-01T00:00:00Z","zone":"fr-par-1"},"name":"tf-frontend-datasource0","timeout_client":null,"updated_at":"2023-07-03T20:19:02.124570Z"},{"backend":{"created_at":"2023-07-03T20:19:01.079083Z","failover_host":null,"forward_port":80,"forward_port_algorithm":"roundrobin","forward_protocol":"http","health_check":{"check_delay":60000,"check_max_retries":2,"check_send_proxy":false,"check_timeout":30000,"port":80,"tcp_config":{},"transient_check_delay":"0.500s"},"id":"da7ba5df-6c6e-4961-8b7b-2293b5660b18","ignore_ssl_server_verify":false,"lb":{"backend_count":0,"created_at":"0001-01-01T00:00:00Z","description":"","frontend_count":0,"id":"","instances":[],"ip":[],"name":"","organization_id":"","private_network_count":0,"project_id":"","region":"fr-par","route_count":0,"ssl_compatibility_level":"ssl_compatibility_level_unknown","status":"to_create","subscriber":null,"tags":[],"type":"","updated_at":"0001-01-01T00:00:00Z","zone":"fr-par-1"},"max_connections":null,"max_retries":3,"name":"tf-lb-bkd-keen-aryabhata","on_marked_down_action":"on_marked_down_action_none","pool":[],"proxy_protocol":"proxy_protocol_none","redispatch_attempt_count":null,"send_proxy_v2":false,"ssl_bridging":false,"sticky_sessions":"none","sticky_sessions_cookie_name":"","timeout_connect":5000,"timeout_queue":"0s","timeout_server":300000,"timeout_tunnel":900000,"updated_at":"2023-07-03T20:19:01.079083Z"},"certificate":null,"certificate_ids":[],"created_at":"2023-07-03T20:19:05.481139Z","enable_http3":false,"id":"9e448829-3a99-4ce2-a90e-7508011f6c3f","inbound_port":50001,"lb":{"backend_count":0,"created_at":"0001-01-01T00:00:00Z","description":"","frontend_count":0,"id":"","instances":[],"ip":[],"name":"","organization_id":"","private_network_count":0,"project_id":"","region":"fr-par","route_count":0,"ssl_compatibility_level":"ssl_compatibility_level_unknown","status":"to_create","subscriber":null,"tags":[],"type":"","updated_at":"0001-01-01T00:00:00Z","zone":"fr-par-1"},"name":"tf-frontend-datasource1","timeout_client":null,"updated_at":"2023-07-03T20:19:06.040001Z"}],"total_count":2}'
    headers:
      Content-Length:
      - "3887"
      Content-Security-Policy:
      - default-src 'none'; frame-ancestors 'none'
      Content-Type:
      - application/json
      Date:
      - Mon, 03 Jul 2023 20:19:07 GMT
      Server:
      - Scaleway API-Gateway
      Strict-Transport-Security:
      - max-age=63072000
      X-Content-Type-Options:
      - nosniff
      X-Frame-Options:
      - DENY
      X-Request-Id:
      - 3642a0f6-ea2f-4594-84ba-bc3fb5d0d7d5
    status: 200 OK
    code: 200
    duration: ""
- request:
    body: ""
    form: {}
    headers:
      User-Agent:
      - scaleway-sdk-go/v1.0.0-beta.7+dev (go1.20.4; darwin; amd64) terraform-provider/develop
        terraform/terraform-tests
    url: https://api.scaleway.com/lb/v1/zones/fr-par-1/lbs/a6ef5464-8f83-428f-9707-2b71f23c62be/frontends?name=tf-frontend-datasource&order_by=created_at_asc
    method: GET
  response:
    body: '{"frontends":[{"backend":{"created_at":"2023-07-03T20:19:01.079083Z","failover_host":null,"forward_port":80,"forward_port_algorithm":"roundrobin","forward_protocol":"http","health_check":{"check_delay":60000,"check_max_retries":2,"check_send_proxy":false,"check_timeout":30000,"port":80,"tcp_config":{},"transient_check_delay":"0.500s"},"id":"da7ba5df-6c6e-4961-8b7b-2293b5660b18","ignore_ssl_server_verify":false,"lb":{"backend_count":0,"created_at":"0001-01-01T00:00:00Z","description":"","frontend_count":0,"id":"","instances":[],"ip":[],"name":"","organization_id":"","private_network_count":0,"project_id":"","region":"fr-par","route_count":0,"ssl_compatibility_level":"ssl_compatibility_level_unknown","status":"to_create","subscriber":null,"tags":[],"type":"","updated_at":"0001-01-01T00:00:00Z","zone":"fr-par-1"},"max_connections":null,"max_retries":3,"name":"tf-lb-bkd-keen-aryabhata","on_marked_down_action":"on_marked_down_action_none","pool":[],"proxy_protocol":"proxy_protocol_none","redispatch_attempt_count":null,"send_proxy_v2":false,"ssl_bridging":false,"sticky_sessions":"none","sticky_sessions_cookie_name":"","timeout_connect":5000,"timeout_queue":"0s","timeout_server":300000,"timeout_tunnel":900000,"updated_at":"2023-07-03T20:19:01.079083Z"},"certificate":null,"certificate_ids":[],"created_at":"2023-07-03T20:19:01.734306Z","enable_http3":false,"id":"8454b749-4c8b-4519-be22-d181a6512301","inbound_port":50000,"lb":{"backend_count":0,"created_at":"0001-01-01T00:00:00Z","description":"","frontend_count":0,"id":"","instances":[],"ip":[],"name":"","organization_id":"","private_network_count":0,"project_id":"","region":"fr-par","route_count":0,"ssl_compatibility_level":"ssl_compatibility_level_unknown","status":"to_create","subscriber":null,"tags":[],"type":"","updated_at":"0001-01-01T00:00:00Z","zone":"fr-par-1"},"name":"tf-frontend-datasource0","timeout_client":null,"updated_at":"2023-07-03T20:19:02.124570Z"},{"backend":{"created_at":"2023-07-03T20:19:01.079083Z","failover_host":null,"forward_port":80,"forward_port_algorithm":"roundrobin","forward_protocol":"http","health_check":{"check_delay":60000,"check_max_retries":2,"check_send_proxy":false,"check_timeout":30000,"port":80,"tcp_config":{},"transient_check_delay":"0.500s"},"id":"da7ba5df-6c6e-4961-8b7b-2293b5660b18","ignore_ssl_server_verify":false,"lb":{"backend_count":0,"created_at":"0001-01-01T00:00:00Z","description":"","frontend_count":0,"id":"","instances":[],"ip":[],"name":"","organization_id":"","private_network_count":0,"project_id":"","region":"fr-par","route_count":0,"ssl_compatibility_level":"ssl_compatibility_level_unknown","status":"to_create","subscriber":null,"tags":[],"type":"","updated_at":"0001-01-01T00:00:00Z","zone":"fr-par-1"},"max_connections":null,"max_retries":3,"name":"tf-lb-bkd-keen-aryabhata","on_marked_down_action":"on_marked_down_action_none","pool":[],"proxy_protocol":"proxy_protocol_none","redispatch_attempt_count":null,"send_proxy_v2":false,"ssl_bridging":false,"sticky_sessions":"none","sticky_sessions_cookie_name":"","timeout_connect":5000,"timeout_queue":"0s","timeout_server":300000,"timeout_tunnel":900000,"updated_at":"2023-07-03T20:19:01.079083Z"},"certificate":null,"certificate_ids":[],"created_at":"2023-07-03T20:19:05.481139Z","enable_http3":false,"id":"9e448829-3a99-4ce2-a90e-7508011f6c3f","inbound_port":50001,"lb":{"backend_count":0,"created_at":"0001-01-01T00:00:00Z","description":"","frontend_count":0,"id":"","instances":[],"ip":[],"name":"","organization_id":"","private_network_count":0,"project_id":"","region":"fr-par","route_count":0,"ssl_compatibility_level":"ssl_compatibility_level_unknown","status":"to_create","subscriber":null,"tags":[],"type":"","updated_at":"0001-01-01T00:00:00Z","zone":"fr-par-1"},"name":"tf-frontend-datasource1","timeout_client":null,"updated_at":"2023-07-03T20:19:06.040001Z"}],"total_count":2}'
    headers:
      Content-Length:
      - "3887"
      Content-Security-Policy:
      - default-src 'none'; frame-ancestors 'none'
      Content-Type:
      - application/json
      Date:
      - Mon, 03 Jul 2023 20:19:08 GMT
      Server:
      - Scaleway API-Gateway
      Strict-Transport-Security:
      - max-age=63072000
      X-Content-Type-Options:
      - nosniff
      X-Frame-Options:
      - DENY
      X-Request-Id:
      - f111d77d-fa16-4913-bc45-e12fbca1f229
    status: 200 OK
    code: 200
    duration: ""
- request:
    body: ""
    form: {}
    headers:
      User-Agent:
      - scaleway-sdk-go/v1.0.0-beta.7+dev (go1.20.4; darwin; amd64) terraform-provider/develop
        terraform/terraform-tests
    url: https://api.scaleway.com/lb/v1/zones/fr-par-1/lbs/a6ef5464-8f83-428f-9707-2b71f23c62be/frontends?order_by=created_at_asc
    method: GET
  response:
    body: '{"frontends":[{"backend":{"created_at":"2023-07-03T20:19:01.079083Z","failover_host":null,"forward_port":80,"forward_port_algorithm":"roundrobin","forward_protocol":"http","health_check":{"check_delay":60000,"check_max_retries":2,"check_send_proxy":false,"check_timeout":30000,"port":80,"tcp_config":{},"transient_check_delay":"0.500s"},"id":"da7ba5df-6c6e-4961-8b7b-2293b5660b18","ignore_ssl_server_verify":false,"lb":{"backend_count":0,"created_at":"0001-01-01T00:00:00Z","description":"","frontend_count":0,"id":"","instances":[],"ip":[],"name":"","organization_id":"","private_network_count":0,"project_id":"","region":"fr-par","route_count":0,"ssl_compatibility_level":"ssl_compatibility_level_unknown","status":"to_create","subscriber":null,"tags":[],"type":"","updated_at":"0001-01-01T00:00:00Z","zone":"fr-par-1"},"max_connections":null,"max_retries":3,"name":"tf-lb-bkd-keen-aryabhata","on_marked_down_action":"on_marked_down_action_none","pool":[],"proxy_protocol":"proxy_protocol_none","redispatch_attempt_count":null,"send_proxy_v2":false,"ssl_bridging":false,"sticky_sessions":"none","sticky_sessions_cookie_name":"","timeout_connect":5000,"timeout_queue":"0s","timeout_server":300000,"timeout_tunnel":900000,"updated_at":"2023-07-03T20:19:01.079083Z"},"certificate":null,"certificate_ids":[],"created_at":"2023-07-03T20:19:01.734306Z","enable_http3":false,"id":"8454b749-4c8b-4519-be22-d181a6512301","inbound_port":50000,"lb":{"backend_count":0,"created_at":"0001-01-01T00:00:00Z","description":"","frontend_count":0,"id":"","instances":[],"ip":[],"name":"","organization_id":"","private_network_count":0,"project_id":"","region":"fr-par","route_count":0,"ssl_compatibility_level":"ssl_compatibility_level_unknown","status":"to_create","subscriber":null,"tags":[],"type":"","updated_at":"0001-01-01T00:00:00Z","zone":"fr-par-1"},"name":"tf-frontend-datasource0","timeout_client":null,"updated_at":"2023-07-03T20:19:02.124570Z"},{"backend":{"created_at":"2023-07-03T20:19:01.079083Z","failover_host":null,"forward_port":80,"forward_port_algorithm":"roundrobin","forward_protocol":"http","health_check":{"check_delay":60000,"check_max_retries":2,"check_send_proxy":false,"check_timeout":30000,"port":80,"tcp_config":{},"transient_check_delay":"0.500s"},"id":"da7ba5df-6c6e-4961-8b7b-2293b5660b18","ignore_ssl_server_verify":false,"lb":{"backend_count":0,"created_at":"0001-01-01T00:00:00Z","description":"","frontend_count":0,"id":"","instances":[],"ip":[],"name":"","organization_id":"","private_network_count":0,"project_id":"","region":"fr-par","route_count":0,"ssl_compatibility_level":"ssl_compatibility_level_unknown","status":"to_create","subscriber":null,"tags":[],"type":"","updated_at":"0001-01-01T00:00:00Z","zone":"fr-par-1"},"max_connections":null,"max_retries":3,"name":"tf-lb-bkd-keen-aryabhata","on_marked_down_action":"on_marked_down_action_none","pool":[],"proxy_protocol":"proxy_protocol_none","redispatch_attempt_count":null,"send_proxy_v2":false,"ssl_bridging":false,"sticky_sessions":"none","sticky_sessions_cookie_name":"","timeout_connect":5000,"timeout_queue":"0s","timeout_server":300000,"timeout_tunnel":900000,"updated_at":"2023-07-03T20:19:01.079083Z"},"certificate":null,"certificate_ids":[],"created_at":"2023-07-03T20:19:05.481139Z","enable_http3":false,"id":"9e448829-3a99-4ce2-a90e-7508011f6c3f","inbound_port":50001,"lb":{"backend_count":0,"created_at":"0001-01-01T00:00:00Z","description":"","frontend_count":0,"id":"","instances":[],"ip":[],"name":"","organization_id":"","private_network_count":0,"project_id":"","region":"fr-par","route_count":0,"ssl_compatibility_level":"ssl_compatibility_level_unknown","status":"to_create","subscriber":null,"tags":[],"type":"","updated_at":"0001-01-01T00:00:00Z","zone":"fr-par-1"},"name":"tf-frontend-datasource1","timeout_client":null,"updated_at":"2023-07-03T20:19:06.040001Z"}],"total_count":2}'
    headers:
      Content-Length:
      - "3887"
      Content-Security-Policy:
      - default-src 'none'; frame-ancestors 'none'
      Content-Type:
      - application/json
      Date:
      - Mon, 03 Jul 2023 20:19:08 GMT
      Server:
      - Scaleway API-Gateway
      Strict-Transport-Security:
      - max-age=63072000
      X-Content-Type-Options:
      - nosniff
      X-Frame-Options:
      - DENY
      X-Request-Id:
      - 961a2dbd-babd-4f15-bc13-ffd5a96e61a9
    status: 200 OK
    code: 200
    duration: ""
- request:
    body: ""
    form: {}
    headers:
      User-Agent:
      - scaleway-sdk-go/v1.0.0-beta.7+dev (go1.20.4; darwin; amd64) terraform-provider/develop
        terraform/terraform-tests
    url: https://api.scaleway.com/lb/v1/zones/fr-par-1/frontends/9e448829-3a99-4ce2-a90e-7508011f6c3f
    method: DELETE
  response:
    body: ""
    headers:
      Content-Security-Policy:
      - default-src 'none'; frame-ancestors 'none'
      Content-Type:
      - application/json
      Date:
      - Mon, 03 Jul 2023 20:19:08 GMT
      Server:
      - Scaleway API-Gateway
      Strict-Transport-Security:
      - max-age=63072000
      X-Content-Type-Options:
      - nosniff
      X-Frame-Options:
      - DENY
      X-Request-Id:
      - 70f74b18-0a32-458a-bb0d-122c4b9ae569
    status: 204 No Content
    code: 204
    duration: ""
- request:
    body: ""
    form: {}
    headers:
      User-Agent:
      - scaleway-sdk-go/v1.0.0-beta.7+dev (go1.20.4; darwin; amd64) terraform-provider/develop
        terraform/terraform-tests
    url: https://api.scaleway.com/lb/v1/zones/fr-par-1/frontends/8454b749-4c8b-4519-be22-d181a6512301
    method: DELETE
  response:
    body: ""
    headers:
      Content-Security-Policy:
      - default-src 'none'; frame-ancestors 'none'
      Content-Type:
      - application/json
      Date:
      - Mon, 03 Jul 2023 20:19:08 GMT
      Server:
      - Scaleway API-Gateway
      Strict-Transport-Security:
      - max-age=63072000
      X-Content-Type-Options:
      - nosniff
      X-Frame-Options:
      - DENY
      X-Request-Id:
      - 32d31e13-a07c-4dc6-b605-38382fa7c8dc
    status: 204 No Content
    code: 204
    duration: ""
- request:
    body: ""
    form: {}
    headers:
      User-Agent:
      - scaleway-sdk-go/v1.0.0-beta.7+dev (go1.20.4; darwin; amd64) terraform-provider/develop
        terraform/terraform-tests
    url: https://api.scaleway.com/lb/v1/zones/fr-par-1/lbs/a6ef5464-8f83-428f-9707-2b71f23c62be
    method: GET
  response:
    body: '{"backend_count":1,"created_at":"2023-07-03T20:18:30.303219Z","description":"","frontend_count":0,"id":"a6ef5464-8f83-428f-9707-2b71f23c62be","instances":[{"created_at":"2023-07-03T20:17:24.721494Z","id":"98f9070c-36de-42b2-8d02-6624598ed8b6","ip_address":"10.74.110.67","region":"fr-par","status":"ready","updated_at":"2023-07-03T20:19:09.074638Z","zone":"fr-par-1"}],"ip":[{"id":"86df9ff8-7a77-492d-9b03-4f6205127499","ip_address":"195.154.197.174","lb_id":"a6ef5464-8f83-428f-9707-2b71f23c62be","organization_id":"564aa517-68b0-4fd7-8c8c-d21c4bcdcbd5","project_id":"564aa517-68b0-4fd7-8c8c-d21c4bcdcbd5","region":"fr-par","reverse":"195-154-197-174.lb.fr-par.scw.cloud","zone":"fr-par-1"}],"name":"test-lb","organization_id":"564aa517-68b0-4fd7-8c8c-d21c4bcdcbd5","private_network_count":0,"project_id":"564aa517-68b0-4fd7-8c8c-d21c4bcdcbd5","region":"fr-par","route_count":0,"ssl_compatibility_level":"ssl_compatibility_level_intermediate","status":"ready","subscriber":null,"tags":[],"type":"lb-s","updated_at":"2023-07-03T20:18:32.627294Z","zone":"fr-par-1"}'
    headers:
      Content-Length:
      - "1064"
      Content-Security-Policy:
      - default-src 'none'; frame-ancestors 'none'
      Content-Type:
      - application/json
      Date:
      - Mon, 03 Jul 2023 20:19:09 GMT
      Server:
      - Scaleway API-Gateway
      Strict-Transport-Security:
      - max-age=63072000
      X-Content-Type-Options:
      - nosniff
      X-Frame-Options:
      - DENY
      X-Request-Id:
      - b57151c3-9839-4bb0-93fb-c4c960388a26
    status: 200 OK
    code: 200
    duration: ""
- request:
    body: ""
    form: {}
    headers:
      User-Agent:
      - scaleway-sdk-go/v1.0.0-beta.7+dev (go1.20.4; darwin; amd64) terraform-provider/develop
        terraform/terraform-tests
    url: https://api.scaleway.com/lb/v1/zones/fr-par-1/lbs/a6ef5464-8f83-428f-9707-2b71f23c62be
    method: GET
  response:
    body: '{"backend_count":1,"created_at":"2023-07-03T20:18:30.303219Z","description":"","frontend_count":0,"id":"a6ef5464-8f83-428f-9707-2b71f23c62be","instances":[{"created_at":"2023-07-03T20:17:24.721494Z","id":"98f9070c-36de-42b2-8d02-6624598ed8b6","ip_address":"10.74.110.67","region":"fr-par","status":"ready","updated_at":"2023-07-03T20:19:09.074638Z","zone":"fr-par-1"}],"ip":[{"id":"86df9ff8-7a77-492d-9b03-4f6205127499","ip_address":"195.154.197.174","lb_id":"a6ef5464-8f83-428f-9707-2b71f23c62be","organization_id":"564aa517-68b0-4fd7-8c8c-d21c4bcdcbd5","project_id":"564aa517-68b0-4fd7-8c8c-d21c4bcdcbd5","region":"fr-par","reverse":"195-154-197-174.lb.fr-par.scw.cloud","zone":"fr-par-1"}],"name":"test-lb","organization_id":"564aa517-68b0-4fd7-8c8c-d21c4bcdcbd5","private_network_count":0,"project_id":"564aa517-68b0-4fd7-8c8c-d21c4bcdcbd5","region":"fr-par","route_count":0,"ssl_compatibility_level":"ssl_compatibility_level_intermediate","status":"ready","subscriber":null,"tags":[],"type":"lb-s","updated_at":"2023-07-03T20:18:32.627294Z","zone":"fr-par-1"}'
    headers:
      Content-Length:
      - "1064"
      Content-Security-Policy:
      - default-src 'none'; frame-ancestors 'none'
      Content-Type:
      - application/json
      Date:
      - Mon, 03 Jul 2023 20:19:09 GMT
      Server:
      - Scaleway API-Gateway
      Strict-Transport-Security:
      - max-age=63072000
      X-Content-Type-Options:
      - nosniff
      X-Frame-Options:
      - DENY
      X-Request-Id:
      - 93de757b-e6d8-45b9-b1c9-3bf64d50e762
    status: 200 OK
    code: 200
    duration: ""
- request:
    body: ""
    form: {}
    headers:
      User-Agent:
      - scaleway-sdk-go/v1.0.0-beta.7+dev (go1.20.4; darwin; amd64) terraform-provider/develop
        terraform/terraform-tests
    url: https://api.scaleway.com/lb/v1/zones/fr-par-1/lbs/a6ef5464-8f83-428f-9707-2b71f23c62be
    method: GET
  response:
    body: '{"backend_count":1,"created_at":"2023-07-03T20:18:30.303219Z","description":"","frontend_count":0,"id":"a6ef5464-8f83-428f-9707-2b71f23c62be","instances":[{"created_at":"2023-07-03T20:17:24.721494Z","id":"98f9070c-36de-42b2-8d02-6624598ed8b6","ip_address":"10.74.110.67","region":"fr-par","status":"ready","updated_at":"2023-07-03T20:19:09.074638Z","zone":"fr-par-1"}],"ip":[{"id":"86df9ff8-7a77-492d-9b03-4f6205127499","ip_address":"195.154.197.174","lb_id":"a6ef5464-8f83-428f-9707-2b71f23c62be","organization_id":"564aa517-68b0-4fd7-8c8c-d21c4bcdcbd5","project_id":"564aa517-68b0-4fd7-8c8c-d21c4bcdcbd5","region":"fr-par","reverse":"195-154-197-174.lb.fr-par.scw.cloud","zone":"fr-par-1"}],"name":"test-lb","organization_id":"564aa517-68b0-4fd7-8c8c-d21c4bcdcbd5","private_network_count":0,"project_id":"564aa517-68b0-4fd7-8c8c-d21c4bcdcbd5","region":"fr-par","route_count":0,"ssl_compatibility_level":"ssl_compatibility_level_intermediate","status":"ready","subscriber":null,"tags":[],"type":"lb-s","updated_at":"2023-07-03T20:18:32.627294Z","zone":"fr-par-1"}'
    headers:
      Content-Length:
      - "1064"
      Content-Security-Policy:
      - default-src 'none'; frame-ancestors 'none'
      Content-Type:
      - application/json
      Date:
      - Mon, 03 Jul 2023 20:19:09 GMT
      Server:
      - Scaleway API-Gateway
      Strict-Transport-Security:
      - max-age=63072000
      X-Content-Type-Options:
      - nosniff
      X-Frame-Options:
      - DENY
      X-Request-Id:
      - c0348432-e6f7-4ec1-b3a3-4d47b62c237f
    status: 200 OK
    code: 200
    duration: ""
- request:
    body: ""
    form: {}
    headers:
      User-Agent:
      - scaleway-sdk-go/v1.0.0-beta.7+dev (go1.20.4; darwin; amd64) terraform-provider/develop
        terraform/terraform-tests
    url: https://api.scaleway.com/lb/v1/zones/fr-par-1/backends/da7ba5df-6c6e-4961-8b7b-2293b5660b18
    method: DELETE
  response:
    body: ""
    headers:
      Content-Security-Policy:
      - default-src 'none'; frame-ancestors 'none'
      Content-Type:
      - application/json
      Date:
      - Mon, 03 Jul 2023 20:19:09 GMT
      Server:
      - Scaleway API-Gateway
      Strict-Transport-Security:
      - max-age=63072000
      X-Content-Type-Options:
      - nosniff
      X-Frame-Options:
      - DENY
      X-Request-Id:
      - 0d272c05-dcf6-4e85-98a8-1387bfff38bf
    status: 204 No Content
    code: 204
    duration: ""
- request:
    body: ""
    form: {}
    headers:
      User-Agent:
      - scaleway-sdk-go/v1.0.0-beta.7+dev (go1.20.4; darwin; amd64) terraform-provider/develop
        terraform/terraform-tests
    url: https://api.scaleway.com/lb/v1/zones/fr-par-1/lbs/a6ef5464-8f83-428f-9707-2b71f23c62be
    method: GET
  response:
    body: '{"backend_count":0,"created_at":"2023-07-03T20:18:30.303219Z","description":"","frontend_count":0,"id":"a6ef5464-8f83-428f-9707-2b71f23c62be","instances":[{"created_at":"2023-07-03T20:17:24.721494Z","id":"98f9070c-36de-42b2-8d02-6624598ed8b6","ip_address":"10.74.110.67","region":"fr-par","status":"pending","updated_at":"2023-07-03T20:19:09.410776Z","zone":"fr-par-1"}],"ip":[{"id":"86df9ff8-7a77-492d-9b03-4f6205127499","ip_address":"195.154.197.174","lb_id":"a6ef5464-8f83-428f-9707-2b71f23c62be","organization_id":"564aa517-68b0-4fd7-8c8c-d21c4bcdcbd5","project_id":"564aa517-68b0-4fd7-8c8c-d21c4bcdcbd5","region":"fr-par","reverse":"195-154-197-174.lb.fr-par.scw.cloud","zone":"fr-par-1"}],"name":"test-lb","organization_id":"564aa517-68b0-4fd7-8c8c-d21c4bcdcbd5","private_network_count":0,"project_id":"564aa517-68b0-4fd7-8c8c-d21c4bcdcbd5","region":"fr-par","route_count":0,"ssl_compatibility_level":"ssl_compatibility_level_intermediate","status":"ready","subscriber":null,"tags":[],"type":"lb-s","updated_at":"2023-07-03T20:18:32.627294Z","zone":"fr-par-1"}'
    headers:
      Content-Length:
      - "1066"
      Content-Security-Policy:
      - default-src 'none'; frame-ancestors 'none'
      Content-Type:
      - application/json
      Date:
      - Mon, 03 Jul 2023 20:19:09 GMT
      Server:
      - Scaleway API-Gateway
      Strict-Transport-Security:
      - max-age=63072000
      X-Content-Type-Options:
      - nosniff
      X-Frame-Options:
      - DENY
      X-Request-Id:
      - e54dd8e3-d486-404d-b883-bee9021e8179
    status: 200 OK
    code: 200
    duration: ""
- request:
    body: ""
    form: {}
    headers:
      User-Agent:
      - scaleway-sdk-go/v1.0.0-beta.7+dev (go1.20.4; darwin; amd64) terraform-provider/develop
        terraform/terraform-tests
    url: https://api.scaleway.com/lb/v1/zones/fr-par-1/lbs/a6ef5464-8f83-428f-9707-2b71f23c62be
    method: GET
  response:
    body: '{"backend_count":0,"created_at":"2023-07-03T20:18:30.303219Z","description":"","frontend_count":0,"id":"a6ef5464-8f83-428f-9707-2b71f23c62be","instances":[{"created_at":"2023-07-03T20:17:24.721494Z","id":"98f9070c-36de-42b2-8d02-6624598ed8b6","ip_address":"10.74.110.67","region":"fr-par","status":"pending","updated_at":"2023-07-03T20:19:09.410776Z","zone":"fr-par-1"}],"ip":[{"id":"86df9ff8-7a77-492d-9b03-4f6205127499","ip_address":"195.154.197.174","lb_id":"a6ef5464-8f83-428f-9707-2b71f23c62be","organization_id":"564aa517-68b0-4fd7-8c8c-d21c4bcdcbd5","project_id":"564aa517-68b0-4fd7-8c8c-d21c4bcdcbd5","region":"fr-par","reverse":"195-154-197-174.lb.fr-par.scw.cloud","zone":"fr-par-1"}],"name":"test-lb","organization_id":"564aa517-68b0-4fd7-8c8c-d21c4bcdcbd5","private_network_count":0,"project_id":"564aa517-68b0-4fd7-8c8c-d21c4bcdcbd5","region":"fr-par","route_count":0,"ssl_compatibility_level":"ssl_compatibility_level_intermediate","status":"ready","subscriber":null,"tags":[],"type":"lb-s","updated_at":"2023-07-03T20:18:32.627294Z","zone":"fr-par-1"}'
    headers:
      Content-Length:
      - "1066"
      Content-Security-Policy:
      - default-src 'none'; frame-ancestors 'none'
      Content-Type:
      - application/json
      Date:
      - Mon, 03 Jul 2023 20:19:09 GMT
      Server:
      - Scaleway API-Gateway
      Strict-Transport-Security:
      - max-age=63072000
      X-Content-Type-Options:
      - nosniff
      X-Frame-Options:
      - DENY
      X-Request-Id:
      - 474e854a-6cb1-4b7f-b099-78d692d4d9d0
    status: 200 OK
    code: 200
    duration: ""
- request:
    body: ""
    form: {}
    headers:
      User-Agent:
      - scaleway-sdk-go/v1.0.0-beta.7+dev (go1.20.4; darwin; amd64) terraform-provider/develop
        terraform/terraform-tests
    url: https://api.scaleway.com/lb/v1/zones/fr-par-1/lbs/a6ef5464-8f83-428f-9707-2b71f23c62be?release_ip=false
    method: DELETE
  response:
    body: ""
    headers:
      Content-Security-Policy:
      - default-src 'none'; frame-ancestors 'none'
      Content-Type:
      - application/json
      Date:
      - Mon, 03 Jul 2023 20:19:09 GMT
      Server:
      - Scaleway API-Gateway
      Strict-Transport-Security:
      - max-age=63072000
      X-Content-Type-Options:
      - nosniff
      X-Frame-Options:
      - DENY
      X-Request-Id:
      - 5c47f0fd-66e2-45d5-864a-98b133379388
    status: 204 No Content
    code: 204
    duration: ""
- request:
    body: ""
    form: {}
    headers:
      User-Agent:
      - scaleway-sdk-go/v1.0.0-beta.7+dev (go1.20.4; darwin; amd64) terraform-provider/develop
        terraform/terraform-tests
    url: https://api.scaleway.com/lb/v1/zones/fr-par-1/lbs/a6ef5464-8f83-428f-9707-2b71f23c62be
    method: GET
  response:
    body: '{"backend_count":0,"created_at":"2023-07-03T20:18:30.303219Z","description":"","frontend_count":0,"id":"a6ef5464-8f83-428f-9707-2b71f23c62be","instances":[{"created_at":"2023-07-03T20:17:24.721494Z","id":"98f9070c-36de-42b2-8d02-6624598ed8b6","ip_address":"10.74.110.67","region":"fr-par","status":"ready","updated_at":"2023-07-03T20:19:09.671291Z","zone":"fr-par-1"}],"ip":[{"id":"86df9ff8-7a77-492d-9b03-4f6205127499","ip_address":"195.154.197.174","lb_id":"a6ef5464-8f83-428f-9707-2b71f23c62be","organization_id":"564aa517-68b0-4fd7-8c8c-d21c4bcdcbd5","project_id":"564aa517-68b0-4fd7-8c8c-d21c4bcdcbd5","region":"fr-par","reverse":"195-154-197-174.lb.fr-par.scw.cloud","zone":"fr-par-1"}],"name":"test-lb","organization_id":"564aa517-68b0-4fd7-8c8c-d21c4bcdcbd5","private_network_count":0,"project_id":"564aa517-68b0-4fd7-8c8c-d21c4bcdcbd5","region":"fr-par","route_count":0,"ssl_compatibility_level":"ssl_compatibility_level_intermediate","status":"to_delete","subscriber":null,"tags":[],"type":"lb-s","updated_at":"2023-07-03T20:19:09.744439Z","zone":"fr-par-1"}'
    headers:
      Content-Length:
      - "1068"
      Content-Security-Policy:
      - default-src 'none'; frame-ancestors 'none'
      Content-Type:
      - application/json
      Date:
      - Mon, 03 Jul 2023 20:19:10 GMT
      Server:
      - Scaleway API-Gateway
      Strict-Transport-Security:
      - max-age=63072000
      X-Content-Type-Options:
      - nosniff
      X-Frame-Options:
      - DENY
      X-Request-Id:
      - 85e2962f-171a-4c89-a847-562ed095a05f
    status: 200 OK
    code: 200
    duration: ""
- request:
    body: ""
    form: {}
    headers:
      User-Agent:
      - scaleway-sdk-go/v1.0.0-beta.7+dev (go1.20.4; darwin; amd64) terraform-provider/develop
        terraform/terraform-tests
    url: https://api.scaleway.com/lb/v1/zones/fr-par-1/lbs/a6ef5464-8f83-428f-9707-2b71f23c62be
    method: GET
  response:
    body: '{"message":"lbs not Found"}'
    headers:
      Content-Length:
      - "27"
      Content-Security-Policy:
      - default-src 'none'; frame-ancestors 'none'
      Content-Type:
      - application/json
      Date:
      - Mon, 03 Jul 2023 20:19:40 GMT
      Server:
      - Scaleway API-Gateway
      Strict-Transport-Security:
      - max-age=63072000
      X-Content-Type-Options:
      - nosniff
      X-Frame-Options:
      - DENY
      X-Request-Id:
      - de5de70f-95b5-45cb-887d-e7591f5dccc2
    status: 404 Not Found
    code: 404
    duration: ""
- request:
    body: ""
    form: {}
    headers:
      User-Agent:
      - scaleway-sdk-go/v1.0.0-beta.7+dev (go1.20.4; darwin; amd64) terraform-provider/develop
        terraform/terraform-tests
    url: https://api.scaleway.com/lb/v1/zones/fr-par-1/lbs/a6ef5464-8f83-428f-9707-2b71f23c62be
    method: GET
  response:
    body: '{"message":"lbs not Found"}'
    headers:
      Content-Length:
      - "27"
      Content-Security-Policy:
      - default-src 'none'; frame-ancestors 'none'
      Content-Type:
      - application/json
      Date:
      - Mon, 03 Jul 2023 20:19:40 GMT
      Server:
      - Scaleway API-Gateway
      Strict-Transport-Security:
      - max-age=63072000
      X-Content-Type-Options:
      - nosniff
      X-Frame-Options:
      - DENY
      X-Request-Id:
      - 3e60610d-1c9a-4c20-9038-1e1dee639181
    status: 404 Not Found
    code: 404
    duration: ""
- request:
    body: ""
    form: {}
    headers:
      User-Agent:
      - scaleway-sdk-go/v1.0.0-beta.7+dev (go1.20.4; darwin; amd64) terraform-provider/develop
        terraform/terraform-tests
    url: https://api.scaleway.com/lb/v1/zones/fr-par-1/ips/86df9ff8-7a77-492d-9b03-4f6205127499
    method: GET
  response:
    body: '{"id":"86df9ff8-7a77-492d-9b03-4f6205127499","ip_address":"195.154.197.174","lb_id":null,"organization_id":"564aa517-68b0-4fd7-8c8c-d21c4bcdcbd5","project_id":"564aa517-68b0-4fd7-8c8c-d21c4bcdcbd5","region":"fr-par","reverse":"195-154-197-174.lb.fr-par.scw.cloud","zone":"fr-par-1"}'
    headers:
      Content-Length:
      - "282"
      Content-Security-Policy:
      - default-src 'none'; frame-ancestors 'none'
      Content-Type:
      - application/json
      Date:
      - Mon, 03 Jul 2023 20:19:40 GMT
      Server:
      - Scaleway API-Gateway
      Strict-Transport-Security:
      - max-age=63072000
      X-Content-Type-Options:
      - nosniff
      X-Frame-Options:
      - DENY
      X-Request-Id:
      - 85c6483f-80fd-434a-b0e6-f8e01def2e79
    status: 200 OK
    code: 200
    duration: ""
- request:
    body: ""
    form: {}
    headers:
      User-Agent:
      - scaleway-sdk-go/v1.0.0-beta.7+dev (go1.20.4; darwin; amd64) terraform-provider/develop
        terraform/terraform-tests
    url: https://api.scaleway.com/lb/v1/zones/fr-par-1/ips/86df9ff8-7a77-492d-9b03-4f6205127499
    method: DELETE
  response:
    body: ""
    headers:
      Content-Security-Policy:
      - default-src 'none'; frame-ancestors 'none'
      Content-Type:
      - application/json
      Date:
      - Mon, 03 Jul 2023 20:19:40 GMT
      Server:
      - Scaleway API-Gateway
      Strict-Transport-Security:
      - max-age=63072000
      X-Content-Type-Options:
      - nosniff
      X-Frame-Options:
      - DENY
      X-Request-Id:
      - e78459dc-c5e0-425f-8955-0bb06dd5ac39
    status: 204 No Content
    code: 204
    duration: ""
- request:
    body: ""
    form: {}
    headers:
      User-Agent:
      - scaleway-sdk-go/v1.0.0-beta.7+dev (go1.20.4; darwin; amd64) terraform-provider/develop
        terraform/terraform-tests
    url: https://api.scaleway.com/lb/v1/zones/fr-par-1/lbs/a6ef5464-8f83-428f-9707-2b71f23c62be
    method: GET
  response:
    body: '{"message":"lbs not Found"}'
    headers:
      Content-Length:
      - "27"
      Content-Security-Policy:
      - default-src 'none'; frame-ancestors 'none'
      Content-Type:
      - application/json
      Date:
      - Mon, 03 Jul 2023 20:19:40 GMT
      Server:
      - Scaleway API-Gateway
      Strict-Transport-Security:
      - max-age=63072000
      X-Content-Type-Options:
      - nosniff
      X-Frame-Options:
      - DENY
      X-Request-Id:
      - 7860a052-4a3c-4b20-82f0-5a0943068ea3
    status: 404 Not Found
    code: 404
    duration: ""
