---
version: 1
interactions:
- request:
    body: '{"name":"test-acc-scaleway-project-6621213047737086517","organization_id":"ee7bd9e1-9cbd-4724-b2f4-19e50f3cf38b","description":""}'
    form: {}
    headers:
      Content-Type:
      - application/json
      User-Agent:
      - scaleway-sdk-go/v1.0.0-beta.7+dev (go1.20.1; linux; amd64) terraform-provider/develop
        terraform/terraform-tests
    url: https://api.scaleway.com/account/v3/projects
    method: POST
  response:
    body: '{"created_at":"2023-07-19T13:37:33.472981Z","description":"","id":"8f210673-520d-42f8-ace8-a8d9b7900060","name":"test-acc-scaleway-project-6621213047737086517","organization_id":"ee7bd9e1-9cbd-4724-b2f4-19e50f3cf38b","updated_at":"2023-07-19T13:37:33.472981Z"}'
    headers:
      Content-Length:
      - "260"
      Content-Security-Policy:
      - default-src 'none'; frame-ancestors 'none'
      Content-Type:
      - application/json
      Date:
      - Wed, 19 Jul 2023 13:37:33 GMT
      Server:
      - Scaleway API-Gateway
      Strict-Transport-Security:
      - max-age=63072000
      X-Content-Type-Options:
      - nosniff
      X-Frame-Options:
      - DENY
      X-Request-Id:
      - 8338aa43-13ce-4d74-b449-216d7fa23cd8
    status: 200 OK
    code: 200
    duration: ""
- request:
    body: '{"name":"test-acc-scaleway-iam-app-3306751031944999937","organization_id":"ee7bd9e1-9cbd-4724-b2f4-19e50f3cf38b","description":""}'
    form: {}
    headers:
      Content-Type:
      - application/json
      User-Agent:
      - scaleway-sdk-go/v1.0.0-beta.7+dev (go1.20.1; linux; amd64) terraform-provider/develop
        terraform/terraform-tests
    url: https://api.scaleway.com/iam/v1alpha1/applications
    method: POST
  response:
    body: '{"created_at":"2023-07-19T13:37:34.587548Z","description":"","editable":true,"id":"9e7a1b5c-7da3-4047-bf78-e8d0ee56d14f","name":"test-acc-scaleway-iam-app-3306751031944999937","nb_api_keys":0,"organization_id":"ee7bd9e1-9cbd-4724-b2f4-19e50f3cf38b","updated_at":"2023-07-19T13:37:34.587548Z"}'
    headers:
      Content-Length:
      - "292"
      Content-Security-Policy:
      - default-src 'none'; frame-ancestors 'none'
      Content-Type:
      - application/json
      Date:
      - Wed, 19 Jul 2023 13:37:34 GMT
      Server:
      - Scaleway API-Gateway
      Strict-Transport-Security:
      - max-age=63072000
      X-Content-Type-Options:
      - nosniff
      X-Frame-Options:
      - DENY
      X-Request-Id:
      - e94ce2dc-4cae-4346-bf31-2196be46708e
    status: 200 OK
    code: 200
    duration: ""
- request:
    body: '{"name":"test-acc-scaleway-iam-policy-877317279587067474","description":"","organization_id":"ee7bd9e1-9cbd-4724-b2f4-19e50f3cf38b","rules":[{"permission_set_names":["IAMManager"],"organization_id":"ee7bd9e1-9cbd-4724-b2f4-19e50f3cf38b"}],"application_id":"9e7a1b5c-7da3-4047-bf78-e8d0ee56d14f"}'
    form: {}
    headers:
      Content-Type:
      - application/json
      User-Agent:
      - scaleway-sdk-go/v1.0.0-beta.7+dev (go1.20.1; linux; amd64) terraform-provider/develop
        terraform/terraform-tests
    url: https://api.scaleway.com/iam/v1alpha1/policies
    method: POST
  response:
    body: '{"application_id":"9e7a1b5c-7da3-4047-bf78-e8d0ee56d14f","created_at":"2023-07-19T13:37:35.491891Z","description":"","editable":true,"id":"4b91d8d0-11fa-444a-a76a-fa8c515b87b0","name":"test-acc-scaleway-iam-policy-877317279587067474","nb_permission_sets":0,"nb_rules":0,"nb_scopes":0,"organization_id":"ee7bd9e1-9cbd-4724-b2f4-19e50f3cf38b","updated_at":"2023-07-19T13:37:35.491891Z"}'
    headers:
      Content-Length:
      - "384"
      Content-Security-Policy:
      - default-src 'none'; frame-ancestors 'none'
      Content-Type:
      - application/json
      Date:
      - Wed, 19 Jul 2023 13:37:35 GMT
      Server:
      - Scaleway API-Gateway
      Strict-Transport-Security:
      - max-age=63072000
      X-Content-Type-Options:
      - nosniff
      X-Frame-Options:
      - DENY
      X-Request-Id:
      - 0a8d947b-aeee-43d8-b7ed-e07c7808db99
    status: 200 OK
    code: 200
    duration: ""
- request:
    body: '{"application_id":"9e7a1b5c-7da3-4047-bf78-e8d0ee56d14f","expires_at":null,"default_project_id":"8f210673-520d-42f8-ace8-a8d9b7900060","description":""}'
    form: {}
    headers:
      Content-Type:
      - application/json
      User-Agent:
      - scaleway-sdk-go/v1.0.0-beta.7+dev (go1.20.1; linux; amd64) terraform-provider/develop
        terraform/terraform-tests
    url: https://api.scaleway.com/iam/v1alpha1/api-keys
    method: POST
  response:
    body: '{"access_key":"SCWSPA5SC5RFZRH360V5","application_id":"9e7a1b5c-7da3-4047-bf78-e8d0ee56d14f","created_at":"2023-07-19T13:37:36.708969Z","creation_ip":"51.159.73.9","default_project_id":"8f210673-520d-42f8-ace8-a8d9b7900060","description":"","editable":true,"expires_at":null,"secret_key":"00000000-0000-0000-0000-000000000000","updated_at":"2023-07-19T13:37:36.708969Z"}'
    headers:
      Content-Length:
      - "370"
      Content-Security-Policy:
      - default-src 'none'; frame-ancestors 'none'
      Content-Type:
      - application/json
      Date:
      - Wed, 19 Jul 2023 13:37:36 GMT
      Server:
      - Scaleway API-Gateway
      Strict-Transport-Security:
      - max-age=63072000
      X-Content-Type-Options:
      - nosniff
      X-Frame-Options:
      - DENY
      X-Request-Id:
      - 1e81e55b-8f00-4419-a8d0-8d347eac1abd
    status: 200 OK
    code: 200
    duration: ""
- request:
    body: '{"name":"tf_tests_policy_projectid","description":"a description","organization_id":"ee7bd9e1-9cbd-4724-b2f4-19e50f3cf38b","rules":[{"permission_set_names":["AllProductsFullAccess"],"project_ids":["ee7bd9e1-9cbd-4724-b2f4-19e50f3cf38b"]}],"no_principal":true}'
    form: {}
    headers:
      Content-Type:
      - application/json
      User-Agent:
      - scaleway-sdk-go/v1.0.0-beta.7+dev (go1.20.1; linux; amd64) terraform-provider/develop
        terraform/terraform-tests
    url: https://api.scaleway.com/iam/v1alpha1/policies
    method: POST
  response:
    body: '{"created_at":"2023-07-19T13:37:38.976909Z","description":"a description","editable":true,"id":"f2b44aa3-0610-4125-91b4-a23179beb34b","name":"tf_tests_policy_projectid","nb_permission_sets":0,"nb_rules":0,"nb_scopes":0,"no_principal":true,"organization_id":"ee7bd9e1-9cbd-4724-b2f4-19e50f3cf38b","updated_at":"2023-07-19T13:37:38.976909Z"}'
    headers:
      Content-Length:
      - "339"
      Content-Security-Policy:
      - default-src 'none'; frame-ancestors 'none'
      Content-Type:
      - application/json
      Date:
      - Wed, 19 Jul 2023 13:37:39 GMT
      Server:
      - Scaleway API-Gateway
      Strict-Transport-Security:
      - max-age=63072000
      X-Content-Type-Options:
      - nosniff
      X-Frame-Options:
      - DENY
      X-Request-Id:
      - 341e72dc-ff89-4ade-8b48-36c335ead0fb
    status: 200 OK
    code: 200
    duration: ""
- request:
    body: ""
    form: {}
    headers:
      User-Agent:
      - scaleway-sdk-go/v1.0.0-beta.7+dev (go1.20.1; linux; amd64) terraform-provider/develop
        terraform/terraform-tests
    url: https://api.scaleway.com/iam/v1alpha1/policies/f2b44aa3-0610-4125-91b4-a23179beb34b
    method: GET
  response:
    body: '{"created_at":"2023-07-19T13:37:38.976909Z","description":"a description","editable":true,"id":"f2b44aa3-0610-4125-91b4-a23179beb34b","name":"tf_tests_policy_projectid","nb_permission_sets":1,"nb_rules":1,"nb_scopes":1,"no_principal":true,"organization_id":"ee7bd9e1-9cbd-4724-b2f4-19e50f3cf38b","updated_at":"2023-07-19T13:37:38.976909Z"}'
    headers:
      Content-Length:
      - "339"
      Content-Security-Policy:
      - default-src 'none'; frame-ancestors 'none'
      Content-Type:
      - application/json
      Date:
      - Wed, 19 Jul 2023 13:37:39 GMT
      Server:
      - Scaleway API-Gateway
      Strict-Transport-Security:
      - max-age=63072000
      X-Content-Type-Options:
      - nosniff
      X-Frame-Options:
      - DENY
      X-Request-Id:
      - 903f03dc-a58d-4b6b-975d-c3ed753e1018
    status: 200 OK
    code: 200
    duration: ""
- request:
    body: ""
    form: {}
    headers:
      User-Agent:
      - scaleway-sdk-go/v1.0.0-beta.7+dev (go1.20.1; linux; amd64) terraform-provider/develop
        terraform/terraform-tests
    url: https://api.scaleway.com/iam/v1alpha1/rules?policy_id=f2b44aa3-0610-4125-91b4-a23179beb34b
    method: GET
  response:
    body: '{"rules":[{"id":"b67c1e76-5867-405c-812b-ba7ea4f4257c","permission_set_names":["AllProductsFullAccess"],"permission_sets_scope_type":"projects","project_ids":["ee7bd9e1-9cbd-4724-b2f4-19e50f3cf38b"]}],"total_count":1}'
    headers:
      Content-Length:
      - "217"
      Content-Security-Policy:
      - default-src 'none'; frame-ancestors 'none'
      Content-Type:
      - application/json
      Date:
      - Wed, 19 Jul 2023 13:37:39 GMT
      Server:
      - Scaleway API-Gateway
      Strict-Transport-Security:
      - max-age=63072000
      X-Content-Type-Options:
      - nosniff
      X-Frame-Options:
      - DENY
      X-Request-Id:
      - 3c6e36a6-d997-421f-a2c2-a5e542e1e1b2
    status: 200 OK
    code: 200
    duration: ""
- request:
    body: ""
    form: {}
    headers:
      User-Agent:
      - scaleway-sdk-go/v1.0.0-beta.7+dev (go1.20.1; linux; amd64) terraform-provider/develop
        terraform/terraform-tests
    url: https://api.scaleway.com/iam/v1alpha1/policies/f2b44aa3-0610-4125-91b4-a23179beb34b
    method: GET
  response:
    body: '{"created_at":"2023-07-19T13:37:38.976909Z","description":"a description","editable":true,"id":"f2b44aa3-0610-4125-91b4-a23179beb34b","name":"tf_tests_policy_projectid","nb_permission_sets":1,"nb_rules":1,"nb_scopes":1,"no_principal":true,"organization_id":"ee7bd9e1-9cbd-4724-b2f4-19e50f3cf38b","updated_at":"2023-07-19T13:37:38.976909Z"}'
    headers:
      Content-Length:
      - "339"
      Content-Security-Policy:
      - default-src 'none'; frame-ancestors 'none'
      Content-Type:
      - application/json
      Date:
      - Wed, 19 Jul 2023 13:37:39 GMT
      Server:
      - Scaleway API-Gateway
      Strict-Transport-Security:
      - max-age=63072000
      X-Content-Type-Options:
      - nosniff
      X-Frame-Options:
      - DENY
      X-Request-Id:
      - ac885a7f-df5d-4fb5-893f-9cb91d611ca4
    status: 200 OK
    code: 200
    duration: ""
- request:
    body: ""
    form: {}
    headers:
      User-Agent:
      - scaleway-sdk-go/v1.0.0-beta.7+dev (go1.20.1; linux; amd64) terraform-provider/develop
        terraform/terraform-tests
    url: https://api.scaleway.com/iam/v1alpha1/policies/f2b44aa3-0610-4125-91b4-a23179beb34b
    method: GET
  response:
    body: '{"created_at":"2023-07-19T13:37:38.976909Z","description":"a description","editable":true,"id":"f2b44aa3-0610-4125-91b4-a23179beb34b","name":"tf_tests_policy_projectid","nb_permission_sets":1,"nb_rules":1,"nb_scopes":1,"no_principal":true,"organization_id":"ee7bd9e1-9cbd-4724-b2f4-19e50f3cf38b","updated_at":"2023-07-19T13:37:38.976909Z"}'
    headers:
      Content-Length:
      - "339"
      Content-Security-Policy:
      - default-src 'none'; frame-ancestors 'none'
      Content-Type:
      - application/json
      Date:
      - Wed, 19 Jul 2023 13:37:40 GMT
      Server:
      - Scaleway API-Gateway
      Strict-Transport-Security:
      - max-age=63072000
      X-Content-Type-Options:
      - nosniff
      X-Frame-Options:
      - DENY
      X-Request-Id:
      - 0edaf029-5835-4bc2-b27d-b89ff45552fc
    status: 200 OK
    code: 200
    duration: ""
- request:
    body: ""
    form: {}
    headers:
      User-Agent:
      - scaleway-sdk-go/v1.0.0-beta.7+dev (go1.20.1; linux; amd64) terraform-provider/develop
        terraform/terraform-tests
    url: https://api.scaleway.com/iam/v1alpha1/rules?policy_id=f2b44aa3-0610-4125-91b4-a23179beb34b
    method: GET
  response:
    body: '{"rules":[{"id":"b67c1e76-5867-405c-812b-ba7ea4f4257c","permission_set_names":["AllProductsFullAccess"],"permission_sets_scope_type":"projects","project_ids":["ee7bd9e1-9cbd-4724-b2f4-19e50f3cf38b"]}],"total_count":1}'
    headers:
      Content-Length:
      - "217"
      Content-Security-Policy:
      - default-src 'none'; frame-ancestors 'none'
      Content-Type:
      - application/json
      Date:
      - Wed, 19 Jul 2023 13:37:41 GMT
      Server:
      - Scaleway API-Gateway
      Strict-Transport-Security:
      - max-age=63072000
      X-Content-Type-Options:
      - nosniff
      X-Frame-Options:
      - DENY
      X-Request-Id:
      - c1dd7ba6-7333-4fc2-b239-f87984e8dc09
    status: 200 OK
    code: 200
    duration: ""
- request:
    body: ""
    form: {}
    headers:
      User-Agent:
      - scaleway-sdk-go/v1.0.0-beta.7+dev (go1.20.1; linux; amd64) terraform-provider/develop
        terraform/terraform-tests
    url: https://api.scaleway.com/iam/v1alpha1/policies/f2b44aa3-0610-4125-91b4-a23179beb34b
    method: GET
  response:
    body: '{"created_at":"2023-07-19T13:37:38.976909Z","description":"a description","editable":true,"id":"f2b44aa3-0610-4125-91b4-a23179beb34b","name":"tf_tests_policy_projectid","nb_permission_sets":1,"nb_rules":1,"nb_scopes":1,"no_principal":true,"organization_id":"ee7bd9e1-9cbd-4724-b2f4-19e50f3cf38b","updated_at":"2023-07-19T13:37:38.976909Z"}'
    headers:
      Content-Length:
      - "339"
      Content-Security-Policy:
      - default-src 'none'; frame-ancestors 'none'
      Content-Type:
      - application/json
      Date:
      - Wed, 19 Jul 2023 13:37:42 GMT
      Server:
      - Scaleway API-Gateway
      Strict-Transport-Security:
      - max-age=63072000
      X-Content-Type-Options:
      - nosniff
      X-Frame-Options:
      - DENY
      X-Request-Id:
      - 0c073956-dead-4823-b4f8-5ea5ff6e1fe1
    status: 200 OK
    code: 200
    duration: ""
- request:
    body: ""
    form: {}
    headers:
      User-Agent:
      - scaleway-sdk-go/v1.0.0-beta.7+dev (go1.20.1; linux; amd64) terraform-provider/develop
        terraform/terraform-tests
    url: https://api.scaleway.com/iam/v1alpha1/rules?policy_id=f2b44aa3-0610-4125-91b4-a23179beb34b
    method: GET
  response:
    body: '{"rules":[{"id":"b67c1e76-5867-405c-812b-ba7ea4f4257c","permission_set_names":["AllProductsFullAccess"],"permission_sets_scope_type":"projects","project_ids":["ee7bd9e1-9cbd-4724-b2f4-19e50f3cf38b"]}],"total_count":1}'
    headers:
      Content-Length:
      - "217"
      Content-Security-Policy:
      - default-src 'none'; frame-ancestors 'none'
      Content-Type:
      - application/json
      Date:
      - Wed, 19 Jul 2023 13:37:42 GMT
      Server:
      - Scaleway API-Gateway
      Strict-Transport-Security:
      - max-age=63072000
      X-Content-Type-Options:
      - nosniff
      X-Frame-Options:
      - DENY
      X-Request-Id:
      - f3014ac0-c61a-4ce8-9f20-edc33588f50c
    status: 200 OK
    code: 200
    duration: ""
- request:
    body: ""
    form: {}
    headers:
      User-Agent:
      - scaleway-sdk-go/v1.0.0-beta.7+dev (go1.20.1; linux; amd64) terraform-provider/develop
        terraform/terraform-tests
    url: https://api.scaleway.com/iam/v1alpha1/policies/f2b44aa3-0610-4125-91b4-a23179beb34b
    method: GET
  response:
    body: '{"created_at":"2023-07-19T13:37:38.976909Z","description":"a description","editable":true,"id":"f2b44aa3-0610-4125-91b4-a23179beb34b","name":"tf_tests_policy_projectid","nb_permission_sets":1,"nb_rules":1,"nb_scopes":1,"no_principal":true,"organization_id":"ee7bd9e1-9cbd-4724-b2f4-19e50f3cf38b","updated_at":"2023-07-19T13:37:38.976909Z"}'
    headers:
      Content-Length:
      - "339"
      Content-Security-Policy:
      - default-src 'none'; frame-ancestors 'none'
      Content-Type:
      - application/json
      Date:
      - Wed, 19 Jul 2023 13:37:42 GMT
      Server:
      - Scaleway API-Gateway
      Strict-Transport-Security:
      - max-age=63072000
      X-Content-Type-Options:
      - nosniff
      X-Frame-Options:
      - DENY
      X-Request-Id:
      - 8af9b562-3408-4422-8828-9473a83661ae
    status: 200 OK
    code: 200
    duration: ""
- request:
    body: ""
    form: {}
    headers:
      User-Agent:
      - scaleway-sdk-go/v1.0.0-beta.7+dev (go1.20.1; linux; amd64) terraform-provider/develop
        terraform/terraform-tests
    url: https://api.scaleway.com/iam/v1alpha1/policies/f2b44aa3-0610-4125-91b4-a23179beb34b
    method: GET
  response:
    body: '{"created_at":"2023-07-19T13:37:38.976909Z","description":"a description","editable":true,"id":"f2b44aa3-0610-4125-91b4-a23179beb34b","name":"tf_tests_policy_projectid","nb_permission_sets":1,"nb_rules":1,"nb_scopes":1,"no_principal":true,"organization_id":"ee7bd9e1-9cbd-4724-b2f4-19e50f3cf38b","updated_at":"2023-07-19T13:37:38.976909Z"}'
    headers:
      Content-Length:
      - "339"
      Content-Security-Policy:
      - default-src 'none'; frame-ancestors 'none'
      Content-Type:
      - application/json
      Date:
      - Wed, 19 Jul 2023 13:37:42 GMT
      Server:
      - Scaleway API-Gateway
      Strict-Transport-Security:
      - max-age=63072000
      X-Content-Type-Options:
      - nosniff
      X-Frame-Options:
      - DENY
      X-Request-Id:
      - 7096b44a-9a88-488c-8e77-f27ec656479e
    status: 200 OK
    code: 200
    duration: ""
- request:
    body: ""
    form: {}
    headers:
      User-Agent:
      - scaleway-sdk-go/v1.0.0-beta.7+dev (go1.20.1; linux; amd64) terraform-provider/develop
        terraform/terraform-tests
    url: https://api.scaleway.com/iam/v1alpha1/rules?policy_id=f2b44aa3-0610-4125-91b4-a23179beb34b
    method: GET
  response:
    body: '{"rules":[{"id":"b67c1e76-5867-405c-812b-ba7ea4f4257c","permission_set_names":["AllProductsFullAccess"],"permission_sets_scope_type":"projects","project_ids":["ee7bd9e1-9cbd-4724-b2f4-19e50f3cf38b"]}],"total_count":1}'
    headers:
      Content-Length:
      - "217"
      Content-Security-Policy:
      - default-src 'none'; frame-ancestors 'none'
      Content-Type:
      - application/json
      Date:
      - Wed, 19 Jul 2023 13:37:42 GMT
      Server:
      - Scaleway API-Gateway
      Strict-Transport-Security:
      - max-age=63072000
      X-Content-Type-Options:
      - nosniff
      X-Frame-Options:
      - DENY
      X-Request-Id:
      - 189e1b77-e388-4b01-b713-e09ba0ededb2
    status: 200 OK
    code: 200
    duration: ""
- request:
    body: ""
    form: {}
    headers:
      User-Agent:
      - scaleway-sdk-go/v1.0.0-beta.7+dev (go1.20.1; linux; amd64) terraform-provider/develop
        terraform/terraform-tests
    url: https://api.scaleway.com/iam/v1alpha1/policies/f2b44aa3-0610-4125-91b4-a23179beb34b
    method: DELETE
  response:
    body: ""
    headers:
      Content-Security-Policy:
      - default-src 'none'; frame-ancestors 'none'
      Content-Type:
      - application/json
      Date:
      - Wed, 19 Jul 2023 13:37:43 GMT
      Server:
      - Scaleway API-Gateway
      Strict-Transport-Security:
      - max-age=63072000
      X-Content-Type-Options:
      - nosniff
      X-Frame-Options:
      - DENY
      X-Request-Id:
      - 6d777913-ac20-4c06-9799-2996d60a56a6
    status: 204 No Content
    code: 204
    duration: ""
- request:
    body: ""
    form: {}
    headers:
      User-Agent:
      - scaleway-sdk-go/v1.0.0-beta.7+dev (go1.20.1; linux; amd64) terraform-provider/develop
        terraform/terraform-tests
    url: https://api.scaleway.com/iam/v1alpha1/api-keys/SCWSPA5SC5RFZRH360V5
    method: DELETE
  response:
    body: ""
    headers:
      Content-Security-Policy:
      - default-src 'none'; frame-ancestors 'none'
      Content-Type:
      - application/json
      Date:
      - Wed, 19 Jul 2023 13:37:43 GMT
      Server:
      - Scaleway API-Gateway
      Strict-Transport-Security:
      - max-age=63072000
      X-Content-Type-Options:
      - nosniff
      X-Frame-Options:
      - DENY
      X-Request-Id:
      - 5a695b0c-bf6b-406d-8316-6a69bb2646de
    status: 204 No Content
    code: 204
    duration: ""
- request:
    body: ""
    form: {}
    headers:
      User-Agent:
      - scaleway-sdk-go/v1.0.0-beta.7+dev (go1.20.1; linux; amd64) terraform-provider/develop
        terraform/terraform-tests
    url: https://api.scaleway.com/iam/v1alpha1/policies/4b91d8d0-11fa-444a-a76a-fa8c515b87b0
    method: DELETE
  response:
    body: ""
    headers:
      Content-Security-Policy:
      - default-src 'none'; frame-ancestors 'none'
      Content-Type:
      - application/json
      Date:
      - Wed, 19 Jul 2023 13:37:44 GMT
      Server:
      - Scaleway API-Gateway
      Strict-Transport-Security:
      - max-age=63072000
      X-Content-Type-Options:
      - nosniff
      X-Frame-Options:
      - DENY
      X-Request-Id:
      - f7c96dd3-991b-4f65-952b-c76a116a0a8c
    status: 204 No Content
    code: 204
    duration: ""
- request:
    body: ""
    form: {}
    headers:
      User-Agent:
      - scaleway-sdk-go/v1.0.0-beta.7+dev (go1.20.1; linux; amd64) terraform-provider/develop
        terraform/terraform-tests
    url: https://api.scaleway.com/iam/v1alpha1/applications/9e7a1b5c-7da3-4047-bf78-e8d0ee56d14f
    method: DELETE
  response:
    body: ""
    headers:
      Content-Security-Policy:
      - default-src 'none'; frame-ancestors 'none'
      Content-Type:
      - application/json
      Date:
      - Wed, 19 Jul 2023 13:37:44 GMT
      Server:
      - Scaleway API-Gateway
      Strict-Transport-Security:
      - max-age=63072000
      X-Content-Type-Options:
      - nosniff
      X-Frame-Options:
      - DENY
      X-Request-Id:
      - ed959f64-4e5a-4c4b-8b34-09c1bdb64afd
    status: 204 No Content
    code: 204
    duration: ""
- request:
    body: ""
    form: {}
    headers:
      User-Agent:
      - scaleway-sdk-go/v1.0.0-beta.7+dev (go1.20.1; linux; amd64) terraform-provider/develop
        terraform/terraform-tests
    url: https://api.scaleway.com/account/v3/projects/8f210673-520d-42f8-ace8-a8d9b7900060
    method: DELETE
  response:
    body: ""
    headers:
      Content-Security-Policy:
      - default-src 'none'; frame-ancestors 'none'
      Content-Type:
      - application/json
      Date:
      - Wed, 19 Jul 2023 13:37:45 GMT
      Server:
      - Scaleway API-Gateway
      Strict-Transport-Security:
      - max-age=63072000
      X-Content-Type-Options:
      - nosniff
      X-Frame-Options:
      - DENY
      X-Request-Id:
      - c35c8abd-9d0a-42cc-9eac-f536e543afb6
    status: 204 No Content
    code: 204
    duration: ""
- request:
    body: ""
    form: {}
    headers:
      User-Agent:
      - scaleway-sdk-go/v1.0.0-beta.7+dev (go1.20.1; linux; amd64) terraform-provider/develop
        terraform/terraform-tests
    url: https://api.scaleway.com/iam/v1alpha1/policies/f2b44aa3-0610-4125-91b4-a23179beb34b
    method: GET
  response:
    body: '{"message":"resource is not found","resource":"iam_policy","resource_id":"f2b44aa3-0610-4125-91b4-a23179beb34b","type":"not_found"}'
    headers:
      Content-Length:
      - "131"
      Content-Security-Policy:
      - default-src 'none'; frame-ancestors 'none'
      Content-Type:
      - application/json
      Date:
      - Wed, 19 Jul 2023 13:37:46 GMT
      Server:
      - Scaleway API-Gateway
      Strict-Transport-Security:
      - max-age=63072000
      X-Content-Type-Options:
      - nosniff
      X-Frame-Options:
      - DENY
      X-Request-Id:
      - 9740eec5-e119-4f3d-8c4c-24224b26e3e6
    status: 404 Not Found
    code: 404
    duration: ""
