---
version: 1
interactions:
- request:
    body: ""
    form: {}
    headers:
      User-Agent:
      - scaleway-sdk-go/v1.0.0-beta.7+dev (go1.21.1; linux; amd64) terraform-provider/develop
        terraform/terraform-tests
    url: https://api.scaleway.com/iam/v1alpha1/users/84d20ae1-9650-419a-ab74-7ab09b6262e0
    method: GET
  response:
    body: '{"account_root_user_id":"e455b334-f426-4b1e-ab2f-913c31aa199c","created_at":"2023-01-23T15:16:01.748877Z","deletable":true,"email":"developer-tools-team@scaleway.com","id":"84d20ae1-9650-419a-ab74-7ab09b6262e0","last_login_at":null,"mfa":true,"organization_id":"105bdce1-64c0-48ab-899d-868455867ecf","status":"activated","two_factor_enabled":true,"type":"guest","updated_at":"2023-01-23T15:18:52.043249Z"}'
    headers:
      Content-Length:
      - "416"
      Content-Security-Policy:
      - default-src 'none'; frame-ancestors 'none'
      Content-Type:
      - application/json
      Date:
      - Wed, 18 Oct 2023 07:30:49 GMT
      Server:
      - Scaleway API-Gateway
      Strict-Transport-Security:
      - max-age=63072000
      X-Content-Type-Options:
      - nosniff
      X-Frame-Options:
      - DENY
      X-Request-Id:
      - 1cea57e1-10c1-4f0b-8b9c-0dbe3646ddd8
    status: 200 OK
    code: 200
    duration: ""
- request:
    body: ""
    form: {}
    headers:
      User-Agent:
      - scaleway-sdk-go/v1.0.0-beta.7+dev (go1.21.1; linux; amd64) terraform-provider/develop
        terraform/terraform-tests
    url: https://api.scaleway.com/iam/v1alpha1/users/84d20ae1-9650-419a-ab74-7ab09b6262e0
    method: GET
  response:
    body: '{"account_root_user_id":"e455b334-f426-4b1e-ab2f-913c31aa199c","created_at":"2023-01-23T15:16:01.748877Z","deletable":true,"email":"developer-tools-team@scaleway.com","id":"84d20ae1-9650-419a-ab74-7ab09b6262e0","last_login_at":null,"mfa":true,"organization_id":"105bdce1-64c0-48ab-899d-868455867ecf","status":"activated","two_factor_enabled":true,"type":"guest","updated_at":"2023-01-23T15:18:52.043249Z"}'
    headers:
      Content-Length:
      - "416"
      Content-Security-Policy:
      - default-src 'none'; frame-ancestors 'none'
      Content-Type:
      - application/json
      Date:
      - Wed, 18 Oct 2023 07:30:49 GMT
      Server:
      - Scaleway API-Gateway
      Strict-Transport-Security:
      - max-age=63072000
      X-Content-Type-Options:
      - nosniff
      X-Frame-Options:
      - DENY
      X-Request-Id:
      - dcce3838-ce57-45ec-a12c-21535cc7db10
    status: 200 OK
    code: 200
    duration: ""
- request:
    body: '{"name":"tf_tests_iam_group_app3","organization_id":"105bdce1-64c0-48ab-899d-868455867ecf","description":""}'
    form: {}
    headers:
      Content-Type:
      - application/json
      User-Agent:
      - scaleway-sdk-go/v1.0.0-beta.7+dev (go1.21.1; linux; amd64) terraform-provider/develop
        terraform/terraform-tests
    url: https://api.scaleway.com/iam/v1alpha1/applications
    method: POST
  response:
    body: '{"created_at":"2023-10-18T07:30:49.871840Z","description":"","editable":true,"id":"a71d88d5-4d29-42e9-b4d7-6cf75bfbef30","name":"tf_tests_iam_group_app3","nb_api_keys":0,"organization_id":"105bdce1-64c0-48ab-899d-868455867ecf","updated_at":"2023-10-18T07:30:49.871840Z"}'
    headers:
      Content-Length:
      - "277"
      Content-Security-Policy:
      - default-src 'none'; frame-ancestors 'none'
      Content-Type:
      - application/json
      Date:
      - Wed, 18 Oct 2023 07:30:49 GMT
      Server:
      - Scaleway API-Gateway
      Strict-Transport-Security:
      - max-age=63072000
      X-Content-Type-Options:
      - nosniff
      X-Frame-Options:
      - DENY
      X-Request-Id:
      - 5021737b-b587-4306-a477-8f7e859f2cac
    status: 200 OK
    code: 200
    duration: ""
- request:
    body: ""
    form: {}
    headers:
      User-Agent:
      - scaleway-sdk-go/v1.0.0-beta.7+dev (go1.21.1; linux; amd64) terraform-provider/develop
        terraform/terraform-tests
    url: https://api.scaleway.com/iam/v1alpha1/applications/a71d88d5-4d29-42e9-b4d7-6cf75bfbef30
    method: GET
  response:
    body: '{"created_at":"2023-10-18T07:30:49.871840Z","description":"","editable":true,"id":"a71d88d5-4d29-42e9-b4d7-6cf75bfbef30","name":"tf_tests_iam_group_app3","nb_api_keys":0,"organization_id":"105bdce1-64c0-48ab-899d-868455867ecf","updated_at":"2023-10-18T07:30:49.871840Z"}'
    headers:
      Content-Length:
      - "277"
      Content-Security-Policy:
      - default-src 'none'; frame-ancestors 'none'
      Content-Type:
      - application/json
      Date:
      - Wed, 18 Oct 2023 07:30:49 GMT
      Server:
      - Scaleway API-Gateway
      Strict-Transport-Security:
      - max-age=63072000
      X-Content-Type-Options:
      - nosniff
      X-Frame-Options:
      - DENY
      X-Request-Id:
      - d4ae48bc-9e5c-4f7a-9549-a0d9c270f6ff
    status: 200 OK
    code: 200
    duration: ""
- request:
    body: '{"organization_id":"105bdce1-64c0-48ab-899d-868455867ecf","name":"tf_tests_iam_group_user_app","description":""}'
    form: {}
    headers:
      Content-Type:
      - application/json
      User-Agent:
      - scaleway-sdk-go/v1.0.0-beta.7+dev (go1.21.1; linux; amd64) terraform-provider/develop
        terraform/terraform-tests
    url: https://api.scaleway.com/iam/v1alpha1/groups
    method: POST
  response:
    body: '{"application_ids":[],"created_at":"2023-10-18T07:30:50.032626Z","description":"","id":"db10abb3-572e-44cc-9223-4c484ade16a3","name":"tf_tests_iam_group_user_app","organization_id":"105bdce1-64c0-48ab-899d-868455867ecf","updated_at":"2023-10-18T07:30:50.032626Z","user_ids":[]}'
    headers:
      Content-Length:
      - "284"
      Content-Security-Policy:
      - default-src 'none'; frame-ancestors 'none'
      Content-Type:
      - application/json
      Date:
      - Wed, 18 Oct 2023 07:30:50 GMT
      Server:
      - Scaleway API-Gateway
      Strict-Transport-Security:
      - max-age=63072000
      X-Content-Type-Options:
      - nosniff
      X-Frame-Options:
      - DENY
      X-Request-Id:
      - a8ebe709-0065-4355-b645-9bf0fb4acfe0
    status: 200 OK
    code: 200
    duration: ""
- request:
    body: '{"user_ids":["84d20ae1-9650-419a-ab74-7ab09b6262e0"],"application_ids":["a71d88d5-4d29-42e9-b4d7-6cf75bfbef30"]}'
    form: {}
    headers:
      Content-Type:
      - application/json
      User-Agent:
      - scaleway-sdk-go/v1.0.0-beta.7+dev (go1.21.1; linux; amd64) terraform-provider/develop
        terraform/terraform-tests
    url: https://api.scaleway.com/iam/v1alpha1/groups/db10abb3-572e-44cc-9223-4c484ade16a3/members
    method: PUT
  response:
    body: '{"application_ids":["a71d88d5-4d29-42e9-b4d7-6cf75bfbef30"],"created_at":"2023-10-18T07:30:50.032626Z","description":"","id":"db10abb3-572e-44cc-9223-4c484ade16a3","name":"tf_tests_iam_group_user_app","organization_id":"105bdce1-64c0-48ab-899d-868455867ecf","updated_at":"2023-10-18T07:30:50.032626Z","user_ids":["84d20ae1-9650-419a-ab74-7ab09b6262e0"]}'
    headers:
      Content-Length:
      - "360"
      Content-Security-Policy:
      - default-src 'none'; frame-ancestors 'none'
      Content-Type:
      - application/json
      Date:
      - Wed, 18 Oct 2023 07:30:50 GMT
      Server:
      - Scaleway API-Gateway
      Strict-Transport-Security:
      - max-age=63072000
      X-Content-Type-Options:
      - nosniff
      X-Frame-Options:
      - DENY
      X-Request-Id:
      - ae7df095-5955-41e9-88fe-24826ee87edb
    status: 200 OK
    code: 200
    duration: ""
- request:
    body: ""
    form: {}
    headers:
      User-Agent:
      - scaleway-sdk-go/v1.0.0-beta.7+dev (go1.21.1; linux; amd64) terraform-provider/develop
        terraform/terraform-tests
    url: https://api.scaleway.com/iam/v1alpha1/groups/db10abb3-572e-44cc-9223-4c484ade16a3
    method: GET
  response:
    body: '{"application_ids":["a71d88d5-4d29-42e9-b4d7-6cf75bfbef30"],"created_at":"2023-10-18T07:30:50.032626Z","description":"","id":"db10abb3-572e-44cc-9223-4c484ade16a3","name":"tf_tests_iam_group_user_app","organization_id":"105bdce1-64c0-48ab-899d-868455867ecf","updated_at":"2023-10-18T07:30:50.032626Z","user_ids":["84d20ae1-9650-419a-ab74-7ab09b6262e0"]}'
    headers:
      Content-Length:
      - "360"
      Content-Security-Policy:
      - default-src 'none'; frame-ancestors 'none'
      Content-Type:
      - application/json
      Date:
      - Wed, 18 Oct 2023 07:30:50 GMT
      Server:
      - Scaleway API-Gateway
      Strict-Transport-Security:
      - max-age=63072000
      X-Content-Type-Options:
      - nosniff
      X-Frame-Options:
      - DENY
      X-Request-Id:
      - 18f99a14-771b-460d-a593-d1cf8b17c6f0
    status: 200 OK
    code: 200
    duration: ""
- request:
    body: ""
    form: {}
    headers:
      User-Agent:
      - scaleway-sdk-go/v1.0.0-beta.7+dev (go1.21.1; linux; amd64) terraform-provider/develop
        terraform/terraform-tests
    url: https://api.scaleway.com/iam/v1alpha1/groups/db10abb3-572e-44cc-9223-4c484ade16a3
    method: GET
  response:
    body: '{"application_ids":["a71d88d5-4d29-42e9-b4d7-6cf75bfbef30"],"created_at":"2023-10-18T07:30:50.032626Z","description":"","id":"db10abb3-572e-44cc-9223-4c484ade16a3","name":"tf_tests_iam_group_user_app","organization_id":"105bdce1-64c0-48ab-899d-868455867ecf","updated_at":"2023-10-18T07:30:50.032626Z","user_ids":["84d20ae1-9650-419a-ab74-7ab09b6262e0"]}'
    headers:
      Content-Length:
      - "360"
      Content-Security-Policy:
      - default-src 'none'; frame-ancestors 'none'
      Content-Type:
      - application/json
      Date:
      - Wed, 18 Oct 2023 07:30:50 GMT
      Server:
      - Scaleway API-Gateway
      Strict-Transport-Security:
      - max-age=63072000
      X-Content-Type-Options:
      - nosniff
      X-Frame-Options:
      - DENY
      X-Request-Id:
      - 51f34c5c-af1e-4cbf-a16b-abe1de2ae13d
    status: 200 OK
    code: 200
    duration: ""
- request:
    body: ""
    form: {}
    headers:
      User-Agent:
      - scaleway-sdk-go/v1.0.0-beta.7+dev (go1.21.1; linux; amd64) terraform-provider/develop
        terraform/terraform-tests
    url: https://api.scaleway.com/iam/v1alpha1/users/84d20ae1-9650-419a-ab74-7ab09b6262e0
    method: GET
  response:
    body: '{"account_root_user_id":"e455b334-f426-4b1e-ab2f-913c31aa199c","created_at":"2023-01-23T15:16:01.748877Z","deletable":true,"email":"developer-tools-team@scaleway.com","id":"84d20ae1-9650-419a-ab74-7ab09b6262e0","last_login_at":null,"mfa":true,"organization_id":"105bdce1-64c0-48ab-899d-868455867ecf","status":"activated","two_factor_enabled":true,"type":"guest","updated_at":"2023-01-23T15:18:52.043249Z"}'
    headers:
      Content-Length:
      - "416"
      Content-Security-Policy:
      - default-src 'none'; frame-ancestors 'none'
      Content-Type:
      - application/json
      Date:
      - Wed, 18 Oct 2023 07:30:50 GMT
      Server:
      - Scaleway API-Gateway
      Strict-Transport-Security:
      - max-age=63072000
      X-Content-Type-Options:
      - nosniff
      X-Frame-Options:
      - DENY
      X-Request-Id:
      - 7a073aae-ee38-4234-a57d-bb6d88277ed8
    status: 200 OK
    code: 200
    duration: ""
- request:
    body: ""
    form: {}
    headers:
      User-Agent:
      - scaleway-sdk-go/v1.0.0-beta.7+dev (go1.21.1; linux; amd64) terraform-provider/develop
        terraform/terraform-tests
    url: https://api.scaleway.com/iam/v1alpha1/users/84d20ae1-9650-419a-ab74-7ab09b6262e0
    method: GET
  response:
    body: '{"account_root_user_id":"e455b334-f426-4b1e-ab2f-913c31aa199c","created_at":"2023-01-23T15:16:01.748877Z","deletable":true,"email":"developer-tools-team@scaleway.com","id":"84d20ae1-9650-419a-ab74-7ab09b6262e0","last_login_at":null,"mfa":true,"organization_id":"105bdce1-64c0-48ab-899d-868455867ecf","status":"activated","two_factor_enabled":true,"type":"guest","updated_at":"2023-01-23T15:18:52.043249Z"}'
    headers:
      Content-Length:
      - "416"
      Content-Security-Policy:
      - default-src 'none'; frame-ancestors 'none'
      Content-Type:
      - application/json
      Date:
      - Wed, 18 Oct 2023 07:30:50 GMT
      Server:
      - Scaleway API-Gateway
      Strict-Transport-Security:
      - max-age=63072000
      X-Content-Type-Options:
      - nosniff
      X-Frame-Options:
      - DENY
      X-Request-Id:
      - 9d7fccd8-4354-4f97-afcc-15c2ed2cf8a3
    status: 200 OK
    code: 200
    duration: ""
- request:
    body: ""
    form: {}
    headers:
      User-Agent:
      - scaleway-sdk-go/v1.0.0-beta.7+dev (go1.21.1; linux; amd64) terraform-provider/develop
        terraform/terraform-tests
    url: https://api.scaleway.com/iam/v1alpha1/applications/a71d88d5-4d29-42e9-b4d7-6cf75bfbef30
    method: GET
  response:
    body: '{"created_at":"2023-10-18T07:30:49.871840Z","description":"","editable":true,"id":"a71d88d5-4d29-42e9-b4d7-6cf75bfbef30","name":"tf_tests_iam_group_app3","nb_api_keys":0,"organization_id":"105bdce1-64c0-48ab-899d-868455867ecf","updated_at":"2023-10-18T07:30:49.871840Z"}'
    headers:
      Content-Length:
      - "277"
      Content-Security-Policy:
      - default-src 'none'; frame-ancestors 'none'
      Content-Type:
      - application/json
      Date:
      - Wed, 18 Oct 2023 07:30:50 GMT
      Server:
      - Scaleway API-Gateway
      Strict-Transport-Security:
      - max-age=63072000
      X-Content-Type-Options:
      - nosniff
      X-Frame-Options:
      - DENY
      X-Request-Id:
      - 9acb404c-b6a2-4dd3-8668-787f2ea04007
    status: 200 OK
    code: 200
    duration: ""
- request:
    body: ""
    form: {}
    headers:
      User-Agent:
      - scaleway-sdk-go/v1.0.0-beta.7+dev (go1.21.1; linux; amd64) terraform-provider/develop
        terraform/terraform-tests
    url: https://api.scaleway.com/iam/v1alpha1/groups/db10abb3-572e-44cc-9223-4c484ade16a3
    method: GET
  response:
    body: '{"application_ids":["a71d88d5-4d29-42e9-b4d7-6cf75bfbef30"],"created_at":"2023-10-18T07:30:50.032626Z","description":"","id":"db10abb3-572e-44cc-9223-4c484ade16a3","name":"tf_tests_iam_group_user_app","organization_id":"105bdce1-64c0-48ab-899d-868455867ecf","updated_at":"2023-10-18T07:30:50.032626Z","user_ids":["84d20ae1-9650-419a-ab74-7ab09b6262e0"]}'
    headers:
      Content-Length:
      - "360"
      Content-Security-Policy:
      - default-src 'none'; frame-ancestors 'none'
      Content-Type:
      - application/json
      Date:
      - Wed, 18 Oct 2023 07:30:51 GMT
      Server:
      - Scaleway API-Gateway
      Strict-Transport-Security:
      - max-age=63072000
      X-Content-Type-Options:
      - nosniff
      X-Frame-Options:
      - DENY
      X-Request-Id:
      - 345c84ec-982a-4fe3-b5c2-3f95077aa41d
    status: 200 OK
    code: 200
    duration: ""
- request:
    body: ""
    form: {}
    headers:
      User-Agent:
      - scaleway-sdk-go/v1.0.0-beta.7+dev (go1.21.1; linux; amd64) terraform-provider/develop
        terraform/terraform-tests
    url: https://api.scaleway.com/iam/v1alpha1/users/84d20ae1-9650-419a-ab74-7ab09b6262e0
    method: GET
  response:
    body: '{"account_root_user_id":"e455b334-f426-4b1e-ab2f-913c31aa199c","created_at":"2023-01-23T15:16:01.748877Z","deletable":true,"email":"developer-tools-team@scaleway.com","id":"84d20ae1-9650-419a-ab74-7ab09b6262e0","last_login_at":null,"mfa":true,"organization_id":"105bdce1-64c0-48ab-899d-868455867ecf","status":"activated","two_factor_enabled":true,"type":"guest","updated_at":"2023-01-23T15:18:52.043249Z"}'
    headers:
      Content-Length:
      - "416"
      Content-Security-Policy:
      - default-src 'none'; frame-ancestors 'none'
      Content-Type:
      - application/json
      Date:
      - Wed, 18 Oct 2023 07:30:51 GMT
      Server:
      - Scaleway API-Gateway
      Strict-Transport-Security:
      - max-age=63072000
      X-Content-Type-Options:
      - nosniff
      X-Frame-Options:
      - DENY
      X-Request-Id:
      - 41356338-9eaa-4875-a2c6-315122fa5f2c
    status: 200 OK
    code: 200
    duration: ""
- request:
    body: ""
    form: {}
    headers:
      User-Agent:
      - scaleway-sdk-go/v1.0.0-beta.7+dev (go1.21.1; linux; amd64) terraform-provider/develop
        terraform/terraform-tests
    url: https://api.scaleway.com/iam/v1alpha1/applications/a71d88d5-4d29-42e9-b4d7-6cf75bfbef30
    method: GET
  response:
    body: '{"created_at":"2023-10-18T07:30:49.871840Z","description":"","editable":true,"id":"a71d88d5-4d29-42e9-b4d7-6cf75bfbef30","name":"tf_tests_iam_group_app3","nb_api_keys":0,"organization_id":"105bdce1-64c0-48ab-899d-868455867ecf","updated_at":"2023-10-18T07:30:49.871840Z"}'
    headers:
      Content-Length:
      - "277"
      Content-Security-Policy:
      - default-src 'none'; frame-ancestors 'none'
      Content-Type:
      - application/json
      Date:
      - Wed, 18 Oct 2023 07:30:51 GMT
      Server:
      - Scaleway API-Gateway
      Strict-Transport-Security:
      - max-age=63072000
      X-Content-Type-Options:
      - nosniff
      X-Frame-Options:
      - DENY
      X-Request-Id:
      - c1e01d57-86a9-43ae-a8da-d7837c670c01
    status: 200 OK
    code: 200
    duration: ""
- request:
    body: ""
    form: {}
    headers:
      User-Agent:
      - scaleway-sdk-go/v1.0.0-beta.7+dev (go1.21.1; linux; amd64) terraform-provider/develop
        terraform/terraform-tests
    url: https://api.scaleway.com/iam/v1alpha1/groups/db10abb3-572e-44cc-9223-4c484ade16a3
    method: GET
  response:
    body: '{"application_ids":["a71d88d5-4d29-42e9-b4d7-6cf75bfbef30"],"created_at":"2023-10-18T07:30:50.032626Z","description":"","id":"db10abb3-572e-44cc-9223-4c484ade16a3","name":"tf_tests_iam_group_user_app","organization_id":"105bdce1-64c0-48ab-899d-868455867ecf","updated_at":"2023-10-18T07:30:50.032626Z","user_ids":["84d20ae1-9650-419a-ab74-7ab09b6262e0"]}'
    headers:
      Content-Length:
      - "360"
      Content-Security-Policy:
      - default-src 'none'; frame-ancestors 'none'
      Content-Type:
      - application/json
      Date:
      - Wed, 18 Oct 2023 07:30:51 GMT
      Server:
      - Scaleway API-Gateway
      Strict-Transport-Security:
      - max-age=63072000
      X-Content-Type-Options:
      - nosniff
      X-Frame-Options:
      - DENY
      X-Request-Id:
      - 26fc2741-1065-41c0-adea-1c26e03fd0f8
    status: 200 OK
    code: 200
    duration: ""
- request:
    body: '{"name":"tf_tests_iam_group_app4","organization_id":"105bdce1-64c0-48ab-899d-868455867ecf","description":""}'
    form: {}
    headers:
      Content-Type:
      - application/json
      User-Agent:
      - scaleway-sdk-go/v1.0.0-beta.7+dev (go1.21.1; linux; amd64) terraform-provider/develop
        terraform/terraform-tests
    url: https://api.scaleway.com/iam/v1alpha1/applications
    method: POST
  response:
    body: '{"created_at":"2023-10-18T07:30:52.213180Z","description":"","editable":true,"id":"f92cd035-8556-427b-9867-23820c41fb94","name":"tf_tests_iam_group_app4","nb_api_keys":0,"organization_id":"105bdce1-64c0-48ab-899d-868455867ecf","updated_at":"2023-10-18T07:30:52.213180Z"}'
    headers:
      Content-Length:
      - "277"
      Content-Security-Policy:
      - default-src 'none'; frame-ancestors 'none'
      Content-Type:
      - application/json
      Date:
      - Wed, 18 Oct 2023 07:30:52 GMT
      Server:
      - Scaleway API-Gateway
      Strict-Transport-Security:
      - max-age=63072000
      X-Content-Type-Options:
      - nosniff
      X-Frame-Options:
      - DENY
      X-Request-Id:
      - 4ba17a57-2237-4121-92ac-f7f6cd5ad1e8
    status: 200 OK
    code: 200
    duration: ""
- request:
    body: ""
    form: {}
    headers:
      User-Agent:
      - scaleway-sdk-go/v1.0.0-beta.7+dev (go1.21.1; linux; amd64) terraform-provider/develop
        terraform/terraform-tests
    url: https://api.scaleway.com/iam/v1alpha1/applications/f92cd035-8556-427b-9867-23820c41fb94
    method: GET
  response:
    body: '{"created_at":"2023-10-18T07:30:52.213180Z","description":"","editable":true,"id":"f92cd035-8556-427b-9867-23820c41fb94","name":"tf_tests_iam_group_app4","nb_api_keys":0,"organization_id":"105bdce1-64c0-48ab-899d-868455867ecf","updated_at":"2023-10-18T07:30:52.213180Z"}'
    headers:
      Content-Length:
      - "277"
      Content-Security-Policy:
      - default-src 'none'; frame-ancestors 'none'
      Content-Type:
      - application/json
      Date:
      - Wed, 18 Oct 2023 07:30:52 GMT
      Server:
      - Scaleway API-Gateway
      Strict-Transport-Security:
      - max-age=63072000
      X-Content-Type-Options:
      - nosniff
      X-Frame-Options:
      - DENY
      X-Request-Id:
      - d9d0e0ca-9455-4b33-a431-5bf032d5756c
    status: 200 OK
    code: 200
    duration: ""
- request:
    body: ""
    form: {}
    headers:
      User-Agent:
      - scaleway-sdk-go/v1.0.0-beta.7+dev (go1.21.1; linux; amd64) terraform-provider/develop
        terraform/terraform-tests
    url: https://api.scaleway.com/iam/v1alpha1/groups/db10abb3-572e-44cc-9223-4c484ade16a3
    method: GET
  response:
    body: '{"application_ids":["a71d88d5-4d29-42e9-b4d7-6cf75bfbef30"],"created_at":"2023-10-18T07:30:50.032626Z","description":"","id":"db10abb3-572e-44cc-9223-4c484ade16a3","name":"tf_tests_iam_group_user_app","organization_id":"105bdce1-64c0-48ab-899d-868455867ecf","updated_at":"2023-10-18T07:30:50.032626Z","user_ids":["84d20ae1-9650-419a-ab74-7ab09b6262e0"]}'
    headers:
      Content-Length:
      - "360"
      Content-Security-Policy:
      - default-src 'none'; frame-ancestors 'none'
      Content-Type:
      - application/json
      Date:
      - Wed, 18 Oct 2023 07:30:52 GMT
      Server:
      - Scaleway API-Gateway
      Strict-Transport-Security:
      - max-age=63072000
      X-Content-Type-Options:
      - nosniff
      X-Frame-Options:
      - DENY
      X-Request-Id:
      - aab05d50-90b8-4b75-849a-ac8a48ac8497
    status: 200 OK
    code: 200
    duration: ""
- request:
    body: '{"user_ids":null,"application_ids":["f92cd035-8556-427b-9867-23820c41fb94","a71d88d5-4d29-42e9-b4d7-6cf75bfbef30"]}'
    form: {}
    headers:
      Content-Type:
      - application/json
      User-Agent:
      - scaleway-sdk-go/v1.0.0-beta.7+dev (go1.21.1; linux; amd64) terraform-provider/develop
        terraform/terraform-tests
    url: https://api.scaleway.com/iam/v1alpha1/groups/db10abb3-572e-44cc-9223-4c484ade16a3/members
    method: PUT
  response:
    body: '{"application_ids":["f92cd035-8556-427b-9867-23820c41fb94","a71d88d5-4d29-42e9-b4d7-6cf75bfbef30"],"created_at":"2023-10-18T07:30:50.032626Z","description":"","id":"db10abb3-572e-44cc-9223-4c484ade16a3","name":"tf_tests_iam_group_user_app","organization_id":"105bdce1-64c0-48ab-899d-868455867ecf","updated_at":"2023-10-18T07:30:50.032626Z","user_ids":[]}'
    headers:
      Content-Length:
      - "362"
      Content-Security-Policy:
      - default-src 'none'; frame-ancestors 'none'
      Content-Type:
      - application/json
      Date:
      - Wed, 18 Oct 2023 07:30:52 GMT
      Server:
      - Scaleway API-Gateway
      Strict-Transport-Security:
      - max-age=63072000
      X-Content-Type-Options:
      - nosniff
      X-Frame-Options:
      - DENY
      X-Request-Id:
      - 15d84b3f-5cfb-4663-b73e-d8cc7e8f1d97
    status: 200 OK
    code: 200
    duration: ""
- request:
    body: ""
    form: {}
    headers:
      User-Agent:
      - scaleway-sdk-go/v1.0.0-beta.7+dev (go1.21.1; linux; amd64) terraform-provider/develop
        terraform/terraform-tests
    url: https://api.scaleway.com/iam/v1alpha1/groups/db10abb3-572e-44cc-9223-4c484ade16a3
    method: GET
  response:
    body: '{"application_ids":["a71d88d5-4d29-42e9-b4d7-6cf75bfbef30","f92cd035-8556-427b-9867-23820c41fb94"],"created_at":"2023-10-18T07:30:50.032626Z","description":"","id":"db10abb3-572e-44cc-9223-4c484ade16a3","name":"tf_tests_iam_group_user_app","organization_id":"105bdce1-64c0-48ab-899d-868455867ecf","updated_at":"2023-10-18T07:30:50.032626Z","user_ids":[]}'
    headers:
      Content-Length:
      - "362"
      Content-Security-Policy:
      - default-src 'none'; frame-ancestors 'none'
      Content-Type:
      - application/json
      Date:
      - Wed, 18 Oct 2023 07:30:52 GMT
      Server:
      - Scaleway API-Gateway
      Strict-Transport-Security:
      - max-age=63072000
      X-Content-Type-Options:
      - nosniff
      X-Frame-Options:
      - DENY
      X-Request-Id:
      - b3631356-1ec3-4b06-b461-abab18f8c236
    status: 200 OK
    code: 200
    duration: ""
- request:
    body: ""
    form: {}
    headers:
      User-Agent:
      - scaleway-sdk-go/v1.0.0-beta.7+dev (go1.21.1; linux; amd64) terraform-provider/develop
        terraform/terraform-tests
    url: https://api.scaleway.com/iam/v1alpha1/groups/db10abb3-572e-44cc-9223-4c484ade16a3
    method: GET
  response:
    body: '{"application_ids":["a71d88d5-4d29-42e9-b4d7-6cf75bfbef30","f92cd035-8556-427b-9867-23820c41fb94"],"created_at":"2023-10-18T07:30:50.032626Z","description":"","id":"db10abb3-572e-44cc-9223-4c484ade16a3","name":"tf_tests_iam_group_user_app","organization_id":"105bdce1-64c0-48ab-899d-868455867ecf","updated_at":"2023-10-18T07:30:50.032626Z","user_ids":[]}'
    headers:
      Content-Length:
      - "362"
      Content-Security-Policy:
      - default-src 'none'; frame-ancestors 'none'
      Content-Type:
      - application/json
      Date:
      - Wed, 18 Oct 2023 07:30:52 GMT
      Server:
      - Scaleway API-Gateway
      Strict-Transport-Security:
      - max-age=63072000
      X-Content-Type-Options:
      - nosniff
      X-Frame-Options:
      - DENY
      X-Request-Id:
      - 75110799-0a2c-4972-a108-f4950cb28acd
    status: 200 OK
    code: 200
    duration: ""
- request:
    body: ""
    form: {}
    headers:
      User-Agent:
      - scaleway-sdk-go/v1.0.0-beta.7+dev (go1.21.1; linux; amd64) terraform-provider/develop
        terraform/terraform-tests
    url: https://api.scaleway.com/iam/v1alpha1/applications/a71d88d5-4d29-42e9-b4d7-6cf75bfbef30
    method: GET
  response:
    body: '{"created_at":"2023-10-18T07:30:49.871840Z","description":"","editable":true,"id":"a71d88d5-4d29-42e9-b4d7-6cf75bfbef30","name":"tf_tests_iam_group_app3","nb_api_keys":0,"organization_id":"105bdce1-64c0-48ab-899d-868455867ecf","updated_at":"2023-10-18T07:30:49.871840Z"}'
    headers:
      Content-Length:
      - "277"
      Content-Security-Policy:
      - default-src 'none'; frame-ancestors 'none'
      Content-Type:
      - application/json
      Date:
      - Wed, 18 Oct 2023 07:30:53 GMT
      Server:
      - Scaleway API-Gateway
      Strict-Transport-Security:
      - max-age=63072000
      X-Content-Type-Options:
      - nosniff
      X-Frame-Options:
      - DENY
      X-Request-Id:
      - f406b7a0-bfd7-469c-9e43-28522e9e338f
    status: 200 OK
    code: 200
    duration: ""
- request:
    body: ""
    form: {}
    headers:
      User-Agent:
      - scaleway-sdk-go/v1.0.0-beta.7+dev (go1.21.1; linux; amd64) terraform-provider/develop
        terraform/terraform-tests
    url: https://api.scaleway.com/iam/v1alpha1/applications/f92cd035-8556-427b-9867-23820c41fb94
    method: GET
  response:
    body: '{"created_at":"2023-10-18T07:30:52.213180Z","description":"","editable":true,"id":"f92cd035-8556-427b-9867-23820c41fb94","name":"tf_tests_iam_group_app4","nb_api_keys":0,"organization_id":"105bdce1-64c0-48ab-899d-868455867ecf","updated_at":"2023-10-18T07:30:52.213180Z"}'
    headers:
      Content-Length:
      - "277"
      Content-Security-Policy:
      - default-src 'none'; frame-ancestors 'none'
      Content-Type:
      - application/json
      Date:
      - Wed, 18 Oct 2023 07:30:53 GMT
      Server:
      - Scaleway API-Gateway
      Strict-Transport-Security:
      - max-age=63072000
      X-Content-Type-Options:
      - nosniff
      X-Frame-Options:
      - DENY
      X-Request-Id:
      - 89d1d6a1-d702-478d-b344-32494a6365fe
    status: 200 OK
    code: 200
    duration: ""
- request:
    body: ""
    form: {}
    headers:
      User-Agent:
      - scaleway-sdk-go/v1.0.0-beta.7+dev (go1.21.1; linux; amd64) terraform-provider/develop
        terraform/terraform-tests
    url: https://api.scaleway.com/iam/v1alpha1/groups/db10abb3-572e-44cc-9223-4c484ade16a3
    method: GET
  response:
    body: '{"application_ids":["a71d88d5-4d29-42e9-b4d7-6cf75bfbef30","f92cd035-8556-427b-9867-23820c41fb94"],"created_at":"2023-10-18T07:30:50.032626Z","description":"","id":"db10abb3-572e-44cc-9223-4c484ade16a3","name":"tf_tests_iam_group_user_app","organization_id":"105bdce1-64c0-48ab-899d-868455867ecf","updated_at":"2023-10-18T07:30:50.032626Z","user_ids":[]}'
    headers:
      Content-Length:
      - "362"
      Content-Security-Policy:
      - default-src 'none'; frame-ancestors 'none'
      Content-Type:
      - application/json
      Date:
      - Wed, 18 Oct 2023 07:30:53 GMT
      Server:
      - Scaleway API-Gateway
      Strict-Transport-Security:
      - max-age=63072000
      X-Content-Type-Options:
      - nosniff
      X-Frame-Options:
      - DENY
      X-Request-Id:
      - ecd298b1-3108-42d6-8d9b-ca73ae1570c1
    status: 200 OK
    code: 200
    duration: ""
- request:
    body: ""
    form: {}
    headers:
      User-Agent:
      - scaleway-sdk-go/v1.0.0-beta.7+dev (go1.21.1; linux; amd64) terraform-provider/develop
        terraform/terraform-tests
    url: https://api.scaleway.com/iam/v1alpha1/users/b6360d4f-831c-45a8-889e-0b65ed079e63
    method: GET
  response:
    body: '{"account_root_user_id":"caeed50e-d7fe-4d74-b7f0-956d94e85d4b","created_at":"2022-12-01T12:53:29.981622Z","deletable":true,"email":"jcasteran@scaleway.com","id":"b6360d4f-831c-45a8-889e-0b65ed079e63","last_login_at":"2023-10-17T11:20:34.355235Z","mfa":false,"organization_id":"105bdce1-64c0-48ab-899d-868455867ecf","status":"activated","two_factor_enabled":false,"type":"guest","updated_at":"2023-10-17T11:20:34.340225Z"}'
    headers:
      Content-Length:
      - "432"
      Content-Security-Policy:
      - default-src 'none'; frame-ancestors 'none'
      Content-Type:
      - application/json
      Date:
      - Wed, 18 Oct 2023 07:30:53 GMT
      Server:
      - Scaleway API-Gateway
      Strict-Transport-Security:
      - max-age=63072000
      X-Content-Type-Options:
      - nosniff
      X-Frame-Options:
      - DENY
      X-Request-Id:
      - e377a109-5f6e-4915-9918-b54277137bd4
    status: 200 OK
    code: 200
    duration: ""
- request:
    body: ""
    form: {}
    headers:
      User-Agent:
      - scaleway-sdk-go/v1.0.0-beta.7+dev (go1.21.1; linux; amd64) terraform-provider/develop
        terraform/terraform-tests
    url: https://api.scaleway.com/iam/v1alpha1/users/ef29ce05-3f2b-4fa0-a259-d76110850d57
    method: GET
  response:
    body: '{"account_root_user_id":"afa9fc32-9d43-417d-9ca0-a4ed6edf27a1","created_at":"2022-03-29T11:44:54.791271Z","deletable":false,"email":"hashicorp@scaleway.com","id":"ef29ce05-3f2b-4fa0-a259-d76110850d57","last_login_at":"2023-10-16T07:59:59.343168Z","mfa":true,"organization_id":"105bdce1-64c0-48ab-899d-868455867ecf","status":"activated","two_factor_enabled":true,"type":"owner","updated_at":"2023-10-16T07:59:59.329114Z"}'
    headers:
      Content-Length:
      - "431"
      Content-Security-Policy:
      - default-src 'none'; frame-ancestors 'none'
      Content-Type:
      - application/json
      Date:
      - Wed, 18 Oct 2023 07:30:53 GMT
      Server:
      - Scaleway API-Gateway
      Strict-Transport-Security:
      - max-age=63072000
      X-Content-Type-Options:
      - nosniff
      X-Frame-Options:
      - DENY
      X-Request-Id:
      - b96a3f8c-5ad4-4795-b466-ea0a7192690f
    status: 200 OK
    code: 200
    duration: ""
- request:
    body: ""
    form: {}
    headers:
      User-Agent:
      - scaleway-sdk-go/v1.0.0-beta.7+dev (go1.21.1; linux; amd64) terraform-provider/develop
        terraform/terraform-tests
    url: https://api.scaleway.com/iam/v1alpha1/applications/a71d88d5-4d29-42e9-b4d7-6cf75bfbef30
    method: GET
  response:
    body: '{"created_at":"2023-10-18T07:30:49.871840Z","description":"","editable":true,"id":"a71d88d5-4d29-42e9-b4d7-6cf75bfbef30","name":"tf_tests_iam_group_app3","nb_api_keys":0,"organization_id":"105bdce1-64c0-48ab-899d-868455867ecf","updated_at":"2023-10-18T07:30:49.871840Z"}'
    headers:
      Content-Length:
      - "277"
      Content-Security-Policy:
      - default-src 'none'; frame-ancestors 'none'
      Content-Type:
      - application/json
      Date:
      - Wed, 18 Oct 2023 07:30:53 GMT
      Server:
      - Scaleway API-Gateway
      Strict-Transport-Security:
      - max-age=63072000
      X-Content-Type-Options:
      - nosniff
      X-Frame-Options:
      - DENY
      X-Request-Id:
      - 9afe77e9-d85e-415d-9f90-2b8b9184c504
    status: 200 OK
    code: 200
    duration: ""
- request:
    body: ""
    form: {}
    headers:
      User-Agent:
      - scaleway-sdk-go/v1.0.0-beta.7+dev (go1.21.1; linux; amd64) terraform-provider/develop
        terraform/terraform-tests
    url: https://api.scaleway.com/iam/v1alpha1/applications/f92cd035-8556-427b-9867-23820c41fb94
    method: GET
  response:
    body: '{"created_at":"2023-10-18T07:30:52.213180Z","description":"","editable":true,"id":"f92cd035-8556-427b-9867-23820c41fb94","name":"tf_tests_iam_group_app4","nb_api_keys":0,"organization_id":"105bdce1-64c0-48ab-899d-868455867ecf","updated_at":"2023-10-18T07:30:52.213180Z"}'
    headers:
      Content-Length:
      - "277"
      Content-Security-Policy:
      - default-src 'none'; frame-ancestors 'none'
      Content-Type:
      - application/json
      Date:
      - Wed, 18 Oct 2023 07:30:53 GMT
      Server:
      - Scaleway API-Gateway
      Strict-Transport-Security:
      - max-age=63072000
      X-Content-Type-Options:
      - nosniff
      X-Frame-Options:
      - DENY
      X-Request-Id:
      - 98883168-2ddb-4c18-bc00-fbe3ce9953f6
    status: 200 OK
    code: 200
    duration: ""
- request:
    body: ""
    form: {}
    headers:
      User-Agent:
      - scaleway-sdk-go/v1.0.0-beta.7+dev (go1.21.1; linux; amd64) terraform-provider/develop
        terraform/terraform-tests
    url: https://api.scaleway.com/iam/v1alpha1/groups/db10abb3-572e-44cc-9223-4c484ade16a3
    method: GET
  response:
    body: '{"application_ids":["a71d88d5-4d29-42e9-b4d7-6cf75bfbef30","f92cd035-8556-427b-9867-23820c41fb94"],"created_at":"2023-10-18T07:30:50.032626Z","description":"","id":"db10abb3-572e-44cc-9223-4c484ade16a3","name":"tf_tests_iam_group_user_app","organization_id":"105bdce1-64c0-48ab-899d-868455867ecf","updated_at":"2023-10-18T07:30:50.032626Z","user_ids":[]}'
    headers:
      Content-Length:
      - "362"
      Content-Security-Policy:
      - default-src 'none'; frame-ancestors 'none'
      Content-Type:
      - application/json
      Date:
      - Wed, 18 Oct 2023 07:30:53 GMT
      Server:
      - Scaleway API-Gateway
      Strict-Transport-Security:
      - max-age=63072000
      X-Content-Type-Options:
      - nosniff
      X-Frame-Options:
      - DENY
      X-Request-Id:
      - 4e357b6a-b81e-44be-9285-db6e5c58dfbc
    status: 200 OK
    code: 200
    duration: ""
- request:
    body: ""
    form: {}
    headers:
      User-Agent:
      - scaleway-sdk-go/v1.0.0-beta.7+dev (go1.21.1; linux; amd64) terraform-provider/develop
        terraform/terraform-tests
    url: https://api.scaleway.com/iam/v1alpha1/users/ef29ce05-3f2b-4fa0-a259-d76110850d57
    method: GET
  response:
    body: '{"account_root_user_id":"afa9fc32-9d43-417d-9ca0-a4ed6edf27a1","created_at":"2022-03-29T11:44:54.791271Z","deletable":false,"email":"hashicorp@scaleway.com","id":"ef29ce05-3f2b-4fa0-a259-d76110850d57","last_login_at":"2023-10-16T07:59:59.343168Z","mfa":true,"organization_id":"105bdce1-64c0-48ab-899d-868455867ecf","status":"activated","two_factor_enabled":true,"type":"owner","updated_at":"2023-10-16T07:59:59.329114Z"}'
    headers:
      Content-Length:
      - "431"
      Content-Security-Policy:
      - default-src 'none'; frame-ancestors 'none'
      Content-Type:
      - application/json
      Date:
      - Wed, 18 Oct 2023 07:30:53 GMT
      Server:
      - Scaleway API-Gateway
      Strict-Transport-Security:
      - max-age=63072000
      X-Content-Type-Options:
      - nosniff
      X-Frame-Options:
      - DENY
      X-Request-Id:
      - 3460b291-c896-4b42-8f87-fe84df5ea1e2
    status: 200 OK
    code: 200
    duration: ""
- request:
    body: ""
    form: {}
    headers:
      User-Agent:
      - scaleway-sdk-go/v1.0.0-beta.7+dev (go1.21.1; linux; amd64) terraform-provider/develop
        terraform/terraform-tests
    url: https://api.scaleway.com/iam/v1alpha1/users/b6360d4f-831c-45a8-889e-0b65ed079e63
    method: GET
  response:
    body: '{"account_root_user_id":"caeed50e-d7fe-4d74-b7f0-956d94e85d4b","created_at":"2022-12-01T12:53:29.981622Z","deletable":true,"email":"jcasteran@scaleway.com","id":"b6360d4f-831c-45a8-889e-0b65ed079e63","last_login_at":"2023-10-17T11:20:34.355235Z","mfa":false,"organization_id":"105bdce1-64c0-48ab-899d-868455867ecf","status":"activated","two_factor_enabled":false,"type":"guest","updated_at":"2023-10-17T11:20:34.340225Z"}'
    headers:
      Content-Length:
      - "432"
      Content-Security-Policy:
      - default-src 'none'; frame-ancestors 'none'
      Content-Type:
      - application/json
      Date:
      - Wed, 18 Oct 2023 07:30:53 GMT
      Server:
      - Scaleway API-Gateway
      Strict-Transport-Security:
      - max-age=63072000
      X-Content-Type-Options:
      - nosniff
      X-Frame-Options:
      - DENY
      X-Request-Id:
      - a0d95945-0464-480e-ba08-e61a452ae9b8
    status: 200 OK
    code: 200
    duration: ""
- request:
    body: ""
    form: {}
    headers:
      User-Agent:
      - scaleway-sdk-go/v1.0.0-beta.7+dev (go1.21.1; linux; amd64) terraform-provider/develop
        terraform/terraform-tests
    url: https://api.scaleway.com/iam/v1alpha1/groups/db10abb3-572e-44cc-9223-4c484ade16a3
    method: GET
  response:
    body: '{"application_ids":["a71d88d5-4d29-42e9-b4d7-6cf75bfbef30","f92cd035-8556-427b-9867-23820c41fb94"],"created_at":"2023-10-18T07:30:50.032626Z","description":"","id":"db10abb3-572e-44cc-9223-4c484ade16a3","name":"tf_tests_iam_group_user_app","organization_id":"105bdce1-64c0-48ab-899d-868455867ecf","updated_at":"2023-10-18T07:30:50.032626Z","user_ids":[]}'
    headers:
      Content-Length:
      - "362"
      Content-Security-Policy:
      - default-src 'none'; frame-ancestors 'none'
      Content-Type:
      - application/json
      Date:
      - Wed, 18 Oct 2023 07:30:54 GMT
      Server:
      - Scaleway API-Gateway
      Strict-Transport-Security:
      - max-age=63072000
      X-Content-Type-Options:
      - nosniff
      X-Frame-Options:
      - DENY
      X-Request-Id:
      - 7d2546e8-abf0-4a42-9637-51308ab7f5a6
    status: 200 OK
    code: 200
    duration: ""
- request:
    body: '{"user_ids":["b6360d4f-831c-45a8-889e-0b65ed079e63","ef29ce05-3f2b-4fa0-a259-d76110850d57"],"application_ids":["f92cd035-8556-427b-9867-23820c41fb94"]}'
    form: {}
    headers:
      Content-Type:
      - application/json
      User-Agent:
      - scaleway-sdk-go/v1.0.0-beta.7+dev (go1.21.1; linux; amd64) terraform-provider/develop
        terraform/terraform-tests
    url: https://api.scaleway.com/iam/v1alpha1/groups/db10abb3-572e-44cc-9223-4c484ade16a3/members
    method: PUT
  response:
    body: '{"application_ids":["f92cd035-8556-427b-9867-23820c41fb94"],"created_at":"2023-10-18T07:30:50.032626Z","description":"","id":"db10abb3-572e-44cc-9223-4c484ade16a3","name":"tf_tests_iam_group_user_app","organization_id":"105bdce1-64c0-48ab-899d-868455867ecf","updated_at":"2023-10-18T07:30:50.032626Z","user_ids":["b6360d4f-831c-45a8-889e-0b65ed079e63","ef29ce05-3f2b-4fa0-a259-d76110850d57"]}'
    headers:
      Content-Length:
      - "400"
      Content-Security-Policy:
      - default-src 'none'; frame-ancestors 'none'
      Content-Type:
      - application/json
      Date:
      - Wed, 18 Oct 2023 07:30:54 GMT
      Server:
      - Scaleway API-Gateway
      Strict-Transport-Security:
      - max-age=63072000
      X-Content-Type-Options:
      - nosniff
      X-Frame-Options:
      - DENY
      X-Request-Id:
      - a9a2470d-553f-4853-a718-7846c7643bd0
    status: 200 OK
    code: 200
    duration: ""
- request:
    body: ""
    form: {}
    headers:
      User-Agent:
      - scaleway-sdk-go/v1.0.0-beta.7+dev (go1.21.1; linux; amd64) terraform-provider/develop
        terraform/terraform-tests
    url: https://api.scaleway.com/iam/v1alpha1/groups/db10abb3-572e-44cc-9223-4c484ade16a3
    method: GET
  response:
    body: '{"application_ids":["f92cd035-8556-427b-9867-23820c41fb94"],"created_at":"2023-10-18T07:30:50.032626Z","description":"","id":"db10abb3-572e-44cc-9223-4c484ade16a3","name":"tf_tests_iam_group_user_app","organization_id":"105bdce1-64c0-48ab-899d-868455867ecf","updated_at":"2023-10-18T07:30:50.032626Z","user_ids":["ef29ce05-3f2b-4fa0-a259-d76110850d57","b6360d4f-831c-45a8-889e-0b65ed079e63"]}'
    headers:
      Content-Length:
      - "400"
      Content-Security-Policy:
      - default-src 'none'; frame-ancestors 'none'
      Content-Type:
      - application/json
      Date:
      - Wed, 18 Oct 2023 07:30:54 GMT
      Server:
      - Scaleway API-Gateway
      Strict-Transport-Security:
      - max-age=63072000
      X-Content-Type-Options:
      - nosniff
      X-Frame-Options:
      - DENY
      X-Request-Id:
      - 5e389f9a-90ea-4b77-8157-2e5f6aa1043e
    status: 200 OK
    code: 200
    duration: ""
- request:
    body: ""
    form: {}
    headers:
      User-Agent:
      - scaleway-sdk-go/v1.0.0-beta.7+dev (go1.21.1; linux; amd64) terraform-provider/develop
        terraform/terraform-tests
    url: https://api.scaleway.com/iam/v1alpha1/groups/db10abb3-572e-44cc-9223-4c484ade16a3
    method: GET
  response:
    body: '{"application_ids":["f92cd035-8556-427b-9867-23820c41fb94"],"created_at":"2023-10-18T07:30:50.032626Z","description":"","id":"db10abb3-572e-44cc-9223-4c484ade16a3","name":"tf_tests_iam_group_user_app","organization_id":"105bdce1-64c0-48ab-899d-868455867ecf","updated_at":"2023-10-18T07:30:50.032626Z","user_ids":["ef29ce05-3f2b-4fa0-a259-d76110850d57","b6360d4f-831c-45a8-889e-0b65ed079e63"]}'
    headers:
      Content-Length:
      - "400"
      Content-Security-Policy:
      - default-src 'none'; frame-ancestors 'none'
      Content-Type:
      - application/json
      Date:
      - Wed, 18 Oct 2023 07:30:54 GMT
      Server:
      - Scaleway API-Gateway
      Strict-Transport-Security:
      - max-age=63072000
      X-Content-Type-Options:
      - nosniff
      X-Frame-Options:
      - DENY
      X-Request-Id:
      - 316d6833-c234-4d54-b290-83d454f3b34e
    status: 200 OK
    code: 200
    duration: ""
- request:
    body: ""
    form: {}
    headers:
      User-Agent:
      - scaleway-sdk-go/v1.0.0-beta.7+dev (go1.21.1; linux; amd64) terraform-provider/develop
        terraform/terraform-tests
    url: https://api.scaleway.com/iam/v1alpha1/users/b6360d4f-831c-45a8-889e-0b65ed079e63
    method: GET
  response:
    body: '{"account_root_user_id":"caeed50e-d7fe-4d74-b7f0-956d94e85d4b","created_at":"2022-12-01T12:53:29.981622Z","deletable":true,"email":"jcasteran@scaleway.com","id":"b6360d4f-831c-45a8-889e-0b65ed079e63","last_login_at":"2023-10-17T11:20:34.355235Z","mfa":false,"organization_id":"105bdce1-64c0-48ab-899d-868455867ecf","status":"activated","two_factor_enabled":false,"type":"guest","updated_at":"2023-10-17T11:20:34.340225Z"}'
    headers:
      Content-Length:
      - "432"
      Content-Security-Policy:
      - default-src 'none'; frame-ancestors 'none'
      Content-Type:
      - application/json
      Date:
      - Wed, 18 Oct 2023 07:30:54 GMT
      Server:
      - Scaleway API-Gateway
      Strict-Transport-Security:
      - max-age=63072000
      X-Content-Type-Options:
      - nosniff
      X-Frame-Options:
      - DENY
      X-Request-Id:
      - a840cd82-6730-44fd-8f1a-5350c0066e69
    status: 200 OK
    code: 200
    duration: ""
- request:
    body: ""
    form: {}
    headers:
      User-Agent:
      - scaleway-sdk-go/v1.0.0-beta.7+dev (go1.21.1; linux; amd64) terraform-provider/develop
        terraform/terraform-tests
    url: https://api.scaleway.com/iam/v1alpha1/users/ef29ce05-3f2b-4fa0-a259-d76110850d57
    method: GET
  response:
    body: '{"account_root_user_id":"afa9fc32-9d43-417d-9ca0-a4ed6edf27a1","created_at":"2022-03-29T11:44:54.791271Z","deletable":false,"email":"hashicorp@scaleway.com","id":"ef29ce05-3f2b-4fa0-a259-d76110850d57","last_login_at":"2023-10-16T07:59:59.343168Z","mfa":true,"organization_id":"105bdce1-64c0-48ab-899d-868455867ecf","status":"activated","two_factor_enabled":true,"type":"owner","updated_at":"2023-10-16T07:59:59.329114Z"}'
    headers:
      Content-Length:
      - "431"
      Content-Security-Policy:
      - default-src 'none'; frame-ancestors 'none'
      Content-Type:
      - application/json
      Date:
      - Wed, 18 Oct 2023 07:30:54 GMT
      Server:
      - Scaleway API-Gateway
      Strict-Transport-Security:
      - max-age=63072000
      X-Content-Type-Options:
      - nosniff
      X-Frame-Options:
      - DENY
      X-Request-Id:
      - 853fe08c-630b-44af-9c0e-6ce1a836eb76
    status: 200 OK
    code: 200
    duration: ""
- request:
    body: ""
    form: {}
    headers:
      User-Agent:
      - scaleway-sdk-go/v1.0.0-beta.7+dev (go1.21.1; linux; amd64) terraform-provider/develop
        terraform/terraform-tests
    url: https://api.scaleway.com/iam/v1alpha1/applications/a71d88d5-4d29-42e9-b4d7-6cf75bfbef30
    method: GET
  response:
    body: '{"created_at":"2023-10-18T07:30:49.871840Z","description":"","editable":true,"id":"a71d88d5-4d29-42e9-b4d7-6cf75bfbef30","name":"tf_tests_iam_group_app3","nb_api_keys":0,"organization_id":"105bdce1-64c0-48ab-899d-868455867ecf","updated_at":"2023-10-18T07:30:49.871840Z"}'
    headers:
      Content-Length:
      - "277"
      Content-Security-Policy:
      - default-src 'none'; frame-ancestors 'none'
      Content-Type:
      - application/json
      Date:
      - Wed, 18 Oct 2023 07:30:55 GMT
      Server:
      - Scaleway API-Gateway
      Strict-Transport-Security:
      - max-age=63072000
      X-Content-Type-Options:
      - nosniff
      X-Frame-Options:
      - DENY
      X-Request-Id:
      - 5ebc1300-778b-4686-8c4f-721ac3180d75
    status: 200 OK
    code: 200
    duration: ""
- request:
    body: ""
    form: {}
    headers:
      User-Agent:
      - scaleway-sdk-go/v1.0.0-beta.7+dev (go1.21.1; linux; amd64) terraform-provider/develop
        terraform/terraform-tests
    url: https://api.scaleway.com/iam/v1alpha1/users/b6360d4f-831c-45a8-889e-0b65ed079e63
    method: GET
  response:
    body: '{"account_root_user_id":"caeed50e-d7fe-4d74-b7f0-956d94e85d4b","created_at":"2022-12-01T12:53:29.981622Z","deletable":true,"email":"jcasteran@scaleway.com","id":"b6360d4f-831c-45a8-889e-0b65ed079e63","last_login_at":"2023-10-17T11:20:34.355235Z","mfa":false,"organization_id":"105bdce1-64c0-48ab-899d-868455867ecf","status":"activated","two_factor_enabled":false,"type":"guest","updated_at":"2023-10-17T11:20:34.340225Z"}'
    headers:
      Content-Length:
      - "432"
      Content-Security-Policy:
      - default-src 'none'; frame-ancestors 'none'
      Content-Type:
      - application/json
      Date:
      - Wed, 18 Oct 2023 07:30:55 GMT
      Server:
      - Scaleway API-Gateway
      Strict-Transport-Security:
      - max-age=63072000
      X-Content-Type-Options:
      - nosniff
      X-Frame-Options:
      - DENY
      X-Request-Id:
      - 15a95aa9-7ec7-41ce-b97e-451b5a371368
    status: 200 OK
    code: 200
    duration: ""
- request:
    body: ""
    form: {}
    headers:
      User-Agent:
      - scaleway-sdk-go/v1.0.0-beta.7+dev (go1.21.1; linux; amd64) terraform-provider/develop
        terraform/terraform-tests
    url: https://api.scaleway.com/iam/v1alpha1/applications/f92cd035-8556-427b-9867-23820c41fb94
    method: GET
  response:
    body: '{"created_at":"2023-10-18T07:30:52.213180Z","description":"","editable":true,"id":"f92cd035-8556-427b-9867-23820c41fb94","name":"tf_tests_iam_group_app4","nb_api_keys":0,"organization_id":"105bdce1-64c0-48ab-899d-868455867ecf","updated_at":"2023-10-18T07:30:52.213180Z"}'
    headers:
      Content-Length:
      - "277"
      Content-Security-Policy:
      - default-src 'none'; frame-ancestors 'none'
      Content-Type:
      - application/json
      Date:
      - Wed, 18 Oct 2023 07:30:55 GMT
      Server:
      - Scaleway API-Gateway
      Strict-Transport-Security:
      - max-age=63072000
      X-Content-Type-Options:
      - nosniff
      X-Frame-Options:
      - DENY
      X-Request-Id:
      - 4a1c14f8-3015-4efb-a603-01d946377252
    status: 200 OK
    code: 200
    duration: ""
- request:
    body: ""
    form: {}
    headers:
      User-Agent:
      - scaleway-sdk-go/v1.0.0-beta.7+dev (go1.21.1; linux; amd64) terraform-provider/develop
        terraform/terraform-tests
    url: https://api.scaleway.com/iam/v1alpha1/users/ef29ce05-3f2b-4fa0-a259-d76110850d57
    method: GET
  response:
    body: '{"account_root_user_id":"afa9fc32-9d43-417d-9ca0-a4ed6edf27a1","created_at":"2022-03-29T11:44:54.791271Z","deletable":false,"email":"hashicorp@scaleway.com","id":"ef29ce05-3f2b-4fa0-a259-d76110850d57","last_login_at":"2023-10-16T07:59:59.343168Z","mfa":true,"organization_id":"105bdce1-64c0-48ab-899d-868455867ecf","status":"activated","two_factor_enabled":true,"type":"owner","updated_at":"2023-10-16T07:59:59.329114Z"}'
    headers:
      Content-Length:
      - "431"
      Content-Security-Policy:
      - default-src 'none'; frame-ancestors 'none'
      Content-Type:
      - application/json
      Date:
      - Wed, 18 Oct 2023 07:30:55 GMT
      Server:
      - Scaleway API-Gateway
      Strict-Transport-Security:
      - max-age=63072000
      X-Content-Type-Options:
      - nosniff
      X-Frame-Options:
      - DENY
      X-Request-Id:
      - 1739052c-1ecf-4f50-8bd0-60ea2b04f1b3
    status: 200 OK
    code: 200
    duration: ""
- request:
    body: ""
    form: {}
    headers:
      User-Agent:
      - scaleway-sdk-go/v1.0.0-beta.7+dev (go1.21.1; linux; amd64) terraform-provider/develop
        terraform/terraform-tests
    url: https://api.scaleway.com/iam/v1alpha1/groups/db10abb3-572e-44cc-9223-4c484ade16a3
    method: GET
  response:
    body: '{"application_ids":["f92cd035-8556-427b-9867-23820c41fb94"],"created_at":"2023-10-18T07:30:50.032626Z","description":"","id":"db10abb3-572e-44cc-9223-4c484ade16a3","name":"tf_tests_iam_group_user_app","organization_id":"105bdce1-64c0-48ab-899d-868455867ecf","updated_at":"2023-10-18T07:30:50.032626Z","user_ids":["ef29ce05-3f2b-4fa0-a259-d76110850d57","b6360d4f-831c-45a8-889e-0b65ed079e63"]}'
    headers:
      Content-Length:
      - "400"
      Content-Security-Policy:
      - default-src 'none'; frame-ancestors 'none'
      Content-Type:
      - application/json
      Date:
      - Wed, 18 Oct 2023 07:30:55 GMT
      Server:
      - Scaleway API-Gateway
      Strict-Transport-Security:
      - max-age=63072000
      X-Content-Type-Options:
      - nosniff
      X-Frame-Options:
      - DENY
      X-Request-Id:
      - f591e448-010c-4bfa-af0c-d6dc9415866f
    status: 200 OK
    code: 200
    duration: ""
- request:
    body: ""
    form: {}
    headers:
      User-Agent:
      - scaleway-sdk-go/v1.0.0-beta.7+dev (go1.21.1; linux; amd64) terraform-provider/develop
        terraform/terraform-tests
    url: https://api.scaleway.com/iam/v1alpha1/users/b6360d4f-831c-45a8-889e-0b65ed079e63
    method: GET
  response:
    body: '{"account_root_user_id":"caeed50e-d7fe-4d74-b7f0-956d94e85d4b","created_at":"2022-12-01T12:53:29.981622Z","deletable":true,"email":"jcasteran@scaleway.com","id":"b6360d4f-831c-45a8-889e-0b65ed079e63","last_login_at":"2023-10-17T11:20:34.355235Z","mfa":false,"organization_id":"105bdce1-64c0-48ab-899d-868455867ecf","status":"activated","two_factor_enabled":false,"type":"guest","updated_at":"2023-10-17T11:20:34.340225Z"}'
    headers:
      Content-Length:
      - "432"
      Content-Security-Policy:
      - default-src 'none'; frame-ancestors 'none'
      Content-Type:
      - application/json
      Date:
      - Wed, 18 Oct 2023 07:30:55 GMT
      Server:
      - Scaleway API-Gateway
      Strict-Transport-Security:
      - max-age=63072000
      X-Content-Type-Options:
      - nosniff
      X-Frame-Options:
      - DENY
      X-Request-Id:
      - 559bf02c-eef5-44c1-9c89-03016abd7c7f
    status: 200 OK
    code: 200
    duration: ""
- request:
    body: ""
    form: {}
    headers:
      User-Agent:
      - scaleway-sdk-go/v1.0.0-beta.7+dev (go1.21.1; linux; amd64) terraform-provider/develop
        terraform/terraform-tests
    url: https://api.scaleway.com/iam/v1alpha1/users/ef29ce05-3f2b-4fa0-a259-d76110850d57
    method: GET
  response:
    body: '{"account_root_user_id":"afa9fc32-9d43-417d-9ca0-a4ed6edf27a1","created_at":"2022-03-29T11:44:54.791271Z","deletable":false,"email":"hashicorp@scaleway.com","id":"ef29ce05-3f2b-4fa0-a259-d76110850d57","last_login_at":"2023-10-16T07:59:59.343168Z","mfa":true,"organization_id":"105bdce1-64c0-48ab-899d-868455867ecf","status":"activated","two_factor_enabled":true,"type":"owner","updated_at":"2023-10-16T07:59:59.329114Z"}'
    headers:
      Content-Length:
      - "431"
      Content-Security-Policy:
      - default-src 'none'; frame-ancestors 'none'
      Content-Type:
      - application/json
      Date:
      - Wed, 18 Oct 2023 07:30:55 GMT
      Server:
      - Scaleway API-Gateway
      Strict-Transport-Security:
      - max-age=63072000
      X-Content-Type-Options:
      - nosniff
      X-Frame-Options:
      - DENY
      X-Request-Id:
      - f7963934-d628-4862-8fea-a9a57e413d95
    status: 200 OK
    code: 200
    duration: ""
- request:
    body: ""
    form: {}
    headers:
      User-Agent:
      - scaleway-sdk-go/v1.0.0-beta.7+dev (go1.21.1; linux; amd64) terraform-provider/develop
        terraform/terraform-tests
    url: https://api.scaleway.com/iam/v1alpha1/applications/a71d88d5-4d29-42e9-b4d7-6cf75bfbef30
    method: GET
  response:
    body: '{"created_at":"2023-10-18T07:30:49.871840Z","description":"","editable":true,"id":"a71d88d5-4d29-42e9-b4d7-6cf75bfbef30","name":"tf_tests_iam_group_app3","nb_api_keys":0,"organization_id":"105bdce1-64c0-48ab-899d-868455867ecf","updated_at":"2023-10-18T07:30:49.871840Z"}'
    headers:
      Content-Length:
      - "277"
      Content-Security-Policy:
      - default-src 'none'; frame-ancestors 'none'
      Content-Type:
      - application/json
      Date:
      - Wed, 18 Oct 2023 07:30:55 GMT
      Server:
      - Scaleway API-Gateway
      Strict-Transport-Security:
      - max-age=63072000
      X-Content-Type-Options:
      - nosniff
      X-Frame-Options:
      - DENY
      X-Request-Id:
      - bd352001-9185-4838-8729-61bb2938804a
    status: 200 OK
    code: 200
    duration: ""
- request:
    body: ""
    form: {}
    headers:
      User-Agent:
      - scaleway-sdk-go/v1.0.0-beta.7+dev (go1.21.1; linux; amd64) terraform-provider/develop
        terraform/terraform-tests
    url: https://api.scaleway.com/iam/v1alpha1/users/84d20ae1-9650-419a-ab74-7ab09b6262e0
    method: GET
  response:
    body: '{"account_root_user_id":"e455b334-f426-4b1e-ab2f-913c31aa199c","created_at":"2023-01-23T15:16:01.748877Z","deletable":true,"email":"developer-tools-team@scaleway.com","id":"84d20ae1-9650-419a-ab74-7ab09b6262e0","last_login_at":null,"mfa":true,"organization_id":"105bdce1-64c0-48ab-899d-868455867ecf","status":"activated","two_factor_enabled":true,"type":"guest","updated_at":"2023-01-23T15:18:52.043249Z"}'
    headers:
      Content-Length:
      - "416"
      Content-Security-Policy:
      - default-src 'none'; frame-ancestors 'none'
      Content-Type:
      - application/json
      Date:
      - Wed, 18 Oct 2023 07:30:55 GMT
      Server:
      - Scaleway API-Gateway
      Strict-Transport-Security:
      - max-age=63072000
      X-Content-Type-Options:
      - nosniff
      X-Frame-Options:
      - DENY
      X-Request-Id:
      - 5fd453d6-fb85-45e1-92e0-321f41ed2f10
    status: 200 OK
    code: 200
    duration: ""
- request:
    body: ""
    form: {}
    headers:
      User-Agent:
      - scaleway-sdk-go/v1.0.0-beta.7+dev (go1.21.1; linux; amd64) terraform-provider/develop
        terraform/terraform-tests
    url: https://api.scaleway.com/iam/v1alpha1/applications/f92cd035-8556-427b-9867-23820c41fb94
    method: GET
  response:
    body: '{"created_at":"2023-10-18T07:30:52.213180Z","description":"","editable":true,"id":"f92cd035-8556-427b-9867-23820c41fb94","name":"tf_tests_iam_group_app4","nb_api_keys":0,"organization_id":"105bdce1-64c0-48ab-899d-868455867ecf","updated_at":"2023-10-18T07:30:52.213180Z"}'
    headers:
      Content-Length:
      - "277"
      Content-Security-Policy:
      - default-src 'none'; frame-ancestors 'none'
      Content-Type:
      - application/json
      Date:
      - Wed, 18 Oct 2023 07:30:55 GMT
      Server:
      - Scaleway API-Gateway
      Strict-Transport-Security:
      - max-age=63072000
      X-Content-Type-Options:
      - nosniff
      X-Frame-Options:
      - DENY
      X-Request-Id:
      - a37c4083-5450-495a-8d40-fc35ef0c43a7
    status: 200 OK
    code: 200
    duration: ""
- request:
    body: ""
    form: {}
    headers:
      User-Agent:
      - scaleway-sdk-go/v1.0.0-beta.7+dev (go1.21.1; linux; amd64) terraform-provider/develop
        terraform/terraform-tests
    url: https://api.scaleway.com/iam/v1alpha1/users/b6360d4f-831c-45a8-889e-0b65ed079e63
    method: GET
  response:
    body: '{"account_root_user_id":"caeed50e-d7fe-4d74-b7f0-956d94e85d4b","created_at":"2022-12-01T12:53:29.981622Z","deletable":true,"email":"jcasteran@scaleway.com","id":"b6360d4f-831c-45a8-889e-0b65ed079e63","last_login_at":"2023-10-17T11:20:34.355235Z","mfa":false,"organization_id":"105bdce1-64c0-48ab-899d-868455867ecf","status":"activated","two_factor_enabled":false,"type":"guest","updated_at":"2023-10-17T11:20:34.340225Z"}'
    headers:
      Content-Length:
      - "432"
      Content-Security-Policy:
      - default-src 'none'; frame-ancestors 'none'
      Content-Type:
      - application/json
      Date:
      - Wed, 18 Oct 2023 07:30:55 GMT
      Server:
      - Scaleway API-Gateway
      Strict-Transport-Security:
      - max-age=63072000
      X-Content-Type-Options:
      - nosniff
      X-Frame-Options:
      - DENY
      X-Request-Id:
      - c62afdfd-7ac5-46d1-b90c-d1db2147a755
    status: 200 OK
    code: 200
    duration: ""
- request:
    body: ""
    form: {}
    headers:
      User-Agent:
      - scaleway-sdk-go/v1.0.0-beta.7+dev (go1.21.1; linux; amd64) terraform-provider/develop
        terraform/terraform-tests
    url: https://api.scaleway.com/iam/v1alpha1/users/ef29ce05-3f2b-4fa0-a259-d76110850d57
    method: GET
  response:
    body: '{"account_root_user_id":"afa9fc32-9d43-417d-9ca0-a4ed6edf27a1","created_at":"2022-03-29T11:44:54.791271Z","deletable":false,"email":"hashicorp@scaleway.com","id":"ef29ce05-3f2b-4fa0-a259-d76110850d57","last_login_at":"2023-10-16T07:59:59.343168Z","mfa":true,"organization_id":"105bdce1-64c0-48ab-899d-868455867ecf","status":"activated","two_factor_enabled":true,"type":"owner","updated_at":"2023-10-16T07:59:59.329114Z"}'
    headers:
      Content-Length:
      - "431"
      Content-Security-Policy:
      - default-src 'none'; frame-ancestors 'none'
      Content-Type:
      - application/json
      Date:
      - Wed, 18 Oct 2023 07:30:55 GMT
      Server:
      - Scaleway API-Gateway
      Strict-Transport-Security:
      - max-age=63072000
      X-Content-Type-Options:
      - nosniff
      X-Frame-Options:
      - DENY
      X-Request-Id:
      - a0fc25dc-9166-4e33-8807-af040d56295b
    status: 200 OK
    code: 200
    duration: ""
- request:
    body: ""
    form: {}
    headers:
      User-Agent:
      - scaleway-sdk-go/v1.0.0-beta.7+dev (go1.21.1; linux; amd64) terraform-provider/develop
        terraform/terraform-tests
    url: https://api.scaleway.com/iam/v1alpha1/groups/db10abb3-572e-44cc-9223-4c484ade16a3
    method: GET
  response:
    body: '{"application_ids":["f92cd035-8556-427b-9867-23820c41fb94"],"created_at":"2023-10-18T07:30:50.032626Z","description":"","id":"db10abb3-572e-44cc-9223-4c484ade16a3","name":"tf_tests_iam_group_user_app","organization_id":"105bdce1-64c0-48ab-899d-868455867ecf","updated_at":"2023-10-18T07:30:50.032626Z","user_ids":["ef29ce05-3f2b-4fa0-a259-d76110850d57","b6360d4f-831c-45a8-889e-0b65ed079e63"]}'
    headers:
      Content-Length:
      - "400"
      Content-Security-Policy:
      - default-src 'none'; frame-ancestors 'none'
      Content-Type:
      - application/json
      Date:
      - Wed, 18 Oct 2023 07:30:55 GMT
      Server:
      - Scaleway API-Gateway
      Strict-Transport-Security:
      - max-age=63072000
      X-Content-Type-Options:
      - nosniff
      X-Frame-Options:
      - DENY
      X-Request-Id:
      - 9d3901cf-b37c-41d2-9288-9ea0d08bf422
    status: 200 OK
    code: 200
    duration: ""
- request:
    body: ""
    form: {}
    headers:
      User-Agent:
      - scaleway-sdk-go/v1.0.0-beta.7+dev (go1.21.1; linux; amd64) terraform-provider/develop
        terraform/terraform-tests
    url: https://api.scaleway.com/iam/v1alpha1/users/b6360d4f-831c-45a8-889e-0b65ed079e63
    method: GET
  response:
    body: '{"account_root_user_id":"caeed50e-d7fe-4d74-b7f0-956d94e85d4b","created_at":"2022-12-01T12:53:29.981622Z","deletable":true,"email":"jcasteran@scaleway.com","id":"b6360d4f-831c-45a8-889e-0b65ed079e63","last_login_at":"2023-10-17T11:20:34.355235Z","mfa":false,"organization_id":"105bdce1-64c0-48ab-899d-868455867ecf","status":"activated","two_factor_enabled":false,"type":"guest","updated_at":"2023-10-17T11:20:34.340225Z"}'
    headers:
      Content-Length:
      - "432"
      Content-Security-Policy:
      - default-src 'none'; frame-ancestors 'none'
      Content-Type:
      - application/json
      Date:
      - Wed, 18 Oct 2023 07:30:55 GMT
      Server:
      - Scaleway API-Gateway
      Strict-Transport-Security:
      - max-age=63072000
      X-Content-Type-Options:
      - nosniff
      X-Frame-Options:
      - DENY
      X-Request-Id:
      - 619ea55b-5ff3-4f6d-9c4e-09920d98866e
    status: 200 OK
    code: 200
    duration: ""
- request:
    body: ""
    form: {}
    headers:
      User-Agent:
      - scaleway-sdk-go/v1.0.0-beta.7+dev (go1.21.1; linux; amd64) terraform-provider/develop
        terraform/terraform-tests
    url: https://api.scaleway.com/iam/v1alpha1/users/84d20ae1-9650-419a-ab74-7ab09b6262e0
    method: GET
  response:
    body: '{"account_root_user_id":"e455b334-f426-4b1e-ab2f-913c31aa199c","created_at":"2023-01-23T15:16:01.748877Z","deletable":true,"email":"developer-tools-team@scaleway.com","id":"84d20ae1-9650-419a-ab74-7ab09b6262e0","last_login_at":null,"mfa":true,"organization_id":"105bdce1-64c0-48ab-899d-868455867ecf","status":"activated","two_factor_enabled":true,"type":"guest","updated_at":"2023-01-23T15:18:52.043249Z"}'
    headers:
      Content-Length:
      - "416"
      Content-Security-Policy:
      - default-src 'none'; frame-ancestors 'none'
      Content-Type:
      - application/json
      Date:
      - Wed, 18 Oct 2023 07:30:55 GMT
      Server:
      - Scaleway API-Gateway
      Strict-Transport-Security:
      - max-age=63072000
      X-Content-Type-Options:
      - nosniff
      X-Frame-Options:
      - DENY
      X-Request-Id:
      - 77fde7a3-a163-4e39-be6c-3a370f364f02
    status: 200 OK
    code: 200
    duration: ""
- request:
    body: ""
    form: {}
    headers:
      User-Agent:
      - scaleway-sdk-go/v1.0.0-beta.7+dev (go1.21.1; linux; amd64) terraform-provider/develop
        terraform/terraform-tests
    url: https://api.scaleway.com/iam/v1alpha1/users/ef29ce05-3f2b-4fa0-a259-d76110850d57
    method: GET
  response:
    body: '{"account_root_user_id":"afa9fc32-9d43-417d-9ca0-a4ed6edf27a1","created_at":"2022-03-29T11:44:54.791271Z","deletable":false,"email":"hashicorp@scaleway.com","id":"ef29ce05-3f2b-4fa0-a259-d76110850d57","last_login_at":"2023-10-16T07:59:59.343168Z","mfa":true,"organization_id":"105bdce1-64c0-48ab-899d-868455867ecf","status":"activated","two_factor_enabled":true,"type":"owner","updated_at":"2023-10-16T07:59:59.329114Z"}'
    headers:
      Content-Length:
      - "431"
      Content-Security-Policy:
      - default-src 'none'; frame-ancestors 'none'
      Content-Type:
      - application/json
      Date:
      - Wed, 18 Oct 2023 07:30:55 GMT
      Server:
      - Scaleway API-Gateway
      Strict-Transport-Security:
      - max-age=63072000
      X-Content-Type-Options:
      - nosniff
      X-Frame-Options:
      - DENY
      X-Request-Id:
      - a26009eb-a7f5-4eac-a81b-c99a581bf779
    status: 200 OK
    code: 200
    duration: ""
- request:
    body: ""
    form: {}
    headers:
      User-Agent:
      - scaleway-sdk-go/v1.0.0-beta.7+dev (go1.21.1; linux; amd64) terraform-provider/develop
        terraform/terraform-tests
    url: https://api.scaleway.com/iam/v1alpha1/groups/db10abb3-572e-44cc-9223-4c484ade16a3
    method: GET
  response:
    body: '{"application_ids":["f92cd035-8556-427b-9867-23820c41fb94"],"created_at":"2023-10-18T07:30:50.032626Z","description":"","id":"db10abb3-572e-44cc-9223-4c484ade16a3","name":"tf_tests_iam_group_user_app","organization_id":"105bdce1-64c0-48ab-899d-868455867ecf","updated_at":"2023-10-18T07:30:50.032626Z","user_ids":["ef29ce05-3f2b-4fa0-a259-d76110850d57","b6360d4f-831c-45a8-889e-0b65ed079e63"]}'
    headers:
      Content-Length:
      - "400"
      Content-Security-Policy:
      - default-src 'none'; frame-ancestors 'none'
      Content-Type:
      - application/json
      Date:
      - Wed, 18 Oct 2023 07:30:56 GMT
      Server:
      - Scaleway API-Gateway
      Strict-Transport-Security:
      - max-age=63072000
      X-Content-Type-Options:
      - nosniff
      X-Frame-Options:
      - DENY
      X-Request-Id:
      - 02e32164-7e11-4759-acf2-c519be47aa02
    status: 200 OK
    code: 200
    duration: ""
- request:
    body: '{"user_ids":["b6360d4f-831c-45a8-889e-0b65ed079e63","ef29ce05-3f2b-4fa0-a259-d76110850d57","84d20ae1-9650-419a-ab74-7ab09b6262e0"],"application_ids":null}'
    form: {}
    headers:
      Content-Type:
      - application/json
      User-Agent:
      - scaleway-sdk-go/v1.0.0-beta.7+dev (go1.21.1; linux; amd64) terraform-provider/develop
        terraform/terraform-tests
    url: https://api.scaleway.com/iam/v1alpha1/groups/db10abb3-572e-44cc-9223-4c484ade16a3/members
    method: PUT
  response:
    body: '{"application_ids":[],"created_at":"2023-10-18T07:30:50.032626Z","description":"","id":"db10abb3-572e-44cc-9223-4c484ade16a3","name":"tf_tests_iam_group_user_app","organization_id":"105bdce1-64c0-48ab-899d-868455867ecf","updated_at":"2023-10-18T07:30:50.032626Z","user_ids":["b6360d4f-831c-45a8-889e-0b65ed079e63","ef29ce05-3f2b-4fa0-a259-d76110850d57","84d20ae1-9650-419a-ab74-7ab09b6262e0"]}'
    headers:
      Content-Length:
      - "402"
      Content-Security-Policy:
      - default-src 'none'; frame-ancestors 'none'
      Content-Type:
      - application/json
      Date:
      - Wed, 18 Oct 2023 07:30:56 GMT
      Server:
      - Scaleway API-Gateway
      Strict-Transport-Security:
      - max-age=63072000
      X-Content-Type-Options:
      - nosniff
      X-Frame-Options:
      - DENY
      X-Request-Id:
      - 9bddb016-d27c-49c0-b1b3-0313351038a8
    status: 200 OK
    code: 200
    duration: ""
- request:
    body: ""
    form: {}
    headers:
      User-Agent:
      - scaleway-sdk-go/v1.0.0-beta.7+dev (go1.21.1; linux; amd64) terraform-provider/develop
        terraform/terraform-tests
    url: https://api.scaleway.com/iam/v1alpha1/groups/db10abb3-572e-44cc-9223-4c484ade16a3
    method: GET
  response:
    body: '{"application_ids":[],"created_at":"2023-10-18T07:30:50.032626Z","description":"","id":"db10abb3-572e-44cc-9223-4c484ade16a3","name":"tf_tests_iam_group_user_app","organization_id":"105bdce1-64c0-48ab-899d-868455867ecf","updated_at":"2023-10-18T07:30:50.032626Z","user_ids":["84d20ae1-9650-419a-ab74-7ab09b6262e0","ef29ce05-3f2b-4fa0-a259-d76110850d57","b6360d4f-831c-45a8-889e-0b65ed079e63"]}'
    headers:
      Content-Length:
      - "402"
      Content-Security-Policy:
      - default-src 'none'; frame-ancestors 'none'
      Content-Type:
      - application/json
      Date:
      - Wed, 18 Oct 2023 07:30:56 GMT
      Server:
      - Scaleway API-Gateway
      Strict-Transport-Security:
      - max-age=63072000
      X-Content-Type-Options:
      - nosniff
      X-Frame-Options:
      - DENY
      X-Request-Id:
      - 73fed932-08b6-4030-b0ad-4ba5c36f71f0
    status: 200 OK
    code: 200
    duration: ""
- request:
    body: ""
    form: {}
    headers:
      User-Agent:
      - scaleway-sdk-go/v1.0.0-beta.7+dev (go1.21.1; linux; amd64) terraform-provider/develop
        terraform/terraform-tests
    url: https://api.scaleway.com/iam/v1alpha1/groups/db10abb3-572e-44cc-9223-4c484ade16a3
    method: GET
  response:
    body: '{"application_ids":[],"created_at":"2023-10-18T07:30:50.032626Z","description":"","id":"db10abb3-572e-44cc-9223-4c484ade16a3","name":"tf_tests_iam_group_user_app","organization_id":"105bdce1-64c0-48ab-899d-868455867ecf","updated_at":"2023-10-18T07:30:50.032626Z","user_ids":["84d20ae1-9650-419a-ab74-7ab09b6262e0","ef29ce05-3f2b-4fa0-a259-d76110850d57","b6360d4f-831c-45a8-889e-0b65ed079e63"]}'
    headers:
      Content-Length:
      - "402"
      Content-Security-Policy:
      - default-src 'none'; frame-ancestors 'none'
      Content-Type:
      - application/json
      Date:
      - Wed, 18 Oct 2023 07:30:56 GMT
      Server:
      - Scaleway API-Gateway
      Strict-Transport-Security:
      - max-age=63072000
      X-Content-Type-Options:
      - nosniff
      X-Frame-Options:
      - DENY
      X-Request-Id:
      - 1d0f879f-a324-4db9-929b-31fa118729a4
    status: 200 OK
    code: 200
    duration: ""
- request:
    body: ""
    form: {}
    headers:
      User-Agent:
      - scaleway-sdk-go/v1.0.0-beta.7+dev (go1.21.1; linux; amd64) terraform-provider/develop
        terraform/terraform-tests
    url: https://api.scaleway.com/iam/v1alpha1/users/ef29ce05-3f2b-4fa0-a259-d76110850d57
    method: GET
  response:
    body: '{"account_root_user_id":"afa9fc32-9d43-417d-9ca0-a4ed6edf27a1","created_at":"2022-03-29T11:44:54.791271Z","deletable":false,"email":"hashicorp@scaleway.com","id":"ef29ce05-3f2b-4fa0-a259-d76110850d57","last_login_at":"2023-10-16T07:59:59.343168Z","mfa":true,"organization_id":"105bdce1-64c0-48ab-899d-868455867ecf","status":"activated","two_factor_enabled":true,"type":"owner","updated_at":"2023-10-16T07:59:59.329114Z"}'
    headers:
      Content-Length:
      - "431"
      Content-Security-Policy:
      - default-src 'none'; frame-ancestors 'none'
      Content-Type:
      - application/json
      Date:
      - Wed, 18 Oct 2023 07:30:56 GMT
      Server:
      - Scaleway API-Gateway
      Strict-Transport-Security:
      - max-age=63072000
      X-Content-Type-Options:
      - nosniff
      X-Frame-Options:
      - DENY
      X-Request-Id:
      - b6b5c58a-44aa-4a97-81a6-afbca8a55e59
    status: 200 OK
    code: 200
    duration: ""
- request:
    body: ""
    form: {}
    headers:
      User-Agent:
      - scaleway-sdk-go/v1.0.0-beta.7+dev (go1.21.1; linux; amd64) terraform-provider/develop
        terraform/terraform-tests
    url: https://api.scaleway.com/iam/v1alpha1/users/84d20ae1-9650-419a-ab74-7ab09b6262e0
    method: GET
  response:
    body: '{"account_root_user_id":"e455b334-f426-4b1e-ab2f-913c31aa199c","created_at":"2023-01-23T15:16:01.748877Z","deletable":true,"email":"developer-tools-team@scaleway.com","id":"84d20ae1-9650-419a-ab74-7ab09b6262e0","last_login_at":null,"mfa":true,"organization_id":"105bdce1-64c0-48ab-899d-868455867ecf","status":"activated","two_factor_enabled":true,"type":"guest","updated_at":"2023-01-23T15:18:52.043249Z"}'
    headers:
      Content-Length:
      - "416"
      Content-Security-Policy:
      - default-src 'none'; frame-ancestors 'none'
      Content-Type:
      - application/json
      Date:
      - Wed, 18 Oct 2023 07:30:56 GMT
      Server:
      - Scaleway API-Gateway
      Strict-Transport-Security:
      - max-age=63072000
      X-Content-Type-Options:
      - nosniff
      X-Frame-Options:
      - DENY
      X-Request-Id:
      - 62379e44-654d-4aa6-9501-7c8c4de5f99a
    status: 200 OK
    code: 200
    duration: ""
- request:
    body: ""
    form: {}
    headers:
      User-Agent:
      - scaleway-sdk-go/v1.0.0-beta.7+dev (go1.21.1; linux; amd64) terraform-provider/develop
        terraform/terraform-tests
    url: https://api.scaleway.com/iam/v1alpha1/users/b6360d4f-831c-45a8-889e-0b65ed079e63
    method: GET
  response:
    body: '{"account_root_user_id":"caeed50e-d7fe-4d74-b7f0-956d94e85d4b","created_at":"2022-12-01T12:53:29.981622Z","deletable":true,"email":"jcasteran@scaleway.com","id":"b6360d4f-831c-45a8-889e-0b65ed079e63","last_login_at":"2023-10-17T11:20:34.355235Z","mfa":false,"organization_id":"105bdce1-64c0-48ab-899d-868455867ecf","status":"activated","two_factor_enabled":false,"type":"guest","updated_at":"2023-10-17T11:20:34.340225Z"}'
    headers:
      Content-Length:
      - "432"
      Content-Security-Policy:
      - default-src 'none'; frame-ancestors 'none'
      Content-Type:
      - application/json
      Date:
      - Wed, 18 Oct 2023 07:30:56 GMT
      Server:
      - Scaleway API-Gateway
      Strict-Transport-Security:
      - max-age=63072000
      X-Content-Type-Options:
      - nosniff
      X-Frame-Options:
      - DENY
      X-Request-Id:
      - e6bbe873-3117-4057-8e78-be37e24aa1cd
    status: 200 OK
    code: 200
    duration: ""
- request:
    body: ""
    form: {}
    headers:
      User-Agent:
      - scaleway-sdk-go/v1.0.0-beta.7+dev (go1.21.1; linux; amd64) terraform-provider/develop
        terraform/terraform-tests
    url: https://api.scaleway.com/iam/v1alpha1/applications/f92cd035-8556-427b-9867-23820c41fb94
    method: GET
  response:
    body: '{"created_at":"2023-10-18T07:30:52.213180Z","description":"","editable":true,"id":"f92cd035-8556-427b-9867-23820c41fb94","name":"tf_tests_iam_group_app4","nb_api_keys":0,"organization_id":"105bdce1-64c0-48ab-899d-868455867ecf","updated_at":"2023-10-18T07:30:52.213180Z"}'
    headers:
      Content-Length:
      - "277"
      Content-Security-Policy:
      - default-src 'none'; frame-ancestors 'none'
      Content-Type:
      - application/json
      Date:
      - Wed, 18 Oct 2023 07:30:56 GMT
      Server:
      - Scaleway API-Gateway
      Strict-Transport-Security:
      - max-age=63072000
      X-Content-Type-Options:
      - nosniff
      X-Frame-Options:
      - DENY
      X-Request-Id:
      - 45f4b939-2f96-4847-9e04-ef51ee788dee
    status: 200 OK
    code: 200
    duration: ""
- request:
    body: ""
    form: {}
    headers:
      User-Agent:
      - scaleway-sdk-go/v1.0.0-beta.7+dev (go1.21.1; linux; amd64) terraform-provider/develop
        terraform/terraform-tests
    url: https://api.scaleway.com/iam/v1alpha1/users/84d20ae1-9650-419a-ab74-7ab09b6262e0
    method: GET
  response:
    body: '{"account_root_user_id":"e455b334-f426-4b1e-ab2f-913c31aa199c","created_at":"2023-01-23T15:16:01.748877Z","deletable":true,"email":"developer-tools-team@scaleway.com","id":"84d20ae1-9650-419a-ab74-7ab09b6262e0","last_login_at":null,"mfa":true,"organization_id":"105bdce1-64c0-48ab-899d-868455867ecf","status":"activated","two_factor_enabled":true,"type":"guest","updated_at":"2023-01-23T15:18:52.043249Z"}'
    headers:
      Content-Length:
      - "416"
      Content-Security-Policy:
      - default-src 'none'; frame-ancestors 'none'
      Content-Type:
      - application/json
      Date:
      - Wed, 18 Oct 2023 07:30:56 GMT
      Server:
      - Scaleway API-Gateway
      Strict-Transport-Security:
      - max-age=63072000
      X-Content-Type-Options:
      - nosniff
      X-Frame-Options:
      - DENY
      X-Request-Id:
      - 7c1226cb-e2d8-40d6-9803-db700e9a3fe2
    status: 200 OK
    code: 200
    duration: ""
- request:
    body: ""
    form: {}
    headers:
      User-Agent:
      - scaleway-sdk-go/v1.0.0-beta.7+dev (go1.21.1; linux; amd64) terraform-provider/develop
        terraform/terraform-tests
    url: https://api.scaleway.com/iam/v1alpha1/users/b6360d4f-831c-45a8-889e-0b65ed079e63
    method: GET
  response:
    body: '{"account_root_user_id":"caeed50e-d7fe-4d74-b7f0-956d94e85d4b","created_at":"2022-12-01T12:53:29.981622Z","deletable":true,"email":"jcasteran@scaleway.com","id":"b6360d4f-831c-45a8-889e-0b65ed079e63","last_login_at":"2023-10-17T11:20:34.355235Z","mfa":false,"organization_id":"105bdce1-64c0-48ab-899d-868455867ecf","status":"activated","two_factor_enabled":false,"type":"guest","updated_at":"2023-10-17T11:20:34.340225Z"}'
    headers:
      Content-Length:
      - "432"
      Content-Security-Policy:
      - default-src 'none'; frame-ancestors 'none'
      Content-Type:
      - application/json
      Date:
      - Wed, 18 Oct 2023 07:30:56 GMT
      Server:
      - Scaleway API-Gateway
      Strict-Transport-Security:
      - max-age=63072000
      X-Content-Type-Options:
      - nosniff
      X-Frame-Options:
      - DENY
      X-Request-Id:
      - e2d6795b-9abe-4de3-ad2b-1225e1915235
    status: 200 OK
    code: 200
    duration: ""
- request:
    body: ""
    form: {}
    headers:
      User-Agent:
      - scaleway-sdk-go/v1.0.0-beta.7+dev (go1.21.1; linux; amd64) terraform-provider/develop
        terraform/terraform-tests
    url: https://api.scaleway.com/iam/v1alpha1/users/ef29ce05-3f2b-4fa0-a259-d76110850d57
    method: GET
  response:
    body: '{"account_root_user_id":"afa9fc32-9d43-417d-9ca0-a4ed6edf27a1","created_at":"2022-03-29T11:44:54.791271Z","deletable":false,"email":"hashicorp@scaleway.com","id":"ef29ce05-3f2b-4fa0-a259-d76110850d57","last_login_at":"2023-10-16T07:59:59.343168Z","mfa":true,"organization_id":"105bdce1-64c0-48ab-899d-868455867ecf","status":"activated","two_factor_enabled":true,"type":"owner","updated_at":"2023-10-16T07:59:59.329114Z"}'
    headers:
      Content-Length:
      - "431"
      Content-Security-Policy:
      - default-src 'none'; frame-ancestors 'none'
      Content-Type:
      - application/json
      Date:
      - Wed, 18 Oct 2023 07:30:56 GMT
      Server:
      - Scaleway API-Gateway
      Strict-Transport-Security:
      - max-age=63072000
      X-Content-Type-Options:
      - nosniff
      X-Frame-Options:
      - DENY
      X-Request-Id:
      - e530a4d0-2d45-402f-85b7-d62c26344276
    status: 200 OK
    code: 200
    duration: ""
- request:
    body: ""
    form: {}
    headers:
      User-Agent:
      - scaleway-sdk-go/v1.0.0-beta.7+dev (go1.21.1; linux; amd64) terraform-provider/develop
        terraform/terraform-tests
    url: https://api.scaleway.com/iam/v1alpha1/applications/a71d88d5-4d29-42e9-b4d7-6cf75bfbef30
    method: GET
  response:
    body: '{"created_at":"2023-10-18T07:30:49.871840Z","description":"","editable":true,"id":"a71d88d5-4d29-42e9-b4d7-6cf75bfbef30","name":"tf_tests_iam_group_app3","nb_api_keys":0,"organization_id":"105bdce1-64c0-48ab-899d-868455867ecf","updated_at":"2023-10-18T07:30:49.871840Z"}'
    headers:
      Content-Length:
      - "277"
      Content-Security-Policy:
      - default-src 'none'; frame-ancestors 'none'
      Content-Type:
      - application/json
      Date:
      - Wed, 18 Oct 2023 07:30:56 GMT
      Server:
      - Scaleway API-Gateway
      Strict-Transport-Security:
      - max-age=63072000
      X-Content-Type-Options:
      - nosniff
      X-Frame-Options:
      - DENY
      X-Request-Id:
      - 9ebfdeb6-2b1b-438a-9c53-511d58e6713e
    status: 200 OK
    code: 200
    duration: ""
- request:
    body: ""
    form: {}
    headers:
      User-Agent:
      - scaleway-sdk-go/v1.0.0-beta.7+dev (go1.21.1; linux; amd64) terraform-provider/develop
        terraform/terraform-tests
    url: https://api.scaleway.com/iam/v1alpha1/groups/db10abb3-572e-44cc-9223-4c484ade16a3
    method: GET
  response:
    body: '{"application_ids":[],"created_at":"2023-10-18T07:30:50.032626Z","description":"","id":"db10abb3-572e-44cc-9223-4c484ade16a3","name":"tf_tests_iam_group_user_app","organization_id":"105bdce1-64c0-48ab-899d-868455867ecf","updated_at":"2023-10-18T07:30:50.032626Z","user_ids":["84d20ae1-9650-419a-ab74-7ab09b6262e0","ef29ce05-3f2b-4fa0-a259-d76110850d57","b6360d4f-831c-45a8-889e-0b65ed079e63"]}'
    headers:
      Content-Length:
      - "402"
      Content-Security-Policy:
      - default-src 'none'; frame-ancestors 'none'
      Content-Type:
      - application/json
      Date:
      - Wed, 18 Oct 2023 07:30:57 GMT
      Server:
      - Scaleway API-Gateway
      Strict-Transport-Security:
      - max-age=63072000
      X-Content-Type-Options:
      - nosniff
      X-Frame-Options:
      - DENY
      X-Request-Id:
      - 9b3ee973-43e3-4629-912f-4d14ea8714a8
    status: 200 OK
    code: 200
    duration: ""
- request:
    body: ""
    form: {}
    headers:
      User-Agent:
      - scaleway-sdk-go/v1.0.0-beta.7+dev (go1.21.1; linux; amd64) terraform-provider/develop
        terraform/terraform-tests
    url: https://api.scaleway.com/iam/v1alpha1/users/b6360d4f-831c-45a8-889e-0b65ed079e63
    method: GET
  response:
    body: '{"account_root_user_id":"caeed50e-d7fe-4d74-b7f0-956d94e85d4b","created_at":"2022-12-01T12:53:29.981622Z","deletable":true,"email":"jcasteran@scaleway.com","id":"b6360d4f-831c-45a8-889e-0b65ed079e63","last_login_at":"2023-10-17T11:20:34.355235Z","mfa":false,"organization_id":"105bdce1-64c0-48ab-899d-868455867ecf","status":"activated","two_factor_enabled":false,"type":"guest","updated_at":"2023-10-17T11:20:34.340225Z"}'
    headers:
      Content-Length:
      - "432"
      Content-Security-Policy:
      - default-src 'none'; frame-ancestors 'none'
      Content-Type:
      - application/json
      Date:
      - Wed, 18 Oct 2023 07:30:57 GMT
      Server:
      - Scaleway API-Gateway
      Strict-Transport-Security:
      - max-age=63072000
      X-Content-Type-Options:
      - nosniff
      X-Frame-Options:
      - DENY
      X-Request-Id:
      - 16bda948-6f1e-4ee5-90e7-593da901fd25
    status: 200 OK
    code: 200
    duration: ""
- request:
    body: ""
    form: {}
    headers:
      User-Agent:
      - scaleway-sdk-go/v1.0.0-beta.7+dev (go1.21.1; linux; amd64) terraform-provider/develop
        terraform/terraform-tests
    url: https://api.scaleway.com/iam/v1alpha1/users/84d20ae1-9650-419a-ab74-7ab09b6262e0
    method: GET
  response:
    body: '{"account_root_user_id":"e455b334-f426-4b1e-ab2f-913c31aa199c","created_at":"2023-01-23T15:16:01.748877Z","deletable":true,"email":"developer-tools-team@scaleway.com","id":"84d20ae1-9650-419a-ab74-7ab09b6262e0","last_login_at":null,"mfa":true,"organization_id":"105bdce1-64c0-48ab-899d-868455867ecf","status":"activated","two_factor_enabled":true,"type":"guest","updated_at":"2023-01-23T15:18:52.043249Z"}'
    headers:
      Content-Length:
      - "416"
      Content-Security-Policy:
      - default-src 'none'; frame-ancestors 'none'
      Content-Type:
      - application/json
      Date:
      - Wed, 18 Oct 2023 07:30:57 GMT
      Server:
      - Scaleway API-Gateway
      Strict-Transport-Security:
      - max-age=63072000
      X-Content-Type-Options:
      - nosniff
      X-Frame-Options:
      - DENY
      X-Request-Id:
      - 7ca2374b-c4ec-4972-bf2d-84e94efb842d
    status: 200 OK
    code: 200
    duration: ""
- request:
    body: ""
    form: {}
    headers:
      User-Agent:
      - scaleway-sdk-go/v1.0.0-beta.7+dev (go1.21.1; linux; amd64) terraform-provider/develop
        terraform/terraform-tests
    url: https://api.scaleway.com/iam/v1alpha1/users/ef29ce05-3f2b-4fa0-a259-d76110850d57
    method: GET
  response:
    body: '{"account_root_user_id":"afa9fc32-9d43-417d-9ca0-a4ed6edf27a1","created_at":"2022-03-29T11:44:54.791271Z","deletable":false,"email":"hashicorp@scaleway.com","id":"ef29ce05-3f2b-4fa0-a259-d76110850d57","last_login_at":"2023-10-16T07:59:59.343168Z","mfa":true,"organization_id":"105bdce1-64c0-48ab-899d-868455867ecf","status":"activated","two_factor_enabled":true,"type":"owner","updated_at":"2023-10-16T07:59:59.329114Z"}'
    headers:
      Content-Length:
      - "431"
      Content-Security-Policy:
      - default-src 'none'; frame-ancestors 'none'
      Content-Type:
      - application/json
      Date:
      - Wed, 18 Oct 2023 07:30:57 GMT
      Server:
      - Scaleway API-Gateway
      Strict-Transport-Security:
      - max-age=63072000
      X-Content-Type-Options:
      - nosniff
      X-Frame-Options:
      - DENY
      X-Request-Id:
      - 019f184e-01ab-4066-90c5-607f5026a334
    status: 200 OK
    code: 200
    duration: ""
- request:
    body: ""
    form: {}
    headers:
      User-Agent:
      - scaleway-sdk-go/v1.0.0-beta.7+dev (go1.21.1; linux; amd64) terraform-provider/develop
        terraform/terraform-tests
    url: https://api.scaleway.com/iam/v1alpha1/groups/db10abb3-572e-44cc-9223-4c484ade16a3
    method: GET
  response:
    body: '{"application_ids":[],"created_at":"2023-10-18T07:30:50.032626Z","description":"","id":"db10abb3-572e-44cc-9223-4c484ade16a3","name":"tf_tests_iam_group_user_app","organization_id":"105bdce1-64c0-48ab-899d-868455867ecf","updated_at":"2023-10-18T07:30:50.032626Z","user_ids":["84d20ae1-9650-419a-ab74-7ab09b6262e0","ef29ce05-3f2b-4fa0-a259-d76110850d57","b6360d4f-831c-45a8-889e-0b65ed079e63"]}'
    headers:
      Content-Length:
      - "402"
      Content-Security-Policy:
      - default-src 'none'; frame-ancestors 'none'
      Content-Type:
      - application/json
      Date:
      - Wed, 18 Oct 2023 07:30:57 GMT
      Server:
      - Scaleway API-Gateway
      Strict-Transport-Security:
      - max-age=63072000
      X-Content-Type-Options:
      - nosniff
      X-Frame-Options:
      - DENY
      X-Request-Id:
      - ee171095-f53d-45ed-abb0-a416c1aa0dca
    status: 200 OK
    code: 200
    duration: ""
- request:
    body: ""
    form: {}
    headers:
      User-Agent:
      - scaleway-sdk-go/v1.0.0-beta.7+dev (go1.21.1; linux; amd64) terraform-provider/develop
        terraform/terraform-tests
    url: https://api.scaleway.com/iam/v1alpha1/applications/f92cd035-8556-427b-9867-23820c41fb94
    method: GET
  response:
    body: '{"created_at":"2023-10-18T07:30:52.213180Z","description":"","editable":true,"id":"f92cd035-8556-427b-9867-23820c41fb94","name":"tf_tests_iam_group_app4","nb_api_keys":0,"organization_id":"105bdce1-64c0-48ab-899d-868455867ecf","updated_at":"2023-10-18T07:30:52.213180Z"}'
    headers:
      Content-Length:
      - "277"
      Content-Security-Policy:
      - default-src 'none'; frame-ancestors 'none'
      Content-Type:
      - application/json
      Date:
      - Wed, 18 Oct 2023 07:30:57 GMT
      Server:
      - Scaleway API-Gateway
      Strict-Transport-Security:
      - max-age=63072000
      X-Content-Type-Options:
      - nosniff
      X-Frame-Options:
      - DENY
      X-Request-Id:
      - b9a2252a-acb2-4f74-a802-249ffea6bc4a
    status: 200 OK
    code: 200
    duration: ""
- request:
    body: ""
    form: {}
    headers:
      User-Agent:
      - scaleway-sdk-go/v1.0.0-beta.7+dev (go1.21.1; linux; amd64) terraform-provider/develop
        terraform/terraform-tests
    url: https://api.scaleway.com/iam/v1alpha1/applications/a71d88d5-4d29-42e9-b4d7-6cf75bfbef30
    method: GET
  response:
    body: '{"created_at":"2023-10-18T07:30:49.871840Z","description":"","editable":true,"id":"a71d88d5-4d29-42e9-b4d7-6cf75bfbef30","name":"tf_tests_iam_group_app3","nb_api_keys":0,"organization_id":"105bdce1-64c0-48ab-899d-868455867ecf","updated_at":"2023-10-18T07:30:49.871840Z"}'
    headers:
      Content-Length:
      - "277"
      Content-Security-Policy:
      - default-src 'none'; frame-ancestors 'none'
      Content-Type:
      - application/json
      Date:
      - Wed, 18 Oct 2023 07:30:57 GMT
      Server:
      - Scaleway API-Gateway
      Strict-Transport-Security:
      - max-age=63072000
      X-Content-Type-Options:
      - nosniff
      X-Frame-Options:
      - DENY
      X-Request-Id:
      - 650a6ebb-91d8-4e2b-9db6-fed3ec319ac5
    status: 200 OK
    code: 200
    duration: ""
- request:
    body: ""
    form: {}
    headers:
      User-Agent:
      - scaleway-sdk-go/v1.0.0-beta.7+dev (go1.21.1; linux; amd64) terraform-provider/develop
        terraform/terraform-tests
    url: https://api.scaleway.com/iam/v1alpha1/groups/db10abb3-572e-44cc-9223-4c484ade16a3
    method: GET
  response:
    body: '{"application_ids":[],"created_at":"2023-10-18T07:30:50.032626Z","description":"","id":"db10abb3-572e-44cc-9223-4c484ade16a3","name":"tf_tests_iam_group_user_app","organization_id":"105bdce1-64c0-48ab-899d-868455867ecf","updated_at":"2023-10-18T07:30:50.032626Z","user_ids":["84d20ae1-9650-419a-ab74-7ab09b6262e0","ef29ce05-3f2b-4fa0-a259-d76110850d57","b6360d4f-831c-45a8-889e-0b65ed079e63"]}'
    headers:
      Content-Length:
      - "402"
      Content-Security-Policy:
      - default-src 'none'; frame-ancestors 'none'
      Content-Type:
      - application/json
      Date:
      - Wed, 18 Oct 2023 07:30:58 GMT
      Server:
      - Scaleway API-Gateway
      Strict-Transport-Security:
      - max-age=63072000
      X-Content-Type-Options:
      - nosniff
      X-Frame-Options:
      - DENY
      X-Request-Id:
      - 7419f807-65b0-4428-84b5-4334abbe8c01
    status: 200 OK
    code: 200
    duration: ""
- request:
    body: '{"user_id":"84d20ae1-9650-419a-ab74-7ab09b6262e0"}'
    form: {}
    headers:
      Content-Type:
      - application/json
      User-Agent:
      - scaleway-sdk-go/v1.0.0-beta.7+dev (go1.21.1; linux; amd64) terraform-provider/develop
        terraform/terraform-tests
    url: https://api.scaleway.com/iam/v1alpha1/groups/db10abb3-572e-44cc-9223-4c484ade16a3/remove-member
    method: POST
  response:
    body: '{"application_ids":[],"created_at":"2023-10-18T07:30:50.032626Z","description":"","id":"db10abb3-572e-44cc-9223-4c484ade16a3","name":"tf_tests_iam_group_user_app","organization_id":"105bdce1-64c0-48ab-899d-868455867ecf","updated_at":"2023-10-18T07:30:50.032626Z","user_ids":["ef29ce05-3f2b-4fa0-a259-d76110850d57","b6360d4f-831c-45a8-889e-0b65ed079e63"]}'
    headers:
      Content-Length:
      - "362"
      Content-Security-Policy:
      - default-src 'none'; frame-ancestors 'none'
      Content-Type:
      - application/json
      Date:
      - Wed, 18 Oct 2023 07:30:58 GMT
      Server:
      - Scaleway API-Gateway
      Strict-Transport-Security:
      - max-age=63072000
      X-Content-Type-Options:
      - nosniff
      X-Frame-Options:
      - DENY
      X-Request-Id:
      - f566398f-a47f-4959-8b13-47f9537ab9d3
    status: 200 OK
    code: 200
    duration: ""
- request:
    body: '{"user_id":"ef29ce05-3f2b-4fa0-a259-d76110850d57"}'
    form: {}
    headers:
      Content-Type:
      - application/json
      User-Agent:
      - scaleway-sdk-go/v1.0.0-beta.7+dev (go1.21.1; linux; amd64) terraform-provider/develop
        terraform/terraform-tests
    url: https://api.scaleway.com/iam/v1alpha1/groups/db10abb3-572e-44cc-9223-4c484ade16a3/remove-member
    method: POST
  response:
    body: '{"application_ids":[],"created_at":"2023-10-18T07:30:50.032626Z","description":"","id":"db10abb3-572e-44cc-9223-4c484ade16a3","name":"tf_tests_iam_group_user_app","organization_id":"105bdce1-64c0-48ab-899d-868455867ecf","updated_at":"2023-10-18T07:30:50.032626Z","user_ids":["b6360d4f-831c-45a8-889e-0b65ed079e63"]}'
    headers:
      Content-Length:
      - "322"
      Content-Security-Policy:
      - default-src 'none'; frame-ancestors 'none'
      Content-Type:
      - application/json
      Date:
      - Wed, 18 Oct 2023 07:30:58 GMT
      Server:
      - Scaleway API-Gateway
      Strict-Transport-Security:
      - max-age=63072000
      X-Content-Type-Options:
      - nosniff
      X-Frame-Options:
      - DENY
      X-Request-Id:
      - 6adf038b-9d1d-47fe-b44c-2af4ec708df2
    status: 200 OK
    code: 200
    duration: ""
- request:
    body: '{"user_id":"b6360d4f-831c-45a8-889e-0b65ed079e63"}'
    form: {}
    headers:
      Content-Type:
      - application/json
      User-Agent:
      - scaleway-sdk-go/v1.0.0-beta.7+dev (go1.21.1; linux; amd64) terraform-provider/develop
        terraform/terraform-tests
    url: https://api.scaleway.com/iam/v1alpha1/groups/db10abb3-572e-44cc-9223-4c484ade16a3/remove-member
    method: POST
  response:
    body: '{"application_ids":[],"created_at":"2023-10-18T07:30:50.032626Z","description":"","id":"db10abb3-572e-44cc-9223-4c484ade16a3","name":"tf_tests_iam_group_user_app","organization_id":"105bdce1-64c0-48ab-899d-868455867ecf","updated_at":"2023-10-18T07:30:50.032626Z","user_ids":[]}'
    headers:
      Content-Length:
      - "284"
      Content-Security-Policy:
      - default-src 'none'; frame-ancestors 'none'
      Content-Type:
      - application/json
      Date:
      - Wed, 18 Oct 2023 07:30:59 GMT
      Server:
      - Scaleway API-Gateway
      Strict-Transport-Security:
      - max-age=63072000
      X-Content-Type-Options:
      - nosniff
      X-Frame-Options:
      - DENY
      X-Request-Id:
      - bb2b5ad6-7431-4c82-9176-8b279b433919
    status: 200 OK
    code: 200
    duration: ""
- request:
    body: ""
    form: {}
    headers:
      User-Agent:
      - scaleway-sdk-go/v1.0.0-beta.7+dev (go1.21.1; linux; amd64) terraform-provider/develop
        terraform/terraform-tests
    url: https://api.scaleway.com/iam/v1alpha1/groups/db10abb3-572e-44cc-9223-4c484ade16a3
    method: GET
  response:
    body: '{"application_ids":[],"created_at":"2023-10-18T07:30:50.032626Z","description":"","id":"db10abb3-572e-44cc-9223-4c484ade16a3","name":"tf_tests_iam_group_user_app","organization_id":"105bdce1-64c0-48ab-899d-868455867ecf","updated_at":"2023-10-18T07:30:50.032626Z","user_ids":[]}'
    headers:
      Content-Length:
      - "284"
      Content-Security-Policy:
      - default-src 'none'; frame-ancestors 'none'
      Content-Type:
      - application/json
      Date:
      - Wed, 18 Oct 2023 07:30:59 GMT
      Server:
      - Scaleway API-Gateway
      Strict-Transport-Security:
      - max-age=63072000
      X-Content-Type-Options:
      - nosniff
      X-Frame-Options:
      - DENY
      X-Request-Id:
      - f58bf025-6a05-4160-b922-a40d854b32c5
    status: 200 OK
    code: 200
    duration: ""
- request:
    body: ""
    form: {}
    headers:
      User-Agent:
      - scaleway-sdk-go/v1.0.0-beta.7+dev (go1.21.1; linux; amd64) terraform-provider/develop
        terraform/terraform-tests
    url: https://api.scaleway.com/iam/v1alpha1/groups/db10abb3-572e-44cc-9223-4c484ade16a3
    method: GET
  response:
    body: '{"application_ids":[],"created_at":"2023-10-18T07:30:50.032626Z","description":"","id":"db10abb3-572e-44cc-9223-4c484ade16a3","name":"tf_tests_iam_group_user_app","organization_id":"105bdce1-64c0-48ab-899d-868455867ecf","updated_at":"2023-10-18T07:30:50.032626Z","user_ids":[]}'
    headers:
      Content-Length:
      - "284"
      Content-Security-Policy:
      - default-src 'none'; frame-ancestors 'none'
      Content-Type:
      - application/json
      Date:
      - Wed, 18 Oct 2023 07:30:59 GMT
      Server:
      - Scaleway API-Gateway
      Strict-Transport-Security:
      - max-age=63072000
      X-Content-Type-Options:
      - nosniff
      X-Frame-Options:
      - DENY
      X-Request-Id:
      - 1acf6bc6-34a0-4df1-8405-b8233a3ae1f8
    status: 200 OK
    code: 200
    duration: ""
- request:
    body: ""
    form: {}
    headers:
      User-Agent:
      - scaleway-sdk-go/v1.0.0-beta.7+dev (go1.21.1; linux; amd64) terraform-provider/develop
        terraform/terraform-tests
    url: https://api.scaleway.com/iam/v1alpha1/applications/a71d88d5-4d29-42e9-b4d7-6cf75bfbef30
    method: GET
  response:
    body: '{"created_at":"2023-10-18T07:30:49.871840Z","description":"","editable":true,"id":"a71d88d5-4d29-42e9-b4d7-6cf75bfbef30","name":"tf_tests_iam_group_app3","nb_api_keys":0,"organization_id":"105bdce1-64c0-48ab-899d-868455867ecf","updated_at":"2023-10-18T07:30:49.871840Z"}'
    headers:
      Content-Length:
      - "277"
      Content-Security-Policy:
      - default-src 'none'; frame-ancestors 'none'
      Content-Type:
      - application/json
      Date:
      - Wed, 18 Oct 2023 07:30:59 GMT
      Server:
      - Scaleway API-Gateway
      Strict-Transport-Security:
      - max-age=63072000
      X-Content-Type-Options:
      - nosniff
      X-Frame-Options:
      - DENY
      X-Request-Id:
      - 66b01bfb-f4fd-49f3-9ef6-18cc512a06e5
    status: 200 OK
    code: 200
    duration: ""
- request:
    body: ""
    form: {}
    headers:
      User-Agent:
      - scaleway-sdk-go/v1.0.0-beta.7+dev (go1.21.1; linux; amd64) terraform-provider/develop
        terraform/terraform-tests
    url: https://api.scaleway.com/iam/v1alpha1/groups/db10abb3-572e-44cc-9223-4c484ade16a3
    method: GET
  response:
    body: '{"application_ids":[],"created_at":"2023-10-18T07:30:50.032626Z","description":"","id":"db10abb3-572e-44cc-9223-4c484ade16a3","name":"tf_tests_iam_group_user_app","organization_id":"105bdce1-64c0-48ab-899d-868455867ecf","updated_at":"2023-10-18T07:30:50.032626Z","user_ids":[]}'
    headers:
      Content-Length:
      - "284"
      Content-Security-Policy:
      - default-src 'none'; frame-ancestors 'none'
      Content-Type:
      - application/json
      Date:
      - Wed, 18 Oct 2023 07:30:59 GMT
      Server:
      - Scaleway API-Gateway
      Strict-Transport-Security:
      - max-age=63072000
      X-Content-Type-Options:
      - nosniff
      X-Frame-Options:
      - DENY
      X-Request-Id:
      - f5fb1167-4220-48ca-9c2c-af183a5aba20
    status: 200 OK
    code: 200
    duration: ""
- request:
    body: ""
    form: {}
    headers:
      User-Agent:
      - scaleway-sdk-go/v1.0.0-beta.7+dev (go1.21.1; linux; amd64) terraform-provider/develop
        terraform/terraform-tests
    url: https://api.scaleway.com/iam/v1alpha1/applications/f92cd035-8556-427b-9867-23820c41fb94
    method: GET
  response:
    body: '{"created_at":"2023-10-18T07:30:52.213180Z","description":"","editable":true,"id":"f92cd035-8556-427b-9867-23820c41fb94","name":"tf_tests_iam_group_app4","nb_api_keys":0,"organization_id":"105bdce1-64c0-48ab-899d-868455867ecf","updated_at":"2023-10-18T07:30:52.213180Z"}'
    headers:
      Content-Length:
      - "277"
      Content-Security-Policy:
      - default-src 'none'; frame-ancestors 'none'
      Content-Type:
      - application/json
      Date:
      - Wed, 18 Oct 2023 07:30:59 GMT
      Server:
      - Scaleway API-Gateway
      Strict-Transport-Security:
      - max-age=63072000
      X-Content-Type-Options:
      - nosniff
      X-Frame-Options:
      - DENY
      X-Request-Id:
      - 96e09662-1bbf-4174-b75e-4de52f6918ef
    status: 200 OK
    code: 200
    duration: ""
- request:
    body: ""
    form: {}
    headers:
      User-Agent:
      - scaleway-sdk-go/v1.0.0-beta.7+dev (go1.21.1; linux; amd64) terraform-provider/develop
        terraform/terraform-tests
    url: https://api.scaleway.com/iam/v1alpha1/applications/f92cd035-8556-427b-9867-23820c41fb94
    method: DELETE
  response:
    body: ""
    headers:
      Content-Security-Policy:
      - default-src 'none'; frame-ancestors 'none'
      Content-Type:
      - application/json
      Date:
      - Wed, 18 Oct 2023 07:31:00 GMT
      Server:
      - Scaleway API-Gateway
      Strict-Transport-Security:
      - max-age=63072000
      X-Content-Type-Options:
      - nosniff
      X-Frame-Options:
      - DENY
      X-Request-Id:
      - 63e959c7-5d6c-4303-afb1-ff43ea0942b5
    status: 204 No Content
    code: 204
    duration: ""
- request:
    body: ""
    form: {}
    headers:
      User-Agent:
      - scaleway-sdk-go/v1.0.0-beta.7+dev (go1.21.1; linux; amd64) terraform-provider/develop
        terraform/terraform-tests
    url: https://api.scaleway.com/iam/v1alpha1/applications/a71d88d5-4d29-42e9-b4d7-6cf75bfbef30
    method: DELETE
  response:
    body: ""
    headers:
      Content-Security-Policy:
      - default-src 'none'; frame-ancestors 'none'
      Content-Type:
      - application/json
      Date:
      - Wed, 18 Oct 2023 07:31:00 GMT
      Server:
      - Scaleway API-Gateway
      Strict-Transport-Security:
      - max-age=63072000
      X-Content-Type-Options:
      - nosniff
      X-Frame-Options:
      - DENY
      X-Request-Id:
      - 786e1855-75d1-4761-841b-f9e9313346f7
    status: 204 No Content
    code: 204
    duration: ""
- request:
    body: ""
    form: {}
    headers:
      User-Agent:
      - scaleway-sdk-go/v1.0.0-beta.7+dev (go1.21.1; linux; amd64) terraform-provider/develop
        terraform/terraform-tests
    url: https://api.scaleway.com/iam/v1alpha1/groups/db10abb3-572e-44cc-9223-4c484ade16a3
    method: DELETE
  response:
    body: ""
    headers:
      Content-Security-Policy:
      - default-src 'none'; frame-ancestors 'none'
      Content-Type:
      - application/json
      Date:
      - Wed, 18 Oct 2023 07:31:00 GMT
      Server:
      - Scaleway API-Gateway
      Strict-Transport-Security:
      - max-age=63072000
      X-Content-Type-Options:
      - nosniff
      X-Frame-Options:
      - DENY
      X-Request-Id:
      - 841a6834-a9e1-4f3f-b5a6-1f75ec44ce84
    status: 204 No Content
    code: 204
    duration: ""
- request:
    body: ""
    form: {}
    headers:
      User-Agent:
      - scaleway-sdk-go/v1.0.0-beta.7+dev (go1.21.1; linux; amd64) terraform-provider/develop
        terraform/terraform-tests
    url: https://api.scaleway.com/iam/v1alpha1/groups/db10abb3-572e-44cc-9223-4c484ade16a3
    method: GET
  response:
    body: '{"message":"resource is not found","resource":"iam_group","resource_id":"db10abb3-572e-44cc-9223-4c484ade16a3","type":"not_found"}'
    headers:
      Content-Length:
      - "130"
      Content-Security-Policy:
      - default-src 'none'; frame-ancestors 'none'
      Content-Type:
      - application/json
      Date:
      - Wed, 18 Oct 2023 07:31:00 GMT
      Server:
      - Scaleway API-Gateway
      Strict-Transport-Security:
      - max-age=63072000
      X-Content-Type-Options:
      - nosniff
      X-Frame-Options:
      - DENY
      X-Request-Id:
      - a63fc05d-7d6c-4dc3-ad87-436f98d69a52
    status: 404 Not Found
    code: 404
    duration: ""
- request:
    body: ""
    form: {}
    headers:
      User-Agent:
      - scaleway-sdk-go/v1.0.0-beta.7+dev (go1.21.1; linux; amd64) terraform-provider/develop
        terraform/terraform-tests
    url: https://api.scaleway.com/iam/v1alpha1/applications/a71d88d5-4d29-42e9-b4d7-6cf75bfbef30
    method: GET
  response:
    body: '{"message":"resource is not found","resource":"iam_application","resource_id":"a71d88d5-4d29-42e9-b4d7-6cf75bfbef30","type":"not_found"}'
    headers:
      Content-Length:
      - "136"
      Content-Security-Policy:
      - default-src 'none'; frame-ancestors 'none'
      Content-Type:
      - application/json
      Date:
      - Wed, 18 Oct 2023 07:31:00 GMT
      Server:
      - Scaleway API-Gateway
      Strict-Transport-Security:
      - max-age=63072000
      X-Content-Type-Options:
      - nosniff
      X-Frame-Options:
      - DENY
      X-Request-Id:
      - 876deae2-272c-45a0-a690-1d7df509f2f1
    status: 404 Not Found
    code: 404
    duration: ""
- request:
    body: ""
    form: {}
    headers:
      User-Agent:
      - scaleway-sdk-go/v1.0.0-beta.7+dev (go1.21.1; linux; amd64) terraform-provider/develop
        terraform/terraform-tests
    url: https://api.scaleway.com/iam/v1alpha1/applications/f92cd035-8556-427b-9867-23820c41fb94
    method: GET
  response:
    body: '{"message":"resource is not found","resource":"iam_application","resource_id":"f92cd035-8556-427b-9867-23820c41fb94","type":"not_found"}'
    headers:
      Content-Length:
      - "136"
      Content-Security-Policy:
      - default-src 'none'; frame-ancestors 'none'
      Content-Type:
      - application/json
      Date:
      - Wed, 18 Oct 2023 07:31:00 GMT
      Server:
      - Scaleway API-Gateway
      Strict-Transport-Security:
      - max-age=63072000
      X-Content-Type-Options:
      - nosniff
      X-Frame-Options:
      - DENY
      X-Request-Id:
      - ded4f262-5f29-4d03-801a-bc7c19722595
    status: 404 Not Found
    code: 404
    duration: ""
