---
version: 1
interactions:
- request:
    body: '{"name":"tf-tests-iam-group-membership-basic","organization_id":"105bdce1-64c0-48ab-899d-868455867ecf","description":""}'
    form: {}
    headers:
      Content-Type:
      - application/json
      User-Agent:
      - scaleway-sdk-go/v1.0.0-beta.7+dev (go1.20.1; linux; amd64) terraform-provider/develop
        terraform/terraform-tests
    url: https://api.scaleway.com/iam/v1alpha1/applications
    method: POST
  response:
    body: '{"created_at":"2023-07-25T13:29:39.089184Z","description":"","editable":true,"id":"13166e4c-f9e3-4d6e-a937-64c0cc9a5203","name":"tf-tests-iam-group-membership-basic","nb_api_keys":0,"organization_id":"105bdce1-64c0-48ab-899d-868455867ecf","updated_at":"2023-07-25T13:29:39.089184Z"}'
    headers:
      Content-Length:
      - "289"
      Content-Security-Policy:
      - default-src 'none'; frame-ancestors 'none'
      Content-Type:
      - application/json
      Date:
      - Tue, 25 Jul 2023 13:29:39 GMT
      Server:
      - Scaleway API-Gateway
      Strict-Transport-Security:
      - max-age=63072000
      X-Content-Type-Options:
      - nosniff
      X-Frame-Options:
      - DENY
      X-Request-Id:
      - 52290eab-5921-41e7-8a0f-b61f9e6a6841
    status: 200 OK
    code: 200
    duration: ""
- request:
    body: '{"organization_id":"105bdce1-64c0-48ab-899d-868455867ecf","name":"tf-tests-iam-group-membership-basic","description":""}'
    form: {}
    headers:
      Content-Type:
      - application/json
      User-Agent:
      - scaleway-sdk-go/v1.0.0-beta.7+dev (go1.20.1; linux; amd64) terraform-provider/develop
        terraform/terraform-tests
    url: https://api.scaleway.com/iam/v1alpha1/groups
    method: POST
  response:
    body: '{"application_ids":[],"created_at":"2023-07-25T13:29:39.060201Z","description":"","id":"a22f0b51-79d3-43b7-8fc2-4bc3c03c3ad0","name":"tf-tests-iam-group-membership-basic","organization_id":"105bdce1-64c0-48ab-899d-868455867ecf","updated_at":"2023-07-25T13:29:39.060201Z","user_ids":[]}'
    headers:
      Content-Length:
      - "292"
      Content-Security-Policy:
      - default-src 'none'; frame-ancestors 'none'
      Content-Type:
      - application/json
      Date:
      - Tue, 25 Jul 2023 13:29:39 GMT
      Server:
      - Scaleway API-Gateway
      Strict-Transport-Security:
      - max-age=63072000
      X-Content-Type-Options:
      - nosniff
      X-Frame-Options:
      - DENY
      X-Request-Id:
      - b275701d-4939-427b-bb16-8beb893ad954
    status: 200 OK
    code: 200
    duration: ""
- request:
    body: ""
    form: {}
    headers:
      User-Agent:
      - scaleway-sdk-go/v1.0.0-beta.7+dev (go1.20.1; linux; amd64) terraform-provider/develop
        terraform/terraform-tests
    url: https://api.scaleway.com/iam/v1alpha1/groups/a22f0b51-79d3-43b7-8fc2-4bc3c03c3ad0
    method: GET
  response:
    body: '{"application_ids":[],"created_at":"2023-07-25T13:29:39.060201Z","description":"","id":"a22f0b51-79d3-43b7-8fc2-4bc3c03c3ad0","name":"tf-tests-iam-group-membership-basic","organization_id":"105bdce1-64c0-48ab-899d-868455867ecf","updated_at":"2023-07-25T13:29:39.060201Z","user_ids":[]}'
    headers:
      Content-Length:
      - "292"
      Content-Security-Policy:
      - default-src 'none'; frame-ancestors 'none'
      Content-Type:
      - application/json
      Date:
      - Tue, 25 Jul 2023 13:29:39 GMT
      Server:
      - Scaleway API-Gateway
      Strict-Transport-Security:
      - max-age=63072000
      X-Content-Type-Options:
      - nosniff
      X-Frame-Options:
      - DENY
      X-Request-Id:
      - 4b7333e7-5967-4c9c-9619-4c8d6b69e4bf
    status: 200 OK
    code: 200
    duration: ""
- request:
    body: ""
    form: {}
    headers:
      User-Agent:
      - scaleway-sdk-go/v1.0.0-beta.7+dev (go1.20.1; linux; amd64) terraform-provider/develop
        terraform/terraform-tests
    url: https://api.scaleway.com/iam/v1alpha1/applications/13166e4c-f9e3-4d6e-a937-64c0cc9a5203
    method: GET
  response:
    body: '{"created_at":"2023-07-25T13:29:39.089184Z","description":"","editable":true,"id":"13166e4c-f9e3-4d6e-a937-64c0cc9a5203","name":"tf-tests-iam-group-membership-basic","nb_api_keys":0,"organization_id":"105bdce1-64c0-48ab-899d-868455867ecf","updated_at":"2023-07-25T13:29:39.089184Z"}'
    headers:
      Content-Length:
      - "289"
      Content-Security-Policy:
      - default-src 'none'; frame-ancestors 'none'
      Content-Type:
      - application/json
      Date:
      - Tue, 25 Jul 2023 13:29:39 GMT
      Server:
      - Scaleway API-Gateway
      Strict-Transport-Security:
      - max-age=63072000
      X-Content-Type-Options:
      - nosniff
      X-Frame-Options:
      - DENY
      X-Request-Id:
      - af873f15-4c30-47b7-8fef-958158448aa1
    status: 200 OK
    code: 200
    duration: ""
- request:
    body: '{"application_id":"13166e4c-f9e3-4d6e-a937-64c0cc9a5203"}'
    form: {}
    headers:
      Content-Type:
      - application/json
      User-Agent:
      - scaleway-sdk-go/v1.0.0-beta.7+dev (go1.20.1; linux; amd64) terraform-provider/develop
        terraform/terraform-tests
    url: https://api.scaleway.com/iam/v1alpha1/groups/a22f0b51-79d3-43b7-8fc2-4bc3c03c3ad0/add-member
    method: POST
  response:
    body: '{"application_ids":["13166e4c-f9e3-4d6e-a937-64c0cc9a5203"],"created_at":"2023-07-25T13:29:39.060201Z","description":"","id":"a22f0b51-79d3-43b7-8fc2-4bc3c03c3ad0","name":"tf-tests-iam-group-membership-basic","organization_id":"105bdce1-64c0-48ab-899d-868455867ecf","updated_at":"2023-07-25T13:29:39.060201Z","user_ids":[]}'
    headers:
      Content-Length:
      - "330"
      Content-Security-Policy:
      - default-src 'none'; frame-ancestors 'none'
      Content-Type:
      - application/json
      Date:
      - Tue, 25 Jul 2023 13:29:39 GMT
      Server:
      - Scaleway API-Gateway
      Strict-Transport-Security:
      - max-age=63072000
      X-Content-Type-Options:
      - nosniff
      X-Frame-Options:
      - DENY
      X-Request-Id:
      - 899c0dbd-a1be-4801-aa76-7d2b63b5060a
    status: 200 OK
    code: 200
    duration: ""
- request:
    body: ""
    form: {}
    headers:
      User-Agent:
      - scaleway-sdk-go/v1.0.0-beta.7+dev (go1.20.1; linux; amd64) terraform-provider/develop
        terraform/terraform-tests
    url: https://api.scaleway.com/iam/v1alpha1/groups/a22f0b51-79d3-43b7-8fc2-4bc3c03c3ad0
    method: GET
  response:
    body: '{"application_ids":["13166e4c-f9e3-4d6e-a937-64c0cc9a5203"],"created_at":"2023-07-25T13:29:39.060201Z","description":"","id":"a22f0b51-79d3-43b7-8fc2-4bc3c03c3ad0","name":"tf-tests-iam-group-membership-basic","organization_id":"105bdce1-64c0-48ab-899d-868455867ecf","updated_at":"2023-07-25T13:29:39.060201Z","user_ids":[]}'
    headers:
      Content-Length:
      - "330"
      Content-Security-Policy:
      - default-src 'none'; frame-ancestors 'none'
      Content-Type:
      - application/json
      Date:
      - Tue, 25 Jul 2023 13:29:39 GMT
      Server:
      - Scaleway API-Gateway
      Strict-Transport-Security:
      - max-age=63072000
      X-Content-Type-Options:
      - nosniff
      X-Frame-Options:
      - DENY
      X-Request-Id:
      - 9bb63a30-b435-40af-8685-165ce72624c0
    status: 200 OK
    code: 200
    duration: ""
- request:
    body: ""
    form: {}
    headers:
      User-Agent:
      - scaleway-sdk-go/v1.0.0-beta.7+dev (go1.20.1; linux; amd64) terraform-provider/develop
        terraform/terraform-tests
    url: https://api.scaleway.com/iam/v1alpha1/groups/a22f0b51-79d3-43b7-8fc2-4bc3c03c3ad0
    method: GET
  response:
    body: '{"application_ids":["13166e4c-f9e3-4d6e-a937-64c0cc9a5203"],"created_at":"2023-07-25T13:29:39.060201Z","description":"","id":"a22f0b51-79d3-43b7-8fc2-4bc3c03c3ad0","name":"tf-tests-iam-group-membership-basic","organization_id":"105bdce1-64c0-48ab-899d-868455867ecf","updated_at":"2023-07-25T13:29:39.060201Z","user_ids":[]}'
    headers:
      Content-Length:
      - "330"
      Content-Security-Policy:
      - default-src 'none'; frame-ancestors 'none'
      Content-Type:
      - application/json
      Date:
      - Tue, 25 Jul 2023 13:29:40 GMT
      Server:
      - Scaleway API-Gateway
      Strict-Transport-Security:
      - max-age=63072000
      X-Content-Type-Options:
      - nosniff
      X-Frame-Options:
      - DENY
      X-Request-Id:
      - 45897528-ae45-460a-8634-6ad2ff7ad888
    status: 200 OK
    code: 200
    duration: ""
- request:
    body: ""
    form: {}
    headers:
      User-Agent:
      - scaleway-sdk-go/v1.0.0-beta.7+dev (go1.20.1; linux; amd64) terraform-provider/develop
        terraform/terraform-tests
    url: https://api.scaleway.com/iam/v1alpha1/applications/13166e4c-f9e3-4d6e-a937-64c0cc9a5203
    method: GET
  response:
    body: '{"created_at":"2023-07-25T13:29:39.089184Z","description":"","editable":true,"id":"13166e4c-f9e3-4d6e-a937-64c0cc9a5203","name":"tf-tests-iam-group-membership-basic","nb_api_keys":0,"organization_id":"105bdce1-64c0-48ab-899d-868455867ecf","updated_at":"2023-07-25T13:29:39.089184Z"}'
    headers:
      Content-Length:
      - "289"
      Content-Security-Policy:
      - default-src 'none'; frame-ancestors 'none'
      Content-Type:
      - application/json
      Date:
      - Tue, 25 Jul 2023 13:29:40 GMT
      Server:
      - Scaleway API-Gateway
      Strict-Transport-Security:
      - max-age=63072000
      X-Content-Type-Options:
      - nosniff
      X-Frame-Options:
      - DENY
      X-Request-Id:
      - 8cfeb3d4-9fee-4711-9e40-4303134f1444
    status: 200 OK
    code: 200
    duration: ""
- request:
    body: ""
    form: {}
    headers:
      User-Agent:
      - scaleway-sdk-go/v1.0.0-beta.7+dev (go1.20.1; linux; amd64) terraform-provider/develop
        terraform/terraform-tests
    url: https://api.scaleway.com/iam/v1alpha1/groups/a22f0b51-79d3-43b7-8fc2-4bc3c03c3ad0
    method: GET
  response:
    body: '{"application_ids":["13166e4c-f9e3-4d6e-a937-64c0cc9a5203"],"created_at":"2023-07-25T13:29:39.060201Z","description":"","id":"a22f0b51-79d3-43b7-8fc2-4bc3c03c3ad0","name":"tf-tests-iam-group-membership-basic","organization_id":"105bdce1-64c0-48ab-899d-868455867ecf","updated_at":"2023-07-25T13:29:39.060201Z","user_ids":[]}'
    headers:
      Content-Length:
      - "330"
      Content-Security-Policy:
      - default-src 'none'; frame-ancestors 'none'
      Content-Type:
      - application/json
      Date:
      - Tue, 25 Jul 2023 13:29:40 GMT
      Server:
      - Scaleway API-Gateway
      Strict-Transport-Security:
      - max-age=63072000
      X-Content-Type-Options:
      - nosniff
      X-Frame-Options:
      - DENY
      X-Request-Id:
      - f33d7645-dab2-4d32-9e8d-859539dea60f
    status: 200 OK
    code: 200
    duration: ""
- request:
    body: ""
    form: {}
    headers:
      User-Agent:
      - scaleway-sdk-go/v1.0.0-beta.7+dev (go1.20.1; linux; amd64) terraform-provider/develop
        terraform/terraform-tests
    url: https://api.scaleway.com/iam/v1alpha1/groups/a22f0b51-79d3-43b7-8fc2-4bc3c03c3ad0
    method: GET
  response:
    body: '{"application_ids":["13166e4c-f9e3-4d6e-a937-64c0cc9a5203"],"created_at":"2023-07-25T13:29:39.060201Z","description":"","id":"a22f0b51-79d3-43b7-8fc2-4bc3c03c3ad0","name":"tf-tests-iam-group-membership-basic","organization_id":"105bdce1-64c0-48ab-899d-868455867ecf","updated_at":"2023-07-25T13:29:39.060201Z","user_ids":[]}'
    headers:
      Content-Length:
      - "330"
      Content-Security-Policy:
      - default-src 'none'; frame-ancestors 'none'
      Content-Type:
      - application/json
      Date:
      - Tue, 25 Jul 2023 13:29:40 GMT
      Server:
      - Scaleway API-Gateway
      Strict-Transport-Security:
      - max-age=63072000
      X-Content-Type-Options:
      - nosniff
      X-Frame-Options:
      - DENY
      X-Request-Id:
      - 23b5df13-396e-4c07-b80c-9ebe6d4657c7
    status: 200 OK
    code: 200
    duration: ""
- request:
    body: ""
    form: {}
    headers:
      User-Agent:
      - scaleway-sdk-go/v1.0.0-beta.7+dev (go1.20.1; linux; amd64) terraform-provider/develop
        terraform/terraform-tests
    url: https://api.scaleway.com/iam/v1alpha1/groups/a22f0b51-79d3-43b7-8fc2-4bc3c03c3ad0
    method: GET
  response:
    body: '{"application_ids":["13166e4c-f9e3-4d6e-a937-64c0cc9a5203"],"created_at":"2023-07-25T13:29:39.060201Z","description":"","id":"a22f0b51-79d3-43b7-8fc2-4bc3c03c3ad0","name":"tf-tests-iam-group-membership-basic","organization_id":"105bdce1-64c0-48ab-899d-868455867ecf","updated_at":"2023-07-25T13:29:39.060201Z","user_ids":[]}'
    headers:
      Content-Length:
      - "330"
      Content-Security-Policy:
      - default-src 'none'; frame-ancestors 'none'
      Content-Type:
      - application/json
      Date:
      - Tue, 25 Jul 2023 13:29:41 GMT
      Server:
      - Scaleway API-Gateway
      Strict-Transport-Security:
      - max-age=63072000
      X-Content-Type-Options:
      - nosniff
      X-Frame-Options:
      - DENY
      X-Request-Id:
      - 960e449f-2f8f-40f5-9138-5a7f967f669b
    status: 200 OK
    code: 200
    duration: ""
- request:
    body: ""
    form: {}
    headers:
      User-Agent:
      - scaleway-sdk-go/v1.0.0-beta.7+dev (go1.20.1; linux; amd64) terraform-provider/develop
        terraform/terraform-tests
    url: https://api.scaleway.com/iam/v1alpha1/applications/13166e4c-f9e3-4d6e-a937-64c0cc9a5203
    method: GET
  response:
    body: '{"created_at":"2023-07-25T13:29:39.089184Z","description":"","editable":true,"id":"13166e4c-f9e3-4d6e-a937-64c0cc9a5203","name":"tf-tests-iam-group-membership-basic","nb_api_keys":0,"organization_id":"105bdce1-64c0-48ab-899d-868455867ecf","updated_at":"2023-07-25T13:29:39.089184Z"}'
    headers:
      Content-Length:
      - "289"
      Content-Security-Policy:
      - default-src 'none'; frame-ancestors 'none'
      Content-Type:
      - application/json
      Date:
      - Tue, 25 Jul 2023 13:29:42 GMT
      Server:
      - Scaleway API-Gateway
      Strict-Transport-Security:
      - max-age=63072000
      X-Content-Type-Options:
      - nosniff
      X-Frame-Options:
      - DENY
      X-Request-Id:
      - eba58fd2-afa9-4434-abd5-75ce7f4eaefc
    status: 200 OK
    code: 200
    duration: ""
- request:
    body: ""
    form: {}
    headers:
      User-Agent:
      - scaleway-sdk-go/v1.0.0-beta.7+dev (go1.20.1; linux; amd64) terraform-provider/develop
        terraform/terraform-tests
    url: https://api.scaleway.com/iam/v1alpha1/groups/a22f0b51-79d3-43b7-8fc2-4bc3c03c3ad0
    method: GET
  response:
    body: '{"application_ids":["13166e4c-f9e3-4d6e-a937-64c0cc9a5203"],"created_at":"2023-07-25T13:29:39.060201Z","description":"","id":"a22f0b51-79d3-43b7-8fc2-4bc3c03c3ad0","name":"tf-tests-iam-group-membership-basic","organization_id":"105bdce1-64c0-48ab-899d-868455867ecf","updated_at":"2023-07-25T13:29:39.060201Z","user_ids":[]}'
    headers:
      Content-Length:
      - "330"
      Content-Security-Policy:
      - default-src 'none'; frame-ancestors 'none'
      Content-Type:
      - application/json
      Date:
      - Tue, 25 Jul 2023 13:29:42 GMT
      Server:
      - Scaleway API-Gateway
      Strict-Transport-Security:
      - max-age=63072000
      X-Content-Type-Options:
      - nosniff
      X-Frame-Options:
      - DENY
      X-Request-Id:
      - 4fe5e7a2-793c-4a0e-9f2e-5a587d7eb199
    status: 200 OK
    code: 200
    duration: ""
- request:
    body: ""
    form: {}
    headers:
      User-Agent:
      - scaleway-sdk-go/v1.0.0-beta.7+dev (go1.20.1; linux; amd64) terraform-provider/develop
        terraform/terraform-tests
    url: https://api.scaleway.com/iam/v1alpha1/groups/a22f0b51-79d3-43b7-8fc2-4bc3c03c3ad0
    method: GET
  response:
    body: '{"application_ids":["13166e4c-f9e3-4d6e-a937-64c0cc9a5203"],"created_at":"2023-07-25T13:29:39.060201Z","description":"","id":"a22f0b51-79d3-43b7-8fc2-4bc3c03c3ad0","name":"tf-tests-iam-group-membership-basic","organization_id":"105bdce1-64c0-48ab-899d-868455867ecf","updated_at":"2023-07-25T13:29:39.060201Z","user_ids":[]}'
    headers:
      Content-Length:
      - "330"
      Content-Security-Policy:
      - default-src 'none'; frame-ancestors 'none'
      Content-Type:
      - application/json
      Date:
      - Tue, 25 Jul 2023 13:29:42 GMT
      Server:
      - Scaleway API-Gateway
      Strict-Transport-Security:
      - max-age=63072000
      X-Content-Type-Options:
      - nosniff
      X-Frame-Options:
      - DENY
      X-Request-Id:
      - 1f383444-b58f-42bf-a059-f196e66c6da7
    status: 200 OK
    code: 200
    duration: ""
- request:
    body: ""
    form: {}
    headers:
      User-Agent:
      - scaleway-sdk-go/v1.0.0-beta.7+dev (go1.20.1; linux; amd64) terraform-provider/develop
        terraform/terraform-tests
    url: https://api.scaleway.com/iam/v1alpha1/groups/a22f0b51-79d3-43b7-8fc2-4bc3c03c3ad0
    method: GET
  response:
    body: '{"application_ids":["13166e4c-f9e3-4d6e-a937-64c0cc9a5203"],"created_at":"2023-07-25T13:29:39.060201Z","description":"","id":"a22f0b51-79d3-43b7-8fc2-4bc3c03c3ad0","name":"tf-tests-iam-group-membership-basic","organization_id":"105bdce1-64c0-48ab-899d-868455867ecf","updated_at":"2023-07-25T13:29:39.060201Z","user_ids":[]}'
    headers:
      Content-Length:
      - "330"
      Content-Security-Policy:
      - default-src 'none'; frame-ancestors 'none'
      Content-Type:
      - application/json
      Date:
      - Tue, 25 Jul 2023 13:29:42 GMT
      Server:
      - Scaleway API-Gateway
      Strict-Transport-Security:
      - max-age=63072000
      X-Content-Type-Options:
      - nosniff
      X-Frame-Options:
      - DENY
      X-Request-Id:
      - 99b19707-39f9-40dc-b265-537f4f5d2698
    status: 200 OK
    code: 200
    duration: ""
- request:
    body: ""
    form: {}
    headers:
      User-Agent:
      - scaleway-sdk-go/v1.0.0-beta.7+dev (go1.20.1; linux; amd64) terraform-provider/develop
        terraform/terraform-tests
    url: https://api.scaleway.com/iam/v1alpha1/applications/13166e4c-f9e3-4d6e-a937-64c0cc9a5203
    method: GET
  response:
    body: '{"created_at":"2023-07-25T13:29:39.089184Z","description":"","editable":true,"id":"13166e4c-f9e3-4d6e-a937-64c0cc9a5203","name":"tf-tests-iam-group-membership-basic","nb_api_keys":0,"organization_id":"105bdce1-64c0-48ab-899d-868455867ecf","updated_at":"2023-07-25T13:29:39.089184Z"}'
    headers:
      Content-Length:
      - "289"
      Content-Security-Policy:
      - default-src 'none'; frame-ancestors 'none'
      Content-Type:
      - application/json
      Date:
      - Tue, 25 Jul 2023 13:29:43 GMT
      Server:
      - Scaleway API-Gateway
      Strict-Transport-Security:
      - max-age=63072000
      X-Content-Type-Options:
      - nosniff
      X-Frame-Options:
      - DENY
      X-Request-Id:
      - 57762250-5d7c-4276-b73f-642fdc18e6c9
    status: 200 OK
    code: 200
    duration: ""
- request:
    body: ""
    form: {}
    headers:
      User-Agent:
      - scaleway-sdk-go/v1.0.0-beta.7+dev (go1.20.1; linux; amd64) terraform-provider/develop
        terraform/terraform-tests
    url: https://api.scaleway.com/iam/v1alpha1/groups/a22f0b51-79d3-43b7-8fc2-4bc3c03c3ad0
    method: GET
  response:
    body: '{"application_ids":["13166e4c-f9e3-4d6e-a937-64c0cc9a5203"],"created_at":"2023-07-25T13:29:39.060201Z","description":"","id":"a22f0b51-79d3-43b7-8fc2-4bc3c03c3ad0","name":"tf-tests-iam-group-membership-basic","organization_id":"105bdce1-64c0-48ab-899d-868455867ecf","updated_at":"2023-07-25T13:29:39.060201Z","user_ids":[]}'
    headers:
      Content-Length:
      - "330"
      Content-Security-Policy:
      - default-src 'none'; frame-ancestors 'none'
      Content-Type:
      - application/json
      Date:
      - Tue, 25 Jul 2023 13:29:43 GMT
      Server:
      - Scaleway API-Gateway
      Strict-Transport-Security:
      - max-age=63072000
      X-Content-Type-Options:
      - nosniff
      X-Frame-Options:
      - DENY
      X-Request-Id:
      - 77981e0a-3431-4b6d-94d9-df8f0da8aed9
    status: 200 OK
    code: 200
    duration: ""
- request:
    body: ""
    form: {}
    headers:
      User-Agent:
      - scaleway-sdk-go/v1.0.0-beta.7+dev (go1.20.1; linux; amd64) terraform-provider/develop
        terraform/terraform-tests
    url: https://api.scaleway.com/iam/v1alpha1/groups/a22f0b51-79d3-43b7-8fc2-4bc3c03c3ad0
    method: GET
  response:
    body: '{"application_ids":["13166e4c-f9e3-4d6e-a937-64c0cc9a5203"],"created_at":"2023-07-25T13:29:39.060201Z","description":"","id":"a22f0b51-79d3-43b7-8fc2-4bc3c03c3ad0","name":"tf-tests-iam-group-membership-basic","organization_id":"105bdce1-64c0-48ab-899d-868455867ecf","updated_at":"2023-07-25T13:29:39.060201Z","user_ids":[]}'
    headers:
      Content-Length:
      - "330"
      Content-Security-Policy:
      - default-src 'none'; frame-ancestors 'none'
      Content-Type:
      - application/json
      Date:
      - Tue, 25 Jul 2023 13:29:43 GMT
      Server:
      - Scaleway API-Gateway
      Strict-Transport-Security:
      - max-age=63072000
      X-Content-Type-Options:
      - nosniff
      X-Frame-Options:
      - DENY
      X-Request-Id:
      - 9fcc37ba-c55e-464a-9df1-795812477003
    status: 200 OK
    code: 200
    duration: ""
- request:
    body: ""
    form: {}
    headers:
      User-Agent:
      - scaleway-sdk-go/v1.0.0-beta.7+dev (go1.20.1; linux; amd64) terraform-provider/develop
        terraform/terraform-tests
    url: https://api.scaleway.com/iam/v1alpha1/groups/a22f0b51-79d3-43b7-8fc2-4bc3c03c3ad0
    method: GET
  response:
    body: '{"application_ids":["13166e4c-f9e3-4d6e-a937-64c0cc9a5203"],"created_at":"2023-07-25T13:29:39.060201Z","description":"","id":"a22f0b51-79d3-43b7-8fc2-4bc3c03c3ad0","name":"tf-tests-iam-group-membership-basic","organization_id":"105bdce1-64c0-48ab-899d-868455867ecf","updated_at":"2023-07-25T13:29:39.060201Z","user_ids":[]}'
    headers:
      Content-Length:
      - "330"
      Content-Security-Policy:
      - default-src 'none'; frame-ancestors 'none'
      Content-Type:
      - application/json
      Date:
      - Tue, 25 Jul 2023 13:29:43 GMT
      Server:
      - Scaleway API-Gateway
      Strict-Transport-Security:
      - max-age=63072000
      X-Content-Type-Options:
      - nosniff
      X-Frame-Options:
      - DENY
      X-Request-Id:
      - fe3637d3-bd3b-4d79-97c0-c6a745ffb25d
    status: 200 OK
    code: 200
    duration: ""
- request:
    body: '{"application_id":"13166e4c-f9e3-4d6e-a937-64c0cc9a5203"}'
    form: {}
    headers:
      Content-Type:
      - application/json
      User-Agent:
      - scaleway-sdk-go/v1.0.0-beta.7+dev (go1.20.1; linux; amd64) terraform-provider/develop
        terraform/terraform-tests
    url: https://api.scaleway.com/iam/v1alpha1/groups/a22f0b51-79d3-43b7-8fc2-4bc3c03c3ad0/remove-member
    method: POST
  response:
    body: '{"application_ids":[],"created_at":"2023-07-25T13:29:39.060201Z","description":"","id":"a22f0b51-79d3-43b7-8fc2-4bc3c03c3ad0","name":"tf-tests-iam-group-membership-basic","organization_id":"105bdce1-64c0-48ab-899d-868455867ecf","updated_at":"2023-07-25T13:29:39.060201Z","user_ids":[]}'
    headers:
      Content-Length:
      - "292"
      Content-Security-Policy:
      - default-src 'none'; frame-ancestors 'none'
      Content-Type:
      - application/json
      Date:
      - Tue, 25 Jul 2023 13:29:44 GMT
      Server:
      - Scaleway API-Gateway
      Strict-Transport-Security:
      - max-age=63072000
      X-Content-Type-Options:
      - nosniff
      X-Frame-Options:
      - DENY
      X-Request-Id:
      - 2979490d-7e49-4dfb-861f-790d0119a5c7
    status: 200 OK
    code: 200
    duration: ""
- request:
    body: '{"application_id":"13166e4c-f9e3-4d6e-a937-64c0cc9a5203"}'
    form: {}
    headers:
      Content-Type:
      - application/json
      User-Agent:
      - scaleway-sdk-go/v1.0.0-beta.7+dev (go1.20.1; linux; amd64) terraform-provider/develop
        terraform/terraform-tests
    url: https://api.scaleway.com/iam/v1alpha1/groups/a22f0b51-79d3-43b7-8fc2-4bc3c03c3ad0/remove-member
    method: POST
  response:
    body: '{"application_ids":[],"created_at":"2023-07-25T13:29:39.060201Z","description":"","id":"a22f0b51-79d3-43b7-8fc2-4bc3c03c3ad0","name":"tf-tests-iam-group-membership-basic","organization_id":"105bdce1-64c0-48ab-899d-868455867ecf","updated_at":"2023-07-25T13:29:39.060201Z","user_ids":[]}'
    headers:
      Content-Length:
      - "292"
      Content-Security-Policy:
      - default-src 'none'; frame-ancestors 'none'
      Content-Type:
      - application/json
      Date:
      - Tue, 25 Jul 2023 13:29:44 GMT
      Server:
      - Scaleway API-Gateway
      Strict-Transport-Security:
      - max-age=63072000
      X-Content-Type-Options:
      - nosniff
      X-Frame-Options:
      - DENY
      X-Request-Id:
      - da2ab821-2fa1-4153-9653-befb1f9ef8af
    status: 200 OK
    code: 200
    duration: ""
- request:
    body: ""
    form: {}
    headers:
      User-Agent:
      - scaleway-sdk-go/v1.0.0-beta.7+dev (go1.20.1; linux; amd64) terraform-provider/develop
        terraform/terraform-tests
    url: https://api.scaleway.com/iam/v1alpha1/applications/13166e4c-f9e3-4d6e-a937-64c0cc9a5203
    method: DELETE
  response:
    body: ""
    headers:
      Content-Security-Policy:
      - default-src 'none'; frame-ancestors 'none'
      Content-Type:
      - application/json
      Date:
      - Tue, 25 Jul 2023 13:29:44 GMT
      Server:
      - Scaleway API-Gateway
      Strict-Transport-Security:
      - max-age=63072000
      X-Content-Type-Options:
      - nosniff
      X-Frame-Options:
      - DENY
      X-Request-Id:
      - 3f0a5092-a3da-44ec-b94c-32b2d1b8d84b
    status: 204 No Content
    code: 204
    duration: ""
- request:
    body: ""
    form: {}
    headers:
      User-Agent:
      - scaleway-sdk-go/v1.0.0-beta.7+dev (go1.20.1; linux; amd64) terraform-provider/develop
        terraform/terraform-tests
    url: https://api.scaleway.com/iam/v1alpha1/groups/a22f0b51-79d3-43b7-8fc2-4bc3c03c3ad0
    method: DELETE
  response:
    body: ""
    headers:
      Content-Security-Policy:
      - default-src 'none'; frame-ancestors 'none'
      Content-Type:
      - application/json
      Date:
      - Tue, 25 Jul 2023 13:29:44 GMT
      Server:
      - Scaleway API-Gateway
      Strict-Transport-Security:
      - max-age=63072000
      X-Content-Type-Options:
      - nosniff
      X-Frame-Options:
      - DENY
      X-Request-Id:
      - 4e9dbcdb-8cc5-4821-a9b7-32cc8f287ba4
    status: 204 No Content
    code: 204
    duration: ""
- request:
    body: ""
    form: {}
    headers:
      User-Agent:
      - scaleway-sdk-go/v1.0.0-beta.7+dev (go1.20.1; linux; amd64) terraform-provider/develop
        terraform/terraform-tests
    url: https://api.scaleway.com/iam/v1alpha1/groups/a22f0b51-79d3-43b7-8fc2-4bc3c03c3ad0
    method: GET
  response:
    body: '{"message":"resource is not found","resource":"iam_group","resource_id":"a22f0b51-79d3-43b7-8fc2-4bc3c03c3ad0","type":"not_found"}'
    headers:
      Content-Length:
      - "130"
      Content-Security-Policy:
      - default-src 'none'; frame-ancestors 'none'
      Content-Type:
      - application/json
      Date:
      - Tue, 25 Jul 2023 13:29:44 GMT
      Server:
      - Scaleway API-Gateway
      Strict-Transport-Security:
      - max-age=63072000
      X-Content-Type-Options:
      - nosniff
      X-Frame-Options:
      - DENY
      X-Request-Id:
      - a0245051-28f2-4532-bc6f-5a1100ccc0f4
    status: 404 Not Found
    code: 404
    duration: ""
- request:
    body: ""
    form: {}
    headers:
      User-Agent:
      - scaleway-sdk-go/v1.0.0-beta.7+dev (go1.20.1; linux; amd64) terraform-provider/develop
        terraform/terraform-tests
    url: https://api.scaleway.com/iam/v1alpha1/applications/13166e4c-f9e3-4d6e-a937-64c0cc9a5203
    method: GET
  response:
    body: '{"message":"resource is not found","resource":"iam_application","resource_id":"13166e4c-f9e3-4d6e-a937-64c0cc9a5203","type":"not_found"}'
    headers:
      Content-Length:
      - "136"
      Content-Security-Policy:
      - default-src 'none'; frame-ancestors 'none'
      Content-Type:
      - application/json
      Date:
      - Tue, 25 Jul 2023 13:29:44 GMT
      Server:
      - Scaleway API-Gateway
      Strict-Transport-Security:
      - max-age=63072000
      X-Content-Type-Options:
      - nosniff
      X-Frame-Options:
      - DENY
      X-Request-Id:
      - 79f9e7b7-392f-4d0b-88ff-e7a537f1cecb
    status: 404 Not Found
    code: 404
    duration: ""
