---
version: 1
interactions:
- request:
    body: '{"name":"tf-sg-bold-mendeleev","project":"105bdce1-64c0-48ab-899d-868455867ecf","tags":["test-terraform"],"stateful":true,"inbound_default_policy":"accept","outbound_default_policy":"accept","enable_default_security":true}'
    form: {}
    headers:
      Content-Type:
      - application/json
      User-Agent:
      - scaleway-sdk-go/v1.0.0-beta.7+dev (go1.21.1; linux; amd64) terraform-provider/develop
        terraform/terraform-tests
    url: https://api.scaleway.com/instance/v1/zones/fr-par-1/security_groups
    method: POST
  response:
    body: '{"security_group":{"creation_date":"2023-12-05T12:33:22.594882+00:00","description":null,"enable_default_security":true,"id":"68fdd6b2-a8ca-4a8c-b35c-9cfca84b0f63","inbound_default_policy":"accept","modification_date":"2023-12-05T12:33:22.594882+00:00","name":"tf-sg-bold-mendeleev","organization":"105bdce1-64c0-48ab-899d-868455867ecf","organization_default":false,"outbound_default_policy":"accept","project":"105bdce1-64c0-48ab-899d-868455867ecf","project_default":false,"servers":[],"state":"syncing","stateful":true,"tags":["test-terraform"],"zone":"fr-par-1"}}'
    headers:
      Content-Length:
      - "600"
      Content-Security-Policy:
      - default-src 'none'; frame-ancestors 'none'
      Content-Type:
      - application/json
      Date:
      - Tue, 05 Dec 2023 12:33:22 GMT
      Location:
      - https://api.scaleway.com/instance/v1/zones/fr-par-1/security_groups/68fdd6b2-a8ca-4a8c-b35c-9cfca84b0f63
      Server:
      - Scaleway API-Gateway
      Strict-Transport-Security:
      - max-age=63072000
      X-Content-Type-Options:
      - nosniff
      X-Frame-Options:
      - DENY
      X-Request-Id:
      - 595dad3b-4636-41fd-ad93-ee714121d809
    status: 201 Created
    code: 201
    duration: ""
- request:
    body: '{"enable_default_security":true,"inbound_default_policy":"accept","tags":["test-terraform"],"outbound_default_policy":"accept","stateful":true}'
    form: {}
    headers:
      Content-Type:
      - application/json
      User-Agent:
      - scaleway-sdk-go/v1.0.0-beta.7+dev (go1.21.1; linux; amd64) terraform-provider/develop
        terraform/terraform-tests
    url: https://api.scaleway.com/instance/v1/zones/fr-par-1/security_groups/68fdd6b2-a8ca-4a8c-b35c-9cfca84b0f63
    method: PATCH
  response:
    body: '{"security_group":{"creation_date":"2023-12-05T12:33:22.594882+00:00","description":null,"enable_default_security":true,"id":"68fdd6b2-a8ca-4a8c-b35c-9cfca84b0f63","inbound_default_policy":"accept","modification_date":"2023-12-05T12:33:22.594882+00:00","name":"tf-sg-bold-mendeleev","organization":"105bdce1-64c0-48ab-899d-868455867ecf","organization_default":false,"outbound_default_policy":"accept","project":"105bdce1-64c0-48ab-899d-868455867ecf","project_default":false,"servers":[],"state":"syncing","stateful":true,"tags":["test-terraform"],"zone":"fr-par-1"}}'
    headers:
      Content-Length:
      - "600"
      Content-Security-Policy:
      - default-src 'none'; frame-ancestors 'none'
      Content-Type:
      - application/json
      Date:
      - Tue, 05 Dec 2023 12:33:22 GMT
      Server:
      - Scaleway API-Gateway
      Strict-Transport-Security:
      - max-age=63072000
      X-Content-Type-Options:
      - nosniff
      X-Frame-Options:
      - DENY
      X-Request-Id:
      - 04c5da5a-972f-47fe-90ad-72e4900e4e26
    status: 200 OK
    code: 200
    duration: ""
- request:
    body: '{"rules":[{"id":null,"action":"accept","protocol":"TCP","direction":"inbound","ip_range":"0.0.0.0/0","dest_port_from":22,"dest_port_to":null,"position":0,"editable":null,"zone":"fr-par-1"}]}'
    form: {}
    headers:
      Content-Type:
      - application/json
      User-Agent:
      - scaleway-sdk-go/v1.0.0-beta.7+dev (go1.21.1; linux; amd64) terraform-provider/develop
        terraform/terraform-tests
    url: https://api.scaleway.com/instance/v1/zones/fr-par-1/security_groups/68fdd6b2-a8ca-4a8c-b35c-9cfca84b0f63/rules
    method: PUT
  response:
    body: '{"rules":[{"action":"drop","dest_ip_range":null,"dest_port_from":25,"dest_port_to":null,"direction":"outbound","editable":false,"id":"58909be7-d17c-4ac8-9eb3-23d5fc58abc5","ip_range":"0.0.0.0/0","position":1,"protocol":"TCP","zone":"fr-par-1"},{"action":"drop","dest_ip_range":null,"dest_port_from":465,"dest_port_to":null,"direction":"outbound","editable":false,"id":"25680235-108b-4bbc-8e25-114303d950bd","ip_range":"0.0.0.0/0","position":2,"protocol":"TCP","zone":"fr-par-1"},{"action":"drop","dest_ip_range":null,"dest_port_from":587,"dest_port_to":null,"direction":"outbound","editable":false,"id":"4a31b633-118e-4900-bd52-facf1085fc8d","ip_range":"0.0.0.0/0","position":3,"protocol":"TCP","zone":"fr-par-1"},{"action":"drop","dest_ip_range":null,"dest_port_from":25,"dest_port_to":null,"direction":"outbound","editable":false,"id":"e7dd28e8-3747-4c7c-9a4f-35ae3f0ae2cd","ip_range":"::/0","position":4,"protocol":"TCP","zone":"fr-par-1"},{"action":"drop","dest_ip_range":null,"dest_port_from":465,"dest_port_to":null,"direction":"outbound","editable":false,"id":"f37d9e7c-8ed7-4e0f-baff-7f5e7ede0baf","ip_range":"::/0","position":5,"protocol":"TCP","zone":"fr-par-1"},{"action":"drop","dest_ip_range":null,"dest_port_from":587,"dest_port_to":null,"direction":"outbound","editable":false,"id":"68054851-54e3-46c9-9cd7-83219751248b","ip_range":"::/0","position":6,"protocol":"TCP","zone":"fr-par-1"},{"action":"accept","dest_ip_range":null,"dest_port_from":22,"dest_port_to":null,"direction":"inbound","editable":true,"id":"5fff834b-bad0-4f1e-82ad-b8c6ce63d5ba","ip_range":"0.0.0.0/0","position":1,"protocol":"TCP","zone":"fr-par-1"}]}'
    headers:
      Content-Length:
      - "1792"
      Content-Security-Policy:
      - default-src 'none'; frame-ancestors 'none'
      Content-Type:
      - application/json
      Date:
      - Tue, 05 Dec 2023 12:33:22 GMT
      Server:
      - Scaleway API-Gateway
      Strict-Transport-Security:
      - max-age=63072000
      X-Content-Type-Options:
      - nosniff
      X-Frame-Options:
      - DENY
      X-Request-Id:
      - db7c6b62-f348-49c5-8ef4-439616013539
    status: 200 OK
    code: 200
    duration: ""
- request:
    body: ""
    form: {}
    headers:
      User-Agent:
      - scaleway-sdk-go/v1.0.0-beta.7+dev (go1.21.1; linux; amd64) terraform-provider/develop
        terraform/terraform-tests
    url: https://api.scaleway.com/instance/v1/zones/fr-par-1/security_groups/68fdd6b2-a8ca-4a8c-b35c-9cfca84b0f63
    method: GET
  response:
    body: '{"security_group":{"creation_date":"2023-12-05T12:33:22.594882+00:00","description":null,"enable_default_security":true,"id":"68fdd6b2-a8ca-4a8c-b35c-9cfca84b0f63","inbound_default_policy":"accept","modification_date":"2023-12-05T12:33:22.754689+00:00","name":"tf-sg-bold-mendeleev","organization":"105bdce1-64c0-48ab-899d-868455867ecf","organization_default":false,"outbound_default_policy":"accept","project":"105bdce1-64c0-48ab-899d-868455867ecf","project_default":false,"servers":[],"state":"syncing","stateful":true,"tags":["test-terraform"],"zone":"fr-par-1"}}'
    headers:
      Content-Length:
      - "600"
      Content-Security-Policy:
      - default-src 'none'; frame-ancestors 'none'
      Content-Type:
      - application/json
      Date:
      - Tue, 05 Dec 2023 12:33:23 GMT
      Server:
      - Scaleway API-Gateway
      Strict-Transport-Security:
      - max-age=63072000
      X-Content-Type-Options:
      - nosniff
      X-Frame-Options:
      - DENY
      X-Request-Id:
      - e81ef857-b87d-4d7d-8580-c9fddbb4a4b2
    status: 200 OK
    code: 200
    duration: ""
- request:
    body: ""
    form: {}
    headers:
      User-Agent:
      - scaleway-sdk-go/v1.0.0-beta.7+dev (go1.21.1; linux; amd64) terraform-provider/develop
        terraform/terraform-tests
    url: https://api.scaleway.com/instance/v1/zones/fr-par-1/security_groups/68fdd6b2-a8ca-4a8c-b35c-9cfca84b0f63/rules?page=1
    method: GET
  response:
    body: '{"rules":[{"action":"drop","dest_ip_range":null,"dest_port_from":25,"dest_port_to":null,"direction":"outbound","editable":false,"id":"58909be7-d17c-4ac8-9eb3-23d5fc58abc5","ip_range":"0.0.0.0/0","position":1,"protocol":"TCP","zone":"fr-par-1"},{"action":"drop","dest_ip_range":null,"dest_port_from":465,"dest_port_to":null,"direction":"outbound","editable":false,"id":"25680235-108b-4bbc-8e25-114303d950bd","ip_range":"0.0.0.0/0","position":2,"protocol":"TCP","zone":"fr-par-1"},{"action":"drop","dest_ip_range":null,"dest_port_from":587,"dest_port_to":null,"direction":"outbound","editable":false,"id":"4a31b633-118e-4900-bd52-facf1085fc8d","ip_range":"0.0.0.0/0","position":3,"protocol":"TCP","zone":"fr-par-1"},{"action":"drop","dest_ip_range":null,"dest_port_from":25,"dest_port_to":null,"direction":"outbound","editable":false,"id":"e7dd28e8-3747-4c7c-9a4f-35ae3f0ae2cd","ip_range":"::/0","position":4,"protocol":"TCP","zone":"fr-par-1"},{"action":"drop","dest_ip_range":null,"dest_port_from":465,"dest_port_to":null,"direction":"outbound","editable":false,"id":"f37d9e7c-8ed7-4e0f-baff-7f5e7ede0baf","ip_range":"::/0","position":5,"protocol":"TCP","zone":"fr-par-1"},{"action":"drop","dest_ip_range":null,"dest_port_from":587,"dest_port_to":null,"direction":"outbound","editable":false,"id":"68054851-54e3-46c9-9cd7-83219751248b","ip_range":"::/0","position":6,"protocol":"TCP","zone":"fr-par-1"},{"action":"accept","dest_ip_range":null,"dest_port_from":22,"dest_port_to":null,"direction":"inbound","editable":true,"id":"5fff834b-bad0-4f1e-82ad-b8c6ce63d5ba","ip_range":"0.0.0.0/0","position":1,"protocol":"TCP","zone":"fr-par-1"}]}'
    headers:
      Content-Length:
      - "1792"
      Content-Security-Policy:
      - default-src 'none'; frame-ancestors 'none'
      Content-Type:
      - application/json
      Date:
      - Tue, 05 Dec 2023 12:33:23 GMT
      Server:
      - Scaleway API-Gateway
      Strict-Transport-Security:
      - max-age=63072000
      X-Content-Type-Options:
      - nosniff
      X-Frame-Options:
      - DENY
      X-Request-Id:
      - c84f531c-6a2f-4b6d-88ab-269395b1f84c
    status: 200 OK
    code: 200
    duration: ""
- request:
    body: ""
    form: {}
    headers:
      User-Agent:
      - scaleway-sdk-go/v1.0.0-beta.7+dev (go1.21.1; linux; amd64) terraform-provider/develop
        terraform/terraform-tests
    url: https://api.scaleway.com/instance/v1/zones/fr-par-1/security_groups/68fdd6b2-a8ca-4a8c-b35c-9cfca84b0f63/rules?page=1
    method: GET
  response:
    body: '{"rules":[{"action":"drop","dest_ip_range":null,"dest_port_from":25,"dest_port_to":null,"direction":"outbound","editable":false,"id":"58909be7-d17c-4ac8-9eb3-23d5fc58abc5","ip_range":"0.0.0.0/0","position":1,"protocol":"TCP","zone":"fr-par-1"},{"action":"drop","dest_ip_range":null,"dest_port_from":465,"dest_port_to":null,"direction":"outbound","editable":false,"id":"25680235-108b-4bbc-8e25-114303d950bd","ip_range":"0.0.0.0/0","position":2,"protocol":"TCP","zone":"fr-par-1"},{"action":"drop","dest_ip_range":null,"dest_port_from":587,"dest_port_to":null,"direction":"outbound","editable":false,"id":"4a31b633-118e-4900-bd52-facf1085fc8d","ip_range":"0.0.0.0/0","position":3,"protocol":"TCP","zone":"fr-par-1"},{"action":"drop","dest_ip_range":null,"dest_port_from":25,"dest_port_to":null,"direction":"outbound","editable":false,"id":"e7dd28e8-3747-4c7c-9a4f-35ae3f0ae2cd","ip_range":"::/0","position":4,"protocol":"TCP","zone":"fr-par-1"},{"action":"drop","dest_ip_range":null,"dest_port_from":465,"dest_port_to":null,"direction":"outbound","editable":false,"id":"f37d9e7c-8ed7-4e0f-baff-7f5e7ede0baf","ip_range":"::/0","position":5,"protocol":"TCP","zone":"fr-par-1"},{"action":"drop","dest_ip_range":null,"dest_port_from":587,"dest_port_to":null,"direction":"outbound","editable":false,"id":"68054851-54e3-46c9-9cd7-83219751248b","ip_range":"::/0","position":6,"protocol":"TCP","zone":"fr-par-1"},{"action":"accept","dest_ip_range":null,"dest_port_from":22,"dest_port_to":null,"direction":"inbound","editable":true,"id":"5fff834b-bad0-4f1e-82ad-b8c6ce63d5ba","ip_range":"0.0.0.0/0","position":1,"protocol":"TCP","zone":"fr-par-1"}]}'
    headers:
      Content-Length:
      - "1792"
      Content-Security-Policy:
      - default-src 'none'; frame-ancestors 'none'
      Content-Type:
      - application/json
      Date:
      - Tue, 05 Dec 2023 12:33:23 GMT
      Server:
      - Scaleway API-Gateway
      Strict-Transport-Security:
      - max-age=63072000
      X-Content-Type-Options:
      - nosniff
      X-Frame-Options:
      - DENY
      X-Request-Id:
      - b9f97e08-9cf8-4f3f-abb0-3b8c8225e41c
    status: 200 OK
    code: 200
    duration: ""
- request:
    body: ""
    form: {}
    headers:
      User-Agent:
      - scaleway-sdk-go/v1.0.0-beta.7+dev (go1.21.1; linux; amd64) terraform-provider/develop
        terraform/terraform-tests
    url: https://api.scaleway.com/instance/v1/zones/fr-par-1/security_groups/68fdd6b2-a8ca-4a8c-b35c-9cfca84b0f63
    method: GET
  response:
    body: '{"security_group":{"creation_date":"2023-12-05T12:33:22.594882+00:00","description":null,"enable_default_security":true,"id":"68fdd6b2-a8ca-4a8c-b35c-9cfca84b0f63","inbound_default_policy":"accept","modification_date":"2023-12-05T12:33:23.044014+00:00","name":"tf-sg-bold-mendeleev","organization":"105bdce1-64c0-48ab-899d-868455867ecf","organization_default":false,"outbound_default_policy":"accept","project":"105bdce1-64c0-48ab-899d-868455867ecf","project_default":false,"servers":[],"state":"available","stateful":true,"tags":["test-terraform"],"zone":"fr-par-1"}}'
    headers:
      Content-Length:
      - "602"
      Content-Security-Policy:
      - default-src 'none'; frame-ancestors 'none'
      Content-Type:
      - application/json
      Date:
      - Tue, 05 Dec 2023 12:33:24 GMT
      Server:
      - Scaleway API-Gateway
      Strict-Transport-Security:
      - max-age=63072000
      X-Content-Type-Options:
      - nosniff
      X-Frame-Options:
      - DENY
      X-Request-Id:
      - cae06d45-ff88-4dde-a6f0-bf7d2c64b6d8
    status: 200 OK
    code: 200
    duration: ""
- request:
    body: ""
    form: {}
    headers:
      User-Agent:
      - scaleway-sdk-go/v1.0.0-beta.7+dev (go1.21.1; linux; amd64) terraform-provider/develop
        terraform/terraform-tests
    url: https://api.scaleway.com/instance/v1/zones/fr-par-1/security_groups/68fdd6b2-a8ca-4a8c-b35c-9cfca84b0f63/rules?page=1
    method: GET
  response:
    body: '{"rules":[{"action":"drop","dest_ip_range":null,"dest_port_from":25,"dest_port_to":null,"direction":"outbound","editable":false,"id":"58909be7-d17c-4ac8-9eb3-23d5fc58abc5","ip_range":"0.0.0.0/0","position":1,"protocol":"TCP","zone":"fr-par-1"},{"action":"drop","dest_ip_range":null,"dest_port_from":465,"dest_port_to":null,"direction":"outbound","editable":false,"id":"25680235-108b-4bbc-8e25-114303d950bd","ip_range":"0.0.0.0/0","position":2,"protocol":"TCP","zone":"fr-par-1"},{"action":"drop","dest_ip_range":null,"dest_port_from":587,"dest_port_to":null,"direction":"outbound","editable":false,"id":"4a31b633-118e-4900-bd52-facf1085fc8d","ip_range":"0.0.0.0/0","position":3,"protocol":"TCP","zone":"fr-par-1"},{"action":"drop","dest_ip_range":null,"dest_port_from":25,"dest_port_to":null,"direction":"outbound","editable":false,"id":"e7dd28e8-3747-4c7c-9a4f-35ae3f0ae2cd","ip_range":"::/0","position":4,"protocol":"TCP","zone":"fr-par-1"},{"action":"drop","dest_ip_range":null,"dest_port_from":465,"dest_port_to":null,"direction":"outbound","editable":false,"id":"f37d9e7c-8ed7-4e0f-baff-7f5e7ede0baf","ip_range":"::/0","position":5,"protocol":"TCP","zone":"fr-par-1"},{"action":"drop","dest_ip_range":null,"dest_port_from":587,"dest_port_to":null,"direction":"outbound","editable":false,"id":"68054851-54e3-46c9-9cd7-83219751248b","ip_range":"::/0","position":6,"protocol":"TCP","zone":"fr-par-1"},{"action":"accept","dest_ip_range":null,"dest_port_from":22,"dest_port_to":null,"direction":"inbound","editable":true,"id":"5fff834b-bad0-4f1e-82ad-b8c6ce63d5ba","ip_range":"0.0.0.0/0","position":1,"protocol":"TCP","zone":"fr-par-1"}]}'
    headers:
      Content-Length:
      - "1792"
      Content-Security-Policy:
      - default-src 'none'; frame-ancestors 'none'
      Content-Type:
      - application/json
      Date:
      - Tue, 05 Dec 2023 12:33:24 GMT
      Server:
      - Scaleway API-Gateway
      Strict-Transport-Security:
      - max-age=63072000
      X-Content-Type-Options:
      - nosniff
      X-Frame-Options:
      - DENY
      X-Request-Id:
      - 44f4099f-abc1-4753-9303-c3dac94356a0
    status: 200 OK
    code: 200
    duration: ""
- request:
    body: ""
    form: {}
    headers:
      User-Agent:
      - scaleway-sdk-go/v1.0.0-beta.7+dev (go1.21.1; linux; amd64) terraform-provider/develop
        terraform/terraform-tests
    url: https://api.scaleway.com/instance/v1/zones/fr-par-1/security_groups/68fdd6b2-a8ca-4a8c-b35c-9cfca84b0f63
    method: GET
  response:
    body: '{"security_group":{"creation_date":"2023-12-05T12:33:22.594882+00:00","description":null,"enable_default_security":true,"id":"68fdd6b2-a8ca-4a8c-b35c-9cfca84b0f63","inbound_default_policy":"accept","modification_date":"2023-12-05T12:33:23.044014+00:00","name":"tf-sg-bold-mendeleev","organization":"105bdce1-64c0-48ab-899d-868455867ecf","organization_default":false,"outbound_default_policy":"accept","project":"105bdce1-64c0-48ab-899d-868455867ecf","project_default":false,"servers":[],"state":"available","stateful":true,"tags":["test-terraform"],"zone":"fr-par-1"}}'
    headers:
      Content-Length:
      - "602"
      Content-Security-Policy:
      - default-src 'none'; frame-ancestors 'none'
      Content-Type:
      - application/json
      Date:
      - Tue, 05 Dec 2023 12:33:24 GMT
      Server:
      - Scaleway API-Gateway
      Strict-Transport-Security:
      - max-age=63072000
      X-Content-Type-Options:
      - nosniff
      X-Frame-Options:
      - DENY
      X-Request-Id:
      - c008cc41-7d44-4110-83f9-7f816ea161c8
    status: 200 OK
    code: 200
    duration: ""
- request:
    body: ""
    form: {}
    headers:
      User-Agent:
      - scaleway-sdk-go/v1.0.0-beta.7+dev (go1.21.1; linux; amd64) terraform-provider/develop
        terraform/terraform-tests
    url: https://api.scaleway.com/instance/v1/zones/fr-par-1/security_groups/68fdd6b2-a8ca-4a8c-b35c-9cfca84b0f63/rules?page=1
    method: GET
  response:
    body: '{"rules":[{"action":"drop","dest_ip_range":null,"dest_port_from":25,"dest_port_to":null,"direction":"outbound","editable":false,"id":"58909be7-d17c-4ac8-9eb3-23d5fc58abc5","ip_range":"0.0.0.0/0","position":1,"protocol":"TCP","zone":"fr-par-1"},{"action":"drop","dest_ip_range":null,"dest_port_from":465,"dest_port_to":null,"direction":"outbound","editable":false,"id":"25680235-108b-4bbc-8e25-114303d950bd","ip_range":"0.0.0.0/0","position":2,"protocol":"TCP","zone":"fr-par-1"},{"action":"drop","dest_ip_range":null,"dest_port_from":587,"dest_port_to":null,"direction":"outbound","editable":false,"id":"4a31b633-118e-4900-bd52-facf1085fc8d","ip_range":"0.0.0.0/0","position":3,"protocol":"TCP","zone":"fr-par-1"},{"action":"drop","dest_ip_range":null,"dest_port_from":25,"dest_port_to":null,"direction":"outbound","editable":false,"id":"e7dd28e8-3747-4c7c-9a4f-35ae3f0ae2cd","ip_range":"::/0","position":4,"protocol":"TCP","zone":"fr-par-1"},{"action":"drop","dest_ip_range":null,"dest_port_from":465,"dest_port_to":null,"direction":"outbound","editable":false,"id":"f37d9e7c-8ed7-4e0f-baff-7f5e7ede0baf","ip_range":"::/0","position":5,"protocol":"TCP","zone":"fr-par-1"},{"action":"drop","dest_ip_range":null,"dest_port_from":587,"dest_port_to":null,"direction":"outbound","editable":false,"id":"68054851-54e3-46c9-9cd7-83219751248b","ip_range":"::/0","position":6,"protocol":"TCP","zone":"fr-par-1"},{"action":"accept","dest_ip_range":null,"dest_port_from":22,"dest_port_to":null,"direction":"inbound","editable":true,"id":"5fff834b-bad0-4f1e-82ad-b8c6ce63d5ba","ip_range":"0.0.0.0/0","position":1,"protocol":"TCP","zone":"fr-par-1"}]}'
    headers:
      Content-Length:
      - "1792"
      Content-Security-Policy:
      - default-src 'none'; frame-ancestors 'none'
      Content-Type:
      - application/json
      Date:
      - Tue, 05 Dec 2023 12:33:25 GMT
      Server:
      - Scaleway API-Gateway
      Strict-Transport-Security:
      - max-age=63072000
      X-Content-Type-Options:
      - nosniff
      X-Frame-Options:
      - DENY
      X-Request-Id:
      - 71f2d752-2436-47ac-8b23-0e99d075dd34
    status: 200 OK
    code: 200
    duration: ""
- request:
    body: '{"name":"tf-sg-bold-mendeleev","inbound_default_policy":"accept","tags":[],"outbound_default_policy":"accept","stateful":true}'
    form: {}
    headers:
      Content-Type:
      - application/json
      User-Agent:
      - scaleway-sdk-go/v1.0.0-beta.7+dev (go1.21.1; linux; amd64) terraform-provider/develop
        terraform/terraform-tests
    url: https://api.scaleway.com/instance/v1/zones/fr-par-1/security_groups/68fdd6b2-a8ca-4a8c-b35c-9cfca84b0f63
    method: PATCH
  response:
    body: '{"security_group":{"creation_date":"2023-12-05T12:33:22.594882+00:00","description":null,"enable_default_security":true,"id":"68fdd6b2-a8ca-4a8c-b35c-9cfca84b0f63","inbound_default_policy":"accept","modification_date":"2023-12-05T12:33:26.028406+00:00","name":"tf-sg-bold-mendeleev","organization":"105bdce1-64c0-48ab-899d-868455867ecf","organization_default":false,"outbound_default_policy":"accept","project":"105bdce1-64c0-48ab-899d-868455867ecf","project_default":false,"servers":[],"state":"syncing","stateful":true,"tags":[],"zone":"fr-par-1"}}'
    headers:
      Content-Length:
      - "584"
      Content-Security-Policy:
      - default-src 'none'; frame-ancestors 'none'
      Content-Type:
      - application/json
      Date:
      - Tue, 05 Dec 2023 12:33:26 GMT
      Server:
      - Scaleway API-Gateway
      Strict-Transport-Security:
      - max-age=63072000
      X-Content-Type-Options:
      - nosniff
      X-Frame-Options:
      - DENY
      X-Request-Id:
      - 29fc9e24-d618-417f-a0c0-860a6baad4ad
    status: 200 OK
    code: 200
    duration: ""
- request:
    body: '{"rules":[{"id":null,"action":"accept","protocol":"TCP","direction":"inbound","ip_range":"0.0.0.0/0","dest_port_from":null,"dest_port_to":null,"position":0,"editable":null,"zone":"fr-par-1"}]}'
    form: {}
    headers:
      Content-Type:
      - application/json
      User-Agent:
      - scaleway-sdk-go/v1.0.0-beta.7+dev (go1.21.1; linux; amd64) terraform-provider/develop
        terraform/terraform-tests
    url: https://api.scaleway.com/instance/v1/zones/fr-par-1/security_groups/68fdd6b2-a8ca-4a8c-b35c-9cfca84b0f63/rules
    method: PUT
  response:
    body: '{"rules":[{"action":"drop","dest_ip_range":null,"dest_port_from":25,"dest_port_to":null,"direction":"outbound","editable":false,"id":"58909be7-d17c-4ac8-9eb3-23d5fc58abc5","ip_range":"0.0.0.0/0","position":1,"protocol":"TCP","zone":"fr-par-1"},{"action":"drop","dest_ip_range":null,"dest_port_from":465,"dest_port_to":null,"direction":"outbound","editable":false,"id":"25680235-108b-4bbc-8e25-114303d950bd","ip_range":"0.0.0.0/0","position":2,"protocol":"TCP","zone":"fr-par-1"},{"action":"drop","dest_ip_range":null,"dest_port_from":587,"dest_port_to":null,"direction":"outbound","editable":false,"id":"4a31b633-118e-4900-bd52-facf1085fc8d","ip_range":"0.0.0.0/0","position":3,"protocol":"TCP","zone":"fr-par-1"},{"action":"drop","dest_ip_range":null,"dest_port_from":25,"dest_port_to":null,"direction":"outbound","editable":false,"id":"e7dd28e8-3747-4c7c-9a4f-35ae3f0ae2cd","ip_range":"::/0","position":4,"protocol":"TCP","zone":"fr-par-1"},{"action":"drop","dest_ip_range":null,"dest_port_from":465,"dest_port_to":null,"direction":"outbound","editable":false,"id":"f37d9e7c-8ed7-4e0f-baff-7f5e7ede0baf","ip_range":"::/0","position":5,"protocol":"TCP","zone":"fr-par-1"},{"action":"drop","dest_ip_range":null,"dest_port_from":587,"dest_port_to":null,"direction":"outbound","editable":false,"id":"68054851-54e3-46c9-9cd7-83219751248b","ip_range":"::/0","position":6,"protocol":"TCP","zone":"fr-par-1"},{"action":"accept","dest_ip_range":null,"dest_port_from":null,"dest_port_to":null,"direction":"inbound","editable":true,"id":"f30ca6e5-5215-4da2-a9e9-5f97b0f318c7","ip_range":"0.0.0.0/0","position":1,"protocol":"TCP","zone":"fr-par-1"}]}'
    headers:
      Content-Length:
      - "1794"
      Content-Security-Policy:
      - default-src 'none'; frame-ancestors 'none'
      Content-Type:
      - application/json
      Date:
      - Tue, 05 Dec 2023 12:33:26 GMT
      Server:
      - Scaleway API-Gateway
      Strict-Transport-Security:
      - max-age=63072000
      X-Content-Type-Options:
      - nosniff
      X-Frame-Options:
      - DENY
      X-Request-Id:
      - 59f690da-6cd0-4e5b-bca9-1b3ec818f3ac
    status: 200 OK
    code: 200
    duration: ""
- request:
    body: ""
    form: {}
    headers:
      User-Agent:
      - scaleway-sdk-go/v1.0.0-beta.7+dev (go1.21.1; linux; amd64) terraform-provider/develop
        terraform/terraform-tests
    url: https://api.scaleway.com/instance/v1/zones/fr-par-1/security_groups/68fdd6b2-a8ca-4a8c-b35c-9cfca84b0f63
    method: GET
  response:
    body: '{"security_group":{"creation_date":"2023-12-05T12:33:22.594882+00:00","description":null,"enable_default_security":true,"id":"68fdd6b2-a8ca-4a8c-b35c-9cfca84b0f63","inbound_default_policy":"accept","modification_date":"2023-12-05T12:33:26.208260+00:00","name":"tf-sg-bold-mendeleev","organization":"105bdce1-64c0-48ab-899d-868455867ecf","organization_default":false,"outbound_default_policy":"accept","project":"105bdce1-64c0-48ab-899d-868455867ecf","project_default":false,"servers":[],"state":"available","stateful":true,"tags":[],"zone":"fr-par-1"}}'
    headers:
      Content-Length:
      - "586"
      Content-Security-Policy:
      - default-src 'none'; frame-ancestors 'none'
      Content-Type:
      - application/json
      Date:
      - Tue, 05 Dec 2023 12:33:26 GMT
      Server:
      - Scaleway API-Gateway
      Strict-Transport-Security:
      - max-age=63072000
      X-Content-Type-Options:
      - nosniff
      X-Frame-Options:
      - DENY
      X-Request-Id:
      - 75583929-e62d-4648-86e8-6d380b7db4ae
    status: 200 OK
    code: 200
    duration: ""
- request:
    body: ""
    form: {}
    headers:
      User-Agent:
      - scaleway-sdk-go/v1.0.0-beta.7+dev (go1.21.1; linux; amd64) terraform-provider/develop
        terraform/terraform-tests
    url: https://api.scaleway.com/instance/v1/zones/fr-par-1/security_groups/68fdd6b2-a8ca-4a8c-b35c-9cfca84b0f63/rules?page=1
    method: GET
  response:
    body: '{"rules":[{"action":"drop","dest_ip_range":null,"dest_port_from":25,"dest_port_to":null,"direction":"outbound","editable":false,"id":"58909be7-d17c-4ac8-9eb3-23d5fc58abc5","ip_range":"0.0.0.0/0","position":1,"protocol":"TCP","zone":"fr-par-1"},{"action":"drop","dest_ip_range":null,"dest_port_from":465,"dest_port_to":null,"direction":"outbound","editable":false,"id":"25680235-108b-4bbc-8e25-114303d950bd","ip_range":"0.0.0.0/0","position":2,"protocol":"TCP","zone":"fr-par-1"},{"action":"drop","dest_ip_range":null,"dest_port_from":587,"dest_port_to":null,"direction":"outbound","editable":false,"id":"4a31b633-118e-4900-bd52-facf1085fc8d","ip_range":"0.0.0.0/0","position":3,"protocol":"TCP","zone":"fr-par-1"},{"action":"drop","dest_ip_range":null,"dest_port_from":25,"dest_port_to":null,"direction":"outbound","editable":false,"id":"e7dd28e8-3747-4c7c-9a4f-35ae3f0ae2cd","ip_range":"::/0","position":4,"protocol":"TCP","zone":"fr-par-1"},{"action":"drop","dest_ip_range":null,"dest_port_from":465,"dest_port_to":null,"direction":"outbound","editable":false,"id":"f37d9e7c-8ed7-4e0f-baff-7f5e7ede0baf","ip_range":"::/0","position":5,"protocol":"TCP","zone":"fr-par-1"},{"action":"drop","dest_ip_range":null,"dest_port_from":587,"dest_port_to":null,"direction":"outbound","editable":false,"id":"68054851-54e3-46c9-9cd7-83219751248b","ip_range":"::/0","position":6,"protocol":"TCP","zone":"fr-par-1"},{"action":"accept","dest_ip_range":null,"dest_port_from":null,"dest_port_to":null,"direction":"inbound","editable":true,"id":"f30ca6e5-5215-4da2-a9e9-5f97b0f318c7","ip_range":"0.0.0.0/0","position":1,"protocol":"TCP","zone":"fr-par-1"}]}'
    headers:
      Content-Length:
      - "1794"
      Content-Security-Policy:
      - default-src 'none'; frame-ancestors 'none'
      Content-Type:
      - application/json
      Date:
      - Tue, 05 Dec 2023 12:33:26 GMT
      Server:
      - Scaleway API-Gateway
      Strict-Transport-Security:
      - max-age=63072000
      X-Content-Type-Options:
      - nosniff
      X-Frame-Options:
      - DENY
      X-Request-Id:
      - 3e9eef45-a8e7-43e1-80a6-658a0ca55fee
    status: 200 OK
    code: 200
    duration: ""
- request:
    body: ""
    form: {}
    headers:
      User-Agent:
      - scaleway-sdk-go/v1.0.0-beta.7+dev (go1.21.1; linux; amd64) terraform-provider/develop
        terraform/terraform-tests
    url: https://api.scaleway.com/instance/v1/zones/fr-par-1/security_groups/68fdd6b2-a8ca-4a8c-b35c-9cfca84b0f63/rules?page=1
    method: GET
  response:
    body: '{"rules":[{"action":"drop","dest_ip_range":null,"dest_port_from":25,"dest_port_to":null,"direction":"outbound","editable":false,"id":"58909be7-d17c-4ac8-9eb3-23d5fc58abc5","ip_range":"0.0.0.0/0","position":1,"protocol":"TCP","zone":"fr-par-1"},{"action":"drop","dest_ip_range":null,"dest_port_from":465,"dest_port_to":null,"direction":"outbound","editable":false,"id":"25680235-108b-4bbc-8e25-114303d950bd","ip_range":"0.0.0.0/0","position":2,"protocol":"TCP","zone":"fr-par-1"},{"action":"drop","dest_ip_range":null,"dest_port_from":587,"dest_port_to":null,"direction":"outbound","editable":false,"id":"4a31b633-118e-4900-bd52-facf1085fc8d","ip_range":"0.0.0.0/0","position":3,"protocol":"TCP","zone":"fr-par-1"},{"action":"drop","dest_ip_range":null,"dest_port_from":25,"dest_port_to":null,"direction":"outbound","editable":false,"id":"e7dd28e8-3747-4c7c-9a4f-35ae3f0ae2cd","ip_range":"::/0","position":4,"protocol":"TCP","zone":"fr-par-1"},{"action":"drop","dest_ip_range":null,"dest_port_from":465,"dest_port_to":null,"direction":"outbound","editable":false,"id":"f37d9e7c-8ed7-4e0f-baff-7f5e7ede0baf","ip_range":"::/0","position":5,"protocol":"TCP","zone":"fr-par-1"},{"action":"drop","dest_ip_range":null,"dest_port_from":587,"dest_port_to":null,"direction":"outbound","editable":false,"id":"68054851-54e3-46c9-9cd7-83219751248b","ip_range":"::/0","position":6,"protocol":"TCP","zone":"fr-par-1"},{"action":"accept","dest_ip_range":null,"dest_port_from":null,"dest_port_to":null,"direction":"inbound","editable":true,"id":"f30ca6e5-5215-4da2-a9e9-5f97b0f318c7","ip_range":"0.0.0.0/0","position":1,"protocol":"TCP","zone":"fr-par-1"}]}'
    headers:
      Content-Length:
      - "1794"
      Content-Security-Policy:
      - default-src 'none'; frame-ancestors 'none'
      Content-Type:
      - application/json
      Date:
      - Tue, 05 Dec 2023 12:33:26 GMT
      Server:
      - Scaleway API-Gateway
      Strict-Transport-Security:
      - max-age=63072000
      X-Content-Type-Options:
      - nosniff
      X-Frame-Options:
      - DENY
      X-Request-Id:
      - f02a641e-8434-4382-8597-662c71d77243
    status: 200 OK
    code: 200
    duration: ""
- request:
    body: ""
    form: {}
    headers:
      User-Agent:
      - scaleway-sdk-go/v1.0.0-beta.7+dev (go1.21.1; linux; amd64) terraform-provider/develop
        terraform/terraform-tests
    url: https://api.scaleway.com/instance/v1/zones/fr-par-1/security_groups/68fdd6b2-a8ca-4a8c-b35c-9cfca84b0f63
    method: GET
  response:
    body: '{"security_group":{"creation_date":"2023-12-05T12:33:22.594882+00:00","description":null,"enable_default_security":true,"id":"68fdd6b2-a8ca-4a8c-b35c-9cfca84b0f63","inbound_default_policy":"accept","modification_date":"2023-12-05T12:33:26.208260+00:00","name":"tf-sg-bold-mendeleev","organization":"105bdce1-64c0-48ab-899d-868455867ecf","organization_default":false,"outbound_default_policy":"accept","project":"105bdce1-64c0-48ab-899d-868455867ecf","project_default":false,"servers":[],"state":"available","stateful":true,"tags":[],"zone":"fr-par-1"}}'
    headers:
      Content-Length:
      - "586"
      Content-Security-Policy:
      - default-src 'none'; frame-ancestors 'none'
      Content-Type:
      - application/json
      Date:
      - Tue, 05 Dec 2023 12:33:27 GMT
      Server:
      - Scaleway API-Gateway
      Strict-Transport-Security:
      - max-age=63072000
      X-Content-Type-Options:
      - nosniff
      X-Frame-Options:
      - DENY
      X-Request-Id:
      - f2cbe086-6b69-4f79-a358-bbd521c7dfb3
    status: 200 OK
    code: 200
    duration: ""
- request:
    body: ""
    form: {}
    headers:
      User-Agent:
      - scaleway-sdk-go/v1.0.0-beta.7+dev (go1.21.1; linux; amd64) terraform-provider/develop
        terraform/terraform-tests
    url: https://api.scaleway.com/instance/v1/zones/fr-par-1/security_groups/68fdd6b2-a8ca-4a8c-b35c-9cfca84b0f63/rules?page=1
    method: GET
  response:
    body: '{"rules":[{"action":"drop","dest_ip_range":null,"dest_port_from":25,"dest_port_to":null,"direction":"outbound","editable":false,"id":"58909be7-d17c-4ac8-9eb3-23d5fc58abc5","ip_range":"0.0.0.0/0","position":1,"protocol":"TCP","zone":"fr-par-1"},{"action":"drop","dest_ip_range":null,"dest_port_from":465,"dest_port_to":null,"direction":"outbound","editable":false,"id":"25680235-108b-4bbc-8e25-114303d950bd","ip_range":"0.0.0.0/0","position":2,"protocol":"TCP","zone":"fr-par-1"},{"action":"drop","dest_ip_range":null,"dest_port_from":587,"dest_port_to":null,"direction":"outbound","editable":false,"id":"4a31b633-118e-4900-bd52-facf1085fc8d","ip_range":"0.0.0.0/0","position":3,"protocol":"TCP","zone":"fr-par-1"},{"action":"drop","dest_ip_range":null,"dest_port_from":25,"dest_port_to":null,"direction":"outbound","editable":false,"id":"e7dd28e8-3747-4c7c-9a4f-35ae3f0ae2cd","ip_range":"::/0","position":4,"protocol":"TCP","zone":"fr-par-1"},{"action":"drop","dest_ip_range":null,"dest_port_from":465,"dest_port_to":null,"direction":"outbound","editable":false,"id":"f37d9e7c-8ed7-4e0f-baff-7f5e7ede0baf","ip_range":"::/0","position":5,"protocol":"TCP","zone":"fr-par-1"},{"action":"drop","dest_ip_range":null,"dest_port_from":587,"dest_port_to":null,"direction":"outbound","editable":false,"id":"68054851-54e3-46c9-9cd7-83219751248b","ip_range":"::/0","position":6,"protocol":"TCP","zone":"fr-par-1"},{"action":"accept","dest_ip_range":null,"dest_port_from":null,"dest_port_to":null,"direction":"inbound","editable":true,"id":"f30ca6e5-5215-4da2-a9e9-5f97b0f318c7","ip_range":"0.0.0.0/0","position":1,"protocol":"TCP","zone":"fr-par-1"}]}'
    headers:
      Content-Length:
      - "1794"
      Content-Security-Policy:
      - default-src 'none'; frame-ancestors 'none'
      Content-Type:
      - application/json
      Date:
      - Tue, 05 Dec 2023 12:33:27 GMT
      Server:
      - Scaleway API-Gateway
      Strict-Transport-Security:
      - max-age=63072000
      X-Content-Type-Options:
      - nosniff
      X-Frame-Options:
      - DENY
      X-Request-Id:
      - 91ddfd10-f893-4f69-bbf9-21e3b6e2548d
    status: 200 OK
    code: 200
    duration: ""
- request:
    body: ""
    form: {}
    headers:
      User-Agent:
      - scaleway-sdk-go/v1.0.0-beta.7+dev (go1.21.1; linux; amd64) terraform-provider/develop
        terraform/terraform-tests
    url: https://api.scaleway.com/instance/v1/zones/fr-par-1/security_groups/68fdd6b2-a8ca-4a8c-b35c-9cfca84b0f63
    method: DELETE
  response:
    body: ""
    headers:
      Content-Security-Policy:
      - default-src 'none'; frame-ancestors 'none'
      Date:
      - Tue, 05 Dec 2023 12:33:28 GMT
      Server:
      - Scaleway API-Gateway
      Strict-Transport-Security:
      - max-age=63072000
      X-Content-Type-Options:
      - nosniff
      X-Frame-Options:
      - DENY
      X-Request-Id:
      - 3a3fede2-3ff8-4468-8bba-7c705d90b140
    status: 204 No Content
    code: 204
    duration: ""
- request:
    body: ""
    form: {}
    headers:
      User-Agent:
      - scaleway-sdk-go/v1.0.0-beta.7+dev (go1.21.1; linux; amd64) terraform-provider/develop
        terraform/terraform-tests
    url: https://api.scaleway.com/instance/v1/zones/fr-par-1/security_groups/68fdd6b2-a8ca-4a8c-b35c-9cfca84b0f63
    method: GET
  response:
    body: '{"message":"resource is not found","resource":"instance_security_group","resource_id":"68fdd6b2-a8ca-4a8c-b35c-9cfca84b0f63","type":"not_found"}'
    headers:
      Content-Length:
      - "151"
      Content-Security-Policy:
      - default-src 'none'; frame-ancestors 'none'
      Content-Type:
      - application/json
      Date:
      - Tue, 05 Dec 2023 12:33:28 GMT
      Server:
      - Scaleway API-Gateway
      Strict-Transport-Security:
      - max-age=63072000
      X-Content-Type-Options:
      - nosniff
      X-Frame-Options:
      - DENY
      X-Request-Id:
      - 79920e88-8698-4f76-82ae-d46bbbb30739
    status: 404 Not Found
    code: 404
    duration: ""
