---
version: 1
interactions:
- request:
    body: '{"name":"tf-vol-nifty-snyder","project":"105bdce1-64c0-48ab-899d-868455867ecf","volume_type":"b_ssd","size":20000000000}'
    form: {}
    headers:
      Content-Type:
      - application/json
      User-Agent:
      - scaleway-sdk-go/v1.0.0-beta.7+dev (go1.21.1; linux; amd64) terraform-provider/develop
        terraform/terraform-tests
    url: https://api.scaleway.com/instance/v1/zones/nl-ams-1/volumes
    method: POST
  response:
    body: '{"volume":{"creation_date":"2023-12-05T10:57:18.028739+00:00","export_uri":null,"id":"844e264b-e452-48b4-927a-7906905609fa","modification_date":"2023-12-05T10:57:18.028739+00:00","name":"tf-vol-nifty-snyder","organization":"105bdce1-64c0-48ab-899d-868455867ecf","project":"105bdce1-64c0-48ab-899d-868455867ecf","server":null,"size":20000000000,"state":"available","tags":[],"volume_type":"b_ssd","zone":"nl-ams-1"}}'
    headers:
      Content-Length:
      - "441"
      Content-Security-Policy:
      - default-src 'none'; frame-ancestors 'none'
      Content-Type:
      - application/json
      Date:
      - Tue, 05 Dec 2023 10:57:18 GMT
      Location:
      - https://api.scaleway.com/instance/v1/zones/nl-ams-1/volumes/844e264b-e452-48b4-927a-7906905609fa
      Server:
      - Scaleway API-Gateway
      Strict-Transport-Security:
      - max-age=63072000
      X-Content-Type-Options:
      - nosniff
      X-Frame-Options:
      - DENY
      X-Request-Id:
      - 6e50c5f9-3826-47cc-bd40-d79639bb3b9d
    status: 201 Created
    code: 201
    duration: ""
- request:
    body: ""
    form: {}
    headers:
      User-Agent:
      - scaleway-sdk-go/v1.0.0-beta.7+dev (go1.21.1; linux; amd64) terraform-provider/develop
        terraform/terraform-tests
    url: https://api.scaleway.com/instance/v1/zones/nl-ams-1/volumes/844e264b-e452-48b4-927a-7906905609fa
    method: GET
  response:
    body: '{"volume":{"creation_date":"2023-12-05T10:57:18.028739+00:00","export_uri":null,"id":"844e264b-e452-48b4-927a-7906905609fa","modification_date":"2023-12-05T10:57:18.028739+00:00","name":"tf-vol-nifty-snyder","organization":"105bdce1-64c0-48ab-899d-868455867ecf","project":"105bdce1-64c0-48ab-899d-868455867ecf","server":null,"size":20000000000,"state":"available","tags":[],"volume_type":"b_ssd","zone":"nl-ams-1"}}'
    headers:
      Content-Length:
      - "441"
      Content-Security-Policy:
      - default-src 'none'; frame-ancestors 'none'
      Content-Type:
      - application/json
      Date:
      - Tue, 05 Dec 2023 10:57:18 GMT
      Server:
      - Scaleway API-Gateway
      Strict-Transport-Security:
      - max-age=63072000
      X-Content-Type-Options:
      - nosniff
      X-Frame-Options:
      - DENY
      X-Request-Id:
      - 588d2f57-8639-45e6-bd2f-17588a2d2ee6
    status: 200 OK
    code: 200
    duration: ""
- request:
    body: ""
    form: {}
    headers:
      User-Agent:
      - scaleway-sdk-go/v1.0.0-beta.7+dev (go1.21.1; linux; amd64) terraform-provider/develop
        terraform/terraform-tests
    url: https://api.scaleway.com/instance/v1/zones/nl-ams-1/volumes/844e264b-e452-48b4-927a-7906905609fa
    method: GET
  response:
    body: '{"volume":{"creation_date":"2023-12-05T10:57:18.028739+00:00","export_uri":null,"id":"844e264b-e452-48b4-927a-7906905609fa","modification_date":"2023-12-05T10:57:18.028739+00:00","name":"tf-vol-nifty-snyder","organization":"105bdce1-64c0-48ab-899d-868455867ecf","project":"105bdce1-64c0-48ab-899d-868455867ecf","server":null,"size":20000000000,"state":"available","tags":[],"volume_type":"b_ssd","zone":"nl-ams-1"}}'
    headers:
      Content-Length:
      - "441"
      Content-Security-Policy:
      - default-src 'none'; frame-ancestors 'none'
      Content-Type:
      - application/json
      Date:
      - Tue, 05 Dec 2023 10:57:18 GMT
      Server:
      - Scaleway API-Gateway
      Strict-Transport-Security:
      - max-age=63072000
      X-Content-Type-Options:
      - nosniff
      X-Frame-Options:
      - DENY
      X-Request-Id:
      - 85d27a75-58e4-47f4-a947-56f22ec56eff
    status: 200 OK
    code: 200
    duration: ""
- request:
    body: '{"name":"tf-snap-pedantic-kalam","volume_id":"844e264b-e452-48b4-927a-7906905609fa","project":"105bdce1-64c0-48ab-899d-868455867ecf"}'
    form: {}
    headers:
      Content-Type:
      - application/json
      User-Agent:
      - scaleway-sdk-go/v1.0.0-beta.7+dev (go1.21.1; linux; amd64) terraform-provider/develop
        terraform/terraform-tests
    url: https://api.scaleway.com/instance/v1/zones/nl-ams-1/snapshots
    method: POST
  response:
    body: '{"snapshot":{"base_volume":{"id":"844e264b-e452-48b4-927a-7906905609fa","name":"tf-vol-nifty-snyder"},"creation_date":"2023-12-05T10:57:18.607689+00:00","error_details":null,"id":"47b46b5b-b9f8-441f-bc16-06faec34745a","modification_date":"2023-12-05T10:57:18.607689+00:00","name":"tf-snap-pedantic-kalam","organization":"105bdce1-64c0-48ab-899d-868455867ecf","project":"105bdce1-64c0-48ab-899d-868455867ecf","size":20000000000,"state":"snapshotting","tags":[],"volume_type":"b_ssd","zone":"nl-ams-1"},"task":{"description":"snapshot_47b46b5b-b9f8-441f-bc16-06faec34745a","href_from":"/snapshots","href_result":"snapshots/47b46b5b-b9f8-441f-bc16-06faec34745a","id":"89695ec3-86ff-4bd1-82d8-637d7b44d185","started_at":"2023-12-05T10:57:18.912868+00:00","status":"pending","terminated_at":null}}'
    headers:
      Content-Length:
      - "836"
      Content-Security-Policy:
      - default-src 'none'; frame-ancestors 'none'
      Content-Type:
      - application/json
      Date:
      - Tue, 05 Dec 2023 10:57:19 GMT
      Server:
      - Scaleway API-Gateway
      Strict-Transport-Security:
      - max-age=63072000
      X-Content-Type-Options:
      - nosniff
      X-Frame-Options:
      - DENY
      X-Request-Id:
      - 4874d109-3cf9-4486-832f-bbee278d3be5
    status: 201 Created
    code: 201
    duration: ""
- request:
    body: ""
    form: {}
    headers:
      User-Agent:
      - scaleway-sdk-go/v1.0.0-beta.7+dev (go1.21.1; linux; amd64) terraform-provider/develop
        terraform/terraform-tests
    url: https://api.scaleway.com/instance/v1/zones/nl-ams-1/snapshots/47b46b5b-b9f8-441f-bc16-06faec34745a
    method: GET
  response:
    body: '{"snapshot":{"base_volume":{"id":"844e264b-e452-48b4-927a-7906905609fa","name":"tf-vol-nifty-snyder"},"creation_date":"2023-12-05T10:57:18.607689+00:00","error_details":null,"id":"47b46b5b-b9f8-441f-bc16-06faec34745a","modification_date":"2023-12-05T10:57:18.607689+00:00","name":"tf-snap-pedantic-kalam","organization":"105bdce1-64c0-48ab-899d-868455867ecf","project":"105bdce1-64c0-48ab-899d-868455867ecf","size":20000000000,"state":"snapshotting","tags":[],"volume_type":"b_ssd","zone":"nl-ams-1"}}'
    headers:
      Content-Length:
      - "530"
      Content-Security-Policy:
      - default-src 'none'; frame-ancestors 'none'
      Content-Type:
      - application/json
      Date:
      - Tue, 05 Dec 2023 10:57:19 GMT
      Server:
      - Scaleway API-Gateway
      Strict-Transport-Security:
      - max-age=63072000
      X-Content-Type-Options:
      - nosniff
      X-Frame-Options:
      - DENY
      X-Request-Id:
      - 34bd7858-81e9-4254-9d8e-a69370325389
    status: 200 OK
    code: 200
    duration: ""
- request:
    body: ""
    form: {}
    headers:
      User-Agent:
      - scaleway-sdk-go/v1.0.0-beta.7+dev (go1.21.1; linux; amd64) terraform-provider/develop
        terraform/terraform-tests
    url: https://api.scaleway.com/instance/v1/zones/nl-ams-1/snapshots/47b46b5b-b9f8-441f-bc16-06faec34745a
    method: GET
  response:
    body: '{"snapshot":{"base_volume":{"id":"844e264b-e452-48b4-927a-7906905609fa","name":"tf-vol-nifty-snyder"},"creation_date":"2023-12-05T10:57:18.607689+00:00","error_details":null,"id":"47b46b5b-b9f8-441f-bc16-06faec34745a","modification_date":"2023-12-05T10:57:21.174976+00:00","name":"tf-snap-pedantic-kalam","organization":"105bdce1-64c0-48ab-899d-868455867ecf","project":"105bdce1-64c0-48ab-899d-868455867ecf","size":20000000000,"state":"available","tags":[],"volume_type":"b_ssd","zone":"nl-ams-1"}}'
    headers:
      Content-Length:
      - "527"
      Content-Security-Policy:
      - default-src 'none'; frame-ancestors 'none'
      Content-Type:
      - application/json
      Date:
      - Tue, 05 Dec 2023 10:57:24 GMT
      Server:
      - Scaleway API-Gateway
      Strict-Transport-Security:
      - max-age=63072000
      X-Content-Type-Options:
      - nosniff
      X-Frame-Options:
      - DENY
      X-Request-Id:
      - 970cfec7-6c2e-4244-9c34-9e520ad1a894
    status: 200 OK
    code: 200
    duration: ""
- request:
    body: ""
    form: {}
    headers:
      User-Agent:
      - scaleway-sdk-go/v1.0.0-beta.7+dev (go1.21.1; linux; amd64) terraform-provider/develop
        terraform/terraform-tests
    url: https://api.scaleway.com/instance/v1/zones/nl-ams-1/snapshots/47b46b5b-b9f8-441f-bc16-06faec34745a
    method: GET
  response:
    body: '{"snapshot":{"base_volume":{"id":"844e264b-e452-48b4-927a-7906905609fa","name":"tf-vol-nifty-snyder"},"creation_date":"2023-12-05T10:57:18.607689+00:00","error_details":null,"id":"47b46b5b-b9f8-441f-bc16-06faec34745a","modification_date":"2023-12-05T10:57:21.174976+00:00","name":"tf-snap-pedantic-kalam","organization":"105bdce1-64c0-48ab-899d-868455867ecf","project":"105bdce1-64c0-48ab-899d-868455867ecf","size":20000000000,"state":"available","tags":[],"volume_type":"b_ssd","zone":"nl-ams-1"}}'
    headers:
      Content-Length:
      - "527"
      Content-Security-Policy:
      - default-src 'none'; frame-ancestors 'none'
      Content-Type:
      - application/json
      Date:
      - Tue, 05 Dec 2023 10:57:24 GMT
      Server:
      - Scaleway API-Gateway
      Strict-Transport-Security:
      - max-age=63072000
      X-Content-Type-Options:
      - nosniff
      X-Frame-Options:
      - DENY
      X-Request-Id:
      - ae063889-f025-4531-b32f-66d2e2dacf50
    status: 200 OK
    code: 200
    duration: ""
- request:
    body: '{"name":"test_image_basic","root_volume":"47b46b5b-b9f8-441f-bc16-06faec34745a","arch":"x86_64","project":"105bdce1-64c0-48ab-899d-868455867ecf","tags":["tag1","tag2","tag3"],"public":false}'
    form: {}
    headers:
      Content-Type:
      - application/json
      User-Agent:
      - scaleway-sdk-go/v1.0.0-beta.7+dev (go1.21.1; linux; amd64) terraform-provider/develop
        terraform/terraform-tests
    url: https://api.scaleway.com/instance/v1/zones/nl-ams-1/images
    method: POST
  response:
    body: '{"image":{"arch":"x86_64","creation_date":"2023-12-05T10:57:24.927531+00:00","default_bootscript":null,"extra_volumes":{},"from_server":null,"id":"6469cc1f-617b-4652-89c5-98551e55f3e6","modification_date":"2023-12-05T10:57:24.927531+00:00","name":"test_image_basic","organization":"105bdce1-64c0-48ab-899d-868455867ecf","project":"105bdce1-64c0-48ab-899d-868455867ecf","public":false,"root_volume":{"id":"47b46b5b-b9f8-441f-bc16-06faec34745a","name":"tf-snap-pedantic-kalam","size":20000000000,"volume_type":"b_ssd"},"state":"available","tags":["tag1","tag2","tag3"],"zone":"nl-ams-1"}}'
    headers:
      Content-Length:
      - "625"
      Content-Security-Policy:
      - default-src 'none'; frame-ancestors 'none'
      Content-Type:
      - application/json
      Date:
      - Tue, 05 Dec 2023 10:57:25 GMT
      Location:
      - https://api.scaleway.com/instance/v1/zones/nl-ams-1/images/6469cc1f-617b-4652-89c5-98551e55f3e6
      Server:
      - Scaleway API-Gateway
      Strict-Transport-Security:
      - max-age=63072000
      X-Content-Type-Options:
      - nosniff
      X-Frame-Options:
      - DENY
      X-Request-Id:
      - d7452a1b-8dbe-4d11-83e1-cb6d9617ff82
    status: 201 Created
    code: 201
    duration: ""
- request:
    body: ""
    form: {}
    headers:
      User-Agent:
      - scaleway-sdk-go/v1.0.0-beta.7+dev (go1.21.1; linux; amd64) terraform-provider/develop
        terraform/terraform-tests
    url: https://api.scaleway.com/instance/v1/zones/nl-ams-1/images/6469cc1f-617b-4652-89c5-98551e55f3e6
    method: GET
  response:
    body: '{"image":{"arch":"x86_64","creation_date":"2023-12-05T10:57:24.927531+00:00","default_bootscript":null,"extra_volumes":{},"from_server":null,"id":"6469cc1f-617b-4652-89c5-98551e55f3e6","modification_date":"2023-12-05T10:57:24.927531+00:00","name":"test_image_basic","organization":"105bdce1-64c0-48ab-899d-868455867ecf","project":"105bdce1-64c0-48ab-899d-868455867ecf","public":false,"root_volume":{"id":"47b46b5b-b9f8-441f-bc16-06faec34745a","name":"tf-snap-pedantic-kalam","size":20000000000,"volume_type":"b_ssd"},"state":"available","tags":["tag1","tag2","tag3"],"zone":"nl-ams-1"}}'
    headers:
      Content-Length:
      - "625"
      Content-Security-Policy:
      - default-src 'none'; frame-ancestors 'none'
      Content-Type:
      - application/json
      Date:
      - Tue, 05 Dec 2023 10:57:25 GMT
      Server:
      - Scaleway API-Gateway
      Strict-Transport-Security:
      - max-age=63072000
      X-Content-Type-Options:
      - nosniff
      X-Frame-Options:
      - DENY
      X-Request-Id:
      - 7af8f2f6-c60b-4358-ae95-69ce92241a00
    status: 200 OK
    code: 200
    duration: ""
- request:
    body: ""
    form: {}
    headers:
      User-Agent:
      - scaleway-sdk-go/v1.0.0-beta.7+dev (go1.21.1; linux; amd64) terraform-provider/develop
        terraform/terraform-tests
    url: https://api.scaleway.com/instance/v1/zones/nl-ams-1/images/6469cc1f-617b-4652-89c5-98551e55f3e6
    method: GET
  response:
    body: '{"image":{"arch":"x86_64","creation_date":"2023-12-05T10:57:24.927531+00:00","default_bootscript":null,"extra_volumes":{},"from_server":null,"id":"6469cc1f-617b-4652-89c5-98551e55f3e6","modification_date":"2023-12-05T10:57:24.927531+00:00","name":"test_image_basic","organization":"105bdce1-64c0-48ab-899d-868455867ecf","project":"105bdce1-64c0-48ab-899d-868455867ecf","public":false,"root_volume":{"id":"47b46b5b-b9f8-441f-bc16-06faec34745a","name":"tf-snap-pedantic-kalam","size":20000000000,"volume_type":"b_ssd"},"state":"available","tags":["tag1","tag2","tag3"],"zone":"nl-ams-1"}}'
    headers:
      Content-Length:
      - "625"
      Content-Security-Policy:
      - default-src 'none'; frame-ancestors 'none'
      Content-Type:
      - application/json
      Date:
      - Tue, 05 Dec 2023 10:57:25 GMT
      Server:
      - Scaleway API-Gateway
      Strict-Transport-Security:
      - max-age=63072000
      X-Content-Type-Options:
      - nosniff
      X-Frame-Options:
      - DENY
      X-Request-Id:
      - d4e2024e-7ad8-45e6-a21c-b065beb4fdf7
    status: 200 OK
    code: 200
    duration: ""
- request:
    body: ""
    form: {}
    headers:
      User-Agent:
      - scaleway-sdk-go/v1.0.0-beta.7+dev (go1.21.1; linux; amd64) terraform-provider/develop
        terraform/terraform-tests
    url: https://api.scaleway.com/instance/v1/zones/nl-ams-1/volumes/844e264b-e452-48b4-927a-7906905609fa
    method: GET
  response:
    body: '{"volume":{"creation_date":"2023-12-05T10:57:18.028739+00:00","export_uri":null,"id":"844e264b-e452-48b4-927a-7906905609fa","modification_date":"2023-12-05T10:57:21.174976+00:00","name":"tf-vol-nifty-snyder","organization":"105bdce1-64c0-48ab-899d-868455867ecf","project":"105bdce1-64c0-48ab-899d-868455867ecf","server":null,"size":20000000000,"state":"available","tags":[],"volume_type":"b_ssd","zone":"nl-ams-1"}}'
    headers:
      Content-Length:
      - "441"
      Content-Security-Policy:
      - default-src 'none'; frame-ancestors 'none'
      Content-Type:
      - application/json
      Date:
      - Tue, 05 Dec 2023 10:57:25 GMT
      Server:
      - Scaleway API-Gateway
      Strict-Transport-Security:
      - max-age=63072000
      X-Content-Type-Options:
      - nosniff
      X-Frame-Options:
      - DENY
      X-Request-Id:
      - 3d1d4acd-6701-4e6e-83a1-41f92fda7648
    status: 200 OK
    code: 200
    duration: ""
- request:
    body: ""
    form: {}
    headers:
      User-Agent:
      - scaleway-sdk-go/v1.0.0-beta.7+dev (go1.21.1; linux; amd64) terraform-provider/develop
        terraform/terraform-tests
    url: https://api.scaleway.com/instance/v1/zones/nl-ams-1/snapshots/47b46b5b-b9f8-441f-bc16-06faec34745a
    method: GET
  response:
    body: '{"snapshot":{"base_volume":{"id":"844e264b-e452-48b4-927a-7906905609fa","name":"tf-vol-nifty-snyder"},"creation_date":"2023-12-05T10:57:18.607689+00:00","error_details":null,"id":"47b46b5b-b9f8-441f-bc16-06faec34745a","modification_date":"2023-12-05T10:57:21.174976+00:00","name":"tf-snap-pedantic-kalam","organization":"105bdce1-64c0-48ab-899d-868455867ecf","project":"105bdce1-64c0-48ab-899d-868455867ecf","size":20000000000,"state":"available","tags":[],"volume_type":"b_ssd","zone":"nl-ams-1"}}'
    headers:
      Content-Length:
      - "527"
      Content-Security-Policy:
      - default-src 'none'; frame-ancestors 'none'
      Content-Type:
      - application/json
      Date:
      - Tue, 05 Dec 2023 10:57:25 GMT
      Server:
      - Scaleway API-Gateway
      Strict-Transport-Security:
      - max-age=63072000
      X-Content-Type-Options:
      - nosniff
      X-Frame-Options:
      - DENY
      X-Request-Id:
      - 5dbf3ccf-91bf-4d57-b8a5-f04234cf3874
    status: 200 OK
    code: 200
    duration: ""
- request:
    body: ""
    form: {}
    headers:
      User-Agent:
      - scaleway-sdk-go/v1.0.0-beta.7+dev (go1.21.1; linux; amd64) terraform-provider/develop
        terraform/terraform-tests
    url: https://api.scaleway.com/instance/v1/zones/nl-ams-1/images/6469cc1f-617b-4652-89c5-98551e55f3e6
    method: GET
  response:
    body: '{"image":{"arch":"x86_64","creation_date":"2023-12-05T10:57:24.927531+00:00","default_bootscript":null,"extra_volumes":{},"from_server":null,"id":"6469cc1f-617b-4652-89c5-98551e55f3e6","modification_date":"2023-12-05T10:57:24.927531+00:00","name":"test_image_basic","organization":"105bdce1-64c0-48ab-899d-868455867ecf","project":"105bdce1-64c0-48ab-899d-868455867ecf","public":false,"root_volume":{"id":"47b46b5b-b9f8-441f-bc16-06faec34745a","name":"tf-snap-pedantic-kalam","size":20000000000,"volume_type":"b_ssd"},"state":"available","tags":["tag1","tag2","tag3"],"zone":"nl-ams-1"}}'
    headers:
      Content-Length:
      - "625"
      Content-Security-Policy:
      - default-src 'none'; frame-ancestors 'none'
      Content-Type:
      - application/json
      Date:
      - Tue, 05 Dec 2023 10:57:25 GMT
      Server:
      - Scaleway API-Gateway
      Strict-Transport-Security:
      - max-age=63072000
      X-Content-Type-Options:
      - nosniff
      X-Frame-Options:
      - DENY
      X-Request-Id:
      - 62bca4de-750e-450a-9d7a-3328eca3b475
    status: 200 OK
    code: 200
    duration: ""
- request:
    body: ""
    form: {}
    headers:
      User-Agent:
      - scaleway-sdk-go/v1.0.0-beta.7+dev (go1.21.1; linux; amd64) terraform-provider/develop
        terraform/terraform-tests
    url: https://api.scaleway.com/instance/v1/zones/nl-ams-1/volumes/844e264b-e452-48b4-927a-7906905609fa
    method: GET
  response:
    body: '{"volume":{"creation_date":"2023-12-05T10:57:18.028739+00:00","export_uri":null,"id":"844e264b-e452-48b4-927a-7906905609fa","modification_date":"2023-12-05T10:57:21.174976+00:00","name":"tf-vol-nifty-snyder","organization":"105bdce1-64c0-48ab-899d-868455867ecf","project":"105bdce1-64c0-48ab-899d-868455867ecf","server":null,"size":20000000000,"state":"available","tags":[],"volume_type":"b_ssd","zone":"nl-ams-1"}}'
    headers:
      Content-Length:
      - "441"
      Content-Security-Policy:
      - default-src 'none'; frame-ancestors 'none'
      Content-Type:
      - application/json
      Date:
      - Tue, 05 Dec 2023 10:57:27 GMT
      Server:
      - Scaleway API-Gateway
      Strict-Transport-Security:
      - max-age=63072000
      X-Content-Type-Options:
      - nosniff
      X-Frame-Options:
      - DENY
      X-Request-Id:
      - 0a027e00-d83f-410d-9ab4-c405cabd4243
    status: 200 OK
    code: 200
    duration: ""
- request:
    body: ""
    form: {}
    headers:
      User-Agent:
      - scaleway-sdk-go/v1.0.0-beta.7+dev (go1.21.1; linux; amd64) terraform-provider/develop
        terraform/terraform-tests
    url: https://api.scaleway.com/instance/v1/zones/nl-ams-1/snapshots/47b46b5b-b9f8-441f-bc16-06faec34745a
    method: GET
  response:
    body: '{"snapshot":{"base_volume":{"id":"844e264b-e452-48b4-927a-7906905609fa","name":"tf-vol-nifty-snyder"},"creation_date":"2023-12-05T10:57:18.607689+00:00","error_details":null,"id":"47b46b5b-b9f8-441f-bc16-06faec34745a","modification_date":"2023-12-05T10:57:21.174976+00:00","name":"tf-snap-pedantic-kalam","organization":"105bdce1-64c0-48ab-899d-868455867ecf","project":"105bdce1-64c0-48ab-899d-868455867ecf","size":20000000000,"state":"available","tags":[],"volume_type":"b_ssd","zone":"nl-ams-1"}}'
    headers:
      Content-Length:
      - "527"
      Content-Security-Policy:
      - default-src 'none'; frame-ancestors 'none'
      Content-Type:
      - application/json
      Date:
      - Tue, 05 Dec 2023 10:57:27 GMT
      Server:
      - Scaleway API-Gateway
      Strict-Transport-Security:
      - max-age=63072000
      X-Content-Type-Options:
      - nosniff
      X-Frame-Options:
      - DENY
      X-Request-Id:
      - d2890ae7-6c05-4cf8-aa8e-b5ef885ccf80
    status: 200 OK
    code: 200
    duration: ""
- request:
    body: ""
    form: {}
    headers:
      User-Agent:
      - scaleway-sdk-go/v1.0.0-beta.7+dev (go1.21.1; linux; amd64) terraform-provider/develop
        terraform/terraform-tests
    url: https://api.scaleway.com/instance/v1/zones/nl-ams-1/images/6469cc1f-617b-4652-89c5-98551e55f3e6
    method: GET
  response:
    body: '{"image":{"arch":"x86_64","creation_date":"2023-12-05T10:57:24.927531+00:00","default_bootscript":null,"extra_volumes":{},"from_server":null,"id":"6469cc1f-617b-4652-89c5-98551e55f3e6","modification_date":"2023-12-05T10:57:24.927531+00:00","name":"test_image_basic","organization":"105bdce1-64c0-48ab-899d-868455867ecf","project":"105bdce1-64c0-48ab-899d-868455867ecf","public":false,"root_volume":{"id":"47b46b5b-b9f8-441f-bc16-06faec34745a","name":"tf-snap-pedantic-kalam","size":20000000000,"volume_type":"b_ssd"},"state":"available","tags":["tag1","tag2","tag3"],"zone":"nl-ams-1"}}'
    headers:
      Content-Length:
      - "625"
      Content-Security-Policy:
      - default-src 'none'; frame-ancestors 'none'
      Content-Type:
      - application/json
      Date:
      - Tue, 05 Dec 2023 10:57:27 GMT
      Server:
      - Scaleway API-Gateway
      Strict-Transport-Security:
      - max-age=63072000
      X-Content-Type-Options:
      - nosniff
      X-Frame-Options:
      - DENY
      X-Request-Id:
      - 2841f0be-a498-4f94-b34e-ded3a73f67df
    status: 200 OK
    code: 200
    duration: ""
- request:
    body: ""
    form: {}
    headers:
      User-Agent:
      - scaleway-sdk-go/v1.0.0-beta.7+dev (go1.21.1; linux; amd64) terraform-provider/develop
        terraform/terraform-tests
    url: https://api.scaleway.com/instance/v1/zones/nl-ams-1/volumes/844e264b-e452-48b4-927a-7906905609fa
    method: GET
  response:
    body: '{"volume":{"creation_date":"2023-12-05T10:57:18.028739+00:00","export_uri":null,"id":"844e264b-e452-48b4-927a-7906905609fa","modification_date":"2023-12-05T10:57:21.174976+00:00","name":"tf-vol-nifty-snyder","organization":"105bdce1-64c0-48ab-899d-868455867ecf","project":"105bdce1-64c0-48ab-899d-868455867ecf","server":null,"size":20000000000,"state":"available","tags":[],"volume_type":"b_ssd","zone":"nl-ams-1"}}'
    headers:
      Content-Length:
      - "441"
      Content-Security-Policy:
      - default-src 'none'; frame-ancestors 'none'
      Content-Type:
      - application/json
      Date:
      - Tue, 05 Dec 2023 10:57:29 GMT
      Server:
      - Scaleway API-Gateway
      Strict-Transport-Security:
      - max-age=63072000
      X-Content-Type-Options:
      - nosniff
      X-Frame-Options:
      - DENY
      X-Request-Id:
      - e3f9e4f6-9900-4925-a109-ae1eef225497
    status: 200 OK
    code: 200
    duration: ""
- request:
    body: ""
    form: {}
    headers:
      User-Agent:
      - scaleway-sdk-go/v1.0.0-beta.7+dev (go1.21.1; linux; amd64) terraform-provider/develop
        terraform/terraform-tests
    url: https://api.scaleway.com/instance/v1/zones/nl-ams-1/snapshots/47b46b5b-b9f8-441f-bc16-06faec34745a
    method: GET
  response:
    body: '{"snapshot":{"base_volume":{"id":"844e264b-e452-48b4-927a-7906905609fa","name":"tf-vol-nifty-snyder"},"creation_date":"2023-12-05T10:57:18.607689+00:00","error_details":null,"id":"47b46b5b-b9f8-441f-bc16-06faec34745a","modification_date":"2023-12-05T10:57:21.174976+00:00","name":"tf-snap-pedantic-kalam","organization":"105bdce1-64c0-48ab-899d-868455867ecf","project":"105bdce1-64c0-48ab-899d-868455867ecf","size":20000000000,"state":"available","tags":[],"volume_type":"b_ssd","zone":"nl-ams-1"}}'
    headers:
      Content-Length:
      - "527"
      Content-Security-Policy:
      - default-src 'none'; frame-ancestors 'none'
      Content-Type:
      - application/json
      Date:
      - Tue, 05 Dec 2023 10:57:29 GMT
      Server:
      - Scaleway API-Gateway
      Strict-Transport-Security:
      - max-age=63072000
      X-Content-Type-Options:
      - nosniff
      X-Frame-Options:
      - DENY
      X-Request-Id:
      - d94a9da0-c5b0-4555-88e7-c3d5879a3146
    status: 200 OK
    code: 200
    duration: ""
- request:
    body: ""
    form: {}
    headers:
      User-Agent:
      - scaleway-sdk-go/v1.0.0-beta.7+dev (go1.21.1; linux; amd64) terraform-provider/develop
        terraform/terraform-tests
    url: https://api.scaleway.com/instance/v1/zones/nl-ams-1/images/6469cc1f-617b-4652-89c5-98551e55f3e6
    method: GET
  response:
    body: '{"image":{"arch":"x86_64","creation_date":"2023-12-05T10:57:24.927531+00:00","default_bootscript":null,"extra_volumes":{},"from_server":null,"id":"6469cc1f-617b-4652-89c5-98551e55f3e6","modification_date":"2023-12-05T10:57:24.927531+00:00","name":"test_image_basic","organization":"105bdce1-64c0-48ab-899d-868455867ecf","project":"105bdce1-64c0-48ab-899d-868455867ecf","public":false,"root_volume":{"id":"47b46b5b-b9f8-441f-bc16-06faec34745a","name":"tf-snap-pedantic-kalam","size":20000000000,"volume_type":"b_ssd"},"state":"available","tags":["tag1","tag2","tag3"],"zone":"nl-ams-1"}}'
    headers:
      Content-Length:
      - "625"
      Content-Security-Policy:
      - default-src 'none'; frame-ancestors 'none'
      Content-Type:
      - application/json
      Date:
      - Tue, 05 Dec 2023 10:57:29 GMT
      Server:
      - Scaleway API-Gateway
      Strict-Transport-Security:
      - max-age=63072000
      X-Content-Type-Options:
      - nosniff
      X-Frame-Options:
      - DENY
      X-Request-Id:
      - 861beb59-f2e8-4a50-8ec3-5f1efc329793
    status: 200 OK
    code: 200
    duration: ""
- request:
    body: ""
    form: {}
    headers:
      User-Agent:
      - scaleway-sdk-go/v1.0.0-beta.7+dev (go1.21.1; linux; amd64) terraform-provider/develop
        terraform/terraform-tests
    url: https://api.scaleway.com/instance/v1/zones/nl-ams-1/images/6469cc1f-617b-4652-89c5-98551e55f3e6
    method: GET
  response:
    body: '{"image":{"arch":"x86_64","creation_date":"2023-12-05T10:57:24.927531+00:00","default_bootscript":null,"extra_volumes":{},"from_server":null,"id":"6469cc1f-617b-4652-89c5-98551e55f3e6","modification_date":"2023-12-05T10:57:24.927531+00:00","name":"test_image_basic","organization":"105bdce1-64c0-48ab-899d-868455867ecf","project":"105bdce1-64c0-48ab-899d-868455867ecf","public":false,"root_volume":{"id":"47b46b5b-b9f8-441f-bc16-06faec34745a","name":"tf-snap-pedantic-kalam","size":20000000000,"volume_type":"b_ssd"},"state":"available","tags":["tag1","tag2","tag3"],"zone":"nl-ams-1"}}'
    headers:
      Content-Length:
      - "625"
      Content-Security-Policy:
      - default-src 'none'; frame-ancestors 'none'
      Content-Type:
      - application/json
      Date:
      - Tue, 05 Dec 2023 10:57:31 GMT
      Server:
      - Scaleway API-Gateway
      Strict-Transport-Security:
      - max-age=63072000
      X-Content-Type-Options:
      - nosniff
      X-Frame-Options:
      - DENY
      X-Request-Id:
      - 6f0434e4-c40e-49d2-9c95-fddecef22616
    status: 200 OK
    code: 200
    duration: ""
- request:
    body: ""
    form: {}
    headers:
      User-Agent:
      - scaleway-sdk-go/v1.0.0-beta.7+dev (go1.21.1; linux; amd64) terraform-provider/develop
        terraform/terraform-tests
    url: https://api.scaleway.com/instance/v1/zones/nl-ams-1/images/6469cc1f-617b-4652-89c5-98551e55f3e6
    method: GET
  response:
    body: '{"image":{"arch":"x86_64","creation_date":"2023-12-05T10:57:24.927531+00:00","default_bootscript":null,"extra_volumes":{},"from_server":null,"id":"6469cc1f-617b-4652-89c5-98551e55f3e6","modification_date":"2023-12-05T10:57:24.927531+00:00","name":"test_image_basic","organization":"105bdce1-64c0-48ab-899d-868455867ecf","project":"105bdce1-64c0-48ab-899d-868455867ecf","public":false,"root_volume":{"id":"47b46b5b-b9f8-441f-bc16-06faec34745a","name":"tf-snap-pedantic-kalam","size":20000000000,"volume_type":"b_ssd"},"state":"available","tags":["tag1","tag2","tag3"],"zone":"nl-ams-1"}}'
    headers:
      Content-Length:
      - "625"
      Content-Security-Policy:
      - default-src 'none'; frame-ancestors 'none'
      Content-Type:
      - application/json
      Date:
      - Tue, 05 Dec 2023 10:57:31 GMT
      Server:
      - Scaleway API-Gateway
      Strict-Transport-Security:
      - max-age=63072000
      X-Content-Type-Options:
      - nosniff
      X-Frame-Options:
      - DENY
      X-Request-Id:
      - 2a1160e3-2c8b-4cb8-ac11-50c9bcebc611
    status: 200 OK
    code: 200
    duration: ""
- request:
    body: '{"name":"test_image_renamed","arch":"arm","tags":["new tag"],"public":true}'
    form: {}
    headers:
      Content-Type:
      - application/json
      User-Agent:
      - scaleway-sdk-go/v1.0.0-beta.7+dev (go1.21.1; linux; amd64) terraform-provider/develop
        terraform/terraform-tests
    url: https://api.scaleway.com/instance/v1/zones/nl-ams-1/images/6469cc1f-617b-4652-89c5-98551e55f3e6
    method: PATCH
  response:
    body: '{"image":{"arch":"arm","creation_date":"2023-12-05T10:57:24.927531+00:00","default_bootscript":null,"extra_volumes":{},"from_server":null,"id":"6469cc1f-617b-4652-89c5-98551e55f3e6","modification_date":"2023-12-05T10:57:32.000685+00:00","name":"test_image_renamed","organization":"105bdce1-64c0-48ab-899d-868455867ecf","project":"105bdce1-64c0-48ab-899d-868455867ecf","public":true,"root_volume":{"id":"47b46b5b-b9f8-441f-bc16-06faec34745a","name":"tf-snap-pedantic-kalam","size":20000000000,"volume_type":"b_ssd"},"state":"available","tags":["new
      tag"],"zone":"nl-ams-1"}}'
    headers:
      Content-Length:
      - "610"
      Content-Security-Policy:
      - default-src 'none'; frame-ancestors 'none'
      Content-Type:
      - application/json
      Date:
      - Tue, 05 Dec 2023 10:57:32 GMT
      Server:
      - Scaleway API-Gateway
      Strict-Transport-Security:
      - max-age=63072000
      X-Content-Type-Options:
      - nosniff
      X-Frame-Options:
      - DENY
      X-Request-Id:
      - a59a149e-4261-425e-b70c-29e6d2b751a5
    status: 200 OK
    code: 200
    duration: ""
- request:
    body: ""
    form: {}
    headers:
      User-Agent:
      - scaleway-sdk-go/v1.0.0-beta.7+dev (go1.21.1; linux; amd64) terraform-provider/develop
        terraform/terraform-tests
    url: https://api.scaleway.com/instance/v1/zones/nl-ams-1/images/6469cc1f-617b-4652-89c5-98551e55f3e6
    method: GET
  response:
    body: '{"image":{"arch":"arm","creation_date":"2023-12-05T10:57:24.927531+00:00","default_bootscript":null,"extra_volumes":{},"from_server":null,"id":"6469cc1f-617b-4652-89c5-98551e55f3e6","modification_date":"2023-12-05T10:57:32.000685+00:00","name":"test_image_renamed","organization":"105bdce1-64c0-48ab-899d-868455867ecf","project":"105bdce1-64c0-48ab-899d-868455867ecf","public":true,"root_volume":{"id":"47b46b5b-b9f8-441f-bc16-06faec34745a","name":"tf-snap-pedantic-kalam","size":20000000000,"volume_type":"b_ssd"},"state":"available","tags":["new
      tag"],"zone":"nl-ams-1"}}'
    headers:
      Content-Length:
      - "610"
      Content-Security-Policy:
      - default-src 'none'; frame-ancestors 'none'
      Content-Type:
      - application/json
      Date:
      - Tue, 05 Dec 2023 10:57:32 GMT
      Server:
      - Scaleway API-Gateway
      Strict-Transport-Security:
      - max-age=63072000
      X-Content-Type-Options:
      - nosniff
      X-Frame-Options:
      - DENY
      X-Request-Id:
      - 64569db5-43da-449f-bce5-7632bef680e3
    status: 200 OK
    code: 200
    duration: ""
- request:
    body: ""
    form: {}
    headers:
      User-Agent:
      - scaleway-sdk-go/v1.0.0-beta.7+dev (go1.21.1; linux; amd64) terraform-provider/develop
        terraform/terraform-tests
    url: https://api.scaleway.com/instance/v1/zones/nl-ams-1/images/6469cc1f-617b-4652-89c5-98551e55f3e6
    method: GET
  response:
    body: '{"image":{"arch":"arm","creation_date":"2023-12-05T10:57:24.927531+00:00","default_bootscript":null,"extra_volumes":{},"from_server":null,"id":"6469cc1f-617b-4652-89c5-98551e55f3e6","modification_date":"2023-12-05T10:57:32.000685+00:00","name":"test_image_renamed","organization":"105bdce1-64c0-48ab-899d-868455867ecf","project":"105bdce1-64c0-48ab-899d-868455867ecf","public":true,"root_volume":{"id":"47b46b5b-b9f8-441f-bc16-06faec34745a","name":"tf-snap-pedantic-kalam","size":20000000000,"volume_type":"b_ssd"},"state":"available","tags":["new
      tag"],"zone":"nl-ams-1"}}'
    headers:
      Content-Length:
      - "610"
      Content-Security-Policy:
      - default-src 'none'; frame-ancestors 'none'
      Content-Type:
      - application/json
      Date:
      - Tue, 05 Dec 2023 10:57:32 GMT
      Server:
      - Scaleway API-Gateway
      Strict-Transport-Security:
      - max-age=63072000
      X-Content-Type-Options:
      - nosniff
      X-Frame-Options:
      - DENY
      X-Request-Id:
      - c0271f05-3b8c-42ee-bf18-66a1486d3b5a
    status: 200 OK
    code: 200
    duration: ""
- request:
    body: ""
    form: {}
    headers:
      User-Agent:
      - scaleway-sdk-go/v1.0.0-beta.7+dev (go1.21.1; linux; amd64) terraform-provider/develop
        terraform/terraform-tests
    url: https://api.scaleway.com/instance/v1/zones/nl-ams-1/volumes/844e264b-e452-48b4-927a-7906905609fa
    method: GET
  response:
    body: '{"volume":{"creation_date":"2023-12-05T10:57:18.028739+00:00","export_uri":null,"id":"844e264b-e452-48b4-927a-7906905609fa","modification_date":"2023-12-05T10:57:21.174976+00:00","name":"tf-vol-nifty-snyder","organization":"105bdce1-64c0-48ab-899d-868455867ecf","project":"105bdce1-64c0-48ab-899d-868455867ecf","server":null,"size":20000000000,"state":"available","tags":[],"volume_type":"b_ssd","zone":"nl-ams-1"}}'
    headers:
      Content-Length:
      - "441"
      Content-Security-Policy:
      - default-src 'none'; frame-ancestors 'none'
      Content-Type:
      - application/json
      Date:
      - Tue, 05 Dec 2023 10:57:32 GMT
      Server:
      - Scaleway API-Gateway
      Strict-Transport-Security:
      - max-age=63072000
      X-Content-Type-Options:
      - nosniff
      X-Frame-Options:
      - DENY
      X-Request-Id:
      - f745eaa6-e2f3-450d-81cf-b1df1cbf6e4f
    status: 200 OK
    code: 200
    duration: ""
- request:
    body: ""
    form: {}
    headers:
      User-Agent:
      - scaleway-sdk-go/v1.0.0-beta.7+dev (go1.21.1; linux; amd64) terraform-provider/develop
        terraform/terraform-tests
    url: https://api.scaleway.com/instance/v1/zones/nl-ams-1/snapshots/47b46b5b-b9f8-441f-bc16-06faec34745a
    method: GET
  response:
    body: '{"snapshot":{"base_volume":{"id":"844e264b-e452-48b4-927a-7906905609fa","name":"tf-vol-nifty-snyder"},"creation_date":"2023-12-05T10:57:18.607689+00:00","error_details":null,"id":"47b46b5b-b9f8-441f-bc16-06faec34745a","modification_date":"2023-12-05T10:57:21.174976+00:00","name":"tf-snap-pedantic-kalam","organization":"105bdce1-64c0-48ab-899d-868455867ecf","project":"105bdce1-64c0-48ab-899d-868455867ecf","size":20000000000,"state":"available","tags":[],"volume_type":"b_ssd","zone":"nl-ams-1"}}'
    headers:
      Content-Length:
      - "527"
      Content-Security-Policy:
      - default-src 'none'; frame-ancestors 'none'
      Content-Type:
      - application/json
      Date:
      - Tue, 05 Dec 2023 10:57:32 GMT
      Server:
      - Scaleway API-Gateway
      Strict-Transport-Security:
      - max-age=63072000
      X-Content-Type-Options:
      - nosniff
      X-Frame-Options:
      - DENY
      X-Request-Id:
      - b254c5c5-6e82-43c6-a5cb-9f9666176d6c
    status: 200 OK
    code: 200
    duration: ""
- request:
    body: ""
    form: {}
    headers:
      User-Agent:
      - scaleway-sdk-go/v1.0.0-beta.7+dev (go1.21.1; linux; amd64) terraform-provider/develop
        terraform/terraform-tests
    url: https://api.scaleway.com/instance/v1/zones/nl-ams-1/images/6469cc1f-617b-4652-89c5-98551e55f3e6
    method: GET
  response:
    body: '{"image":{"arch":"arm","creation_date":"2023-12-05T10:57:24.927531+00:00","default_bootscript":null,"extra_volumes":{},"from_server":null,"id":"6469cc1f-617b-4652-89c5-98551e55f3e6","modification_date":"2023-12-05T10:57:32.000685+00:00","name":"test_image_renamed","organization":"105bdce1-64c0-48ab-899d-868455867ecf","project":"105bdce1-64c0-48ab-899d-868455867ecf","public":true,"root_volume":{"id":"47b46b5b-b9f8-441f-bc16-06faec34745a","name":"tf-snap-pedantic-kalam","size":20000000000,"volume_type":"b_ssd"},"state":"available","tags":["new
      tag"],"zone":"nl-ams-1"}}'
    headers:
      Content-Length:
      - "610"
      Content-Security-Policy:
      - default-src 'none'; frame-ancestors 'none'
      Content-Type:
      - application/json
      Date:
      - Tue, 05 Dec 2023 10:57:32 GMT
      Server:
      - Scaleway API-Gateway
      Strict-Transport-Security:
      - max-age=63072000
      X-Content-Type-Options:
      - nosniff
      X-Frame-Options:
      - DENY
      X-Request-Id:
      - b43a9392-c0dd-4c9b-b73d-d0a9a1e4403a
    status: 200 OK
    code: 200
    duration: ""
- request:
    body: ""
    form: {}
    headers:
      User-Agent:
      - scaleway-sdk-go/v1.0.0-beta.7+dev (go1.21.1; linux; amd64) terraform-provider/develop
        terraform/terraform-tests
    url: https://api.scaleway.com/instance/v1/zones/nl-ams-1/volumes/844e264b-e452-48b4-927a-7906905609fa
    method: GET
  response:
    body: '{"volume":{"creation_date":"2023-12-05T10:57:18.028739+00:00","export_uri":null,"id":"844e264b-e452-48b4-927a-7906905609fa","modification_date":"2023-12-05T10:57:21.174976+00:00","name":"tf-vol-nifty-snyder","organization":"105bdce1-64c0-48ab-899d-868455867ecf","project":"105bdce1-64c0-48ab-899d-868455867ecf","server":null,"size":20000000000,"state":"available","tags":[],"volume_type":"b_ssd","zone":"nl-ams-1"}}'
    headers:
      Content-Length:
      - "441"
      Content-Security-Policy:
      - default-src 'none'; frame-ancestors 'none'
      Content-Type:
      - application/json
      Date:
      - Tue, 05 Dec 2023 10:57:34 GMT
      Server:
      - Scaleway API-Gateway
      Strict-Transport-Security:
      - max-age=63072000
      X-Content-Type-Options:
      - nosniff
      X-Frame-Options:
      - DENY
      X-Request-Id:
      - da31b635-e900-4d42-9ff6-686e46f7ad77
    status: 200 OK
    code: 200
    duration: ""
- request:
    body: ""
    form: {}
    headers:
      User-Agent:
      - scaleway-sdk-go/v1.0.0-beta.7+dev (go1.21.1; linux; amd64) terraform-provider/develop
        terraform/terraform-tests
    url: https://api.scaleway.com/instance/v1/zones/nl-ams-1/snapshots/47b46b5b-b9f8-441f-bc16-06faec34745a
    method: GET
  response:
    body: '{"snapshot":{"base_volume":{"id":"844e264b-e452-48b4-927a-7906905609fa","name":"tf-vol-nifty-snyder"},"creation_date":"2023-12-05T10:57:18.607689+00:00","error_details":null,"id":"47b46b5b-b9f8-441f-bc16-06faec34745a","modification_date":"2023-12-05T10:57:21.174976+00:00","name":"tf-snap-pedantic-kalam","organization":"105bdce1-64c0-48ab-899d-868455867ecf","project":"105bdce1-64c0-48ab-899d-868455867ecf","size":20000000000,"state":"available","tags":[],"volume_type":"b_ssd","zone":"nl-ams-1"}}'
    headers:
      Content-Length:
      - "527"
      Content-Security-Policy:
      - default-src 'none'; frame-ancestors 'none'
      Content-Type:
      - application/json
      Date:
      - Tue, 05 Dec 2023 10:57:34 GMT
      Server:
      - Scaleway API-Gateway
      Strict-Transport-Security:
      - max-age=63072000
      X-Content-Type-Options:
      - nosniff
      X-Frame-Options:
      - DENY
      X-Request-Id:
      - 0e3b5219-5ec3-4bdd-9459-e1bea0db9901
    status: 200 OK
    code: 200
    duration: ""
- request:
    body: ""
    form: {}
    headers:
      User-Agent:
      - scaleway-sdk-go/v1.0.0-beta.7+dev (go1.21.1; linux; amd64) terraform-provider/develop
        terraform/terraform-tests
    url: https://api.scaleway.com/instance/v1/zones/nl-ams-1/images/6469cc1f-617b-4652-89c5-98551e55f3e6
    method: GET
  response:
    body: '{"image":{"arch":"arm","creation_date":"2023-12-05T10:57:24.927531+00:00","default_bootscript":null,"extra_volumes":{},"from_server":null,"id":"6469cc1f-617b-4652-89c5-98551e55f3e6","modification_date":"2023-12-05T10:57:32.000685+00:00","name":"test_image_renamed","organization":"105bdce1-64c0-48ab-899d-868455867ecf","project":"105bdce1-64c0-48ab-899d-868455867ecf","public":true,"root_volume":{"id":"47b46b5b-b9f8-441f-bc16-06faec34745a","name":"tf-snap-pedantic-kalam","size":20000000000,"volume_type":"b_ssd"},"state":"available","tags":["new
      tag"],"zone":"nl-ams-1"}}'
    headers:
      Content-Length:
      - "610"
      Content-Security-Policy:
      - default-src 'none'; frame-ancestors 'none'
      Content-Type:
      - application/json
      Date:
      - Tue, 05 Dec 2023 10:57:34 GMT
      Server:
      - Scaleway API-Gateway
      Strict-Transport-Security:
      - max-age=63072000
      X-Content-Type-Options:
      - nosniff
      X-Frame-Options:
      - DENY
      X-Request-Id:
      - 516c3d85-fc15-480d-a244-af83ec2a6365
    status: 200 OK
    code: 200
    duration: ""
- request:
    body: ""
    form: {}
    headers:
      User-Agent:
      - scaleway-sdk-go/v1.0.0-beta.7+dev (go1.21.1; linux; amd64) terraform-provider/develop
        terraform/terraform-tests
    url: https://api.scaleway.com/instance/v1/zones/nl-ams-1/images/6469cc1f-617b-4652-89c5-98551e55f3e6
    method: GET
  response:
    body: '{"image":{"arch":"arm","creation_date":"2023-12-05T10:57:24.927531+00:00","default_bootscript":null,"extra_volumes":{},"from_server":null,"id":"6469cc1f-617b-4652-89c5-98551e55f3e6","modification_date":"2023-12-05T10:57:32.000685+00:00","name":"test_image_renamed","organization":"105bdce1-64c0-48ab-899d-868455867ecf","project":"105bdce1-64c0-48ab-899d-868455867ecf","public":true,"root_volume":{"id":"47b46b5b-b9f8-441f-bc16-06faec34745a","name":"tf-snap-pedantic-kalam","size":20000000000,"volume_type":"b_ssd"},"state":"available","tags":["new
      tag"],"zone":"nl-ams-1"}}'
    headers:
      Content-Length:
      - "610"
      Content-Security-Policy:
      - default-src 'none'; frame-ancestors 'none'
      Content-Type:
      - application/json
      Date:
      - Tue, 05 Dec 2023 10:57:36 GMT
      Server:
      - Scaleway API-Gateway
      Strict-Transport-Security:
      - max-age=63072000
      X-Content-Type-Options:
      - nosniff
      X-Frame-Options:
      - DENY
      X-Request-Id:
      - 53471037-3b46-4d58-9fc1-e813765d6d68
    status: 200 OK
    code: 200
    duration: ""
- request:
    body: ""
    form: {}
    headers:
      User-Agent:
      - scaleway-sdk-go/v1.0.0-beta.7+dev (go1.21.1; linux; amd64) terraform-provider/develop
        terraform/terraform-tests
    url: https://api.scaleway.com/instance/v1/zones/nl-ams-1/images/6469cc1f-617b-4652-89c5-98551e55f3e6
    method: DELETE
  response:
    body: ""
    headers:
      Content-Security-Policy:
      - default-src 'none'; frame-ancestors 'none'
      Date:
      - Tue, 05 Dec 2023 10:57:36 GMT
      Server:
      - Scaleway API-Gateway
      Strict-Transport-Security:
      - max-age=63072000
      X-Content-Type-Options:
      - nosniff
      X-Frame-Options:
      - DENY
      X-Request-Id:
      - 41d4117c-d2d6-4dda-80b1-b9c4672d0ccf
    status: 204 No Content
    code: 204
    duration: ""
- request:
    body: ""
    form: {}
    headers:
      User-Agent:
      - scaleway-sdk-go/v1.0.0-beta.7+dev (go1.21.1; linux; amd64) terraform-provider/develop
        terraform/terraform-tests
    url: https://api.scaleway.com/instance/v1/zones/nl-ams-1/images/6469cc1f-617b-4652-89c5-98551e55f3e6
    method: GET
  response:
    body: '{"message":"resource is not found","resource":"instance_image","resource_id":"6469cc1f-617b-4652-89c5-98551e55f3e6","type":"not_found"}'
    headers:
      Content-Length:
      - "142"
      Content-Security-Policy:
      - default-src 'none'; frame-ancestors 'none'
      Content-Type:
      - application/json
      Date:
      - Tue, 05 Dec 2023 10:57:36 GMT
      Server:
      - Scaleway API-Gateway
      Strict-Transport-Security:
      - max-age=63072000
      X-Content-Type-Options:
      - nosniff
      X-Frame-Options:
      - DENY
      X-Request-Id:
      - b8154b72-bb01-4d0e-b9d8-eb9b1ef7ed20
    status: 404 Not Found
    code: 404
    duration: ""
- request:
    body: ""
    form: {}
    headers:
      User-Agent:
      - scaleway-sdk-go/v1.0.0-beta.7+dev (go1.21.1; linux; amd64) terraform-provider/develop
        terraform/terraform-tests
    url: https://api.scaleway.com/instance/v1/zones/nl-ams-1/snapshots/47b46b5b-b9f8-441f-bc16-06faec34745a
    method: GET
  response:
    body: '{"snapshot":{"base_volume":{"id":"844e264b-e452-48b4-927a-7906905609fa","name":"tf-vol-nifty-snyder"},"creation_date":"2023-12-05T10:57:18.607689+00:00","error_details":null,"id":"47b46b5b-b9f8-441f-bc16-06faec34745a","modification_date":"2023-12-05T10:57:21.174976+00:00","name":"tf-snap-pedantic-kalam","organization":"105bdce1-64c0-48ab-899d-868455867ecf","project":"105bdce1-64c0-48ab-899d-868455867ecf","size":20000000000,"state":"available","tags":[],"volume_type":"b_ssd","zone":"nl-ams-1"}}'
    headers:
      Content-Length:
      - "527"
      Content-Security-Policy:
      - default-src 'none'; frame-ancestors 'none'
      Content-Type:
      - application/json
      Date:
      - Tue, 05 Dec 2023 10:57:37 GMT
      Server:
      - Scaleway API-Gateway
      Strict-Transport-Security:
      - max-age=63072000
      X-Content-Type-Options:
      - nosniff
      X-Frame-Options:
      - DENY
      X-Request-Id:
      - 55f4c61a-1784-40d6-a563-0dff3ddd2a0e
    status: 200 OK
    code: 200
    duration: ""
- request:
    body: ""
    form: {}
    headers:
      User-Agent:
      - scaleway-sdk-go/v1.0.0-beta.7+dev (go1.21.1; linux; amd64) terraform-provider/develop
        terraform/terraform-tests
    url: https://api.scaleway.com/instance/v1/zones/nl-ams-1/snapshots/47b46b5b-b9f8-441f-bc16-06faec34745a
    method: DELETE
  response:
    body: ""
    headers:
      Content-Security-Policy:
      - default-src 'none'; frame-ancestors 'none'
      Date:
      - Tue, 05 Dec 2023 10:57:37 GMT
      Server:
      - Scaleway API-Gateway
      Strict-Transport-Security:
      - max-age=63072000
      X-Content-Type-Options:
      - nosniff
      X-Frame-Options:
      - DENY
      X-Request-Id:
      - 0c4b7e45-1f1a-4144-8537-7df7e39c5339
    status: 204 No Content
    code: 204
    duration: ""
- request:
    body: ""
    form: {}
    headers:
      User-Agent:
      - scaleway-sdk-go/v1.0.0-beta.7+dev (go1.21.1; linux; amd64) terraform-provider/develop
        terraform/terraform-tests
    url: https://api.scaleway.com/instance/v1/zones/nl-ams-1/snapshots/47b46b5b-b9f8-441f-bc16-06faec34745a
    method: GET
  response:
    body: '{"message":"resource is not found","resource":"instance_snapshot","resource_id":"47b46b5b-b9f8-441f-bc16-06faec34745a","type":"not_found"}'
    headers:
      Content-Length:
      - "145"
      Content-Security-Policy:
      - default-src 'none'; frame-ancestors 'none'
      Content-Type:
      - application/json
      Date:
      - Tue, 05 Dec 2023 10:57:37 GMT
      Server:
      - Scaleway API-Gateway
      Strict-Transport-Security:
      - max-age=63072000
      X-Content-Type-Options:
      - nosniff
      X-Frame-Options:
      - DENY
      X-Request-Id:
      - 3a0adda5-f0ec-45a7-9646-87fe7f208a29
    status: 404 Not Found
    code: 404
    duration: ""
- request:
    body: ""
    form: {}
    headers:
      User-Agent:
      - scaleway-sdk-go/v1.0.0-beta.7+dev (go1.21.1; linux; amd64) terraform-provider/develop
        terraform/terraform-tests
    url: https://api.scaleway.com/instance/v1/zones/nl-ams-1/volumes/844e264b-e452-48b4-927a-7906905609fa
    method: GET
  response:
    body: '{"volume":{"creation_date":"2023-12-05T10:57:18.028739+00:00","export_uri":null,"id":"844e264b-e452-48b4-927a-7906905609fa","modification_date":"2023-12-05T10:57:21.174976+00:00","name":"tf-vol-nifty-snyder","organization":"105bdce1-64c0-48ab-899d-868455867ecf","project":"105bdce1-64c0-48ab-899d-868455867ecf","server":null,"size":20000000000,"state":"available","tags":[],"volume_type":"b_ssd","zone":"nl-ams-1"}}'
    headers:
      Content-Length:
      - "441"
      Content-Security-Policy:
      - default-src 'none'; frame-ancestors 'none'
      Content-Type:
      - application/json
      Date:
      - Tue, 05 Dec 2023 10:57:37 GMT
      Server:
      - Scaleway API-Gateway
      Strict-Transport-Security:
      - max-age=63072000
      X-Content-Type-Options:
      - nosniff
      X-Frame-Options:
      - DENY
      X-Request-Id:
      - 02c1c4b7-bb89-42aa-9836-43f371d853e5
    status: 200 OK
    code: 200
    duration: ""
- request:
    body: ""
    form: {}
    headers:
      User-Agent:
      - scaleway-sdk-go/v1.0.0-beta.7+dev (go1.21.1; linux; amd64) terraform-provider/develop
        terraform/terraform-tests
    url: https://api.scaleway.com/instance/v1/zones/nl-ams-1/volumes/844e264b-e452-48b4-927a-7906905609fa
    method: DELETE
  response:
    body: ""
    headers:
      Content-Security-Policy:
      - default-src 'none'; frame-ancestors 'none'
      Date:
      - Tue, 05 Dec 2023 10:57:37 GMT
      Server:
      - Scaleway API-Gateway
      Strict-Transport-Security:
      - max-age=63072000
      X-Content-Type-Options:
      - nosniff
      X-Frame-Options:
      - DENY
      X-Request-Id:
      - 1323a276-f82f-4d7d-8adb-27d43d570b05
    status: 204 No Content
    code: 204
    duration: ""
- request:
    body: ""
    form: {}
    headers:
      User-Agent:
      - scaleway-sdk-go/v1.0.0-beta.7+dev (go1.21.1; linux; amd64) terraform-provider/develop
        terraform/terraform-tests
    url: https://api.scaleway.com/instance/v1/zones/nl-ams-1/images/6469cc1f-617b-4652-89c5-98551e55f3e6
    method: GET
  response:
    body: '{"message":"resource is not found","resource":"instance_image","resource_id":"6469cc1f-617b-4652-89c5-98551e55f3e6","type":"not_found"}'
    headers:
      Content-Length:
      - "142"
      Content-Security-Policy:
      - default-src 'none'; frame-ancestors 'none'
      Content-Type:
      - application/json
      Date:
      - Tue, 05 Dec 2023 10:57:37 GMT
      Server:
      - Scaleway API-Gateway
      Strict-Transport-Security:
      - max-age=63072000
      X-Content-Type-Options:
      - nosniff
      X-Frame-Options:
      - DENY
      X-Request-Id:
      - 6985e3a4-37f1-44d9-ba25-ff343b947b40
    status: 404 Not Found
    code: 404
    duration: ""
- request:
    body: ""
    form: {}
    headers:
      User-Agent:
      - scaleway-sdk-go/v1.0.0-beta.7+dev (go1.21.1; linux; amd64) terraform-provider/develop
        terraform/terraform-tests
    url: https://api.scaleway.com/instance/v1/zones/nl-ams-1/snapshots/47b46b5b-b9f8-441f-bc16-06faec34745a
    method: GET
  response:
    body: '{"message":"resource is not found","resource":"instance_snapshot","resource_id":"47b46b5b-b9f8-441f-bc16-06faec34745a","type":"not_found"}'
    headers:
      Content-Length:
      - "145"
      Content-Security-Policy:
      - default-src 'none'; frame-ancestors 'none'
      Content-Type:
      - application/json
      Date:
      - Tue, 05 Dec 2023 10:57:37 GMT
      Server:
      - Scaleway API-Gateway
      Strict-Transport-Security:
      - max-age=63072000
      X-Content-Type-Options:
      - nosniff
      X-Frame-Options:
      - DENY
      X-Request-Id:
      - 31dc2585-d5a2-40bc-8a17-2f8c8f8e2709
    status: 404 Not Found
    code: 404
    duration: ""
- request:
    body: ""
    form: {}
    headers:
      User-Agent:
      - scaleway-sdk-go/v1.0.0-beta.7+dev (go1.21.1; linux; amd64) terraform-provider/develop
        terraform/terraform-tests
    url: https://api.scaleway.com/instance/v1/zones/nl-ams-1/volumes/844e264b-e452-48b4-927a-7906905609fa
    method: GET
  response:
    body: '{"message":"resource is not found","resource":"instance_volume","resource_id":"844e264b-e452-48b4-927a-7906905609fa","type":"not_found"}'
    headers:
      Content-Length:
      - "143"
      Content-Security-Policy:
      - default-src 'none'; frame-ancestors 'none'
      Content-Type:
      - application/json
      Date:
      - Tue, 05 Dec 2023 10:57:37 GMT
      Server:
      - Scaleway API-Gateway
      Strict-Transport-Security:
      - max-age=63072000
      X-Content-Type-Options:
      - nosniff
      X-Frame-Options:
      - DENY
      X-Request-Id:
      - 175b35b8-0181-40d4-84ea-2852f5c6c6b7
    status: 404 Not Found
    code: 404
    duration: ""
