---
version: 1
interactions:
- request:
    body: ""
    form: {}
    headers:
      User-Agent:
      - scaleway-sdk-go/v1.0.0-beta.7+dev (go1.20.4; linux; amd64) terraform-provider/develop
        terraform/terraform-tests
    url: https://api.scaleway.com/marketplace/v2/local-images?image_label=ubuntu_focal&order_by=created_at_asc&type=instance_local&zone=fr-par-1
    method: GET
  response:
    body: '{"local_images":[{"arch":"x86_64","compatible_commercial_types":["DEV1-L","DEV1-M","DEV1-S","DEV1-XL","GP1-L","GP1-M","GP1-S","GP1-XL","GP1-XS","START1-L","START1-M","START1-S","START1-XS","VC1L","VC1M","VC1S","X64-120GB","X64-15GB","X64-30GB","X64-60GB","ENT1-XXS","ENT1-XS","ENT1-S","ENT1-M","ENT1-L","ENT1-XL","ENT1-2XL","PRO2-XXS","PRO2-XS","PRO2-S","PRO2-M","PRO2-L","STARDUST1-S","PLAY2-MICRO","PLAY2-NANO","PLAY2-PICO","POP2-2C-8G","POP2-4C-16G","POP2-8C-32G","POP2-16C-64G","POP2-32C-128G","POP2-64C-256G","POP2-HM-2C-16G","POP2-HM-4C-32G","POP2-HM-8C-64G","POP2-HM-16C-128G","POP2-HM-32C-256G","POP2-HM-64C-512G","POP2-HC-2C-4G","POP2-HC-4C-8G","POP2-HC-8C-16G","POP2-HC-16C-32G","POP2-HC-32C-64G","POP2-HC-64C-128G"],"id":"e61b1d27-f80a-4cfd-9121-39f695f3bc68","label":"ubuntu_focal","type":"unknown_type","zone":"fr-par-1"},{"arch":"arm64","compatible_commercial_types":["AMP2-C1","AMP2-C2","AMP2-C4","AMP2-C8","AMP2-C12","AMP2-C24","AMP2-C48","AMP2-C60"],"id":"10b2d3c3-bfa7-42d4-910b-389e95f95ccb","label":"ubuntu_focal","type":"unknown_type","zone":"fr-par-1"}],"total_count":2}'
    headers:
      Content-Length:
      - "1164"
      Content-Security-Policy:
      - default-src 'none'; frame-ancestors 'none'
      Content-Type:
      - application/json
      Date:
      - Mon, 28 Aug 2023 14:36:06 GMT
      Server:
      - Scaleway API-Gateway
      Strict-Transport-Security:
      - max-age=63072000
      X-Content-Type-Options:
      - nosniff
      X-Frame-Options:
      - DENY
      X-Request-Id:
      - 56d456d3-7f45-4533-ad17-e30c80b80d2f
    status: 200 OK
    code: 200
    duration: ""
- request:
    body: ""
    form: {}
    headers:
      User-Agent:
      - scaleway-sdk-go/v1.0.0-beta.7+dev (go1.20.4; linux; amd64) terraform-provider/develop
        terraform/terraform-tests
    url: https://api.scaleway.com/instance/v1/zones/fr-par-1/products/servers?page=1
    method: GET
  response:
    body: '{"servers":{"DEV1-L":{"alt_names":[],"arch":"x86_64","baremetal":false,"capabilities":{"block_storage":true,"boot_types":["bootscript","rescue","local"],"default_boot_type":"local","hot_snapshots_local_volume":true,"placement_groups":true,"private_network":8},"gpu":0,"hourly_price":0.04952,"mig_profile":null,"monthly_price":36.1496,"ncpus":4,"network":{"interfaces":[{"internal_bandwidth":400000000,"internet_bandwidth":null},{"internal_bandwidth":null,"internet_bandwidth":400000000}],"ipv6_support":true,"sum_internal_bandwidth":400000000,"sum_internet_bandwidth":400000000},"per_volume_constraint":{"l_ssd":{"max_size":800000000000,"min_size":1000000000}},"ram":8589934592,"volumes_constraint":{"max_size":80000000000,"min_size":0}},"DEV1-M":{"alt_names":[],"arch":"x86_64","baremetal":false,"capabilities":{"block_storage":true,"boot_types":["bootscript","rescue","local"],"default_boot_type":"local","hot_snapshots_local_volume":true,"placement_groups":true,"private_network":8},"gpu":0,"hourly_price":0.02556,"mig_profile":null,"monthly_price":18.6588,"ncpus":3,"network":{"interfaces":[{"internal_bandwidth":300000000,"internet_bandwidth":null},{"internal_bandwidth":null,"internet_bandwidth":300000000}],"ipv6_support":true,"sum_internal_bandwidth":300000000,"sum_internet_bandwidth":300000000},"per_volume_constraint":{"l_ssd":{"max_size":800000000000,"min_size":1000000000}},"ram":4294967296,"volumes_constraint":{"max_size":40000000000,"min_size":0}},"DEV1-S":{"alt_names":[],"arch":"x86_64","baremetal":false,"capabilities":{"block_storage":true,"boot_types":["bootscript","rescue","local"],"default_boot_type":"local","hot_snapshots_local_volume":true,"placement_groups":true,"private_network":8},"gpu":0,"hourly_price":0.01368,"mig_profile":null,"monthly_price":9.9864,"ncpus":2,"network":{"interfaces":[{"internal_bandwidth":200000000,"internet_bandwidth":null},{"internal_bandwidth":null,"internet_bandwidth":200000000}],"ipv6_support":true,"sum_internal_bandwidth":200000000,"sum_internet_bandwidth":200000000},"per_volume_constraint":{"l_ssd":{"max_size":800000000000,"min_size":1000000000}},"ram":2147483648,"volumes_constraint":{"max_size":20000000000,"min_size":0}},"DEV1-XL":{"alt_names":[],"arch":"x86_64","baremetal":false,"capabilities":{"block_storage":true,"boot_types":["bootscript","rescue","local"],"default_boot_type":"local","hot_snapshots_local_volume":true,"placement_groups":true,"private_network":8},"gpu":0,"hourly_price":0.07308,"mig_profile":null,"monthly_price":53.3484,"ncpus":4,"network":{"interfaces":[{"internal_bandwidth":500000000,"internet_bandwidth":null},{"internal_bandwidth":null,"internet_bandwidth":500000000}],"ipv6_support":true,"sum_internal_bandwidth":500000000,"sum_internet_bandwidth":500000000},"per_volume_constraint":{"l_ssd":{"max_size":800000000000,"min_size":1000000000}},"ram":12884901888,"volumes_constraint":{"max_size":120000000000,"min_size":0}},"ENT1-2XL":{"alt_names":[],"arch":"x86_64","baremetal":false,"capabilities":{"block_storage":true,"boot_types":["rescue","local"],"default_boot_type":"local","hot_snapshots_local_volume":false,"placement_groups":true,"private_network":8},"gpu":0,"hourly_price":3.53,"mig_profile":null,"monthly_price":2576.9,"ncpus":96,"network":{"interfaces":[{"internal_bandwidth":20000000000,"internet_bandwidth":null},{"internal_bandwidth":null,"internet_bandwidth":20000000000}],"ipv6_support":true,"sum_internal_bandwidth":20000000000,"sum_internet_bandwidth":20000000000},"per_volume_constraint":{"l_ssd":{"max_size":0,"min_size":0}},"ram":412316860416,"volumes_constraint":{"max_size":0,"min_size":0}},"ENT1-L":{"alt_names":[],"arch":"x86_64","baremetal":false,"capabilities":{"block_storage":true,"boot_types":["rescue","local"],"default_boot_type":"local","hot_snapshots_local_volume":false,"placement_groups":true,"private_network":8},"gpu":0,"hourly_price":1.18,"mig_profile":null,"monthly_price":861.4,"ncpus":32,"network":{"interfaces":[{"internal_bandwidth":6400000000,"internet_bandwidth":null},{"internal_bandwidth":null,"internet_bandwidth":6400000000}],"ipv6_support":true,"sum_internal_bandwidth":6400000000,"sum_internet_bandwidth":6400000000},"per_volume_constraint":{"l_ssd":{"max_size":0,"min_size":0}},"ram":137438953472,"volumes_constraint":{"max_size":0,"min_size":0}},"ENT1-M":{"alt_names":[],"arch":"x86_64","baremetal":false,"capabilities":{"block_storage":true,"boot_types":["rescue","local"],"default_boot_type":"local","hot_snapshots_local_volume":false,"placement_groups":true,"private_network":8},"gpu":0,"hourly_price":0.59,"mig_profile":null,"monthly_price":430.7,"ncpus":16,"network":{"interfaces":[{"internal_bandwidth":3200000000,"internet_bandwidth":null},{"internal_bandwidth":null,"internet_bandwidth":3200000000}],"ipv6_support":true,"sum_internal_bandwidth":3200000000,"sum_internet_bandwidth":3200000000},"per_volume_constraint":{"l_ssd":{"max_size":0,"min_size":0}},"ram":68719476736,"volumes_constraint":{"max_size":0,"min_size":0}},"ENT1-S":{"alt_names":[],"arch":"x86_64","baremetal":false,"capabilities":{"block_storage":true,"boot_types":["rescue","local"],"default_boot_type":"local","hot_snapshots_local_volume":false,"placement_groups":true,"private_network":8},"gpu":0,"hourly_price":0.29,"mig_profile":null,"monthly_price":211.7,"ncpus":8,"network":{"interfaces":[{"internal_bandwidth":1600000000,"internet_bandwidth":null},{"internal_bandwidth":null,"internet_bandwidth":1600000000}],"ipv6_support":true,"sum_internal_bandwidth":1600000000,"sum_internet_bandwidth":1600000000},"per_volume_constraint":{"l_ssd":{"max_size":0,"min_size":0}},"ram":34359738368,"volumes_constraint":{"max_size":0,"min_size":0}},"ENT1-XL":{"alt_names":[],"arch":"x86_64","baremetal":false,"capabilities":{"block_storage":true,"boot_types":["rescue","local"],"default_boot_type":"local","hot_snapshots_local_volume":false,"placement_groups":true,"private_network":8},"gpu":0,"hourly_price":2.35,"mig_profile":null,"monthly_price":1715.5,"ncpus":64,"network":{"interfaces":[{"internal_bandwidth":12800000000,"internet_bandwidth":null},{"internal_bandwidth":null,"internet_bandwidth":12800000000}],"ipv6_support":true,"sum_internal_bandwidth":12800000000,"sum_internet_bandwidth":12800000000},"per_volume_constraint":{"l_ssd":{"max_size":0,"min_size":0}},"ram":274877906944,"volumes_constraint":{"max_size":0,"min_size":0}},"ENT1-XS":{"alt_names":[],"arch":"x86_64","baremetal":false,"capabilities":{"block_storage":true,"boot_types":["rescue","local"],"default_boot_type":"local","hot_snapshots_local_volume":false,"placement_groups":true,"private_network":8},"gpu":0,"hourly_price":0.147,"mig_profile":null,"monthly_price":107.31,"ncpus":4,"network":{"interfaces":[{"internal_bandwidth":800000000,"internet_bandwidth":null},{"internal_bandwidth":null,"internet_bandwidth":800000000}],"ipv6_support":true,"sum_internal_bandwidth":800000000,"sum_internet_bandwidth":800000000},"per_volume_constraint":{"l_ssd":{"max_size":0,"min_size":0}},"ram":17179869184,"volumes_constraint":{"max_size":0,"min_size":0}},"ENT1-XXS":{"alt_names":[],"arch":"x86_64","baremetal":false,"capabilities":{"block_storage":true,"boot_types":["rescue","local"],"default_boot_type":"local","hot_snapshots_local_volume":false,"placement_groups":true,"private_network":8},"gpu":0,"hourly_price":0.0735,"mig_profile":null,"monthly_price":53.655,"ncpus":2,"network":{"interfaces":[{"internal_bandwidth":400000000,"internet_bandwidth":null},{"internal_bandwidth":null,"internet_bandwidth":400000000}],"ipv6_support":true,"sum_internal_bandwidth":400000000,"sum_internet_bandwidth":400000000},"per_volume_constraint":{"l_ssd":{"max_size":0,"min_size":0}},"ram":8589934592,"volumes_constraint":{"max_size":0,"min_size":0}},"GP1-L":{"alt_names":[],"arch":"x86_64","baremetal":false,"capabilities":{"block_storage":true,"boot_types":["bootscript","rescue","local"],"default_boot_type":"local","hot_snapshots_local_volume":true,"placement_groups":true,"private_network":8},"gpu":0,"hourly_price":0.7894,"mig_profile":null,"monthly_price":576.262,"ncpus":32,"network":{"interfaces":[{"internal_bandwidth":5000000000,"internet_bandwidth":null},{"internal_bandwidth":null,"internet_bandwidth":5000000000}],"ipv6_support":true,"sum_internal_bandwidth":5000000000,"sum_internet_bandwidth":5000000000},"per_volume_constraint":{"l_ssd":{"max_size":800000000000,"min_size":1000000000}},"ram":137438953472,"volumes_constraint":{"max_size":600000000000,"min_size":0}},"GP1-M":{"alt_names":[],"arch":"x86_64","baremetal":false,"capabilities":{"block_storage":true,"boot_types":["bootscript","rescue","local"],"default_boot_type":"local","hot_snapshots_local_volume":true,"placement_groups":true,"private_network":8},"gpu":0,"hourly_price":0.4064,"mig_profile":null,"monthly_price":296.672,"ncpus":16,"network":{"interfaces":[{"internal_bandwidth":1500000000,"internet_bandwidth":null},{"internal_bandwidth":null,"internet_bandwidth":1500000000}],"ipv6_support":true,"sum_internal_bandwidth":1500000000,"sum_internet_bandwidth":1500000000},"per_volume_constraint":{"l_ssd":{"max_size":800000000000,"min_size":1000000000}},"ram":68719476736,"volumes_constraint":{"max_size":600000000000,"min_size":0}},"GP1-S":{"alt_names":[],"arch":"x86_64","baremetal":false,"capabilities":{"block_storage":true,"boot_types":["bootscript","rescue","local"],"default_boot_type":"local","hot_snapshots_local_volume":true,"placement_groups":true,"private_network":8},"gpu":0,"hourly_price":0.2042,"mig_profile":null,"monthly_price":149.066,"ncpus":8,"network":{"interfaces":[{"internal_bandwidth":800000000,"internet_bandwidth":null},{"internal_bandwidth":null,"internet_bandwidth":800000000}],"ipv6_support":true,"sum_internal_bandwidth":800000000,"sum_internet_bandwidth":800000000},"per_volume_constraint":{"l_ssd":{"max_size":800000000000,"min_size":1000000000}},"ram":34359738368,"volumes_constraint":{"max_size":300000000000,"min_size":0}},"GP1-VIZ":{"alt_names":[],"arch":"x86_64","baremetal":false,"capabilities":{"block_storage":true,"boot_types":["bootscript","rescue","local"],"default_boot_type":"local","hot_snapshots_local_volume":true,"placement_groups":true,"private_network":8},"gpu":0,"hourly_price":0.1,"mig_profile":null,"monthly_price":72,"ncpus":8,"network":{"interfaces":[{"internal_bandwidth":500000000,"internet_bandwidth":null},{"internal_bandwidth":null,"internet_bandwidth":500000000}],"ipv6_support":true,"sum_internal_bandwidth":500000000,"sum_internet_bandwidth":500000000},"per_volume_constraint":{"l_ssd":{"max_size":800000000000,"min_size":1000000000}},"ram":34359738368,"volumes_constraint":{"max_size":300000000000,"min_size":0}},"GP1-XL":{"alt_names":[],"arch":"x86_64","baremetal":false,"capabilities":{"block_storage":true,"boot_types":["bootscript","rescue","local"],"default_boot_type":"local","hot_snapshots_local_volume":true,"placement_groups":true,"private_network":8},"gpu":0,"hourly_price":1.6714,"mig_profile":null,"monthly_price":1220.122,"ncpus":48,"network":{"interfaces":[{"internal_bandwidth":10000000000,"internet_bandwidth":null},{"internal_bandwidth":null,"internet_bandwidth":10000000000}],"ipv6_support":true,"sum_internal_bandwidth":10000000000,"sum_internet_bandwidth":10000000000},"per_volume_constraint":{"l_ssd":{"max_size":800000000000,"min_size":1000000000}},"ram":274877906944,"volumes_constraint":{"max_size":600000000000,"min_size":0}},"GP1-XS":{"alt_names":[],"arch":"x86_64","baremetal":false,"capabilities":{"block_storage":true,"boot_types":["bootscript","rescue","local"],"default_boot_type":"local","hot_snapshots_local_volume":true,"placement_groups":true,"private_network":8},"gpu":0,"hourly_price":0.1016,"mig_profile":null,"monthly_price":74.168,"ncpus":4,"network":{"interfaces":[{"internal_bandwidth":500000000,"internet_bandwidth":null},{"internal_bandwidth":null,"internet_bandwidth":500000000}],"ipv6_support":true,"sum_internal_bandwidth":500000000,"sum_internet_bandwidth":500000000},"per_volume_constraint":{"l_ssd":{"max_size":800000000000,"min_size":1000000000}},"ram":17179869184,"volumes_constraint":{"max_size":150000000000,"min_size":0}},"PLAY2-MICRO":{"alt_names":[],"arch":"x86_64","baremetal":false,"capabilities":{"block_storage":true,"boot_types":["rescue","local"],"default_boot_type":"local","hot_snapshots_local_volume":false,"placement_groups":true,"private_network":8},"gpu":0,"hourly_price":0.054,"mig_profile":null,"monthly_price":39.42,"ncpus":4,"network":{"interfaces":[{"internal_bandwidth":400000000,"internet_bandwidth":null},{"internal_bandwidth":null,"internet_bandwidth":400000000}],"ipv6_support":true,"sum_internal_bandwidth":400000000,"sum_internet_bandwidth":400000000},"per_volume_constraint":{"l_ssd":{"max_size":0,"min_size":0}},"ram":8589934592,"volumes_constraint":{"max_size":0,"min_size":0}},"PLAY2-NANO":{"alt_names":[],"arch":"x86_64","baremetal":false,"capabilities":{"block_storage":true,"boot_types":["rescue","local"],"default_boot_type":"local","hot_snapshots_local_volume":false,"placement_groups":true,"private_network":8},"gpu":0,"hourly_price":0.027,"mig_profile":null,"monthly_price":19.71,"ncpus":2,"network":{"interfaces":[{"internal_bandwidth":200000000,"internet_bandwidth":null},{"internal_bandwidth":null,"internet_bandwidth":200000000}],"ipv6_support":true,"sum_internal_bandwidth":200000000,"sum_internet_bandwidth":200000000},"per_volume_constraint":{"l_ssd":{"max_size":0,"min_size":0}},"ram":4294967296,"volumes_constraint":{"max_size":0,"min_size":0}},"PLAY2-PICO":{"alt_names":[],"arch":"x86_64","baremetal":false,"capabilities":{"block_storage":true,"boot_types":["rescue","local"],"default_boot_type":"local","hot_snapshots_local_volume":false,"placement_groups":true,"private_network":8},"gpu":0,"hourly_price":0.014,"mig_profile":null,"monthly_price":10.22,"ncpus":1,"network":{"interfaces":[{"internal_bandwidth":100000000,"internet_bandwidth":null},{"internal_bandwidth":null,"internet_bandwidth":100000000}],"ipv6_support":true,"sum_internal_bandwidth":100000000,"sum_internet_bandwidth":100000000},"per_volume_constraint":{"l_ssd":{"max_size":0,"min_size":0}},"ram":2147483648,"volumes_constraint":{"max_size":0,"min_size":0}},"POP2-16C-64G":{"alt_names":[],"arch":"x86_64","baremetal":false,"capabilities":{"block_storage":true,"boot_types":["rescue","local"],"default_boot_type":"local","hot_snapshots_local_volume":false,"placement_groups":true,"private_network":8},"gpu":0,"hourly_price":0.59,"mig_profile":null,"monthly_price":430.7,"ncpus":16,"network":{"interfaces":[{"internal_bandwidth":3200000000,"internet_bandwidth":null},{"internal_bandwidth":null,"internet_bandwidth":3200000000}],"ipv6_support":true,"sum_internal_bandwidth":3200000000,"sum_internet_bandwidth":3200000000},"per_volume_constraint":{"l_ssd":{"max_size":0,"min_size":0}},"ram":68719476736,"volumes_constraint":{"max_size":0,"min_size":0}},"POP2-2C-8G":{"alt_names":[],"arch":"x86_64","baremetal":false,"capabilities":{"block_storage":true,"boot_types":["rescue","local"],"default_boot_type":"local","hot_snapshots_local_volume":false,"placement_groups":true,"private_network":8},"gpu":0,"hourly_price":0.0735,"mig_profile":null,"monthly_price":53.66,"ncpus":2,"network":{"interfaces":[{"internal_bandwidth":400000000,"internet_bandwidth":null},{"internal_bandwidth":null,"internet_bandwidth":400000000}],"ipv6_support":true,"sum_internal_bandwidth":400000000,"sum_internet_bandwidth":400000000},"per_volume_constraint":{"l_ssd":{"max_size":0,"min_size":0}},"ram":8589934592,"volumes_constraint":{"max_size":0,"min_size":0}},"POP2-32C-128G":{"alt_names":[],"arch":"x86_64","baremetal":false,"capabilities":{"block_storage":true,"boot_types":["rescue","local"],"default_boot_type":"local","hot_snapshots_local_volume":false,"placement_groups":true,"private_network":8},"gpu":0,"hourly_price":1.18,"mig_profile":null,"monthly_price":861.4,"ncpus":32,"network":{"interfaces":[{"internal_bandwidth":6400000000,"internet_bandwidth":null},{"internal_bandwidth":null,"internet_bandwidth":6400000000}],"ipv6_support":true,"sum_internal_bandwidth":6400000000,"sum_internet_bandwidth":6400000000},"per_volume_constraint":{"l_ssd":{"max_size":0,"min_size":0}},"ram":137438953472,"volumes_constraint":{"max_size":0,"min_size":0}},"POP2-4C-16G":{"alt_names":[],"arch":"x86_64","baremetal":false,"capabilities":{"block_storage":true,"boot_types":["rescue","local"],"default_boot_type":"local","hot_snapshots_local_volume":false,"placement_groups":true,"private_network":8},"gpu":0,"hourly_price":0.147,"mig_profile":null,"monthly_price":107.31,"ncpus":4,"network":{"interfaces":[{"internal_bandwidth":800000000,"internet_bandwidth":null},{"internal_bandwidth":null,"internet_bandwidth":800000000}],"ipv6_support":true,"sum_internal_bandwidth":800000000,"sum_internet_bandwidth":800000000},"per_volume_constraint":{"l_ssd":{"max_size":0,"min_size":0}},"ram":17179869184,"volumes_constraint":{"max_size":0,"min_size":0}},"POP2-64C-256G":{"alt_names":[],"arch":"x86_64","baremetal":false,"capabilities":{"block_storage":true,"boot_types":["rescue","local"],"default_boot_type":"local","hot_snapshots_local_volume":false,"placement_groups":true,"private_network":8},"gpu":0,"hourly_price":2.35,"mig_profile":null,"monthly_price":1715.5,"ncpus":64,"network":{"interfaces":[{"internal_bandwidth":12800000000,"internet_bandwidth":null},{"internal_bandwidth":null,"internet_bandwidth":12800000000}],"ipv6_support":true,"sum_internal_bandwidth":12800000000,"sum_internet_bandwidth":12800000000},"per_volume_constraint":{"l_ssd":{"max_size":0,"min_size":0}},"ram":274877906944,"volumes_constraint":{"max_size":0,"min_size":0}},"POP2-8C-32G":{"alt_names":[],"arch":"x86_64","baremetal":false,"capabilities":{"block_storage":true,"boot_types":["rescue","local"],"default_boot_type":"local","hot_snapshots_local_volume":false,"placement_groups":true,"private_network":8},"gpu":0,"hourly_price":0.29,"mig_profile":null,"monthly_price":211.7,"ncpus":8,"network":{"interfaces":[{"internal_bandwidth":1600000000,"internet_bandwidth":null},{"internal_bandwidth":null,"internet_bandwidth":1600000000}],"ipv6_support":true,"sum_internal_bandwidth":1600000000,"sum_internet_bandwidth":1600000000},"per_volume_constraint":{"l_ssd":{"max_size":0,"min_size":0}},"ram":34359738368,"volumes_constraint":{"max_size":0,"min_size":0}},"POP2-HC-16C-32G":{"alt_names":[],"arch":"x86_64","baremetal":false,"capabilities":{"block_storage":true,"boot_types":["rescue","local"],"default_boot_type":"local","hot_snapshots_local_volume":false,"placement_groups":true,"private_network":8},"gpu":0,"hourly_price":0.4256,"mig_profile":null,"monthly_price":310.69,"ncpus":16,"network":{"interfaces":[{"internal_bandwidth":3200000000,"internet_bandwidth":null},{"internal_bandwidth":null,"internet_bandwidth":3200000000}],"ipv6_support":true,"sum_internal_bandwidth":3200000000,"sum_internet_bandwidth":3200000000},"per_volume_constraint":{"l_ssd":{"max_size":0,"min_size":0}},"ram":34359738368,"volumes_constraint":{"max_size":0,"min_size":0}},"POP2-HC-2C-4G":{"alt_names":[],"arch":"x86_64","baremetal":false,"capabilities":{"block_storage":true,"boot_types":["rescue","local"],"default_boot_type":"local","hot_snapshots_local_volume":false,"placement_groups":true,"private_network":8},"gpu":0,"hourly_price":0.0532,"mig_profile":null,"monthly_price":38.84,"ncpus":2,"network":{"interfaces":[{"internal_bandwidth":400000000,"internet_bandwidth":null},{"internal_bandwidth":null,"internet_bandwidth":400000000}],"ipv6_support":true,"sum_internal_bandwidth":400000000,"sum_internet_bandwidth":400000000},"per_volume_constraint":{"l_ssd":{"max_size":0,"min_size":0}},"ram":4294967296,"volumes_constraint":{"max_size":0,"min_size":0}},"POP2-HC-32C-64G":{"alt_names":[],"arch":"x86_64","baremetal":false,"capabilities":{"block_storage":true,"boot_types":["rescue","local"],"default_boot_type":"local","hot_snapshots_local_volume":false,"placement_groups":true,"private_network":8},"gpu":0,"hourly_price":0.8512,"mig_profile":null,"monthly_price":621.38,"ncpus":32,"network":{"interfaces":[{"internal_bandwidth":6400000000,"internet_bandwidth":null},{"internal_bandwidth":null,"internet_bandwidth":6400000000}],"ipv6_support":true,"sum_internal_bandwidth":6400000000,"sum_internet_bandwidth":6400000000},"per_volume_constraint":{"l_ssd":{"max_size":0,"min_size":0}},"ram":68719476736,"volumes_constraint":{"max_size":0,"min_size":0}},"POP2-HC-4C-8G":{"alt_names":[],"arch":"x86_64","baremetal":false,"capabilities":{"block_storage":true,"boot_types":["rescue","local"],"default_boot_type":"local","hot_snapshots_local_volume":false,"placement_groups":true,"private_network":8},"gpu":0,"hourly_price":0.1064,"mig_profile":null,"monthly_price":77.67,"ncpus":4,"network":{"interfaces":[{"internal_bandwidth":800000000,"internet_bandwidth":null},{"internal_bandwidth":null,"internet_bandwidth":800000000}],"ipv6_support":true,"sum_internal_bandwidth":800000000,"sum_internet_bandwidth":800000000},"per_volume_constraint":{"l_ssd":{"max_size":0,"min_size":0}},"ram":8589934592,"volumes_constraint":{"max_size":0,"min_size":0}},"POP2-HC-64C-128G":{"alt_names":[],"arch":"x86_64","baremetal":false,"capabilities":{"block_storage":true,"boot_types":["rescue","local"],"default_boot_type":"local","hot_snapshots_local_volume":false,"placement_groups":true,"private_network":8},"gpu":0,"hourly_price":1.7024,"mig_profile":null,"monthly_price":1242.75,"ncpus":64,"network":{"interfaces":[{"internal_bandwidth":12800000000,"internet_bandwidth":null},{"internal_bandwidth":null,"internet_bandwidth":12800000000}],"ipv6_support":true,"sum_internal_bandwidth":12800000000,"sum_internet_bandwidth":12800000000},"per_volume_constraint":{"l_ssd":{"max_size":0,"min_size":0}},"ram":137438953472,"volumes_constraint":{"max_size":0,"min_size":0}},"POP2-HC-8C-16G":{"alt_names":[],"arch":"x86_64","baremetal":false,"capabilities":{"block_storage":true,"boot_types":["rescue","local"],"default_boot_type":"local","hot_snapshots_local_volume":false,"placement_groups":true,"private_network":8},"gpu":0,"hourly_price":0.2128,"mig_profile":null,"monthly_price":155.34,"ncpus":8,"network":{"interfaces":[{"internal_bandwidth":1600000000,"internet_bandwidth":null},{"internal_bandwidth":null,"internet_bandwidth":1600000000}],"ipv6_support":true,"sum_internal_bandwidth":1600000000,"sum_internet_bandwidth":1600000000},"per_volume_constraint":{"l_ssd":{"max_size":0,"min_size":0}},"ram":17179869184,"volumes_constraint":{"max_size":0,"min_size":0}},"POP2-HM-16C-128G":{"alt_names":[],"arch":"x86_64","baremetal":false,"capabilities":{"block_storage":true,"boot_types":["rescue","local"],"default_boot_type":"local","hot_snapshots_local_volume":false,"placement_groups":true,"private_network":8},"gpu":0,"hourly_price":0.824,"mig_profile":null,"monthly_price":601.52,"ncpus":16,"network":{"interfaces":[{"internal_bandwidth":3200000000,"internet_bandwidth":null},{"internal_bandwidth":null,"internet_bandwidth":3200000000}],"ipv6_support":true,"sum_internal_bandwidth":3200000000,"sum_internet_bandwidth":3200000000},"per_volume_constraint":{"l_ssd":{"max_size":0,"min_size":0}},"ram":137438953472,"volumes_constraint":{"max_size":0,"min_size":0}},"POP2-HM-2C-16G":{"alt_names":[],"arch":"x86_64","baremetal":false,"capabilities":{"block_storage":true,"boot_types":["rescue","local"],"default_boot_type":"local","hot_snapshots_local_volume":false,"placement_groups":true,"private_network":8},"gpu":0,"hourly_price":0.103,"mig_profile":null,"monthly_price":75.19,"ncpus":2,"network":{"interfaces":[{"internal_bandwidth":400000000,"internet_bandwidth":null},{"internal_bandwidth":null,"internet_bandwidth":400000000}],"ipv6_support":true,"sum_internal_bandwidth":400000000,"sum_internet_bandwidth":400000000},"per_volume_constraint":{"l_ssd":{"max_size":0,"min_size":0}},"ram":17179869184,"volumes_constraint":{"max_size":0,"min_size":0}},"POP2-HM-32C-256G":{"alt_names":[],"arch":"x86_64","baremetal":false,"capabilities":{"block_storage":true,"boot_types":["rescue","local"],"default_boot_type":"local","hot_snapshots_local_volume":false,"placement_groups":true,"private_network":8},"gpu":0,"hourly_price":1.648,"mig_profile":null,"monthly_price":1203.04,"ncpus":32,"network":{"interfaces":[{"internal_bandwidth":6400000000,"internet_bandwidth":null},{"internal_bandwidth":null,"internet_bandwidth":6400000000}],"ipv6_support":true,"sum_internal_bandwidth":6400000000,"sum_internet_bandwidth":6400000000},"per_volume_constraint":{"l_ssd":{"max_size":0,"min_size":0}},"ram":274877906944,"volumes_constraint":{"max_size":0,"min_size":0}},"POP2-HM-4C-32G":{"alt_names":[],"arch":"x86_64","baremetal":false,"capabilities":{"block_storage":true,"boot_types":["rescue","local"],"default_boot_type":"local","hot_snapshots_local_volume":false,"placement_groups":true,"private_network":8},"gpu":0,"hourly_price":0.206,"mig_profile":null,"monthly_price":150.38,"ncpus":4,"network":{"interfaces":[{"internal_bandwidth":800000000,"internet_bandwidth":null},{"internal_bandwidth":null,"internet_bandwidth":800000000}],"ipv6_support":true,"sum_internal_bandwidth":800000000,"sum_internet_bandwidth":800000000},"per_volume_constraint":{"l_ssd":{"max_size":0,"min_size":0}},"ram":34359738368,"volumes_constraint":{"max_size":0,"min_size":0}},"POP2-HM-64C-512G":{"alt_names":[],"arch":"x86_64","baremetal":false,"capabilities":{"block_storage":true,"boot_types":["rescue","local"],"default_boot_type":"local","hot_snapshots_local_volume":false,"placement_groups":true,"private_network":8},"gpu":0,"hourly_price":3.296,"mig_profile":null,"monthly_price":2406.08,"ncpus":64,"network":{"interfaces":[{"internal_bandwidth":12800000000,"internet_bandwidth":null},{"internal_bandwidth":null,"internet_bandwidth":12800000000}],"ipv6_support":true,"sum_internal_bandwidth":12800000000,"sum_internet_bandwidth":12800000000},"per_volume_constraint":{"l_ssd":{"max_size":0,"min_size":0}},"ram":549755813888,"volumes_constraint":{"max_size":0,"min_size":0}},"POP2-HM-8C-64G":{"alt_names":[],"arch":"x86_64","baremetal":false,"capabilities":{"block_storage":true,"boot_types":["rescue","local"],"default_boot_type":"local","hot_snapshots_local_volume":false,"placement_groups":true,"private_network":8},"gpu":0,"hourly_price":0.412,"mig_profile":null,"monthly_price":300.76,"ncpus":8,"network":{"interfaces":[{"internal_bandwidth":1600000000,"internet_bandwidth":null},{"internal_bandwidth":null,"internet_bandwidth":1600000000}],"ipv6_support":true,"sum_internal_bandwidth":1600000000,"sum_internet_bandwidth":1600000000},"per_volume_constraint":{"l_ssd":{"max_size":0,"min_size":0}},"ram":68719476736,"volumes_constraint":{"max_size":0,"min_size":0}},"PRO2-L":{"alt_names":[],"arch":"x86_64","baremetal":false,"capabilities":{"block_storage":true,"boot_types":["rescue","local"],"default_boot_type":"local","hot_snapshots_local_volume":false,"placement_groups":true,"private_network":8},"gpu":0,"hourly_price":0.877,"mig_profile":null,"monthly_price":640.21,"ncpus":32,"network":{"interfaces":[{"internal_bandwidth":6000000000,"internet_bandwidth":null},{"internal_bandwidth":null,"internet_bandwidth":6000000000}],"ipv6_support":true,"sum_internal_bandwidth":6000000000,"sum_internet_bandwidth":6000000000},"per_volume_constraint":{"l_ssd":{"max_size":0,"min_size":0}},"ram":137438953472,"volumes_constraint":{"max_size":0,"min_size":0}},"PRO2-M":{"alt_names":[],"arch":"x86_64","baremetal":false,"capabilities":{"block_storage":true,"boot_types":["rescue","local"],"default_boot_type":"local","hot_snapshots_local_volume":false,"placement_groups":true,"private_network":8},"gpu":0,"hourly_price":0.438,"mig_profile":null,"monthly_price":319.74,"ncpus":16,"network":{"interfaces":[{"internal_bandwidth":3000000000,"internet_bandwidth":null},{"internal_bandwidth":null,"internet_bandwidth":3000000000}],"ipv6_support":true,"sum_internal_bandwidth":3000000000,"sum_internet_bandwidth":3000000000},"per_volume_constraint":{"l_ssd":{"max_size":0,"min_size":0}},"ram":68719476736,"volumes_constraint":{"max_size":0,"min_size":0}},"PRO2-S":{"alt_names":[],"arch":"x86_64","baremetal":false,"capabilities":{"block_storage":true,"boot_types":["rescue","local"],"default_boot_type":"local","hot_snapshots_local_volume":false,"placement_groups":true,"private_network":8},"gpu":0,"hourly_price":0.219,"mig_profile":null,"monthly_price":159.87,"ncpus":8,"network":{"interfaces":[{"internal_bandwidth":1500000000,"internet_bandwidth":null},{"internal_bandwidth":null,"internet_bandwidth":1500000000}],"ipv6_support":true,"sum_internal_bandwidth":1500000000,"sum_internet_bandwidth":1500000000},"per_volume_constraint":{"l_ssd":{"max_size":0,"min_size":0}},"ram":34359738368,"volumes_constraint":{"max_size":0,"min_size":0}},"PRO2-XS":{"alt_names":[],"arch":"x86_64","baremetal":false,"capabilities":{"block_storage":true,"boot_types":["rescue","local"],"default_boot_type":"local","hot_snapshots_local_volume":false,"placement_groups":true,"private_network":8},"gpu":0,"hourly_price":0.11,"mig_profile":null,"monthly_price":80.3,"ncpus":4,"network":{"interfaces":[{"internal_bandwidth":700000000,"internet_bandwidth":null},{"internal_bandwidth":null,"internet_bandwidth":700000000}],"ipv6_support":true,"sum_internal_bandwidth":700000000,"sum_internet_bandwidth":700000000},"per_volume_constraint":{"l_ssd":{"max_size":0,"min_size":0}},"ram":17179869184,"volumes_constraint":{"max_size":0,"min_size":0}},"PRO2-XXS":{"alt_names":[],"arch":"x86_64","baremetal":false,"capabilities":{"block_storage":true,"boot_types":["rescue","local"],"default_boot_type":"local","hot_snapshots_local_volume":false,"placement_groups":true,"private_network":8},"gpu":0,"hourly_price":0.055,"mig_profile":null,"monthly_price":40.15,"ncpus":2,"network":{"interfaces":[{"internal_bandwidth":350000000,"internet_bandwidth":null},{"internal_bandwidth":null,"internet_bandwidth":350000000}],"ipv6_support":true,"sum_internal_bandwidth":350000000,"sum_internet_bandwidth":350000000},"per_volume_constraint":{"l_ssd":{"max_size":0,"min_size":0}},"ram":8589934592,"volumes_constraint":{"max_size":0,"min_size":0}},"RENDER-S":{"alt_names":[],"arch":"x86_64","baremetal":false,"capabilities":{"block_storage":true,"boot_types":["local","rescue"],"default_boot_type":"local","hot_snapshots_local_volume":true,"placement_groups":true,"private_network":8},"gpu":1,"hourly_price":1.2426,"mig_profile":null,"monthly_price":907.098,"ncpus":10,"network":{"interfaces":[{"internal_bandwidth":1000000000,"internet_bandwidth":null},{"internal_bandwidth":null,"internet_bandwidth":1000000000}],"ipv6_support":true,"sum_internal_bandwidth":1000000000,"sum_internet_bandwidth":1000000000},"per_volume_constraint":{"l_ssd":{"max_size":800000000000,"min_size":1000000000}},"ram":45097156608,"volumes_constraint":{"max_size":400000000000,"min_size":0}},"STARDUST1-S":{"alt_names":[],"arch":"x86_64","baremetal":false,"capabilities":{"block_storage":true,"boot_types":["bootscript","rescue","local"],"default_boot_type":"local","hot_snapshots_local_volume":true,"placement_groups":true,"private_network":8},"gpu":0,"hourly_price":0.00459,"mig_profile":null,"monthly_price":3.3507,"ncpus":1,"network":{"interfaces":[{"internal_bandwidth":100000000,"internet_bandwidth":null},{"internal_bandwidth":null,"internet_bandwidth":100000000}],"ipv6_support":true,"sum_internal_bandwidth":100000000,"sum_internet_bandwidth":100000000},"per_volume_constraint":{"l_ssd":{"max_size":800000000000,"min_size":1000000000}},"ram":1073741824,"volumes_constraint":{"max_size":10000000000,"min_size":0}},"START1-L":{"alt_names":[],"arch":"x86_64","baremetal":false,"capabilities":{"block_storage":true,"boot_types":["bootscript","rescue","local"],"default_boot_type":"bootscript","hot_snapshots_local_volume":true,"placement_groups":true,"private_network":0},"gpu":0,"hourly_price":0.0368,"mig_profile":null,"monthly_price":26.864,"ncpus":8,"network":{"interfaces":[{"internal_bandwidth":null,"internet_bandwidth":400000000}],"ipv6_support":true,"sum_internal_bandwidth":104857600,"sum_internet_bandwidth":400000000},"per_volume_constraint":{"l_ssd":{"max_size":200000000000,"min_size":1000000000}},"ram":8589934592,"volumes_constraint":{"max_size":200000000000,"min_size":200000000000}},"START1-M":{"alt_names":[],"arch":"x86_64","baremetal":false,"capabilities":{"block_storage":true,"boot_types":["bootscript","rescue","local"],"default_boot_type":"bootscript","hot_snapshots_local_volume":true,"placement_groups":true,"private_network":0},"gpu":0,"hourly_price":0.0194,"mig_profile":null,"monthly_price":14.162,"ncpus":4,"network":{"interfaces":[{"internal_bandwidth":null,"internet_bandwidth":300000000}],"ipv6_support":true,"sum_internal_bandwidth":104857600,"sum_internet_bandwidth":300000000},"per_volume_constraint":{"l_ssd":{"max_size":200000000000,"min_size":1000000000}},"ram":4294967296,"volumes_constraint":{"max_size":100000000000,"min_size":100000000000}},"START1-S":{"alt_names":[],"arch":"x86_64","baremetal":false,"capabilities":{"block_storage":true,"boot_types":["bootscript","rescue","local"],"default_boot_type":"bootscript","hot_snapshots_local_volume":true,"placement_groups":true,"private_network":0},"gpu":0,"hourly_price":0.0106,"mig_profile":null,"monthly_price":7.738,"ncpus":2,"network":{"interfaces":[{"internal_bandwidth":null,"internet_bandwidth":200000000}],"ipv6_support":true,"sum_internal_bandwidth":104857600,"sum_internet_bandwidth":200000000},"per_volume_constraint":{"l_ssd":{"max_size":200000000000,"min_size":1000000000}},"ram":2147483648,"volumes_constraint":{"max_size":50000000000,"min_size":50000000000}},"START1-XS":{"alt_names":[],"arch":"x86_64","baremetal":false,"capabilities":{"block_storage":true,"boot_types":["bootscript","rescue","local"],"default_boot_type":"bootscript","hot_snapshots_local_volume":true,"placement_groups":true,"private_network":0},"gpu":0,"hourly_price":0.0062,"mig_profile":null,"monthly_price":4.526,"ncpus":1,"network":{"interfaces":[{"internal_bandwidth":null,"internet_bandwidth":100000000}],"ipv6_support":true,"sum_internal_bandwidth":104857600,"sum_internet_bandwidth":100000000},"per_volume_constraint":{"l_ssd":{"max_size":200000000000,"min_size":1000000000}},"ram":1073741824,"volumes_constraint":{"max_size":25000000000,"min_size":25000000000}},"VC1L":{"alt_names":["X64-8GB"],"arch":"x86_64","baremetal":false,"capabilities":{"block_storage":true,"boot_types":["bootscript","rescue","local"],"default_boot_type":"bootscript","hot_snapshots_local_volume":true,"placement_groups":true,"private_network":0},"gpu":0,"hourly_price":0.02468,"mig_profile":null,"monthly_price":18.0164,"ncpus":6,"network":{"interfaces":[{"internal_bandwidth":null,"internet_bandwidth":200000000}],"ipv6_support":true,"sum_internal_bandwidth":104857600,"sum_internet_bandwidth":200000000},"per_volume_constraint":{"l_ssd":{"max_size":200000000000,"min_size":1000000000}},"ram":8589934592,"volumes_constraint":{"max_size":200000000000,"min_size":200000000000}}}}'
    headers:
      Content-Length:
      - "37931"
      Content-Security-Policy:
      - default-src 'none'; frame-ancestors 'none'
      Content-Type:
      - application/json
      Date:
      - Mon, 28 Aug 2023 14:36:06 GMT
      Link:
      - </products/servers?page=2&per_page=50&>; rel="next",</products/servers?page=2&per_page=50&>;
        rel="last"
      Server:
      - Scaleway API-Gateway
      Strict-Transport-Security:
      - max-age=63072000
      X-Content-Type-Options:
      - nosniff
      X-Frame-Options:
      - DENY
      X-Request-Id:
      - 9356e200-6d42-4362-bf8a-60a058e80bc4
      X-Total-Count:
      - "56"
    status: 200 OK
    code: 200
    duration: ""
- request:
    body: ""
    form: {}
    headers:
      User-Agent:
      - scaleway-sdk-go/v1.0.0-beta.7+dev (go1.20.4; linux; amd64) terraform-provider/develop
        terraform/terraform-tests
    url: https://api.scaleway.com/instance/v1/zones/fr-par-1/products/servers?page=2
    method: GET
  response:
    body: '{"servers":{"VC1M":{"alt_names":["X64-4GB"],"arch":"x86_64","baremetal":false,"capabilities":{"block_storage":true,"boot_types":["bootscript","rescue","local"],"default_boot_type":"bootscript","hot_snapshots_local_volume":true,"placement_groups":true,"private_network":0},"gpu":0,"hourly_price":0.01555,"mig_profile":null,"monthly_price":11.3515,"ncpus":4,"network":{"interfaces":[{"internal_bandwidth":null,"internet_bandwidth":200000000}],"ipv6_support":true,"sum_internal_bandwidth":104857600,"sum_internet_bandwidth":200000000},"per_volume_constraint":{"l_ssd":{"max_size":200000000000,"min_size":1000000000}},"ram":4294967296,"volumes_constraint":{"max_size":100000000000,"min_size":100000000000}},"VC1S":{"alt_names":["X64-2GB"],"arch":"x86_64","baremetal":false,"capabilities":{"block_storage":true,"boot_types":["bootscript","rescue","local"],"default_boot_type":"bootscript","hot_snapshots_local_volume":true,"placement_groups":true,"private_network":0},"gpu":0,"hourly_price":0.00862,"mig_profile":null,"monthly_price":6.2926,"ncpus":2,"network":{"interfaces":[{"internal_bandwidth":null,"internet_bandwidth":200000000}],"ipv6_support":true,"sum_internal_bandwidth":104857600,"sum_internet_bandwidth":200000000},"per_volume_constraint":{"l_ssd":{"max_size":200000000000,"min_size":1000000000}},"ram":2147483648,"volumes_constraint":{"max_size":50000000000,"min_size":50000000000}},"X64-120GB":{"alt_names":[],"arch":"x86_64","baremetal":false,"capabilities":{"block_storage":true,"boot_types":["bootscript","rescue","local"],"default_boot_type":"bootscript","hot_snapshots_local_volume":true,"placement_groups":true,"private_network":0},"gpu":0,"hourly_price":0.42574,"mig_profile":null,"monthly_price":310.7902,"ncpus":12,"network":{"interfaces":[{"internal_bandwidth":null,"internet_bandwidth":1000000000}],"ipv6_support":true,"sum_internal_bandwidth":104857600,"sum_internet_bandwidth":1000000000},"per_volume_constraint":{"l_ssd":{"max_size":200000000000,"min_size":1000000000}},"ram":128849018880,"volumes_constraint":{"max_size":1000000000000,"min_size":500000000000}},"X64-15GB":{"alt_names":[],"arch":"x86_64","baremetal":false,"capabilities":{"block_storage":true,"boot_types":["bootscript","rescue","local"],"default_boot_type":"bootscript","hot_snapshots_local_volume":true,"placement_groups":true,"private_network":0},"gpu":0,"hourly_price":0.06032,"mig_profile":null,"monthly_price":44.0336,"ncpus":6,"network":{"interfaces":[{"internal_bandwidth":null,"internet_bandwidth":250000000}],"ipv6_support":true,"sum_internal_bandwidth":104857600,"sum_internet_bandwidth":250000000},"per_volume_constraint":{"l_ssd":{"max_size":200000000000,"min_size":1000000000}},"ram":16106127360,"volumes_constraint":{"max_size":200000000000,"min_size":200000000000}},"X64-30GB":{"alt_names":[],"arch":"x86_64","baremetal":false,"capabilities":{"block_storage":true,"boot_types":["bootscript","rescue","local"],"default_boot_type":"bootscript","hot_snapshots_local_volume":true,"placement_groups":true,"private_network":0},"gpu":0,"hourly_price":0.11906,"mig_profile":null,"monthly_price":86.9138,"ncpus":8,"network":{"interfaces":[{"internal_bandwidth":null,"internet_bandwidth":500000000}],"ipv6_support":true,"sum_internal_bandwidth":104857600,"sum_internet_bandwidth":500000000},"per_volume_constraint":{"l_ssd":{"max_size":200000000000,"min_size":1000000000}},"ram":32212254720,"volumes_constraint":{"max_size":400000000000,"min_size":300000000000}},"X64-60GB":{"alt_names":[],"arch":"x86_64","baremetal":false,"capabilities":{"block_storage":true,"boot_types":["bootscript","rescue","local"],"default_boot_type":"bootscript","hot_snapshots_local_volume":true,"placement_groups":true,"private_network":0},"gpu":0,"hourly_price":0.213,"mig_profile":null,"monthly_price":155.49,"ncpus":10,"network":{"interfaces":[{"internal_bandwidth":null,"internet_bandwidth":1000000000}],"ipv6_support":true,"sum_internal_bandwidth":104857600,"sum_internet_bandwidth":1000000000},"per_volume_constraint":{"l_ssd":{"max_size":200000000000,"min_size":1000000000}},"ram":64424509440,"volumes_constraint":{"max_size":700000000000,"min_size":400000000000}}}}'
    headers:
      Content-Length:
      - "4489"
      Content-Security-Policy:
      - default-src 'none'; frame-ancestors 'none'
      Content-Type:
      - application/json
      Date:
      - Mon, 28 Aug 2023 14:36:06 GMT
      Link:
      - </products/servers?page=1&per_page=50&>; rel="first",</products/servers?page=1&per_page=50&>;
        rel="previous",</products/servers?page=2&per_page=50&>; rel="last"
      Server:
      - Scaleway API-Gateway
      Strict-Transport-Security:
      - max-age=63072000
      X-Content-Type-Options:
      - nosniff
      X-Frame-Options:
      - DENY
      X-Request-Id:
      - 2ccce158-dd04-4b6a-a470-ef8947221c25
      X-Total-Count:
      - "56"
    status: 200 OK
    code: 200
    duration: ""
- request:
    body: '{"name":"tf-srv-distracted-goldberg","dynamic_ip_required":false,"commercial_type":"DEV1-S","image":"e61b1d27-f80a-4cfd-9121-39f695f3bc68","volumes":{"0":{"boot":false,"size":20000000000,"volume_type":"l_ssd"}},"boot_type":"local","project":"105bdce1-64c0-48ab-899d-868455867ecf"}'
    form: {}
    headers:
      Content-Type:
      - application/json
      User-Agent:
      - scaleway-sdk-go/v1.0.0-beta.7+dev (go1.20.4; linux; amd64) terraform-provider/develop
        terraform/terraform-tests
    url: https://api.scaleway.com/instance/v1/zones/fr-par-1/servers
    method: POST
  response:
    body: '{"server":{"allowed_actions":["poweron","backup","enable_routed_ip"],"arch":"x86_64","boot_type":"local","bootscript":{"architecture":"x86_64","bootcmdargs":"LINUX_COMMON
      scaleway boot=local nbd.max_part=16","default":true,"dtb":"","id":"fdfe150f-a870-4ce4-b432-9f56b5b995c1","initrd":"http://10.194.3.9/initrd/initrd-Linux-x86_64-v3.14.6.gz","kernel":"http://10.194.3.9/kernel/x86_64-mainline-lts-4.4-4.4.230-rev1/vmlinuz-4.4.230","organization":"11111111-1111-4111-8111-111111111111","project":"11111111-1111-4111-8111-111111111111","public":true,"title":"x86_64
      mainline 4.4.230 rev1","zone":"fr-par-1"},"commercial_type":"DEV1-S","creation_date":"2023-08-28T14:36:07.050825+00:00","dynamic_ip_required":false,"enable_ipv6":false,"extra_networks":[],"hostname":"tf-srv-distracted-goldberg","id":"8a445f8c-b333-4f8c-a270-f1d49358df05","image":{"arch":"x86_64","creation_date":"2023-08-08T13:33:54.403199+00:00","default_bootscript":null,"extra_volumes":{},"from_server":null,"id":"e61b1d27-f80a-4cfd-9121-39f695f3bc68","modification_date":"2023-08-08T13:33:54.403199+00:00","name":"Ubuntu
      20.04 Focal Fossa","organization":"51b656e3-4865-41e8-adbc-0c45bdd780db","project":"51b656e3-4865-41e8-adbc-0c45bdd780db","public":true,"root_volume":{"id":"e2ae7926-f93d-4d02-b859-84b2a13a060b","name":"Ubuntu
      20.04 Focal Fossa","size":10000000000,"volume_type":"unified"},"state":"available","tags":[],"zone":"fr-par-1"},"ipv6":null,"location":null,"mac_address":"de:00:00:22:7b:0f","maintenances":[],"modification_date":"2023-08-28T14:36:07.050825+00:00","name":"tf-srv-distracted-goldberg","organization":"105bdce1-64c0-48ab-899d-868455867ecf","placement_group":null,"private_ip":null,"private_nics":[],"project":"105bdce1-64c0-48ab-899d-868455867ecf","protected":false,"public_ip":null,"public_ips":[],"routed_ip_enabled":false,"security_group":{"id":"5881315f-2400-43a0-ac75-08adf6cb8c12","name":"Default
      security group"},"state":"stopped","state_detail":"","tags":[],"volumes":{"0":{"boot":false,"creation_date":"2023-08-28T14:36:07.050825+00:00","export_uri":null,"id":"ea09c8d7-2196-42e7-b922-e73210cb3b2a","modification_date":"2023-08-28T14:36:07.050825+00:00","name":"Ubuntu
      20.04 Focal Fossa","organization":"105bdce1-64c0-48ab-899d-868455867ecf","project":"105bdce1-64c0-48ab-899d-868455867ecf","server":{"id":"8a445f8c-b333-4f8c-a270-f1d49358df05","name":"tf-srv-distracted-goldberg"},"size":20000000000,"state":"available","tags":[],"volume_type":"l_ssd","zone":"fr-par-1"}},"zone":"fr-par-1"}}'
    headers:
      Content-Length:
      - "2660"
      Content-Security-Policy:
      - default-src 'none'; frame-ancestors 'none'
      Content-Type:
      - application/json
      Date:
      - Mon, 28 Aug 2023 14:36:07 GMT
      Location:
      - https://api.scaleway.com/instance/v1/zones/fr-par-1/servers/8a445f8c-b333-4f8c-a270-f1d49358df05
      Server:
      - Scaleway API-Gateway
      Strict-Transport-Security:
      - max-age=63072000
      X-Content-Type-Options:
      - nosniff
      X-Frame-Options:
      - DENY
      X-Request-Id:
      - 6bb05ba5-bb0f-4982-8bdb-6c380b0ec6f0
    status: 201 Created
    code: 201
    duration: ""
- request:
    body: ""
    form: {}
    headers:
      User-Agent:
      - scaleway-sdk-go/v1.0.0-beta.7+dev (go1.20.4; linux; amd64) terraform-provider/develop
        terraform/terraform-tests
    url: https://api.scaleway.com/instance/v1/zones/fr-par-1/servers/8a445f8c-b333-4f8c-a270-f1d49358df05
    method: GET
  response:
    body: '{"server":{"allowed_actions":["poweron","backup","enable_routed_ip"],"arch":"x86_64","boot_type":"local","bootscript":{"architecture":"x86_64","bootcmdargs":"LINUX_COMMON
      scaleway boot=local nbd.max_part=16","default":true,"dtb":"","id":"fdfe150f-a870-4ce4-b432-9f56b5b995c1","initrd":"http://10.194.3.9/initrd/initrd-Linux-x86_64-v3.14.6.gz","kernel":"http://10.194.3.9/kernel/x86_64-mainline-lts-4.4-4.4.230-rev1/vmlinuz-4.4.230","organization":"11111111-1111-4111-8111-111111111111","project":"11111111-1111-4111-8111-111111111111","public":true,"title":"x86_64
      mainline 4.4.230 rev1","zone":"fr-par-1"},"commercial_type":"DEV1-S","creation_date":"2023-08-28T14:36:07.050825+00:00","dynamic_ip_required":false,"enable_ipv6":false,"extra_networks":[],"hostname":"tf-srv-distracted-goldberg","id":"8a445f8c-b333-4f8c-a270-f1d49358df05","image":{"arch":"x86_64","creation_date":"2023-08-08T13:33:54.403199+00:00","default_bootscript":null,"extra_volumes":{},"from_server":null,"id":"e61b1d27-f80a-4cfd-9121-39f695f3bc68","modification_date":"2023-08-08T13:33:54.403199+00:00","name":"Ubuntu
      20.04 Focal Fossa","organization":"51b656e3-4865-41e8-adbc-0c45bdd780db","project":"51b656e3-4865-41e8-adbc-0c45bdd780db","public":true,"root_volume":{"id":"e2ae7926-f93d-4d02-b859-84b2a13a060b","name":"Ubuntu
      20.04 Focal Fossa","size":10000000000,"volume_type":"unified"},"state":"available","tags":[],"zone":"fr-par-1"},"ipv6":null,"location":null,"mac_address":"de:00:00:22:7b:0f","maintenances":[],"modification_date":"2023-08-28T14:36:07.050825+00:00","name":"tf-srv-distracted-goldberg","organization":"105bdce1-64c0-48ab-899d-868455867ecf","placement_group":null,"private_ip":null,"private_nics":[],"project":"105bdce1-64c0-48ab-899d-868455867ecf","protected":false,"public_ip":null,"public_ips":[],"routed_ip_enabled":false,"security_group":{"id":"5881315f-2400-43a0-ac75-08adf6cb8c12","name":"Default
      security group"},"state":"stopped","state_detail":"","tags":[],"volumes":{"0":{"boot":false,"creation_date":"2023-08-28T14:36:07.050825+00:00","export_uri":null,"id":"ea09c8d7-2196-42e7-b922-e73210cb3b2a","modification_date":"2023-08-28T14:36:07.050825+00:00","name":"Ubuntu
      20.04 Focal Fossa","organization":"105bdce1-64c0-48ab-899d-868455867ecf","project":"105bdce1-64c0-48ab-899d-868455867ecf","server":{"id":"8a445f8c-b333-4f8c-a270-f1d49358df05","name":"tf-srv-distracted-goldberg"},"size":20000000000,"state":"available","tags":[],"volume_type":"l_ssd","zone":"fr-par-1"}},"zone":"fr-par-1"}}'
    headers:
      Content-Length:
      - "2660"
      Content-Security-Policy:
      - default-src 'none'; frame-ancestors 'none'
      Content-Type:
      - application/json
      Date:
      - Mon, 28 Aug 2023 14:36:07 GMT
      Server:
      - Scaleway API-Gateway
      Strict-Transport-Security:
      - max-age=63072000
      X-Content-Type-Options:
      - nosniff
      X-Frame-Options:
      - DENY
      X-Request-Id:
      - 3b82b04c-4099-4885-92f1-811641c3a4c7
    status: 200 OK
    code: 200
    duration: ""
- request:
    body: ""
    form: {}
    headers:
      User-Agent:
      - scaleway-sdk-go/v1.0.0-beta.7+dev (go1.20.4; linux; amd64) terraform-provider/develop
        terraform/terraform-tests
    url: https://api.scaleway.com/instance/v1/zones/fr-par-1/servers/8a445f8c-b333-4f8c-a270-f1d49358df05
    method: GET
  response:
    body: '{"server":{"allowed_actions":["poweron","backup","enable_routed_ip"],"arch":"x86_64","boot_type":"local","bootscript":{"architecture":"x86_64","bootcmdargs":"LINUX_COMMON
      scaleway boot=local nbd.max_part=16","default":true,"dtb":"","id":"fdfe150f-a870-4ce4-b432-9f56b5b995c1","initrd":"http://10.194.3.9/initrd/initrd-Linux-x86_64-v3.14.6.gz","kernel":"http://10.194.3.9/kernel/x86_64-mainline-lts-4.4-4.4.230-rev1/vmlinuz-4.4.230","organization":"11111111-1111-4111-8111-111111111111","project":"11111111-1111-4111-8111-111111111111","public":true,"title":"x86_64
      mainline 4.4.230 rev1","zone":"fr-par-1"},"commercial_type":"DEV1-S","creation_date":"2023-08-28T14:36:07.050825+00:00","dynamic_ip_required":false,"enable_ipv6":false,"extra_networks":[],"hostname":"tf-srv-distracted-goldberg","id":"8a445f8c-b333-4f8c-a270-f1d49358df05","image":{"arch":"x86_64","creation_date":"2023-08-08T13:33:54.403199+00:00","default_bootscript":null,"extra_volumes":{},"from_server":null,"id":"e61b1d27-f80a-4cfd-9121-39f695f3bc68","modification_date":"2023-08-08T13:33:54.403199+00:00","name":"Ubuntu
      20.04 Focal Fossa","organization":"51b656e3-4865-41e8-adbc-0c45bdd780db","project":"51b656e3-4865-41e8-adbc-0c45bdd780db","public":true,"root_volume":{"id":"e2ae7926-f93d-4d02-b859-84b2a13a060b","name":"Ubuntu
      20.04 Focal Fossa","size":10000000000,"volume_type":"unified"},"state":"available","tags":[],"zone":"fr-par-1"},"ipv6":null,"location":null,"mac_address":"de:00:00:22:7b:0f","maintenances":[],"modification_date":"2023-08-28T14:36:07.050825+00:00","name":"tf-srv-distracted-goldberg","organization":"105bdce1-64c0-48ab-899d-868455867ecf","placement_group":null,"private_ip":null,"private_nics":[],"project":"105bdce1-64c0-48ab-899d-868455867ecf","protected":false,"public_ip":null,"public_ips":[],"routed_ip_enabled":false,"security_group":{"id":"5881315f-2400-43a0-ac75-08adf6cb8c12","name":"Default
      security group"},"state":"stopped","state_detail":"","tags":[],"volumes":{"0":{"boot":false,"creation_date":"2023-08-28T14:36:07.050825+00:00","export_uri":null,"id":"ea09c8d7-2196-42e7-b922-e73210cb3b2a","modification_date":"2023-08-28T14:36:07.050825+00:00","name":"Ubuntu
      20.04 Focal Fossa","organization":"105bdce1-64c0-48ab-899d-868455867ecf","project":"105bdce1-64c0-48ab-899d-868455867ecf","server":{"id":"8a445f8c-b333-4f8c-a270-f1d49358df05","name":"tf-srv-distracted-goldberg"},"size":20000000000,"state":"available","tags":[],"volume_type":"l_ssd","zone":"fr-par-1"}},"zone":"fr-par-1"}}'
    headers:
      Content-Length:
      - "2660"
      Content-Security-Policy:
      - default-src 'none'; frame-ancestors 'none'
      Content-Type:
      - application/json
      Date:
      - Mon, 28 Aug 2023 14:36:07 GMT
      Server:
      - Scaleway API-Gateway
      Strict-Transport-Security:
      - max-age=63072000
      X-Content-Type-Options:
      - nosniff
      X-Frame-Options:
      - DENY
      X-Request-Id:
      - 51410f0f-3017-4ac3-990e-835b31493414
    status: 200 OK
    code: 200
    duration: ""
- request:
    body: '{"action":"poweron"}'
    form: {}
    headers:
      Content-Type:
      - application/json
      User-Agent:
      - scaleway-sdk-go/v1.0.0-beta.7+dev (go1.20.4; linux; amd64) terraform-provider/develop
        terraform/terraform-tests
    url: https://api.scaleway.com/instance/v1/zones/fr-par-1/servers/8a445f8c-b333-4f8c-a270-f1d49358df05/action
    method: POST
  response:
    body: '{"task":{"description":"server_batch_poweron","href_from":"/servers/8a445f8c-b333-4f8c-a270-f1d49358df05/action","href_result":"/servers/8a445f8c-b333-4f8c-a270-f1d49358df05","id":"e3ebf238-1cf1-4451-afab-4bccfa25b3ba","started_at":"2023-08-28T14:36:08.324097+00:00","status":"pending","terminated_at":null}}'
    headers:
      Content-Length:
      - "322"
      Content-Security-Policy:
      - default-src 'none'; frame-ancestors 'none'
      Content-Type:
      - application/json
      Date:
      - Mon, 28 Aug 2023 14:36:08 GMT
      Location:
      - https://api.scaleway.com/instance/v1/zones/fr-par-1/tasks/e3ebf238-1cf1-4451-afab-4bccfa25b3ba
      Server:
      - Scaleway API-Gateway
      Strict-Transport-Security:
      - max-age=63072000
      X-Content-Type-Options:
      - nosniff
      X-Frame-Options:
      - DENY
      X-Request-Id:
      - 6c2da34e-8c04-4cdd-8703-772d5893b584
    status: 202 Accepted
    code: 202
    duration: ""
- request:
    body: ""
    form: {}
    headers:
      User-Agent:
      - scaleway-sdk-go/v1.0.0-beta.7+dev (go1.20.4; linux; amd64) terraform-provider/develop
        terraform/terraform-tests
    url: https://api.scaleway.com/instance/v1/zones/fr-par-1/servers/8a445f8c-b333-4f8c-a270-f1d49358df05
    method: GET
  response:
    body: '{"server":{"allowed_actions":["stop_in_place","backup","enable_routed_ip"],"arch":"x86_64","boot_type":"local","bootscript":{"architecture":"x86_64","bootcmdargs":"LINUX_COMMON
      scaleway boot=local nbd.max_part=16","default":true,"dtb":"","id":"fdfe150f-a870-4ce4-b432-9f56b5b995c1","initrd":"http://10.194.3.9/initrd/initrd-Linux-x86_64-v3.14.6.gz","kernel":"http://10.194.3.9/kernel/x86_64-mainline-lts-4.4-4.4.230-rev1/vmlinuz-4.4.230","organization":"11111111-1111-4111-8111-111111111111","project":"11111111-1111-4111-8111-111111111111","public":true,"title":"x86_64
      mainline 4.4.230 rev1","zone":"fr-par-1"},"commercial_type":"DEV1-S","creation_date":"2023-08-28T14:36:07.050825+00:00","dynamic_ip_required":false,"enable_ipv6":false,"extra_networks":[],"hostname":"tf-srv-distracted-goldberg","id":"8a445f8c-b333-4f8c-a270-f1d49358df05","image":{"arch":"x86_64","creation_date":"2023-08-08T13:33:54.403199+00:00","default_bootscript":null,"extra_volumes":{},"from_server":null,"id":"e61b1d27-f80a-4cfd-9121-39f695f3bc68","modification_date":"2023-08-08T13:33:54.403199+00:00","name":"Ubuntu
      20.04 Focal Fossa","organization":"51b656e3-4865-41e8-adbc-0c45bdd780db","project":"51b656e3-4865-41e8-adbc-0c45bdd780db","public":true,"root_volume":{"id":"e2ae7926-f93d-4d02-b859-84b2a13a060b","name":"Ubuntu
      20.04 Focal Fossa","size":10000000000,"volume_type":"unified"},"state":"available","tags":[],"zone":"fr-par-1"},"ipv6":null,"location":null,"mac_address":"de:00:00:22:7b:0f","maintenances":[],"modification_date":"2023-08-28T14:36:07.784020+00:00","name":"tf-srv-distracted-goldberg","organization":"105bdce1-64c0-48ab-899d-868455867ecf","placement_group":null,"private_ip":null,"private_nics":[],"project":"105bdce1-64c0-48ab-899d-868455867ecf","protected":false,"public_ip":null,"public_ips":[],"routed_ip_enabled":false,"security_group":{"id":"5881315f-2400-43a0-ac75-08adf6cb8c12","name":"Default
      security group"},"state":"starting","state_detail":"allocating node","tags":[],"volumes":{"0":{"boot":false,"creation_date":"2023-08-28T14:36:07.050825+00:00","export_uri":null,"id":"ea09c8d7-2196-42e7-b922-e73210cb3b2a","modification_date":"2023-08-28T14:36:07.050825+00:00","name":"Ubuntu
      20.04 Focal Fossa","organization":"105bdce1-64c0-48ab-899d-868455867ecf","project":"105bdce1-64c0-48ab-899d-868455867ecf","server":{"id":"8a445f8c-b333-4f8c-a270-f1d49358df05","name":"tf-srv-distracted-goldberg"},"size":20000000000,"state":"available","tags":[],"volume_type":"l_ssd","zone":"fr-par-1"}},"zone":"fr-par-1"}}'
    headers:
      Content-Length:
      - "2682"
      Content-Security-Policy:
      - default-src 'none'; frame-ancestors 'none'
      Content-Type:
      - application/json
      Date:
      - Mon, 28 Aug 2023 14:36:08 GMT
      Server:
      - Scaleway API-Gateway
      Strict-Transport-Security:
      - max-age=63072000
      X-Content-Type-Options:
      - nosniff
      X-Frame-Options:
      - DENY
      X-Request-Id:
      - 33570b40-4900-4e98-a658-cdaa74b01d5c
    status: 200 OK
    code: 200
    duration: ""
- request:
    body: '{"name":"TestAccScalewayInstancePrivateNIC_Basic","project_id":"105bdce1-64c0-48ab-899d-868455867ecf","tags":null,"subnets":null,"vpc_id":null}'
    form: {}
    headers:
      Content-Type:
      - application/json
      User-Agent:
      - scaleway-sdk-go/v1.0.0-beta.7+dev (go1.20.4; linux; amd64) terraform-provider/develop
        terraform/terraform-tests
    url: https://api.scaleway.com/vpc/v2/regions/fr-par/private-networks
    method: POST
  response:
    body: '{"created_at":"2023-08-28T14:36:06.587274Z","dhcp_enabled":true,"id":"2517ab7b-38d2-4713-a85e-4ef170d8f570","name":"TestAccScalewayInstancePrivateNIC_Basic","organization_id":"105bdce1-64c0-48ab-899d-868455867ecf","project_id":"105bdce1-64c0-48ab-899d-868455867ecf","region":"fr-par","subnets":[{"created_at":"2023-08-28T14:36:06.587274Z","id":"fb69c044-da3b-40a6-928d-ceb121bd3ab8","subnet":"172.16.8.0/22","updated_at":"2023-08-28T14:36:06.587274Z"},{"created_at":"2023-08-28T14:36:06.587274Z","id":"2cc9eefe-fd50-4f0c-9798-41a3c48317a3","subnet":"fd5f:519c:6d46:4f3a::/64","updated_at":"2023-08-28T14:36:06.587274Z"}],"tags":[],"updated_at":"2023-08-28T14:36:06.587274Z","vpc_id":"8feba4f5-79f9-42cd-b5ce-3ed8c510569e"}'
    headers:
      Content-Length:
      - "739"
      Content-Security-Policy:
      - default-src 'none'; frame-ancestors 'none'
      Content-Type:
      - application/json
      Date:
      - Mon, 28 Aug 2023 14:36:09 GMT
      Server:
      - Scaleway API-Gateway
      Strict-Transport-Security:
      - max-age=63072000
      X-Content-Type-Options:
      - nosniff
      X-Frame-Options:
      - DENY
      X-Request-Id:
      - 1f057cb1-a11e-4588-b602-532fe073228a
    status: 200 OK
    code: 200
    duration: ""
- request:
    body: ""
    form: {}
    headers:
      User-Agent:
      - scaleway-sdk-go/v1.0.0-beta.7+dev (go1.20.4; linux; amd64) terraform-provider/develop
        terraform/terraform-tests
    url: https://api.scaleway.com/vpc/v2/regions/fr-par/private-networks/2517ab7b-38d2-4713-a85e-4ef170d8f570
    method: GET
  response:
    body: '{"created_at":"2023-08-28T14:36:06.587274Z","dhcp_enabled":true,"id":"2517ab7b-38d2-4713-a85e-4ef170d8f570","name":"TestAccScalewayInstancePrivateNIC_Basic","organization_id":"105bdce1-64c0-48ab-899d-868455867ecf","project_id":"105bdce1-64c0-48ab-899d-868455867ecf","region":"fr-par","subnets":[{"created_at":"2023-08-28T14:36:06.587274Z","id":"fb69c044-da3b-40a6-928d-ceb121bd3ab8","subnet":"172.16.8.0/22","updated_at":"2023-08-28T14:36:06.587274Z"},{"created_at":"2023-08-28T14:36:06.587274Z","id":"2cc9eefe-fd50-4f0c-9798-41a3c48317a3","subnet":"fd5f:519c:6d46:4f3a::/64","updated_at":"2023-08-28T14:36:06.587274Z"}],"tags":[],"updated_at":"2023-08-28T14:36:06.587274Z","vpc_id":"8feba4f5-79f9-42cd-b5ce-3ed8c510569e"}'
    headers:
      Content-Length:
      - "739"
      Content-Security-Policy:
      - default-src 'none'; frame-ancestors 'none'
      Content-Type:
      - application/json
      Date:
      - Mon, 28 Aug 2023 14:36:09 GMT
      Server:
      - Scaleway API-Gateway
      Strict-Transport-Security:
      - max-age=63072000
      X-Content-Type-Options:
      - nosniff
      X-Frame-Options:
      - DENY
      X-Request-Id:
      - 6760302b-2da8-4c95-a1bc-9fda7454e401
    status: 200 OK
    code: 200
    duration: ""
- request:
    body: ""
    form: {}
    headers:
      User-Agent:
      - scaleway-sdk-go/v1.0.0-beta.7+dev (go1.20.4; linux; amd64) terraform-provider/develop
        terraform/terraform-tests
    url: https://api.scaleway.com/instance/v1/zones/fr-par-1/servers/8a445f8c-b333-4f8c-a270-f1d49358df05
    method: GET
  response:
    body: '{"server":{"allowed_actions":["stop_in_place","backup","enable_routed_ip"],"arch":"x86_64","boot_type":"local","bootscript":{"architecture":"x86_64","bootcmdargs":"LINUX_COMMON
      scaleway boot=local nbd.max_part=16","default":true,"dtb":"","id":"fdfe150f-a870-4ce4-b432-9f56b5b995c1","initrd":"http://10.194.3.9/initrd/initrd-Linux-x86_64-v3.14.6.gz","kernel":"http://10.194.3.9/kernel/x86_64-mainline-lts-4.4-4.4.230-rev1/vmlinuz-4.4.230","organization":"11111111-1111-4111-8111-111111111111","project":"11111111-1111-4111-8111-111111111111","public":true,"title":"x86_64
      mainline 4.4.230 rev1","zone":"fr-par-1"},"commercial_type":"DEV1-S","creation_date":"2023-08-28T14:36:07.050825+00:00","dynamic_ip_required":false,"enable_ipv6":false,"extra_networks":[],"hostname":"tf-srv-distracted-goldberg","id":"8a445f8c-b333-4f8c-a270-f1d49358df05","image":{"arch":"x86_64","creation_date":"2023-08-08T13:33:54.403199+00:00","default_bootscript":null,"extra_volumes":{},"from_server":null,"id":"e61b1d27-f80a-4cfd-9121-39f695f3bc68","modification_date":"2023-08-08T13:33:54.403199+00:00","name":"Ubuntu
      20.04 Focal Fossa","organization":"51b656e3-4865-41e8-adbc-0c45bdd780db","project":"51b656e3-4865-41e8-adbc-0c45bdd780db","public":true,"root_volume":{"id":"e2ae7926-f93d-4d02-b859-84b2a13a060b","name":"Ubuntu
      20.04 Focal Fossa","size":10000000000,"volume_type":"unified"},"state":"available","tags":[],"zone":"fr-par-1"},"ipv6":null,"location":{"cluster_id":"16","hypervisor_id":"1302","node_id":"12","platform_id":"14","zone_id":"par1"},"mac_address":"de:00:00:22:7b:0f","maintenances":[],"modification_date":"2023-08-28T14:36:07.784020+00:00","name":"tf-srv-distracted-goldberg","organization":"105bdce1-64c0-48ab-899d-868455867ecf","placement_group":null,"private_ip":"10.64.130.23","private_nics":[],"project":"105bdce1-64c0-48ab-899d-868455867ecf","protected":false,"public_ip":null,"public_ips":[],"routed_ip_enabled":false,"security_group":{"id":"5881315f-2400-43a0-ac75-08adf6cb8c12","name":"Default
      security group"},"state":"starting","state_detail":"provisioning node","tags":[],"volumes":{"0":{"boot":false,"creation_date":"2023-08-28T14:36:07.050825+00:00","export_uri":null,"id":"ea09c8d7-2196-42e7-b922-e73210cb3b2a","modification_date":"2023-08-28T14:36:07.050825+00:00","name":"Ubuntu
      20.04 Focal Fossa","organization":"105bdce1-64c0-48ab-899d-868455867ecf","project":"105bdce1-64c0-48ab-899d-868455867ecf","server":{"id":"8a445f8c-b333-4f8c-a270-f1d49358df05","name":"tf-srv-distracted-goldberg"},"size":20000000000,"state":"available","tags":[],"volume_type":"l_ssd","zone":"fr-par-1"}},"zone":"fr-par-1"}}'
    headers:
      Content-Length:
      - "2792"
      Content-Security-Policy:
      - default-src 'none'; frame-ancestors 'none'
      Content-Type:
      - application/json
      Date:
      - Mon, 28 Aug 2023 14:36:13 GMT
      Server:
      - Scaleway API-Gateway
      Strict-Transport-Security:
      - max-age=63072000
      X-Content-Type-Options:
      - nosniff
      X-Frame-Options:
      - DENY
      X-Request-Id:
      - 234cac0b-2c83-4ba9-beb0-e5835121583c
    status: 200 OK
    code: 200
    duration: ""
- request:
    body: ""
    form: {}
    headers:
      User-Agent:
      - scaleway-sdk-go/v1.0.0-beta.7+dev (go1.20.4; linux; amd64) terraform-provider/develop
        terraform/terraform-tests
    url: https://api.scaleway.com/instance/v1/zones/fr-par-1/servers/8a445f8c-b333-4f8c-a270-f1d49358df05
    method: GET
  response:
    body: '{"server":{"allowed_actions":["stop_in_place","backup","enable_routed_ip"],"arch":"x86_64","boot_type":"local","bootscript":{"architecture":"x86_64","bootcmdargs":"LINUX_COMMON
      scaleway boot=local nbd.max_part=16","default":true,"dtb":"","id":"fdfe150f-a870-4ce4-b432-9f56b5b995c1","initrd":"http://10.194.3.9/initrd/initrd-Linux-x86_64-v3.14.6.gz","kernel":"http://10.194.3.9/kernel/x86_64-mainline-lts-4.4-4.4.230-rev1/vmlinuz-4.4.230","organization":"11111111-1111-4111-8111-111111111111","project":"11111111-1111-4111-8111-111111111111","public":true,"title":"x86_64
      mainline 4.4.230 rev1","zone":"fr-par-1"},"commercial_type":"DEV1-S","creation_date":"2023-08-28T14:36:07.050825+00:00","dynamic_ip_required":false,"enable_ipv6":false,"extra_networks":[],"hostname":"tf-srv-distracted-goldberg","id":"8a445f8c-b333-4f8c-a270-f1d49358df05","image":{"arch":"x86_64","creation_date":"2023-08-08T13:33:54.403199+00:00","default_bootscript":null,"extra_volumes":{},"from_server":null,"id":"e61b1d27-f80a-4cfd-9121-39f695f3bc68","modification_date":"2023-08-08T13:33:54.403199+00:00","name":"Ubuntu
      20.04 Focal Fossa","organization":"51b656e3-4865-41e8-adbc-0c45bdd780db","project":"51b656e3-4865-41e8-adbc-0c45bdd780db","public":true,"root_volume":{"id":"e2ae7926-f93d-4d02-b859-84b2a13a060b","name":"Ubuntu
      20.04 Focal Fossa","size":10000000000,"volume_type":"unified"},"state":"available","tags":[],"zone":"fr-par-1"},"ipv6":null,"location":{"cluster_id":"16","hypervisor_id":"1302","node_id":"12","platform_id":"14","zone_id":"par1"},"mac_address":"de:00:00:22:7b:0f","maintenances":[],"modification_date":"2023-08-28T14:36:07.784020+00:00","name":"tf-srv-distracted-goldberg","organization":"105bdce1-64c0-48ab-899d-868455867ecf","placement_group":null,"private_ip":"10.64.130.23","private_nics":[],"project":"105bdce1-64c0-48ab-899d-868455867ecf","protected":false,"public_ip":null,"public_ips":[],"routed_ip_enabled":false,"security_group":{"id":"5881315f-2400-43a0-ac75-08adf6cb8c12","name":"Default
      security group"},"state":"starting","state_detail":"provisioning node","tags":[],"volumes":{"0":{"boot":false,"creation_date":"2023-08-28T14:36:07.050825+00:00","export_uri":null,"id":"ea09c8d7-2196-42e7-b922-e73210cb3b2a","modification_date":"2023-08-28T14:36:07.050825+00:00","name":"Ubuntu
      20.04 Focal Fossa","organization":"105bdce1-64c0-48ab-899d-868455867ecf","project":"105bdce1-64c0-48ab-899d-868455867ecf","server":{"id":"8a445f8c-b333-4f8c-a270-f1d49358df05","name":"tf-srv-distracted-goldberg"},"size":20000000000,"state":"available","tags":[],"volume_type":"l_ssd","zone":"fr-par-1"}},"zone":"fr-par-1"}}'
    headers:
      Content-Length:
      - "2792"
      Content-Security-Policy:
      - default-src 'none'; frame-ancestors 'none'
      Content-Type:
      - application/json
      Date:
      - Mon, 28 Aug 2023 14:36:18 GMT
      Server:
      - Scaleway API-Gateway
      Strict-Transport-Security:
      - max-age=63072000
      X-Content-Type-Options:
      - nosniff
      X-Frame-Options:
      - DENY
      X-Request-Id:
      - 3c191777-efe7-42be-84dc-3fd70e0532c3
    status: 200 OK
    code: 200
    duration: ""
- request:
    body: ""
    form: {}
    headers:
      User-Agent:
      - scaleway-sdk-go/v1.0.0-beta.7+dev (go1.20.4; linux; amd64) terraform-provider/develop
        terraform/terraform-tests
    url: https://api.scaleway.com/instance/v1/zones/fr-par-1/servers/8a445f8c-b333-4f8c-a270-f1d49358df05
    method: GET
  response:
    body: '{"server":{"allowed_actions":["stop_in_place","backup","enable_routed_ip"],"arch":"x86_64","boot_type":"local","bootscript":{"architecture":"x86_64","bootcmdargs":"LINUX_COMMON
      scaleway boot=local nbd.max_part=16","default":true,"dtb":"","id":"fdfe150f-a870-4ce4-b432-9f56b5b995c1","initrd":"http://10.194.3.9/initrd/initrd-Linux-x86_64-v3.14.6.gz","kernel":"http://10.194.3.9/kernel/x86_64-mainline-lts-4.4-4.4.230-rev1/vmlinuz-4.4.230","organization":"11111111-1111-4111-8111-111111111111","project":"11111111-1111-4111-8111-111111111111","public":true,"title":"x86_64
      mainline 4.4.230 rev1","zone":"fr-par-1"},"commercial_type":"DEV1-S","creation_date":"2023-08-28T14:36:07.050825+00:00","dynamic_ip_required":false,"enable_ipv6":false,"extra_networks":[],"hostname":"tf-srv-distracted-goldberg","id":"8a445f8c-b333-4f8c-a270-f1d49358df05","image":{"arch":"x86_64","creation_date":"2023-08-08T13:33:54.403199+00:00","default_bootscript":null,"extra_volumes":{},"from_server":null,"id":"e61b1d27-f80a-4cfd-9121-39f695f3bc68","modification_date":"2023-08-08T13:33:54.403199+00:00","name":"Ubuntu
      20.04 Focal Fossa","organization":"51b656e3-4865-41e8-adbc-0c45bdd780db","project":"51b656e3-4865-41e8-adbc-0c45bdd780db","public":true,"root_volume":{"id":"e2ae7926-f93d-4d02-b859-84b2a13a060b","name":"Ubuntu
      20.04 Focal Fossa","size":10000000000,"volume_type":"unified"},"state":"available","tags":[],"zone":"fr-par-1"},"ipv6":null,"location":{"cluster_id":"16","hypervisor_id":"1302","node_id":"12","platform_id":"14","zone_id":"par1"},"mac_address":"de:00:00:22:7b:0f","maintenances":[],"modification_date":"2023-08-28T14:36:07.784020+00:00","name":"tf-srv-distracted-goldberg","organization":"105bdce1-64c0-48ab-899d-868455867ecf","placement_group":null,"private_ip":"10.64.130.23","private_nics":[],"project":"105bdce1-64c0-48ab-899d-868455867ecf","protected":false,"public_ip":null,"public_ips":[],"routed_ip_enabled":false,"security_group":{"id":"5881315f-2400-43a0-ac75-08adf6cb8c12","name":"Default
      security group"},"state":"starting","state_detail":"provisioning node","tags":[],"volumes":{"0":{"boot":false,"creation_date":"2023-08-28T14:36:07.050825+00:00","export_uri":null,"id":"ea09c8d7-2196-42e7-b922-e73210cb3b2a","modification_date":"2023-08-28T14:36:07.050825+00:00","name":"Ubuntu
      20.04 Focal Fossa","organization":"105bdce1-64c0-48ab-899d-868455867ecf","project":"105bdce1-64c0-48ab-899d-868455867ecf","server":{"id":"8a445f8c-b333-4f8c-a270-f1d49358df05","name":"tf-srv-distracted-goldberg"},"size":20000000000,"state":"available","tags":[],"volume_type":"l_ssd","zone":"fr-par-1"}},"zone":"fr-par-1"}}'
    headers:
      Content-Length:
      - "2792"
      Content-Security-Policy:
      - default-src 'none'; frame-ancestors 'none'
      Content-Type:
      - application/json
      Date:
      - Mon, 28 Aug 2023 14:36:24 GMT
      Server:
      - Scaleway API-Gateway
      Strict-Transport-Security:
      - max-age=63072000
      X-Content-Type-Options:
      - nosniff
      X-Frame-Options:
      - DENY
      X-Request-Id:
      - 564dc317-6dc8-4fb7-84ad-46ffb6305ab9
    status: 200 OK
    code: 200
    duration: ""
- request:
    body: ""
    form: {}
    headers:
      User-Agent:
      - scaleway-sdk-go/v1.0.0-beta.7+dev (go1.20.4; linux; amd64) terraform-provider/develop
        terraform/terraform-tests
    url: https://api.scaleway.com/instance/v1/zones/fr-par-1/servers/8a445f8c-b333-4f8c-a270-f1d49358df05
    method: GET
  response:
    body: '{"server":{"allowed_actions":["poweroff","terminate","reboot","stop_in_place","backup","enable_routed_ip"],"arch":"x86_64","boot_type":"local","bootscript":{"architecture":"x86_64","bootcmdargs":"LINUX_COMMON
      scaleway boot=local nbd.max_part=16","default":true,"dtb":"","id":"fdfe150f-a870-4ce4-b432-9f56b5b995c1","initrd":"http://10.194.3.9/initrd/initrd-Linux-x86_64-v3.14.6.gz","kernel":"http://10.194.3.9/kernel/x86_64-mainline-lts-4.4-4.4.230-rev1/vmlinuz-4.4.230","organization":"11111111-1111-4111-8111-111111111111","project":"11111111-1111-4111-8111-111111111111","public":true,"title":"x86_64
      mainline 4.4.230 rev1","zone":"fr-par-1"},"commercial_type":"DEV1-S","creation_date":"2023-08-28T14:36:07.050825+00:00","dynamic_ip_required":false,"enable_ipv6":false,"extra_networks":[],"hostname":"tf-srv-distracted-goldberg","id":"8a445f8c-b333-4f8c-a270-f1d49358df05","image":{"arch":"x86_64","creation_date":"2023-08-08T13:33:54.403199+00:00","default_bootscript":null,"extra_volumes":{},"from_server":null,"id":"e61b1d27-f80a-4cfd-9121-39f695f3bc68","modification_date":"2023-08-08T13:33:54.403199+00:00","name":"Ubuntu
      20.04 Focal Fossa","organization":"51b656e3-4865-41e8-adbc-0c45bdd780db","project":"51b656e3-4865-41e8-adbc-0c45bdd780db","public":true,"root_volume":{"id":"e2ae7926-f93d-4d02-b859-84b2a13a060b","name":"Ubuntu
      20.04 Focal Fossa","size":10000000000,"volume_type":"unified"},"state":"available","tags":[],"zone":"fr-par-1"},"ipv6":null,"location":{"cluster_id":"16","hypervisor_id":"1302","node_id":"12","platform_id":"14","zone_id":"par1"},"mac_address":"de:00:00:22:7b:0f","maintenances":[],"modification_date":"2023-08-28T14:36:24.906377+00:00","name":"tf-srv-distracted-goldberg","organization":"105bdce1-64c0-48ab-899d-868455867ecf","placement_group":null,"private_ip":"10.64.130.23","private_nics":[],"project":"105bdce1-64c0-48ab-899d-868455867ecf","protected":false,"public_ip":null,"public_ips":[],"routed_ip_enabled":false,"security_group":{"id":"5881315f-2400-43a0-ac75-08adf6cb8c12","name":"Default
      security group"},"state":"running","state_detail":"booting kernel","tags":[],"volumes":{"0":{"boot":false,"creation_date":"2023-08-28T14:36:07.050825+00:00","export_uri":null,"id":"ea09c8d7-2196-42e7-b922-e73210cb3b2a","modification_date":"2023-08-28T14:36:07.050825+00:00","name":"Ubuntu
      20.04 Focal Fossa","organization":"105bdce1-64c0-48ab-899d-868455867ecf","project":"105bdce1-64c0-48ab-899d-868455867ecf","server":{"id":"8a445f8c-b333-4f8c-a270-f1d49358df05","name":"tf-srv-distracted-goldberg"},"size":20000000000,"state":"available","tags":[],"volume_type":"l_ssd","zone":"fr-par-1"}},"zone":"fr-par-1"}}'
    headers:
      Content-Length:
      - "2823"
      Content-Security-Policy:
      - default-src 'none'; frame-ancestors 'none'
      Content-Type:
      - application/json
      Date:
      - Mon, 28 Aug 2023 14:36:29 GMT
      Server:
      - Scaleway API-Gateway
      Strict-Transport-Security:
      - max-age=63072000
      X-Content-Type-Options:
      - nosniff
      X-Frame-Options:
      - DENY
      X-Request-Id:
      - f4579105-5c42-47fd-9281-75a57f131cbd
    status: 200 OK
    code: 200
    duration: ""
- request:
    body: ""
    form: {}
    headers:
      User-Agent:
      - scaleway-sdk-go/v1.0.0-beta.7+dev (go1.20.4; linux; amd64) terraform-provider/develop
        terraform/terraform-tests
    url: https://api.scaleway.com/instance/v1/zones/fr-par-1/servers/8a445f8c-b333-4f8c-a270-f1d49358df05
    method: GET
  response:
    body: '{"server":{"allowed_actions":["poweroff","terminate","reboot","stop_in_place","backup","enable_routed_ip"],"arch":"x86_64","boot_type":"local","bootscript":{"architecture":"x86_64","bootcmdargs":"LINUX_COMMON
      scaleway boot=local nbd.max_part=16","default":true,"dtb":"","id":"fdfe150f-a870-4ce4-b432-9f56b5b995c1","initrd":"http://10.194.3.9/initrd/initrd-Linux-x86_64-v3.14.6.gz","kernel":"http://10.194.3.9/kernel/x86_64-mainline-lts-4.4-4.4.230-rev1/vmlinuz-4.4.230","organization":"11111111-1111-4111-8111-111111111111","project":"11111111-1111-4111-8111-111111111111","public":true,"title":"x86_64
      mainline 4.4.230 rev1","zone":"fr-par-1"},"commercial_type":"DEV1-S","creation_date":"2023-08-28T14:36:07.050825+00:00","dynamic_ip_required":false,"enable_ipv6":false,"extra_networks":[],"hostname":"tf-srv-distracted-goldberg","id":"8a445f8c-b333-4f8c-a270-f1d49358df05","image":{"arch":"x86_64","creation_date":"2023-08-08T13:33:54.403199+00:00","default_bootscript":null,"extra_volumes":{},"from_server":null,"id":"e61b1d27-f80a-4cfd-9121-39f695f3bc68","modification_date":"2023-08-08T13:33:54.403199+00:00","name":"Ubuntu
      20.04 Focal Fossa","organization":"51b656e3-4865-41e8-adbc-0c45bdd780db","project":"51b656e3-4865-41e8-adbc-0c45bdd780db","public":true,"root_volume":{"id":"e2ae7926-f93d-4d02-b859-84b2a13a060b","name":"Ubuntu
      20.04 Focal Fossa","size":10000000000,"volume_type":"unified"},"state":"available","tags":[],"zone":"fr-par-1"},"ipv6":null,"location":{"cluster_id":"16","hypervisor_id":"1302","node_id":"12","platform_id":"14","zone_id":"par1"},"mac_address":"de:00:00:22:7b:0f","maintenances":[],"modification_date":"2023-08-28T14:36:24.906377+00:00","name":"tf-srv-distracted-goldberg","organization":"105bdce1-64c0-48ab-899d-868455867ecf","placement_group":null,"private_ip":"10.64.130.23","private_nics":[],"project":"105bdce1-64c0-48ab-899d-868455867ecf","protected":false,"public_ip":null,"public_ips":[],"routed_ip_enabled":false,"security_group":{"id":"5881315f-2400-43a0-ac75-08adf6cb8c12","name":"Default
      security group"},"state":"running","state_detail":"booting kernel","tags":[],"volumes":{"0":{"boot":false,"creation_date":"2023-08-28T14:36:07.050825+00:00","export_uri":null,"id":"ea09c8d7-2196-42e7-b922-e73210cb3b2a","modification_date":"2023-08-28T14:36:07.050825+00:00","name":"Ubuntu
      20.04 Focal Fossa","organization":"105bdce1-64c0-48ab-899d-868455867ecf","project":"105bdce1-64c0-48ab-899d-868455867ecf","server":{"id":"8a445f8c-b333-4f8c-a270-f1d49358df05","name":"tf-srv-distracted-goldberg"},"size":20000000000,"state":"available","tags":[],"volume_type":"l_ssd","zone":"fr-par-1"}},"zone":"fr-par-1"}}'
    headers:
      Content-Length:
      - "2823"
      Content-Security-Policy:
      - default-src 'none'; frame-ancestors 'none'
      Content-Type:
      - application/json
      Date:
      - Mon, 28 Aug 2023 14:36:29 GMT
      Server:
      - Scaleway API-Gateway
      Strict-Transport-Security:
      - max-age=63072000
      X-Content-Type-Options:
      - nosniff
      X-Frame-Options:
      - DENY
      X-Request-Id:
      - 5be1263a-8046-4679-a7ad-70701cf787fd
    status: 200 OK
    code: 200
    duration: ""
- request:
    body: ""
    form: {}
    headers:
      User-Agent:
      - scaleway-sdk-go/v1.0.0-beta.7+dev (go1.20.4; linux; amd64) terraform-provider/develop
        terraform/terraform-tests
    url: https://api.scaleway.com/instance/v1/zones/fr-par-1/servers/8a445f8c-b333-4f8c-a270-f1d49358df05/user_data
    method: GET
  response:
    body: '{"user_data":[]}'
    headers:
      Content-Length:
      - "17"
      Content-Security-Policy:
      - default-src 'none'; frame-ancestors 'none'
      Content-Type:
      - application/json
      Date:
      - Mon, 28 Aug 2023 14:36:29 GMT
      Server:
      - Scaleway API-Gateway
      Strict-Transport-Security:
      - max-age=63072000
      X-Content-Type-Options:
      - nosniff
      X-Frame-Options:
      - DENY
      X-Request-Id:
      - acac636e-9fdd-47b8-9a0c-3da33ad74246
    status: 200 OK
    code: 200
    duration: ""
- request:
    body: ""
    form: {}
    headers:
      User-Agent:
      - scaleway-sdk-go/v1.0.0-beta.7+dev (go1.20.4; linux; amd64) terraform-provider/develop
        terraform/terraform-tests
    url: https://api.scaleway.com/instance/v1/zones/fr-par-1/servers/8a445f8c-b333-4f8c-a270-f1d49358df05/private_nics
    method: GET
  response:
    body: '{"private_nics":[]}'
    headers:
      Content-Length:
      - "20"
      Content-Security-Policy:
      - default-src 'none'; frame-ancestors 'none'
      Content-Type:
      - application/json
      Date:
      - Mon, 28 Aug 2023 14:36:29 GMT
      Link:
      - </servers/8a445f8c-b333-4f8c-a270-f1d49358df05/private_nics?page=0&per_page=50&>;
        rel="last"
      Server:
      - Scaleway API-Gateway
      Strict-Transport-Security:
      - max-age=63072000
      X-Content-Type-Options:
      - nosniff
      X-Frame-Options:
      - DENY
      X-Request-Id:
      - 1e902c18-60fb-4dd0-9f51-97a18081af97
      X-Total-Count:
      - "0"
    status: 200 OK
    code: 200
    duration: ""
- request:
    body: ""
    form: {}
    headers:
      User-Agent:
      - scaleway-sdk-go/v1.0.0-beta.7+dev (go1.20.4; linux; amd64) terraform-provider/develop
        terraform/terraform-tests
    url: https://api.scaleway.com/instance/v1/zones/fr-par-1/servers/8a445f8c-b333-4f8c-a270-f1d49358df05
    method: GET
  response:
    body: '{"server":{"allowed_actions":["poweroff","terminate","reboot","stop_in_place","backup","enable_routed_ip"],"arch":"x86_64","boot_type":"local","bootscript":{"architecture":"x86_64","bootcmdargs":"LINUX_COMMON
      scaleway boot=local nbd.max_part=16","default":true,"dtb":"","id":"fdfe150f-a870-4ce4-b432-9f56b5b995c1","initrd":"http://10.194.3.9/initrd/initrd-Linux-x86_64-v3.14.6.gz","kernel":"http://10.194.3.9/kernel/x86_64-mainline-lts-4.4-4.4.230-rev1/vmlinuz-4.4.230","organization":"11111111-1111-4111-8111-111111111111","project":"11111111-1111-4111-8111-111111111111","public":true,"title":"x86_64
      mainline 4.4.230 rev1","zone":"fr-par-1"},"commercial_type":"DEV1-S","creation_date":"2023-08-28T14:36:07.050825+00:00","dynamic_ip_required":false,"enable_ipv6":false,"extra_networks":[],"hostname":"tf-srv-distracted-goldberg","id":"8a445f8c-b333-4f8c-a270-f1d49358df05","image":{"arch":"x86_64","creation_date":"2023-08-08T13:33:54.403199+00:00","default_bootscript":null,"extra_volumes":{},"from_server":null,"id":"e61b1d27-f80a-4cfd-9121-39f695f3bc68","modification_date":"2023-08-08T13:33:54.403199+00:00","name":"Ubuntu
      20.04 Focal Fossa","organization":"51b656e3-4865-41e8-adbc-0c45bdd780db","project":"51b656e3-4865-41e8-adbc-0c45bdd780db","public":true,"root_volume":{"id":"e2ae7926-f93d-4d02-b859-84b2a13a060b","name":"Ubuntu
      20.04 Focal Fossa","size":10000000000,"volume_type":"unified"},"state":"available","tags":[],"zone":"fr-par-1"},"ipv6":null,"location":{"cluster_id":"16","hypervisor_id":"1302","node_id":"12","platform_id":"14","zone_id":"par1"},"mac_address":"de:00:00:22:7b:0f","maintenances":[],"modification_date":"2023-08-28T14:36:24.906377+00:00","name":"tf-srv-distracted-goldberg","organization":"105bdce1-64c0-48ab-899d-868455867ecf","placement_group":null,"private_ip":"10.64.130.23","private_nics":[],"project":"105bdce1-64c0-48ab-899d-868455867ecf","protected":false,"public_ip":null,"public_ips":[],"routed_ip_enabled":false,"security_group":{"id":"5881315f-2400-43a0-ac75-08adf6cb8c12","name":"Default
      security group"},"state":"running","state_detail":"booting kernel","tags":[],"volumes":{"0":{"boot":false,"creation_date":"2023-08-28T14:36:07.050825+00:00","export_uri":null,"id":"ea09c8d7-2196-42e7-b922-e73210cb3b2a","modification_date":"2023-08-28T14:36:07.050825+00:00","name":"Ubuntu
      20.04 Focal Fossa","organization":"105bdce1-64c0-48ab-899d-868455867ecf","project":"105bdce1-64c0-48ab-899d-868455867ecf","server":{"id":"8a445f8c-b333-4f8c-a270-f1d49358df05","name":"tf-srv-distracted-goldberg"},"size":20000000000,"state":"available","tags":[],"volume_type":"l_ssd","zone":"fr-par-1"}},"zone":"fr-par-1"}}'
    headers:
      Content-Length:
      - "2823"
      Content-Security-Policy:
      - default-src 'none'; frame-ancestors 'none'
      Content-Type:
      - application/json
      Date:
      - Mon, 28 Aug 2023 14:36:29 GMT
      Server:
      - Scaleway API-Gateway
      Strict-Transport-Security:
      - max-age=63072000
      X-Content-Type-Options:
      - nosniff
      X-Frame-Options:
      - DENY
      X-Request-Id:
      - aec38711-b70c-4f85-8614-12204625eba2
    status: 200 OK
    code: 200
    duration: ""
- request:
    body: '{"private_network_id":"2517ab7b-38d2-4713-a85e-4ef170d8f570"}'
    form: {}
    headers:
      Content-Type:
      - application/json
      User-Agent:
      - scaleway-sdk-go/v1.0.0-beta.7+dev (go1.20.4; linux; amd64) terraform-provider/develop
        terraform/terraform-tests
    url: https://api.scaleway.com/instance/v1/zones/fr-par-1/servers/8a445f8c-b333-4f8c-a270-f1d49358df05/private_nics
    method: POST
  response:
    body: '{"private_nic":{"creation_date":"2023-08-28T14:36:29.720268+00:00","id":"90c2be7a-2397-48b1-9b1e-508a41bed589","mac_address":"02:00:00:13:b7:2f","modification_date":"2023-08-28T14:36:29.720268+00:00","private_network_id":"2517ab7b-38d2-4713-a85e-4ef170d8f570","server_id":"8a445f8c-b333-4f8c-a270-f1d49358df05","state":"syncing","tags":[],"zone":"fr-par-1"}}'
    headers:
      Content-Length:
      - "376"
      Content-Security-Policy:
      - default-src 'none'; frame-ancestors 'none'
      Content-Type:
      - application/json
      Date:
      - Mon, 28 Aug 2023 14:36:30 GMT
      Server:
      - Scaleway API-Gateway
      Strict-Transport-Security:
      - max-age=63072000
      X-Content-Type-Options:
      - nosniff
      X-Frame-Options:
      - DENY
      X-Request-Id:
      - 70c79b8a-2dbe-486e-b14e-9764938250b5
    status: 201 Created
    code: 201
    duration: ""
- request:
    body: ""
    form: {}
    headers:
      User-Agent:
      - scaleway-sdk-go/v1.0.0-beta.7+dev (go1.20.4; linux; amd64) terraform-provider/develop
        terraform/terraform-tests
    url: https://api.scaleway.com/instance/v1/zones/fr-par-1/servers/8a445f8c-b333-4f8c-a270-f1d49358df05/private_nics/90c2be7a-2397-48b1-9b1e-508a41bed589
    method: GET
  response:
    body: '{"private_nic":{"creation_date":"2023-08-28T14:36:29.720268+00:00","id":"90c2be7a-2397-48b1-9b1e-508a41bed589","mac_address":"02:00:00:13:b7:2f","modification_date":"2023-08-28T14:36:29.720268+00:00","private_network_id":"2517ab7b-38d2-4713-a85e-4ef170d8f570","server_id":"8a445f8c-b333-4f8c-a270-f1d49358df05","state":"syncing","tags":[],"zone":"fr-par-1"}}'
    headers:
      Content-Length:
      - "376"
      Content-Security-Policy:
      - default-src 'none'; frame-ancestors 'none'
      Content-Type:
      - application/json
      Date:
      - Mon, 28 Aug 2023 14:36:30 GMT
      Server:
      - Scaleway API-Gateway
      Strict-Transport-Security:
      - max-age=63072000
      X-Content-Type-Options:
      - nosniff
      X-Frame-Options:
      - DENY
      X-Request-Id:
      - db91e766-d449-475a-b2be-e9255891818f
    status: 200 OK
    code: 200
    duration: ""
- request:
    body: ""
    form: {}
    headers:
      User-Agent:
      - scaleway-sdk-go/v1.0.0-beta.7+dev (go1.20.4; linux; amd64) terraform-provider/develop
        terraform/terraform-tests
    url: https://api.scaleway.com/instance/v1/zones/fr-par-1/servers/8a445f8c-b333-4f8c-a270-f1d49358df05/private_nics/90c2be7a-2397-48b1-9b1e-508a41bed589
    method: GET
  response:
    body: '{"private_nic":{"creation_date":"2023-08-28T14:36:29.720268+00:00","id":"90c2be7a-2397-48b1-9b1e-508a41bed589","mac_address":"02:00:00:13:b7:2f","modification_date":"2023-08-28T14:36:30.689346+00:00","private_network_id":"2517ab7b-38d2-4713-a85e-4ef170d8f570","server_id":"8a445f8c-b333-4f8c-a270-f1d49358df05","state":"syncing","tags":[],"zone":"fr-par-1"}}'
    headers:
      Content-Length:
      - "376"
      Content-Security-Policy:
      - default-src 'none'; frame-ancestors 'none'
      Content-Type:
      - application/json
      Date:
      - Mon, 28 Aug 2023 14:36:35 GMT
      Server:
      - Scaleway API-Gateway
      Strict-Transport-Security:
      - max-age=63072000
      X-Content-Type-Options:
      - nosniff
      X-Frame-Options:
      - DENY
      X-Request-Id:
      - d2e22c31-bfee-47a3-bddd-edb9f256e5e5
    status: 200 OK
    code: 200
    duration: ""
- request:
    body: ""
    form: {}
    headers:
      User-Agent:
      - scaleway-sdk-go/v1.0.0-beta.7+dev (go1.20.4; linux; amd64) terraform-provider/develop
        terraform/terraform-tests
    url: https://api.scaleway.com/instance/v1/zones/fr-par-1/servers/8a445f8c-b333-4f8c-a270-f1d49358df05/private_nics/90c2be7a-2397-48b1-9b1e-508a41bed589
    method: GET
  response:
    body: '{"private_nic":{"creation_date":"2023-08-28T14:36:29.720268+00:00","id":"90c2be7a-2397-48b1-9b1e-508a41bed589","mac_address":"02:00:00:13:b7:2f","modification_date":"2023-08-28T14:36:30.689346+00:00","private_network_id":"2517ab7b-38d2-4713-a85e-4ef170d8f570","server_id":"8a445f8c-b333-4f8c-a270-f1d49358df05","state":"syncing","tags":[],"zone":"fr-par-1"}}'
    headers:
      Content-Length:
      - "376"
      Content-Security-Policy:
      - default-src 'none'; frame-ancestors 'none'
      Content-Type:
      - application/json
      Date:
      - Mon, 28 Aug 2023 14:36:40 GMT
      Server:
      - Scaleway API-Gateway
      Strict-Transport-Security:
      - max-age=63072000
      X-Content-Type-Options:
      - nosniff
      X-Frame-Options:
      - DENY
      X-Request-Id:
      - 1a0ad246-ac57-4988-a54e-8d6c8268a0f7
    status: 200 OK
    code: 200
    duration: ""
- request:
    body: ""
    form: {}
    headers:
      User-Agent:
      - scaleway-sdk-go/v1.0.0-beta.7+dev (go1.20.4; linux; amd64) terraform-provider/develop
        terraform/terraform-tests
    url: https://api.scaleway.com/instance/v1/zones/fr-par-1/servers/8a445f8c-b333-4f8c-a270-f1d49358df05/private_nics/90c2be7a-2397-48b1-9b1e-508a41bed589
    method: GET
  response:
    body: '{"private_nic":{"creation_date":"2023-08-28T14:36:29.720268+00:00","id":"90c2be7a-2397-48b1-9b1e-508a41bed589","mac_address":"02:00:00:13:b7:2f","modification_date":"2023-08-28T14:36:30.689346+00:00","private_network_id":"2517ab7b-38d2-4713-a85e-4ef170d8f570","server_id":"8a445f8c-b333-4f8c-a270-f1d49358df05","state":"syncing","tags":[],"zone":"fr-par-1"}}'
    headers:
      Content-Length:
      - "376"
      Content-Security-Policy:
      - default-src 'none'; frame-ancestors 'none'
      Content-Type:
      - application/json
      Date:
      - Mon, 28 Aug 2023 14:36:45 GMT
      Server:
      - Scaleway API-Gateway
      Strict-Transport-Security:
      - max-age=63072000
      X-Content-Type-Options:
      - nosniff
      X-Frame-Options:
      - DENY
      X-Request-Id:
      - acf230e6-87f6-4a64-af5f-e723c8a8485f
    status: 200 OK
    code: 200
    duration: ""
- request:
    body: ""
    form: {}
    headers:
      User-Agent:
      - scaleway-sdk-go/v1.0.0-beta.7+dev (go1.20.4; linux; amd64) terraform-provider/develop
        terraform/terraform-tests
    url: https://api.scaleway.com/instance/v1/zones/fr-par-1/servers/8a445f8c-b333-4f8c-a270-f1d49358df05/private_nics/90c2be7a-2397-48b1-9b1e-508a41bed589
    method: GET
  response:
    body: '{"private_nic":{"creation_date":"2023-08-28T14:36:29.720268+00:00","id":"90c2be7a-2397-48b1-9b1e-508a41bed589","mac_address":"02:00:00:13:b7:2f","modification_date":"2023-08-28T14:36:30.689346+00:00","private_network_id":"2517ab7b-38d2-4713-a85e-4ef170d8f570","server_id":"8a445f8c-b333-4f8c-a270-f1d49358df05","state":"syncing","tags":[],"zone":"fr-par-1"}}'
    headers:
      Content-Length:
      - "376"
      Content-Security-Policy:
      - default-src 'none'; frame-ancestors 'none'
      Content-Type:
      - application/json
      Date:
      - Mon, 28 Aug 2023 14:36:50 GMT
      Server:
      - Scaleway API-Gateway
      Strict-Transport-Security:
      - max-age=63072000
      X-Content-Type-Options:
      - nosniff
      X-Frame-Options:
      - DENY
      X-Request-Id:
      - f7f2687c-12e1-4000-b842-2ad230b6fa35
    status: 200 OK
    code: 200
    duration: ""
- request:
    body: ""
    form: {}
    headers:
      User-Agent:
      - scaleway-sdk-go/v1.0.0-beta.7+dev (go1.20.4; linux; amd64) terraform-provider/develop
        terraform/terraform-tests
    url: https://api.scaleway.com/instance/v1/zones/fr-par-1/servers/8a445f8c-b333-4f8c-a270-f1d49358df05/private_nics/90c2be7a-2397-48b1-9b1e-508a41bed589
    method: GET
  response:
    body: '{"private_nic":{"creation_date":"2023-08-28T14:36:29.720268+00:00","id":"90c2be7a-2397-48b1-9b1e-508a41bed589","mac_address":"02:00:00:13:b7:2f","modification_date":"2023-08-28T14:36:30.689346+00:00","private_network_id":"2517ab7b-38d2-4713-a85e-4ef170d8f570","server_id":"8a445f8c-b333-4f8c-a270-f1d49358df05","state":"syncing","tags":[],"zone":"fr-par-1"}}'
    headers:
      Content-Length:
      - "376"
      Content-Security-Policy:
      - default-src 'none'; frame-ancestors 'none'
      Content-Type:
      - application/json
      Date:
      - Mon, 28 Aug 2023 14:36:55 GMT
      Server:
      - Scaleway API-Gateway
      Strict-Transport-Security:
      - max-age=63072000
      X-Content-Type-Options:
      - nosniff
      X-Frame-Options:
      - DENY
      X-Request-Id:
      - 13c0667f-d0cf-4799-bca8-2550d837828f
    status: 200 OK
    code: 200
    duration: ""
- request:
    body: ""
    form: {}
    headers:
      User-Agent:
      - scaleway-sdk-go/v1.0.0-beta.7+dev (go1.20.4; linux; amd64) terraform-provider/develop
        terraform/terraform-tests
    url: https://api.scaleway.com/instance/v1/zones/fr-par-1/servers/8a445f8c-b333-4f8c-a270-f1d49358df05/private_nics/90c2be7a-2397-48b1-9b1e-508a41bed589
    method: GET
  response:
    body: '{"private_nic":{"creation_date":"2023-08-28T14:36:29.720268+00:00","id":"90c2be7a-2397-48b1-9b1e-508a41bed589","mac_address":"02:00:00:13:b7:2f","modification_date":"2023-08-28T14:36:30.689346+00:00","private_network_id":"2517ab7b-38d2-4713-a85e-4ef170d8f570","server_id":"8a445f8c-b333-4f8c-a270-f1d49358df05","state":"syncing","tags":[],"zone":"fr-par-1"}}'
    headers:
      Content-Length:
      - "376"
      Content-Security-Policy:
      - default-src 'none'; frame-ancestors 'none'
      Content-Type:
      - application/json
      Date:
      - Mon, 28 Aug 2023 14:37:00 GMT
      Server:
      - Scaleway API-Gateway
      Strict-Transport-Security:
      - max-age=63072000
      X-Content-Type-Options:
      - nosniff
      X-Frame-Options:
      - DENY
      X-Request-Id:
      - e8fdabc9-b216-40c1-ac89-9da4d40a3ff6
    status: 200 OK
    code: 200
    duration: ""
- request:
    body: ""
    form: {}
    headers:
      User-Agent:
      - scaleway-sdk-go/v1.0.0-beta.7+dev (go1.20.4; linux; amd64) terraform-provider/develop
        terraform/terraform-tests
    url: https://api.scaleway.com/instance/v1/zones/fr-par-1/servers/8a445f8c-b333-4f8c-a270-f1d49358df05/private_nics/90c2be7a-2397-48b1-9b1e-508a41bed589
    method: GET
  response:
    body: '{"private_nic":{"creation_date":"2023-08-28T14:36:29.720268+00:00","id":"90c2be7a-2397-48b1-9b1e-508a41bed589","mac_address":"02:00:00:13:b7:2f","modification_date":"2023-08-28T14:37:01.195798+00:00","private_network_id":"2517ab7b-38d2-4713-a85e-4ef170d8f570","server_id":"8a445f8c-b333-4f8c-a270-f1d49358df05","state":"available","tags":[],"zone":"fr-par-1"}}'
    headers:
      Content-Length:
      - "378"
      Content-Security-Policy:
      - default-src 'none'; frame-ancestors 'none'
      Content-Type:
      - application/json
      Date:
      - Mon, 28 Aug 2023 14:37:06 GMT
      Server:
      - Scaleway API-Gateway
      Strict-Transport-Security:
      - max-age=63072000
      X-Content-Type-Options:
      - nosniff
      X-Frame-Options:
      - DENY
      X-Request-Id:
      - 94ec6508-e6ed-4710-899e-0dacf343024f
    status: 200 OK
    code: 200
    duration: ""
- request:
    body: ""
    form: {}
    headers:
      User-Agent:
      - scaleway-sdk-go/v1.0.0-beta.7+dev (go1.20.4; linux; amd64) terraform-provider/develop
        terraform/terraform-tests
    url: https://api.scaleway.com/instance/v1/zones/fr-par-1/servers/8a445f8c-b333-4f8c-a270-f1d49358df05/private_nics/90c2be7a-2397-48b1-9b1e-508a41bed589
    method: GET
  response:
    body: '{"private_nic":{"creation_date":"2023-08-28T14:36:29.720268+00:00","id":"90c2be7a-2397-48b1-9b1e-508a41bed589","mac_address":"02:00:00:13:b7:2f","modification_date":"2023-08-28T14:37:01.195798+00:00","private_network_id":"2517ab7b-38d2-4713-a85e-4ef170d8f570","server_id":"8a445f8c-b333-4f8c-a270-f1d49358df05","state":"available","tags":[],"zone":"fr-par-1"}}'
    headers:
      Content-Length:
      - "378"
      Content-Security-Policy:
      - default-src 'none'; frame-ancestors 'none'
      Content-Type:
      - application/json
      Date:
      - Mon, 28 Aug 2023 14:37:06 GMT
      Server:
      - Scaleway API-Gateway
      Strict-Transport-Security:
      - max-age=63072000
      X-Content-Type-Options:
      - nosniff
      X-Frame-Options:
      - DENY
      X-Request-Id:
      - 7c7bf776-0424-402c-a5e6-22931dd0021f
    status: 200 OK
    code: 200
    duration: ""
- request:
    body: ""
    form: {}
    headers:
      User-Agent:
      - scaleway-sdk-go/v1.0.0-beta.7+dev (go1.20.4; linux; amd64) terraform-provider/develop
        terraform/terraform-tests
    url: https://api.scaleway.com/instance/v1/zones/fr-par-1/servers/8a445f8c-b333-4f8c-a270-f1d49358df05/private_nics/90c2be7a-2397-48b1-9b1e-508a41bed589
    method: GET
  response:
    body: '{"private_nic":{"creation_date":"2023-08-28T14:36:29.720268+00:00","id":"90c2be7a-2397-48b1-9b1e-508a41bed589","mac_address":"02:00:00:13:b7:2f","modification_date":"2023-08-28T14:37:01.195798+00:00","private_network_id":"2517ab7b-38d2-4713-a85e-4ef170d8f570","server_id":"8a445f8c-b333-4f8c-a270-f1d49358df05","state":"available","tags":[],"zone":"fr-par-1"}}'
    headers:
      Content-Length:
      - "378"
      Content-Security-Policy:
      - default-src 'none'; frame-ancestors 'none'
      Content-Type:
      - application/json
      Date:
      - Mon, 28 Aug 2023 14:37:06 GMT
      Server:
      - Scaleway API-Gateway
      Strict-Transport-Security:
      - max-age=63072000
      X-Content-Type-Options:
      - nosniff
      X-Frame-Options:
      - DENY
      X-Request-Id:
      - 4c6693bf-638a-41cb-a08b-e41adfb792f5
    status: 200 OK
    code: 200
    duration: ""
- request:
    body: ""
    form: {}
    headers:
      User-Agent:
      - scaleway-sdk-go/v1.0.0-beta.7+dev (go1.20.4; linux; amd64) terraform-provider/develop
        terraform/terraform-tests
    url: https://api.scaleway.com/vpc/v2/regions/fr-par/private-networks/2517ab7b-38d2-4713-a85e-4ef170d8f570
    method: GET
  response:
    body: '{"created_at":"2023-08-28T14:36:06.587274Z","dhcp_enabled":true,"id":"2517ab7b-38d2-4713-a85e-4ef170d8f570","name":"TestAccScalewayInstancePrivateNIC_Basic","organization_id":"105bdce1-64c0-48ab-899d-868455867ecf","project_id":"105bdce1-64c0-48ab-899d-868455867ecf","region":"fr-par","subnets":[{"created_at":"2023-08-28T14:36:06.587274Z","id":"fb69c044-da3b-40a6-928d-ceb121bd3ab8","subnet":"172.16.8.0/22","updated_at":"2023-08-28T14:36:06.587274Z"},{"created_at":"2023-08-28T14:36:06.587274Z","id":"2cc9eefe-fd50-4f0c-9798-41a3c48317a3","subnet":"fd5f:519c:6d46:4f3a::/64","updated_at":"2023-08-28T14:36:06.587274Z"}],"tags":[],"updated_at":"2023-08-28T14:36:06.587274Z","vpc_id":"8feba4f5-79f9-42cd-b5ce-3ed8c510569e"}'
    headers:
      Content-Length:
      - "739"
      Content-Security-Policy:
      - default-src 'none'; frame-ancestors 'none'
      Content-Type:
      - application/json
      Date:
      - Mon, 28 Aug 2023 14:37:06 GMT
      Server:
      - Scaleway API-Gateway
      Strict-Transport-Security:
      - max-age=63072000
      X-Content-Type-Options:
      - nosniff
      X-Frame-Options:
      - DENY
      X-Request-Id:
      - 54fb7e1a-9e15-4178-bd74-9d5b13da39b6
    status: 200 OK
    code: 200
    duration: ""
- request:
    body: ""
    form: {}
    headers:
      User-Agent:
      - scaleway-sdk-go/v1.0.0-beta.7+dev (go1.20.4; linux; amd64) terraform-provider/develop
        terraform/terraform-tests
    url: https://api.scaleway.com/instance/v1/zones/fr-par-1/servers/8a445f8c-b333-4f8c-a270-f1d49358df05
    method: GET
  response:
    body: '{"server":{"allowed_actions":["poweroff","terminate","reboot","stop_in_place","backup","enable_routed_ip"],"arch":"x86_64","boot_type":"local","bootscript":{"architecture":"x86_64","bootcmdargs":"LINUX_COMMON
      scaleway boot=local nbd.max_part=16","default":true,"dtb":"","id":"fdfe150f-a870-4ce4-b432-9f56b5b995c1","initrd":"http://10.194.3.9/initrd/initrd-Linux-x86_64-v3.14.6.gz","kernel":"http://10.194.3.9/kernel/x86_64-mainline-lts-4.4-4.4.230-rev1/vmlinuz-4.4.230","organization":"11111111-1111-4111-8111-111111111111","project":"11111111-1111-4111-8111-111111111111","public":true,"title":"x86_64
      mainline 4.4.230 rev1","zone":"fr-par-1"},"commercial_type":"DEV1-S","creation_date":"2023-08-28T14:36:07.050825+00:00","dynamic_ip_required":false,"enable_ipv6":false,"extra_networks":[],"hostname":"tf-srv-distracted-goldberg","id":"8a445f8c-b333-4f8c-a270-f1d49358df05","image":{"arch":"x86_64","creation_date":"2023-08-08T13:33:54.403199+00:00","default_bootscript":null,"extra_volumes":{},"from_server":null,"id":"e61b1d27-f80a-4cfd-9121-39f695f3bc68","modification_date":"2023-08-08T13:33:54.403199+00:00","name":"Ubuntu
      20.04 Focal Fossa","organization":"51b656e3-4865-41e8-adbc-0c45bdd780db","project":"51b656e3-4865-41e8-adbc-0c45bdd780db","public":true,"root_volume":{"id":"e2ae7926-f93d-4d02-b859-84b2a13a060b","name":"Ubuntu
      20.04 Focal Fossa","size":10000000000,"volume_type":"unified"},"state":"available","tags":[],"zone":"fr-par-1"},"ipv6":null,"location":{"cluster_id":"16","hypervisor_id":"1302","node_id":"12","platform_id":"14","zone_id":"par1"},"mac_address":"de:00:00:22:7b:0f","maintenances":[],"modification_date":"2023-08-28T14:36:24.906377+00:00","name":"tf-srv-distracted-goldberg","organization":"105bdce1-64c0-48ab-899d-868455867ecf","placement_group":null,"private_ip":"10.64.130.23","private_nics":[{"creation_date":"2023-08-28T14:36:29.720268+00:00","id":"90c2be7a-2397-48b1-9b1e-508a41bed589","mac_address":"02:00:00:13:b7:2f","modification_date":"2023-08-28T14:37:01.195798+00:00","private_network_id":"2517ab7b-38d2-4713-a85e-4ef170d8f570","server_id":"8a445f8c-b333-4f8c-a270-f1d49358df05","state":"available","tags":[],"zone":"fr-par-1"}],"project":"105bdce1-64c0-48ab-899d-868455867ecf","protected":false,"public_ip":null,"public_ips":[],"routed_ip_enabled":false,"security_group":{"id":"5881315f-2400-43a0-ac75-08adf6cb8c12","name":"Default
      security group"},"state":"running","state_detail":"booted","tags":[],"volumes":{"0":{"boot":false,"creation_date":"2023-08-28T14:36:07.050825+00:00","export_uri":null,"id":"ea09c8d7-2196-42e7-b922-e73210cb3b2a","modification_date":"2023-08-28T14:36:07.050825+00:00","name":"Ubuntu
      20.04 Focal Fossa","organization":"105bdce1-64c0-48ab-899d-868455867ecf","project":"105bdce1-64c0-48ab-899d-868455867ecf","server":{"id":"8a445f8c-b333-4f8c-a270-f1d49358df05","name":"tf-srv-distracted-goldberg"},"size":20000000000,"state":"available","tags":[],"volume_type":"l_ssd","zone":"fr-par-1"}},"zone":"fr-par-1"}}'
    headers:
      Content-Length:
      - "3176"
      Content-Security-Policy:
      - default-src 'none'; frame-ancestors 'none'
      Content-Type:
      - application/json
      Date:
      - Mon, 28 Aug 2023 14:37:06 GMT
      Server:
      - Scaleway API-Gateway
      Strict-Transport-Security:
      - max-age=63072000
      X-Content-Type-Options:
      - nosniff
      X-Frame-Options:
      - DENY
      X-Request-Id:
      - 9b50829c-522c-41b2-9d0b-a801cf6347d3
    status: 200 OK
    code: 200
    duration: ""
- request:
    body: ""
    form: {}
    headers:
      User-Agent:
      - scaleway-sdk-go/v1.0.0-beta.7+dev (go1.20.4; linux; amd64) terraform-provider/develop
        terraform/terraform-tests
    url: https://api.scaleway.com/instance/v1/zones/fr-par-1/servers/8a445f8c-b333-4f8c-a270-f1d49358df05/user_data
    method: GET
  response:
    body: '{"user_data":[]}'
    headers:
      Content-Length:
      - "17"
      Content-Security-Policy:
      - default-src 'none'; frame-ancestors 'none'
      Content-Type:
      - application/json
      Date:
      - Mon, 28 Aug 2023 14:37:06 GMT
      Server:
      - Scaleway API-Gateway
      Strict-Transport-Security:
      - max-age=63072000
      X-Content-Type-Options:
      - nosniff
      X-Frame-Options:
      - DENY
      X-Request-Id:
      - f8e1275c-9660-4f25-90f4-36aac7780864
    status: 200 OK
    code: 200
    duration: ""
- request:
    body: ""
    form: {}
    headers:
      User-Agent:
      - scaleway-sdk-go/v1.0.0-beta.7+dev (go1.20.4; linux; amd64) terraform-provider/develop
        terraform/terraform-tests
    url: https://api.scaleway.com/instance/v1/zones/fr-par-1/servers/8a445f8c-b333-4f8c-a270-f1d49358df05/private_nics
    method: GET
  response:
    body: '{"private_nics":[{"creation_date":"2023-08-28T14:36:29.720268+00:00","id":"90c2be7a-2397-48b1-9b1e-508a41bed589","mac_address":"02:00:00:13:b7:2f","modification_date":"2023-08-28T14:37:01.195798+00:00","private_network_id":"2517ab7b-38d2-4713-a85e-4ef170d8f570","server_id":"8a445f8c-b333-4f8c-a270-f1d49358df05","state":"available","tags":[],"zone":"fr-par-1"}]}'
    headers:
      Content-Length:
      - "381"
      Content-Security-Policy:
      - default-src 'none'; frame-ancestors 'none'
      Content-Type:
      - application/json
      Date:
      - Mon, 28 Aug 2023 14:37:06 GMT
      Link:
      - </servers/8a445f8c-b333-4f8c-a270-f1d49358df05/private_nics?page=1&per_page=50&>;
        rel="last"
      Server:
      - Scaleway API-Gateway
      Strict-Transport-Security:
      - max-age=63072000
      X-Content-Type-Options:
      - nosniff
      X-Frame-Options:
      - DENY
      X-Request-Id:
      - 54a039ce-00f9-47f4-b9d5-ff28b6b84977
      X-Total-Count:
      - "1"
    status: 200 OK
    code: 200
    duration: ""
- request:
    body: ""
    form: {}
    headers:
      User-Agent:
      - scaleway-sdk-go/v1.0.0-beta.7+dev (go1.20.4; linux; amd64) terraform-provider/develop
        terraform/terraform-tests
    url: https://api.scaleway.com/instance/v1/zones/fr-par-1/servers/8a445f8c-b333-4f8c-a270-f1d49358df05/private_nics/90c2be7a-2397-48b1-9b1e-508a41bed589
    method: GET
  response:
    body: '{"private_nic":{"creation_date":"2023-08-28T14:36:29.720268+00:00","id":"90c2be7a-2397-48b1-9b1e-508a41bed589","mac_address":"02:00:00:13:b7:2f","modification_date":"2023-08-28T14:37:01.195798+00:00","private_network_id":"2517ab7b-38d2-4713-a85e-4ef170d8f570","server_id":"8a445f8c-b333-4f8c-a270-f1d49358df05","state":"available","tags":[],"zone":"fr-par-1"}}'
    headers:
      Content-Length:
      - "378"
      Content-Security-Policy:
      - default-src 'none'; frame-ancestors 'none'
      Content-Type:
      - application/json
      Date:
      - Mon, 28 Aug 2023 14:37:06 GMT
      Server:
      - Scaleway API-Gateway
      Strict-Transport-Security:
      - max-age=63072000
      X-Content-Type-Options:
      - nosniff
      X-Frame-Options:
      - DENY
      X-Request-Id:
      - 38213510-92ed-4cc5-87ab-1244f4d999e9
    status: 200 OK
    code: 200
    duration: ""
- request:
    body: ""
    form: {}
    headers:
      User-Agent:
      - scaleway-sdk-go/v1.0.0-beta.7+dev (go1.20.4; linux; amd64) terraform-provider/develop
        terraform/terraform-tests
    url: https://api.scaleway.com/instance/v1/zones/fr-par-1/servers/8a445f8c-b333-4f8c-a270-f1d49358df05/private_nics/90c2be7a-2397-48b1-9b1e-508a41bed589
    method: GET
  response:
    body: '{"private_nic":{"creation_date":"2023-08-28T14:36:29.720268+00:00","id":"90c2be7a-2397-48b1-9b1e-508a41bed589","mac_address":"02:00:00:13:b7:2f","modification_date":"2023-08-28T14:37:01.195798+00:00","private_network_id":"2517ab7b-38d2-4713-a85e-4ef170d8f570","server_id":"8a445f8c-b333-4f8c-a270-f1d49358df05","state":"available","tags":[],"zone":"fr-par-1"}}'
    headers:
      Content-Length:
      - "378"
      Content-Security-Policy:
      - default-src 'none'; frame-ancestors 'none'
      Content-Type:
      - application/json
      Date:
      - Mon, 28 Aug 2023 14:37:06 GMT
      Server:
      - Scaleway API-Gateway
      Strict-Transport-Security:
      - max-age=63072000
      X-Content-Type-Options:
      - nosniff
      X-Frame-Options:
      - DENY
      X-Request-Id:
      - 564dc950-90b3-458c-ab96-8ad7a9a11649
    status: 200 OK
    code: 200
    duration: ""
- request:
    body: ""
    form: {}
    headers:
      User-Agent:
      - scaleway-sdk-go/v1.0.0-beta.7+dev (go1.20.4; linux; amd64) terraform-provider/develop
        terraform/terraform-tests
    url: https://api.scaleway.com/instance/v1/zones/fr-par-1/servers/8a445f8c-b333-4f8c-a270-f1d49358df05/private_nics/90c2be7a-2397-48b1-9b1e-508a41bed589
    method: DELETE
  response:
    body: ""
    headers:
      Content-Security-Policy:
      - default-src 'none'; frame-ancestors 'none'
      Date:
      - Mon, 28 Aug 2023 14:37:07 GMT
      Server:
      - Scaleway API-Gateway
      Strict-Transport-Security:
      - max-age=63072000
      X-Content-Type-Options:
      - nosniff
      X-Frame-Options:
      - DENY
      X-Request-Id:
      - 056410cc-9c7c-4376-a54b-42943c69a031
    status: 204 No Content
    code: 204
    duration: ""
- request:
    body: ""
    form: {}
    headers:
      User-Agent:
      - scaleway-sdk-go/v1.0.0-beta.7+dev (go1.20.4; linux; amd64) terraform-provider/develop
        terraform/terraform-tests
    url: https://api.scaleway.com/instance/v1/zones/fr-par-1/servers/8a445f8c-b333-4f8c-a270-f1d49358df05/private_nics/90c2be7a-2397-48b1-9b1e-508a41bed589
    method: GET
  response:
    body: '{"message":"resource is not found","resource":"instance_private_nic","resource_id":"90c2be7a-2397-48b1-9b1e-508a41bed589","type":"not_found"}'
    headers:
      Content-Length:
      - "148"
      Content-Security-Policy:
      - default-src 'none'; frame-ancestors 'none'
      Content-Type:
      - application/json
      Date:
      - Mon, 28 Aug 2023 14:37:07 GMT
      Server:
      - Scaleway API-Gateway
      Strict-Transport-Security:
      - max-age=63072000
      X-Content-Type-Options:
      - nosniff
      X-Frame-Options:
      - DENY
      X-Request-Id:
      - 76d754de-f3a4-4ef8-9e30-2b22f13ff6b6
    status: 404 Not Found
    code: 404
    duration: ""
- request:
    body: ""
    form: {}
    headers:
      User-Agent:
      - scaleway-sdk-go/v1.0.0-beta.7+dev (go1.20.4; linux; amd64) terraform-provider/develop
        terraform/terraform-tests
    url: https://api.scaleway.com/instance/v1/zones/fr-par-1/servers/8a445f8c-b333-4f8c-a270-f1d49358df05
    method: GET
  response:
    body: '{"server":{"allowed_actions":["poweroff","terminate","reboot","stop_in_place","backup","enable_routed_ip"],"arch":"x86_64","boot_type":"local","bootscript":{"architecture":"x86_64","bootcmdargs":"LINUX_COMMON
      scaleway boot=local nbd.max_part=16","default":true,"dtb":"","id":"fdfe150f-a870-4ce4-b432-9f56b5b995c1","initrd":"http://10.194.3.9/initrd/initrd-Linux-x86_64-v3.14.6.gz","kernel":"http://10.194.3.9/kernel/x86_64-mainline-lts-4.4-4.4.230-rev1/vmlinuz-4.4.230","organization":"11111111-1111-4111-8111-111111111111","project":"11111111-1111-4111-8111-111111111111","public":true,"title":"x86_64
      mainline 4.4.230 rev1","zone":"fr-par-1"},"commercial_type":"DEV1-S","creation_date":"2023-08-28T14:36:07.050825+00:00","dynamic_ip_required":false,"enable_ipv6":false,"extra_networks":[],"hostname":"tf-srv-distracted-goldberg","id":"8a445f8c-b333-4f8c-a270-f1d49358df05","image":{"arch":"x86_64","creation_date":"2023-08-08T13:33:54.403199+00:00","default_bootscript":null,"extra_volumes":{},"from_server":null,"id":"e61b1d27-f80a-4cfd-9121-39f695f3bc68","modification_date":"2023-08-08T13:33:54.403199+00:00","name":"Ubuntu
      20.04 Focal Fossa","organization":"51b656e3-4865-41e8-adbc-0c45bdd780db","project":"51b656e3-4865-41e8-adbc-0c45bdd780db","public":true,"root_volume":{"id":"e2ae7926-f93d-4d02-b859-84b2a13a060b","name":"Ubuntu
      20.04 Focal Fossa","size":10000000000,"volume_type":"unified"},"state":"available","tags":[],"zone":"fr-par-1"},"ipv6":null,"location":{"cluster_id":"16","hypervisor_id":"1302","node_id":"12","platform_id":"14","zone_id":"par1"},"mac_address":"de:00:00:22:7b:0f","maintenances":[],"modification_date":"2023-08-28T14:36:24.906377+00:00","name":"tf-srv-distracted-goldberg","organization":"105bdce1-64c0-48ab-899d-868455867ecf","placement_group":null,"private_ip":"10.64.130.23","private_nics":[],"project":"105bdce1-64c0-48ab-899d-868455867ecf","protected":false,"public_ip":null,"public_ips":[],"routed_ip_enabled":false,"security_group":{"id":"5881315f-2400-43a0-ac75-08adf6cb8c12","name":"Default
      security group"},"state":"running","state_detail":"booted","tags":[],"volumes":{"0":{"boot":false,"creation_date":"2023-08-28T14:36:07.050825+00:00","export_uri":null,"id":"ea09c8d7-2196-42e7-b922-e73210cb3b2a","modification_date":"2023-08-28T14:36:07.050825+00:00","name":"Ubuntu
      20.04 Focal Fossa","organization":"105bdce1-64c0-48ab-899d-868455867ecf","project":"105bdce1-64c0-48ab-899d-868455867ecf","server":{"id":"8a445f8c-b333-4f8c-a270-f1d49358df05","name":"tf-srv-distracted-goldberg"},"size":20000000000,"state":"available","tags":[],"volume_type":"l_ssd","zone":"fr-par-1"}},"zone":"fr-par-1"}}'
    headers:
      Content-Length:
      - "2815"
      Content-Security-Policy:
      - default-src 'none'; frame-ancestors 'none'
      Content-Type:
      - application/json
      Date:
      - Mon, 28 Aug 2023 14:37:07 GMT
      Server:
      - Scaleway API-Gateway
      Strict-Transport-Security:
      - max-age=63072000
      X-Content-Type-Options:
      - nosniff
      X-Frame-Options:
      - DENY
      X-Request-Id:
      - bcb129b3-6cf7-44b7-b6fa-c0cbfe8e9e05
    status: 200 OK
    code: 200
    duration: ""
- request:
    body: '{"action":"poweroff"}'
    form: {}
    headers:
      Content-Type:
      - application/json
      User-Agent:
      - scaleway-sdk-go/v1.0.0-beta.7+dev (go1.20.4; linux; amd64) terraform-provider/develop
        terraform/terraform-tests
    url: https://api.scaleway.com/instance/v1/zones/fr-par-1/servers/8a445f8c-b333-4f8c-a270-f1d49358df05/action
    method: POST
  response:
    body: '{"task":{"description":"server_poweroff","href_from":"/servers/8a445f8c-b333-4f8c-a270-f1d49358df05/action","href_result":"/servers/8a445f8c-b333-4f8c-a270-f1d49358df05","id":"91fc2f51-d3a6-41b3-9d2d-e48649968c8d","started_at":"2023-08-28T14:37:08.097750+00:00","status":"pending","terminated_at":null}}'
    headers:
      Content-Length:
      - "317"
      Content-Security-Policy:
      - default-src 'none'; frame-ancestors 'none'
      Content-Type:
      - application/json
      Date:
      - Mon, 28 Aug 2023 14:37:08 GMT
      Location:
      - https://api.scaleway.com/instance/v1/zones/fr-par-1/tasks/91fc2f51-d3a6-41b3-9d2d-e48649968c8d
      Server:
      - Scaleway API-Gateway
      Strict-Transport-Security:
      - max-age=63072000
      X-Content-Type-Options:
      - nosniff
      X-Frame-Options:
      - DENY
      X-Request-Id:
      - d71dcdb6-4d42-4f3b-9f4e-48eea3093985
    status: 202 Accepted
    code: 202
    duration: ""
- request:
    body: ""
    form: {}
    headers:
      User-Agent:
      - scaleway-sdk-go/v1.0.0-beta.7+dev (go1.20.4; linux; amd64) terraform-provider/develop
        terraform/terraform-tests
    url: https://api.scaleway.com/instance/v1/zones/fr-par-1/servers/8a445f8c-b333-4f8c-a270-f1d49358df05
    method: GET
  response:
    body: '{"server":{"allowed_actions":["stop_in_place","backup","enable_routed_ip"],"arch":"x86_64","boot_type":"local","bootscript":{"architecture":"x86_64","bootcmdargs":"LINUX_COMMON
      scaleway boot=local nbd.max_part=16","default":true,"dtb":"","id":"fdfe150f-a870-4ce4-b432-9f56b5b995c1","initrd":"http://10.194.3.9/initrd/initrd-Linux-x86_64-v3.14.6.gz","kernel":"http://10.194.3.9/kernel/x86_64-mainline-lts-4.4-4.4.230-rev1/vmlinuz-4.4.230","organization":"11111111-1111-4111-8111-111111111111","project":"11111111-1111-4111-8111-111111111111","public":true,"title":"x86_64
      mainline 4.4.230 rev1","zone":"fr-par-1"},"commercial_type":"DEV1-S","creation_date":"2023-08-28T14:36:07.050825+00:00","dynamic_ip_required":false,"enable_ipv6":false,"extra_networks":[],"hostname":"tf-srv-distracted-goldberg","id":"8a445f8c-b333-4f8c-a270-f1d49358df05","image":{"arch":"x86_64","creation_date":"2023-08-08T13:33:54.403199+00:00","default_bootscript":null,"extra_volumes":{},"from_server":null,"id":"e61b1d27-f80a-4cfd-9121-39f695f3bc68","modification_date":"2023-08-08T13:33:54.403199+00:00","name":"Ubuntu
      20.04 Focal Fossa","organization":"51b656e3-4865-41e8-adbc-0c45bdd780db","project":"51b656e3-4865-41e8-adbc-0c45bdd780db","public":true,"root_volume":{"id":"e2ae7926-f93d-4d02-b859-84b2a13a060b","name":"Ubuntu
      20.04 Focal Fossa","size":10000000000,"volume_type":"unified"},"state":"available","tags":[],"zone":"fr-par-1"},"ipv6":null,"location":{"cluster_id":"16","hypervisor_id":"1302","node_id":"12","platform_id":"14","zone_id":"par1"},"mac_address":"de:00:00:22:7b:0f","maintenances":[],"modification_date":"2023-08-28T14:37:07.652738+00:00","name":"tf-srv-distracted-goldberg","organization":"105bdce1-64c0-48ab-899d-868455867ecf","placement_group":null,"private_ip":"10.64.130.23","private_nics":[],"project":"105bdce1-64c0-48ab-899d-868455867ecf","protected":false,"public_ip":null,"public_ips":[],"routed_ip_enabled":false,"security_group":{"id":"5881315f-2400-43a0-ac75-08adf6cb8c12","name":"Default
      security group"},"state":"stopping","state_detail":"stopping","tags":[],"volumes":{"0":{"boot":false,"creation_date":"2023-08-28T14:36:07.050825+00:00","export_uri":null,"id":"ea09c8d7-2196-42e7-b922-e73210cb3b2a","modification_date":"2023-08-28T14:36:07.050825+00:00","name":"Ubuntu
      20.04 Focal Fossa","organization":"105bdce1-64c0-48ab-899d-868455867ecf","project":"105bdce1-64c0-48ab-899d-868455867ecf","server":{"id":"8a445f8c-b333-4f8c-a270-f1d49358df05","name":"tf-srv-distracted-goldberg"},"size":20000000000,"state":"available","tags":[],"volume_type":"l_ssd","zone":"fr-par-1"}},"zone":"fr-par-1"}}'
    headers:
      Content-Length:
      - "2783"
      Content-Security-Policy:
      - default-src 'none'; frame-ancestors 'none'
      Content-Type:
      - application/json
      Date:
      - Mon, 28 Aug 2023 14:37:08 GMT
      Server:
      - Scaleway API-Gateway
      Strict-Transport-Security:
      - max-age=63072000
      X-Content-Type-Options:
      - nosniff
      X-Frame-Options:
      - DENY
      X-Request-Id:
      - 52e585d9-6bdc-4829-bb97-94d386086b4d
    status: 200 OK
    code: 200
    duration: ""
- request:
    body: ""
    form: {}
    headers:
      User-Agent:
      - scaleway-sdk-go/v1.0.0-beta.7+dev (go1.20.4; linux; amd64) terraform-provider/develop
        terraform/terraform-tests
    url: https://api.scaleway.com/vpc/v2/regions/fr-par/private-networks/2517ab7b-38d2-4713-a85e-4ef170d8f570
    method: DELETE
  response:
    body: ""
    headers:
      Content-Security-Policy:
      - default-src 'none'; frame-ancestors 'none'
      Content-Type:
      - application/json
      Date:
      - Mon, 28 Aug 2023 14:37:08 GMT
      Server:
      - Scaleway API-Gateway
      Strict-Transport-Security:
      - max-age=63072000
      X-Content-Type-Options:
      - nosniff
      X-Frame-Options:
      - DENY
      X-Request-Id:
      - 9ec9243a-b2e1-4a0d-9e7a-e19befd3d0e7
    status: 204 No Content
    code: 204
    duration: ""
- request:
    body: ""
    form: {}
    headers:
      User-Agent:
      - scaleway-sdk-go/v1.0.0-beta.7+dev (go1.20.4; linux; amd64) terraform-provider/develop
        terraform/terraform-tests
    url: https://api.scaleway.com/instance/v1/zones/fr-par-1/servers/8a445f8c-b333-4f8c-a270-f1d49358df05
    method: GET
  response:
    body: '{"server":{"allowed_actions":["stop_in_place","backup","enable_routed_ip"],"arch":"x86_64","boot_type":"local","bootscript":{"architecture":"x86_64","bootcmdargs":"LINUX_COMMON
      scaleway boot=local nbd.max_part=16","default":true,"dtb":"","id":"fdfe150f-a870-4ce4-b432-9f56b5b995c1","initrd":"http://10.194.3.9/initrd/initrd-Linux-x86_64-v3.14.6.gz","kernel":"http://10.194.3.9/kernel/x86_64-mainline-lts-4.4-4.4.230-rev1/vmlinuz-4.4.230","organization":"11111111-1111-4111-8111-111111111111","project":"11111111-1111-4111-8111-111111111111","public":true,"title":"x86_64
      mainline 4.4.230 rev1","zone":"fr-par-1"},"commercial_type":"DEV1-S","creation_date":"2023-08-28T14:36:07.050825+00:00","dynamic_ip_required":false,"enable_ipv6":false,"extra_networks":[],"hostname":"tf-srv-distracted-goldberg","id":"8a445f8c-b333-4f8c-a270-f1d49358df05","image":{"arch":"x86_64","creation_date":"2023-08-08T13:33:54.403199+00:00","default_bootscript":null,"extra_volumes":{},"from_server":null,"id":"e61b1d27-f80a-4cfd-9121-39f695f3bc68","modification_date":"2023-08-08T13:33:54.403199+00:00","name":"Ubuntu
      20.04 Focal Fossa","organization":"51b656e3-4865-41e8-adbc-0c45bdd780db","project":"51b656e3-4865-41e8-adbc-0c45bdd780db","public":true,"root_volume":{"id":"e2ae7926-f93d-4d02-b859-84b2a13a060b","name":"Ubuntu
      20.04 Focal Fossa","size":10000000000,"volume_type":"unified"},"state":"available","tags":[],"zone":"fr-par-1"},"ipv6":null,"location":{"cluster_id":"16","hypervisor_id":"1302","node_id":"12","platform_id":"14","zone_id":"par1"},"mac_address":"de:00:00:22:7b:0f","maintenances":[],"modification_date":"2023-08-28T14:37:07.652738+00:00","name":"tf-srv-distracted-goldberg","organization":"105bdce1-64c0-48ab-899d-868455867ecf","placement_group":null,"private_ip":"10.64.130.23","private_nics":[],"project":"105bdce1-64c0-48ab-899d-868455867ecf","protected":false,"public_ip":null,"public_ips":[],"routed_ip_enabled":false,"security_group":{"id":"5881315f-2400-43a0-ac75-08adf6cb8c12","name":"Default
      security group"},"state":"stopping","state_detail":"stopping","tags":[],"volumes":{"0":{"boot":false,"creation_date":"2023-08-28T14:36:07.050825+00:00","export_uri":null,"id":"ea09c8d7-2196-42e7-b922-e73210cb3b2a","modification_date":"2023-08-28T14:36:07.050825+00:00","name":"Ubuntu
      20.04 Focal Fossa","organization":"105bdce1-64c0-48ab-899d-868455867ecf","project":"105bdce1-64c0-48ab-899d-868455867ecf","server":{"id":"8a445f8c-b333-4f8c-a270-f1d49358df05","name":"tf-srv-distracted-goldberg"},"size":20000000000,"state":"available","tags":[],"volume_type":"l_ssd","zone":"fr-par-1"}},"zone":"fr-par-1"}}'
    headers:
      Content-Length:
      - "2783"
      Content-Security-Policy:
      - default-src 'none'; frame-ancestors 'none'
      Content-Type:
      - application/json
      Date:
      - Mon, 28 Aug 2023 14:37:13 GMT
      Server:
      - Scaleway API-Gateway
      Strict-Transport-Security:
      - max-age=63072000
      X-Content-Type-Options:
      - nosniff
      X-Frame-Options:
      - DENY
      X-Request-Id:
      - e8090492-b7b5-4df0-ad05-f6cdb4194e56
    status: 200 OK
    code: 200
    duration: ""
- request:
    body: ""
    form: {}
    headers:
      User-Agent:
      - scaleway-sdk-go/v1.0.0-beta.7+dev (go1.20.4; linux; amd64) terraform-provider/develop
        terraform/terraform-tests
    url: https://api.scaleway.com/instance/v1/zones/fr-par-1/servers/8a445f8c-b333-4f8c-a270-f1d49358df05
    method: GET
  response:
    body: '{"server":{"allowed_actions":["stop_in_place","backup","enable_routed_ip"],"arch":"x86_64","boot_type":"local","bootscript":{"architecture":"x86_64","bootcmdargs":"LINUX_COMMON
      scaleway boot=local nbd.max_part=16","default":true,"dtb":"","id":"fdfe150f-a870-4ce4-b432-9f56b5b995c1","initrd":"http://10.194.3.9/initrd/initrd-Linux-x86_64-v3.14.6.gz","kernel":"http://10.194.3.9/kernel/x86_64-mainline-lts-4.4-4.4.230-rev1/vmlinuz-4.4.230","organization":"11111111-1111-4111-8111-111111111111","project":"11111111-1111-4111-8111-111111111111","public":true,"title":"x86_64
      mainline 4.4.230 rev1","zone":"fr-par-1"},"commercial_type":"DEV1-S","creation_date":"2023-08-28T14:36:07.050825+00:00","dynamic_ip_required":false,"enable_ipv6":false,"extra_networks":[],"hostname":"tf-srv-distracted-goldberg","id":"8a445f8c-b333-4f8c-a270-f1d49358df05","image":{"arch":"x86_64","creation_date":"2023-08-08T13:33:54.403199+00:00","default_bootscript":null,"extra_volumes":{},"from_server":null,"id":"e61b1d27-f80a-4cfd-9121-39f695f3bc68","modification_date":"2023-08-08T13:33:54.403199+00:00","name":"Ubuntu
      20.04 Focal Fossa","organization":"51b656e3-4865-41e8-adbc-0c45bdd780db","project":"51b656e3-4865-41e8-adbc-0c45bdd780db","public":true,"root_volume":{"id":"e2ae7926-f93d-4d02-b859-84b2a13a060b","name":"Ubuntu
      20.04 Focal Fossa","size":10000000000,"volume_type":"unified"},"state":"available","tags":[],"zone":"fr-par-1"},"ipv6":null,"location":{"cluster_id":"16","hypervisor_id":"1302","node_id":"12","platform_id":"14","zone_id":"par1"},"mac_address":"de:00:00:22:7b:0f","maintenances":[],"modification_date":"2023-08-28T14:37:07.652738+00:00","name":"tf-srv-distracted-goldberg","organization":"105bdce1-64c0-48ab-899d-868455867ecf","placement_group":null,"private_ip":"10.64.130.23","private_nics":[],"project":"105bdce1-64c0-48ab-899d-868455867ecf","protected":false,"public_ip":null,"public_ips":[],"routed_ip_enabled":false,"security_group":{"id":"5881315f-2400-43a0-ac75-08adf6cb8c12","name":"Default
      security group"},"state":"stopping","state_detail":"stopping","tags":[],"volumes":{"0":{"boot":false,"creation_date":"2023-08-28T14:36:07.050825+00:00","export_uri":null,"id":"ea09c8d7-2196-42e7-b922-e73210cb3b2a","modification_date":"2023-08-28T14:36:07.050825+00:00","name":"Ubuntu
      20.04 Focal Fossa","organization":"105bdce1-64c0-48ab-899d-868455867ecf","project":"105bdce1-64c0-48ab-899d-868455867ecf","server":{"id":"8a445f8c-b333-4f8c-a270-f1d49358df05","name":"tf-srv-distracted-goldberg"},"size":20000000000,"state":"available","tags":[],"volume_type":"l_ssd","zone":"fr-par-1"}},"zone":"fr-par-1"}}'
    headers:
      Content-Length:
      - "2783"
      Content-Security-Policy:
      - default-src 'none'; frame-ancestors 'none'
      Content-Type:
      - application/json
      Date:
      - Mon, 28 Aug 2023 14:37:18 GMT
      Server:
      - Scaleway API-Gateway
      Strict-Transport-Security:
      - max-age=63072000
      X-Content-Type-Options:
      - nosniff
      X-Frame-Options:
      - DENY
      X-Request-Id:
      - 22f2c8b0-d24f-4d75-8265-fad4bfdf10c5
    status: 200 OK
    code: 200
    duration: ""
- request:
    body: ""
    form: {}
    headers:
      User-Agent:
      - scaleway-sdk-go/v1.0.0-beta.7+dev (go1.20.4; linux; amd64) terraform-provider/develop
        terraform/terraform-tests
    url: https://api.scaleway.com/instance/v1/zones/fr-par-1/servers/8a445f8c-b333-4f8c-a270-f1d49358df05
    method: GET
  response:
    body: '{"server":{"allowed_actions":["stop_in_place","backup","enable_routed_ip"],"arch":"x86_64","boot_type":"local","bootscript":{"architecture":"x86_64","bootcmdargs":"LINUX_COMMON
      scaleway boot=local nbd.max_part=16","default":true,"dtb":"","id":"fdfe150f-a870-4ce4-b432-9f56b5b995c1","initrd":"http://10.194.3.9/initrd/initrd-Linux-x86_64-v3.14.6.gz","kernel":"http://10.194.3.9/kernel/x86_64-mainline-lts-4.4-4.4.230-rev1/vmlinuz-4.4.230","organization":"11111111-1111-4111-8111-111111111111","project":"11111111-1111-4111-8111-111111111111","public":true,"title":"x86_64
      mainline 4.4.230 rev1","zone":"fr-par-1"},"commercial_type":"DEV1-S","creation_date":"2023-08-28T14:36:07.050825+00:00","dynamic_ip_required":false,"enable_ipv6":false,"extra_networks":[],"hostname":"tf-srv-distracted-goldberg","id":"8a445f8c-b333-4f8c-a270-f1d49358df05","image":{"arch":"x86_64","creation_date":"2023-08-08T13:33:54.403199+00:00","default_bootscript":null,"extra_volumes":{},"from_server":null,"id":"e61b1d27-f80a-4cfd-9121-39f695f3bc68","modification_date":"2023-08-08T13:33:54.403199+00:00","name":"Ubuntu
      20.04 Focal Fossa","organization":"51b656e3-4865-41e8-adbc-0c45bdd780db","project":"51b656e3-4865-41e8-adbc-0c45bdd780db","public":true,"root_volume":{"id":"e2ae7926-f93d-4d02-b859-84b2a13a060b","name":"Ubuntu
      20.04 Focal Fossa","size":10000000000,"volume_type":"unified"},"state":"available","tags":[],"zone":"fr-par-1"},"ipv6":null,"location":{"cluster_id":"16","hypervisor_id":"1302","node_id":"12","platform_id":"14","zone_id":"par1"},"mac_address":"de:00:00:22:7b:0f","maintenances":[],"modification_date":"2023-08-28T14:37:07.652738+00:00","name":"tf-srv-distracted-goldberg","organization":"105bdce1-64c0-48ab-899d-868455867ecf","placement_group":null,"private_ip":"10.64.130.23","private_nics":[],"project":"105bdce1-64c0-48ab-899d-868455867ecf","protected":false,"public_ip":null,"public_ips":[],"routed_ip_enabled":false,"security_group":{"id":"5881315f-2400-43a0-ac75-08adf6cb8c12","name":"Default
      security group"},"state":"stopping","state_detail":"stopping","tags":[],"volumes":{"0":{"boot":false,"creation_date":"2023-08-28T14:36:07.050825+00:00","export_uri":null,"id":"ea09c8d7-2196-42e7-b922-e73210cb3b2a","modification_date":"2023-08-28T14:36:07.050825+00:00","name":"Ubuntu
      20.04 Focal Fossa","organization":"105bdce1-64c0-48ab-899d-868455867ecf","project":"105bdce1-64c0-48ab-899d-868455867ecf","server":{"id":"8a445f8c-b333-4f8c-a270-f1d49358df05","name":"tf-srv-distracted-goldberg"},"size":20000000000,"state":"available","tags":[],"volume_type":"l_ssd","zone":"fr-par-1"}},"zone":"fr-par-1"}}'
    headers:
      Content-Length:
      - "2783"
      Content-Security-Policy:
      - default-src 'none'; frame-ancestors 'none'
      Content-Type:
      - application/json
      Date:
      - Mon, 28 Aug 2023 14:37:23 GMT
      Server:
      - Scaleway API-Gateway
      Strict-Transport-Security:
      - max-age=63072000
      X-Content-Type-Options:
      - nosniff
      X-Frame-Options:
      - DENY
      X-Request-Id:
      - 17bd5df3-08c2-419e-a449-497c7e07e974
    status: 200 OK
    code: 200
    duration: ""
- request:
    body: ""
    form: {}
    headers:
      User-Agent:
      - scaleway-sdk-go/v1.0.0-beta.7+dev (go1.20.4; linux; amd64) terraform-provider/develop
        terraform/terraform-tests
    url: https://api.scaleway.com/instance/v1/zones/fr-par-1/servers/8a445f8c-b333-4f8c-a270-f1d49358df05
    method: GET
  response:
    body: '{"server":{"allowed_actions":["stop_in_place","backup","enable_routed_ip"],"arch":"x86_64","boot_type":"local","bootscript":{"architecture":"x86_64","bootcmdargs":"LINUX_COMMON
      scaleway boot=local nbd.max_part=16","default":true,"dtb":"","id":"fdfe150f-a870-4ce4-b432-9f56b5b995c1","initrd":"http://10.194.3.9/initrd/initrd-Linux-x86_64-v3.14.6.gz","kernel":"http://10.194.3.9/kernel/x86_64-mainline-lts-4.4-4.4.230-rev1/vmlinuz-4.4.230","organization":"11111111-1111-4111-8111-111111111111","project":"11111111-1111-4111-8111-111111111111","public":true,"title":"x86_64
      mainline 4.4.230 rev1","zone":"fr-par-1"},"commercial_type":"DEV1-S","creation_date":"2023-08-28T14:36:07.050825+00:00","dynamic_ip_required":false,"enable_ipv6":false,"extra_networks":[],"hostname":"tf-srv-distracted-goldberg","id":"8a445f8c-b333-4f8c-a270-f1d49358df05","image":{"arch":"x86_64","creation_date":"2023-08-08T13:33:54.403199+00:00","default_bootscript":null,"extra_volumes":{},"from_server":null,"id":"e61b1d27-f80a-4cfd-9121-39f695f3bc68","modification_date":"2023-08-08T13:33:54.403199+00:00","name":"Ubuntu
      20.04 Focal Fossa","organization":"51b656e3-4865-41e8-adbc-0c45bdd780db","project":"51b656e3-4865-41e8-adbc-0c45bdd780db","public":true,"root_volume":{"id":"e2ae7926-f93d-4d02-b859-84b2a13a060b","name":"Ubuntu
      20.04 Focal Fossa","size":10000000000,"volume_type":"unified"},"state":"available","tags":[],"zone":"fr-par-1"},"ipv6":null,"location":{"cluster_id":"16","hypervisor_id":"1302","node_id":"12","platform_id":"14","zone_id":"par1"},"mac_address":"de:00:00:22:7b:0f","maintenances":[],"modification_date":"2023-08-28T14:37:07.652738+00:00","name":"tf-srv-distracted-goldberg","organization":"105bdce1-64c0-48ab-899d-868455867ecf","placement_group":null,"private_ip":"10.64.130.23","private_nics":[],"project":"105bdce1-64c0-48ab-899d-868455867ecf","protected":false,"public_ip":null,"public_ips":[],"routed_ip_enabled":false,"security_group":{"id":"5881315f-2400-43a0-ac75-08adf6cb8c12","name":"Default
      security group"},"state":"stopping","state_detail":"stopping","tags":[],"volumes":{"0":{"boot":false,"creation_date":"2023-08-28T14:36:07.050825+00:00","export_uri":null,"id":"ea09c8d7-2196-42e7-b922-e73210cb3b2a","modification_date":"2023-08-28T14:36:07.050825+00:00","name":"Ubuntu
      20.04 Focal Fossa","organization":"105bdce1-64c0-48ab-899d-868455867ecf","project":"105bdce1-64c0-48ab-899d-868455867ecf","server":{"id":"8a445f8c-b333-4f8c-a270-f1d49358df05","name":"tf-srv-distracted-goldberg"},"size":20000000000,"state":"available","tags":[],"volume_type":"l_ssd","zone":"fr-par-1"}},"zone":"fr-par-1"}}'
    headers:
      Content-Length:
      - "2783"
      Content-Security-Policy:
      - default-src 'none'; frame-ancestors 'none'
      Content-Type:
      - application/json
      Date:
      - Mon, 28 Aug 2023 14:37:28 GMT
      Server:
      - Scaleway API-Gateway
      Strict-Transport-Security:
      - max-age=63072000
      X-Content-Type-Options:
      - nosniff
      X-Frame-Options:
      - DENY
      X-Request-Id:
      - f5cfbde4-2b50-4b51-a550-1d299b6a0222
    status: 200 OK
    code: 200
    duration: ""
- request:
    body: ""
    form: {}
    headers:
      User-Agent:
      - scaleway-sdk-go/v1.0.0-beta.7+dev (go1.20.4; linux; amd64) terraform-provider/develop
        terraform/terraform-tests
    url: https://api.scaleway.com/instance/v1/zones/fr-par-1/servers/8a445f8c-b333-4f8c-a270-f1d49358df05
    method: GET
  response:
    body: '{"server":{"allowed_actions":["stop_in_place","backup","enable_routed_ip"],"arch":"x86_64","boot_type":"local","bootscript":{"architecture":"x86_64","bootcmdargs":"LINUX_COMMON
      scaleway boot=local nbd.max_part=16","default":true,"dtb":"","id":"fdfe150f-a870-4ce4-b432-9f56b5b995c1","initrd":"http://10.194.3.9/initrd/initrd-Linux-x86_64-v3.14.6.gz","kernel":"http://10.194.3.9/kernel/x86_64-mainline-lts-4.4-4.4.230-rev1/vmlinuz-4.4.230","organization":"11111111-1111-4111-8111-111111111111","project":"11111111-1111-4111-8111-111111111111","public":true,"title":"x86_64
      mainline 4.4.230 rev1","zone":"fr-par-1"},"commercial_type":"DEV1-S","creation_date":"2023-08-28T14:36:07.050825+00:00","dynamic_ip_required":false,"enable_ipv6":false,"extra_networks":[],"hostname":"tf-srv-distracted-goldberg","id":"8a445f8c-b333-4f8c-a270-f1d49358df05","image":{"arch":"x86_64","creation_date":"2023-08-08T13:33:54.403199+00:00","default_bootscript":null,"extra_volumes":{},"from_server":null,"id":"e61b1d27-f80a-4cfd-9121-39f695f3bc68","modification_date":"2023-08-08T13:33:54.403199+00:00","name":"Ubuntu
      20.04 Focal Fossa","organization":"51b656e3-4865-41e8-adbc-0c45bdd780db","project":"51b656e3-4865-41e8-adbc-0c45bdd780db","public":true,"root_volume":{"id":"e2ae7926-f93d-4d02-b859-84b2a13a060b","name":"Ubuntu
      20.04 Focal Fossa","size":10000000000,"volume_type":"unified"},"state":"available","tags":[],"zone":"fr-par-1"},"ipv6":null,"location":{"cluster_id":"16","hypervisor_id":"1302","node_id":"12","platform_id":"14","zone_id":"par1"},"mac_address":"de:00:00:22:7b:0f","maintenances":[],"modification_date":"2023-08-28T14:37:07.652738+00:00","name":"tf-srv-distracted-goldberg","organization":"105bdce1-64c0-48ab-899d-868455867ecf","placement_group":null,"private_ip":"10.64.130.23","private_nics":[],"project":"105bdce1-64c0-48ab-899d-868455867ecf","protected":false,"public_ip":null,"public_ips":[],"routed_ip_enabled":false,"security_group":{"id":"5881315f-2400-43a0-ac75-08adf6cb8c12","name":"Default
      security group"},"state":"stopping","state_detail":"stopping","tags":[],"volumes":{"0":{"boot":false,"creation_date":"2023-08-28T14:36:07.050825+00:00","export_uri":null,"id":"ea09c8d7-2196-42e7-b922-e73210cb3b2a","modification_date":"2023-08-28T14:36:07.050825+00:00","name":"Ubuntu
      20.04 Focal Fossa","organization":"105bdce1-64c0-48ab-899d-868455867ecf","project":"105bdce1-64c0-48ab-899d-868455867ecf","server":{"id":"8a445f8c-b333-4f8c-a270-f1d49358df05","name":"tf-srv-distracted-goldberg"},"size":20000000000,"state":"available","tags":[],"volume_type":"l_ssd","zone":"fr-par-1"}},"zone":"fr-par-1"}}'
    headers:
      Content-Length:
      - "2783"
      Content-Security-Policy:
      - default-src 'none'; frame-ancestors 'none'
      Content-Type:
      - application/json
      Date:
      - Mon, 28 Aug 2023 14:37:33 GMT
      Server:
      - Scaleway API-Gateway
      Strict-Transport-Security:
      - max-age=63072000
      X-Content-Type-Options:
      - nosniff
      X-Frame-Options:
      - DENY
      X-Request-Id:
      - 5c62984f-394e-4ff5-ad6c-dd9892eb799b
    status: 200 OK
    code: 200
    duration: ""
- request:
    body: ""
    form: {}
    headers:
      User-Agent:
      - scaleway-sdk-go/v1.0.0-beta.7+dev (go1.20.4; linux; amd64) terraform-provider/develop
        terraform/terraform-tests
    url: https://api.scaleway.com/instance/v1/zones/fr-par-1/servers/8a445f8c-b333-4f8c-a270-f1d49358df05
    method: GET
  response:
    body: '{"server":{"allowed_actions":["stop_in_place","backup","enable_routed_ip"],"arch":"x86_64","boot_type":"local","bootscript":{"architecture":"x86_64","bootcmdargs":"LINUX_COMMON
      scaleway boot=local nbd.max_part=16","default":true,"dtb":"","id":"fdfe150f-a870-4ce4-b432-9f56b5b995c1","initrd":"http://10.194.3.9/initrd/initrd-Linux-x86_64-v3.14.6.gz","kernel":"http://10.194.3.9/kernel/x86_64-mainline-lts-4.4-4.4.230-rev1/vmlinuz-4.4.230","organization":"11111111-1111-4111-8111-111111111111","project":"11111111-1111-4111-8111-111111111111","public":true,"title":"x86_64
      mainline 4.4.230 rev1","zone":"fr-par-1"},"commercial_type":"DEV1-S","creation_date":"2023-08-28T14:36:07.050825+00:00","dynamic_ip_required":false,"enable_ipv6":false,"extra_networks":[],"hostname":"tf-srv-distracted-goldberg","id":"8a445f8c-b333-4f8c-a270-f1d49358df05","image":{"arch":"x86_64","creation_date":"2023-08-08T13:33:54.403199+00:00","default_bootscript":null,"extra_volumes":{},"from_server":null,"id":"e61b1d27-f80a-4cfd-9121-39f695f3bc68","modification_date":"2023-08-08T13:33:54.403199+00:00","name":"Ubuntu
      20.04 Focal Fossa","organization":"51b656e3-4865-41e8-adbc-0c45bdd780db","project":"51b656e3-4865-41e8-adbc-0c45bdd780db","public":true,"root_volume":{"id":"e2ae7926-f93d-4d02-b859-84b2a13a060b","name":"Ubuntu
      20.04 Focal Fossa","size":10000000000,"volume_type":"unified"},"state":"available","tags":[],"zone":"fr-par-1"},"ipv6":null,"location":{"cluster_id":"16","hypervisor_id":"1302","node_id":"12","platform_id":"14","zone_id":"par1"},"mac_address":"de:00:00:22:7b:0f","maintenances":[],"modification_date":"2023-08-28T14:37:07.652738+00:00","name":"tf-srv-distracted-goldberg","organization":"105bdce1-64c0-48ab-899d-868455867ecf","placement_group":null,"private_ip":"10.64.130.23","private_nics":[],"project":"105bdce1-64c0-48ab-899d-868455867ecf","protected":false,"public_ip":null,"public_ips":[],"routed_ip_enabled":false,"security_group":{"id":"5881315f-2400-43a0-ac75-08adf6cb8c12","name":"Default
      security group"},"state":"stopping","state_detail":"stopping","tags":[],"volumes":{"0":{"boot":false,"creation_date":"2023-08-28T14:36:07.050825+00:00","export_uri":null,"id":"ea09c8d7-2196-42e7-b922-e73210cb3b2a","modification_date":"2023-08-28T14:36:07.050825+00:00","name":"Ubuntu
      20.04 Focal Fossa","organization":"105bdce1-64c0-48ab-899d-868455867ecf","project":"105bdce1-64c0-48ab-899d-868455867ecf","server":{"id":"8a445f8c-b333-4f8c-a270-f1d49358df05","name":"tf-srv-distracted-goldberg"},"size":20000000000,"state":"available","tags":[],"volume_type":"l_ssd","zone":"fr-par-1"}},"zone":"fr-par-1"}}'
    headers:
      Content-Length:
      - "2783"
      Content-Security-Policy:
      - default-src 'none'; frame-ancestors 'none'
      Content-Type:
      - application/json
      Date:
      - Mon, 28 Aug 2023 14:37:39 GMT
      Server:
      - Scaleway API-Gateway
      Strict-Transport-Security:
      - max-age=63072000
      X-Content-Type-Options:
      - nosniff
      X-Frame-Options:
      - DENY
      X-Request-Id:
      - 1241aa94-d6d3-46b0-bd66-79255c60ae43
    status: 200 OK
    code: 200
    duration: ""
- request:
    body: ""
    form: {}
    headers:
      User-Agent:
      - scaleway-sdk-go/v1.0.0-beta.7+dev (go1.20.4; linux; amd64) terraform-provider/develop
        terraform/terraform-tests
    url: https://api.scaleway.com/instance/v1/zones/fr-par-1/servers/8a445f8c-b333-4f8c-a270-f1d49358df05
    method: GET
  response:
    body: '{"server":{"allowed_actions":["stop_in_place","backup","enable_routed_ip"],"arch":"x86_64","boot_type":"local","bootscript":{"architecture":"x86_64","bootcmdargs":"LINUX_COMMON
      scaleway boot=local nbd.max_part=16","default":true,"dtb":"","id":"fdfe150f-a870-4ce4-b432-9f56b5b995c1","initrd":"http://10.194.3.9/initrd/initrd-Linux-x86_64-v3.14.6.gz","kernel":"http://10.194.3.9/kernel/x86_64-mainline-lts-4.4-4.4.230-rev1/vmlinuz-4.4.230","organization":"11111111-1111-4111-8111-111111111111","project":"11111111-1111-4111-8111-111111111111","public":true,"title":"x86_64
      mainline 4.4.230 rev1","zone":"fr-par-1"},"commercial_type":"DEV1-S","creation_date":"2023-08-28T14:36:07.050825+00:00","dynamic_ip_required":false,"enable_ipv6":false,"extra_networks":[],"hostname":"tf-srv-distracted-goldberg","id":"8a445f8c-b333-4f8c-a270-f1d49358df05","image":{"arch":"x86_64","creation_date":"2023-08-08T13:33:54.403199+00:00","default_bootscript":null,"extra_volumes":{},"from_server":null,"id":"e61b1d27-f80a-4cfd-9121-39f695f3bc68","modification_date":"2023-08-08T13:33:54.403199+00:00","name":"Ubuntu
      20.04 Focal Fossa","organization":"51b656e3-4865-41e8-adbc-0c45bdd780db","project":"51b656e3-4865-41e8-adbc-0c45bdd780db","public":true,"root_volume":{"id":"e2ae7926-f93d-4d02-b859-84b2a13a060b","name":"Ubuntu
      20.04 Focal Fossa","size":10000000000,"volume_type":"unified"},"state":"available","tags":[],"zone":"fr-par-1"},"ipv6":null,"location":{"cluster_id":"16","hypervisor_id":"1302","node_id":"12","platform_id":"14","zone_id":"par1"},"mac_address":"de:00:00:22:7b:0f","maintenances":[],"modification_date":"2023-08-28T14:37:07.652738+00:00","name":"tf-srv-distracted-goldberg","organization":"105bdce1-64c0-48ab-899d-868455867ecf","placement_group":null,"private_ip":"10.64.130.23","private_nics":[],"project":"105bdce1-64c0-48ab-899d-868455867ecf","protected":false,"public_ip":null,"public_ips":[],"routed_ip_enabled":false,"security_group":{"id":"5881315f-2400-43a0-ac75-08adf6cb8c12","name":"Default
      security group"},"state":"stopping","state_detail":"stopping","tags":[],"volumes":{"0":{"boot":false,"creation_date":"2023-08-28T14:36:07.050825+00:00","export_uri":null,"id":"ea09c8d7-2196-42e7-b922-e73210cb3b2a","modification_date":"2023-08-28T14:36:07.050825+00:00","name":"Ubuntu
      20.04 Focal Fossa","organization":"105bdce1-64c0-48ab-899d-868455867ecf","project":"105bdce1-64c0-48ab-899d-868455867ecf","server":{"id":"8a445f8c-b333-4f8c-a270-f1d49358df05","name":"tf-srv-distracted-goldberg"},"size":20000000000,"state":"available","tags":[],"volume_type":"l_ssd","zone":"fr-par-1"}},"zone":"fr-par-1"}}'
    headers:
      Content-Length:
      - "2783"
      Content-Security-Policy:
      - default-src 'none'; frame-ancestors 'none'
      Content-Type:
      - application/json
      Date:
      - Mon, 28 Aug 2023 14:37:44 GMT
      Server:
      - Scaleway API-Gateway
      Strict-Transport-Security:
      - max-age=63072000
      X-Content-Type-Options:
      - nosniff
      X-Frame-Options:
      - DENY
      X-Request-Id:
      - 2008898c-ab18-451e-b2bf-e2d9dc6bcce1
    status: 200 OK
    code: 200
    duration: ""
- request:
    body: ""
    form: {}
    headers:
      User-Agent:
      - scaleway-sdk-go/v1.0.0-beta.7+dev (go1.20.4; linux; amd64) terraform-provider/develop
        terraform/terraform-tests
    url: https://api.scaleway.com/instance/v1/zones/fr-par-1/servers/8a445f8c-b333-4f8c-a270-f1d49358df05
    method: GET
  response:
    body: '{"server":{"allowed_actions":["poweron","backup","enable_routed_ip"],"arch":"x86_64","boot_type":"local","bootscript":{"architecture":"x86_64","bootcmdargs":"LINUX_COMMON
      scaleway boot=local nbd.max_part=16","default":true,"dtb":"","id":"fdfe150f-a870-4ce4-b432-9f56b5b995c1","initrd":"http://10.194.3.9/initrd/initrd-Linux-x86_64-v3.14.6.gz","kernel":"http://10.194.3.9/kernel/x86_64-mainline-lts-4.4-4.4.230-rev1/vmlinuz-4.4.230","organization":"11111111-1111-4111-8111-111111111111","project":"11111111-1111-4111-8111-111111111111","public":true,"title":"x86_64
      mainline 4.4.230 rev1","zone":"fr-par-1"},"commercial_type":"DEV1-S","creation_date":"2023-08-28T14:36:07.050825+00:00","dynamic_ip_required":false,"enable_ipv6":false,"extra_networks":[],"hostname":"tf-srv-distracted-goldberg","id":"8a445f8c-b333-4f8c-a270-f1d49358df05","image":{"arch":"x86_64","creation_date":"2023-08-08T13:33:54.403199+00:00","default_bootscript":null,"extra_volumes":{},"from_server":null,"id":"e61b1d27-f80a-4cfd-9121-39f695f3bc68","modification_date":"2023-08-08T13:33:54.403199+00:00","name":"Ubuntu
      20.04 Focal Fossa","organization":"51b656e3-4865-41e8-adbc-0c45bdd780db","project":"51b656e3-4865-41e8-adbc-0c45bdd780db","public":true,"root_volume":{"id":"e2ae7926-f93d-4d02-b859-84b2a13a060b","name":"Ubuntu
      20.04 Focal Fossa","size":10000000000,"volume_type":"unified"},"state":"available","tags":[],"zone":"fr-par-1"},"ipv6":null,"location":null,"mac_address":"de:00:00:22:7b:0f","maintenances":[],"modification_date":"2023-08-28T14:37:47.524600+00:00","name":"tf-srv-distracted-goldberg","organization":"105bdce1-64c0-48ab-899d-868455867ecf","placement_group":null,"private_ip":null,"private_nics":[],"project":"105bdce1-64c0-48ab-899d-868455867ecf","protected":false,"public_ip":null,"public_ips":[],"routed_ip_enabled":false,"security_group":{"id":"5881315f-2400-43a0-ac75-08adf6cb8c12","name":"Default
      security group"},"state":"stopped","state_detail":"","tags":[],"volumes":{"0":{"boot":false,"creation_date":"2023-08-28T14:36:07.050825+00:00","export_uri":null,"id":"ea09c8d7-2196-42e7-b922-e73210cb3b2a","modification_date":"2023-08-28T14:36:07.050825+00:00","name":"Ubuntu
      20.04 Focal Fossa","organization":"105bdce1-64c0-48ab-899d-868455867ecf","project":"105bdce1-64c0-48ab-899d-868455867ecf","server":{"id":"8a445f8c-b333-4f8c-a270-f1d49358df05","name":"tf-srv-distracted-goldberg"},"size":20000000000,"state":"available","tags":[],"volume_type":"l_ssd","zone":"fr-par-1"}},"zone":"fr-par-1"}}'
    headers:
      Content-Length:
      - "2660"
      Content-Security-Policy:
      - default-src 'none'; frame-ancestors 'none'
      Content-Type:
      - application/json
      Date:
      - Mon, 28 Aug 2023 14:37:49 GMT
      Server:
      - Scaleway API-Gateway
      Strict-Transport-Security:
      - max-age=63072000
      X-Content-Type-Options:
      - nosniff
      X-Frame-Options:
      - DENY
      X-Request-Id:
      - c2b0bfbb-8e99-468f-8790-1739741eeba1
    status: 200 OK
    code: 200
    duration: ""
- request:
    body: ""
    form: {}
    headers:
      User-Agent:
      - scaleway-sdk-go/v1.0.0-beta.7+dev (go1.20.4; linux; amd64) terraform-provider/develop
        terraform/terraform-tests
    url: https://api.scaleway.com/instance/v1/zones/fr-par-1/servers/8a445f8c-b333-4f8c-a270-f1d49358df05
    method: GET
  response:
    body: '{"server":{"allowed_actions":["poweron","backup","enable_routed_ip"],"arch":"x86_64","boot_type":"local","bootscript":{"architecture":"x86_64","bootcmdargs":"LINUX_COMMON
      scaleway boot=local nbd.max_part=16","default":true,"dtb":"","id":"fdfe150f-a870-4ce4-b432-9f56b5b995c1","initrd":"http://10.194.3.9/initrd/initrd-Linux-x86_64-v3.14.6.gz","kernel":"http://10.194.3.9/kernel/x86_64-mainline-lts-4.4-4.4.230-rev1/vmlinuz-4.4.230","organization":"11111111-1111-4111-8111-111111111111","project":"11111111-1111-4111-8111-111111111111","public":true,"title":"x86_64
      mainline 4.4.230 rev1","zone":"fr-par-1"},"commercial_type":"DEV1-S","creation_date":"2023-08-28T14:36:07.050825+00:00","dynamic_ip_required":false,"enable_ipv6":false,"extra_networks":[],"hostname":"tf-srv-distracted-goldberg","id":"8a445f8c-b333-4f8c-a270-f1d49358df05","image":{"arch":"x86_64","creation_date":"2023-08-08T13:33:54.403199+00:00","default_bootscript":null,"extra_volumes":{},"from_server":null,"id":"e61b1d27-f80a-4cfd-9121-39f695f3bc68","modification_date":"2023-08-08T13:33:54.403199+00:00","name":"Ubuntu
      20.04 Focal Fossa","organization":"51b656e3-4865-41e8-adbc-0c45bdd780db","project":"51b656e3-4865-41e8-adbc-0c45bdd780db","public":true,"root_volume":{"id":"e2ae7926-f93d-4d02-b859-84b2a13a060b","name":"Ubuntu
      20.04 Focal Fossa","size":10000000000,"volume_type":"unified"},"state":"available","tags":[],"zone":"fr-par-1"},"ipv6":null,"location":null,"mac_address":"de:00:00:22:7b:0f","maintenances":[],"modification_date":"2023-08-28T14:37:47.524600+00:00","name":"tf-srv-distracted-goldberg","organization":"105bdce1-64c0-48ab-899d-868455867ecf","placement_group":null,"private_ip":null,"private_nics":[],"project":"105bdce1-64c0-48ab-899d-868455867ecf","protected":false,"public_ip":null,"public_ips":[],"routed_ip_enabled":false,"security_group":{"id":"5881315f-2400-43a0-ac75-08adf6cb8c12","name":"Default
      security group"},"state":"stopped","state_detail":"","tags":[],"volumes":{"0":{"boot":false,"creation_date":"2023-08-28T14:36:07.050825+00:00","export_uri":null,"id":"ea09c8d7-2196-42e7-b922-e73210cb3b2a","modification_date":"2023-08-28T14:36:07.050825+00:00","name":"Ubuntu
      20.04 Focal Fossa","organization":"105bdce1-64c0-48ab-899d-868455867ecf","project":"105bdce1-64c0-48ab-899d-868455867ecf","server":{"id":"8a445f8c-b333-4f8c-a270-f1d49358df05","name":"tf-srv-distracted-goldberg"},"size":20000000000,"state":"available","tags":[],"volume_type":"l_ssd","zone":"fr-par-1"}},"zone":"fr-par-1"}}'
    headers:
      Content-Length:
      - "2660"
      Content-Security-Policy:
      - default-src 'none'; frame-ancestors 'none'
      Content-Type:
      - application/json
      Date:
      - Mon, 28 Aug 2023 14:37:49 GMT
      Server:
      - Scaleway API-Gateway
      Strict-Transport-Security:
      - max-age=63072000
      X-Content-Type-Options:
      - nosniff
      X-Frame-Options:
      - DENY
      X-Request-Id:
      - 1be99385-5764-4898-a828-46c243fbba6b
    status: 200 OK
    code: 200
    duration: ""
- request:
    body: ""
    form: {}
    headers:
      User-Agent:
      - scaleway-sdk-go/v1.0.0-beta.7+dev (go1.20.4; linux; amd64) terraform-provider/develop
        terraform/terraform-tests
    url: https://api.scaleway.com/instance/v1/zones/fr-par-1/servers/8a445f8c-b333-4f8c-a270-f1d49358df05
    method: DELETE
  response:
    body: ""
    headers:
      Content-Security-Policy:
      - default-src 'none'; frame-ancestors 'none'
      Date:
      - Mon, 28 Aug 2023 14:37:49 GMT
      Server:
      - Scaleway API-Gateway
      Strict-Transport-Security:
      - max-age=63072000
      X-Content-Type-Options:
      - nosniff
      X-Frame-Options:
      - DENY
      X-Request-Id:
      - c4efda05-184c-4e23-a57e-c84540fe78f0
    status: 204 No Content
    code: 204
    duration: ""
- request:
    body: ""
    form: {}
    headers:
      User-Agent:
      - scaleway-sdk-go/v1.0.0-beta.7+dev (go1.20.4; linux; amd64) terraform-provider/develop
        terraform/terraform-tests
    url: https://api.scaleway.com/instance/v1/zones/fr-par-1/servers/8a445f8c-b333-4f8c-a270-f1d49358df05
    method: GET
  response:
    body: '{"message":"resource is not found","resource":"instance_server","resource_id":"8a445f8c-b333-4f8c-a270-f1d49358df05","type":"not_found"}'
    headers:
      Content-Length:
      - "143"
      Content-Security-Policy:
      - default-src 'none'; frame-ancestors 'none'
      Content-Type:
      - application/json
      Date:
      - Mon, 28 Aug 2023 14:37:50 GMT
      Server:
      - Scaleway API-Gateway
      Strict-Transport-Security:
      - max-age=63072000
      X-Content-Type-Options:
      - nosniff
      X-Frame-Options:
      - DENY
      X-Request-Id:
      - e2d53eee-94be-499b-ad68-70793b588003
    status: 404 Not Found
    code: 404
    duration: ""
- request:
    body: ""
    form: {}
    headers:
      User-Agent:
      - scaleway-sdk-go/v1.0.0-beta.7+dev (go1.20.4; linux; amd64) terraform-provider/develop
        terraform/terraform-tests
    url: https://api.scaleway.com/instance/v1/zones/fr-par-1/volumes/ea09c8d7-2196-42e7-b922-e73210cb3b2a
    method: DELETE
  response:
    body: ""
    headers:
      Content-Security-Policy:
      - default-src 'none'; frame-ancestors 'none'
      Date:
      - Mon, 28 Aug 2023 14:37:50 GMT
      Server:
      - Scaleway API-Gateway
      Strict-Transport-Security:
      - max-age=63072000
      X-Content-Type-Options:
      - nosniff
      X-Frame-Options:
      - DENY
      X-Request-Id:
      - 857af789-18c7-478c-bfda-f99b2a3f7568
    status: 204 No Content
    code: 204
    duration: ""
- request:
    body: ""
    form: {}
    headers:
      User-Agent:
      - scaleway-sdk-go/v1.0.0-beta.7+dev (go1.20.4; linux; amd64) terraform-provider/develop
        terraform/terraform-tests
    url: https://api.scaleway.com/instance/v1/zones/fr-par-1/servers/8a445f8c-b333-4f8c-a270-f1d49358df05/private_nics/90c2be7a-2397-48b1-9b1e-508a41bed589
    method: GET
  response:
    body: '{"message":"resource is not found","resource":"instance_server","resource_id":"8a445f8c-b333-4f8c-a270-f1d49358df05","type":"not_found"}'
    headers:
      Content-Length:
      - "143"
      Content-Security-Policy:
      - default-src 'none'; frame-ancestors 'none'
      Content-Type:
      - application/json
      Date:
      - Mon, 28 Aug 2023 14:37:50 GMT
      Server:
      - Scaleway API-Gateway
      Strict-Transport-Security:
      - max-age=63072000
      X-Content-Type-Options:
      - nosniff
      X-Frame-Options:
      - DENY
      X-Request-Id:
      - 18461f47-fc75-4448-939d-92d196a1970b
    status: 404 Not Found
    code: 404
    duration: ""
