---
version: 1
interactions:
- request:
    body: '{"name":"tf-sg-vigilant-babbage","project":"105bdce1-64c0-48ab-899d-868455867ecf","stateful":true,"inbound_default_policy":"accept","outbound_default_policy":"accept","enable_default_security":true}'
    form: {}
    headers:
      Content-Type:
      - application/json
      User-Agent:
      - scaleway-sdk-go/v1.0.0-beta.7+dev (go1.20.4; linux; amd64) terraform-provider/develop
        terraform/terraform-tests
    url: https://api.scaleway.com/instance/v1/zones/fr-par-1/security_groups
    method: POST
  response:
    body: '{"security_group":{"creation_date":"2023-08-28T14:35:22.316061+00:00","description":null,"enable_default_security":true,"id":"c14ae98a-7182-4f3f-9999-93fa34b1d4c5","inbound_default_policy":"accept","modification_date":"2023-08-28T14:35:22.316061+00:00","name":"tf-sg-vigilant-babbage","organization":"105bdce1-64c0-48ab-899d-868455867ecf","organization_default":false,"outbound_default_policy":"accept","project":"105bdce1-64c0-48ab-899d-868455867ecf","project_default":false,"servers":[],"state":"syncing","stateful":true,"tags":[],"zone":"fr-par-1"}}'
    headers:
      Content-Length:
      - "586"
      Content-Security-Policy:
      - default-src 'none'; frame-ancestors 'none'
      Content-Type:
      - application/json
      Date:
      - Mon, 28 Aug 2023 14:35:22 GMT
      Location:
      - https://api.scaleway.com/instance/v1/zones/fr-par-1/security_groups/c14ae98a-7182-4f3f-9999-93fa34b1d4c5
      Server:
      - Scaleway API-Gateway
      Strict-Transport-Security:
      - max-age=63072000
      X-Content-Type-Options:
      - nosniff
      X-Frame-Options:
      - DENY
      X-Request-Id:
      - 7e46b79e-9a96-4075-9ff7-f6832b7d53f5
    status: 201 Created
    code: 201
    duration: ""
- request:
    body: ""
    form: {}
    headers:
      User-Agent:
      - scaleway-sdk-go/v1.0.0-beta.7+dev (go1.20.4; linux; amd64) terraform-provider/develop
        terraform/terraform-tests
    url: https://api.scaleway.com/instance/v1/zones/fr-par-1/security_groups/c14ae98a-7182-4f3f-9999-93fa34b1d4c5
    method: GET
  response:
    body: '{"security_group":{"creation_date":"2023-08-28T14:35:22.316061+00:00","description":null,"enable_default_security":true,"id":"c14ae98a-7182-4f3f-9999-93fa34b1d4c5","inbound_default_policy":"accept","modification_date":"2023-08-28T14:35:22.316061+00:00","name":"tf-sg-vigilant-babbage","organization":"105bdce1-64c0-48ab-899d-868455867ecf","organization_default":false,"outbound_default_policy":"accept","project":"105bdce1-64c0-48ab-899d-868455867ecf","project_default":false,"servers":[],"state":"syncing","stateful":true,"tags":[],"zone":"fr-par-1"}}'
    headers:
      Content-Length:
      - "586"
      Content-Security-Policy:
      - default-src 'none'; frame-ancestors 'none'
      Content-Type:
      - application/json
      Date:
      - Mon, 28 Aug 2023 14:35:22 GMT
      Server:
      - Scaleway API-Gateway
      Strict-Transport-Security:
      - max-age=63072000
      X-Content-Type-Options:
      - nosniff
      X-Frame-Options:
      - DENY
      X-Request-Id:
      - c1ba4844-8921-442e-81b6-3d8b360f8941
    status: 200 OK
    code: 200
    duration: ""
- request:
    body: '{"rules":[]}'
    form: {}
    headers:
      Content-Type:
      - application/json
      User-Agent:
      - scaleway-sdk-go/v1.0.0-beta.7+dev (go1.20.4; linux; amd64) terraform-provider/develop
        terraform/terraform-tests
    url: https://api.scaleway.com/instance/v1/zones/fr-par-1/security_groups/c14ae98a-7182-4f3f-9999-93fa34b1d4c5/rules
    method: PUT
  response:
    body: '{"rules":[{"action":"drop","dest_ip_range":null,"dest_port_from":25,"dest_port_to":null,"direction":"outbound","editable":false,"id":"58909be7-d17c-4ac8-9eb3-23d5fc58abc5","ip_range":"0.0.0.0/0","position":1,"protocol":"TCP","zone":"fr-par-1"},{"action":"drop","dest_ip_range":null,"dest_port_from":465,"dest_port_to":null,"direction":"outbound","editable":false,"id":"25680235-108b-4bbc-8e25-114303d950bd","ip_range":"0.0.0.0/0","position":2,"protocol":"TCP","zone":"fr-par-1"},{"action":"drop","dest_ip_range":null,"dest_port_from":587,"dest_port_to":null,"direction":"outbound","editable":false,"id":"4a31b633-118e-4900-bd52-facf1085fc8d","ip_range":"0.0.0.0/0","position":3,"protocol":"TCP","zone":"fr-par-1"},{"action":"drop","dest_ip_range":null,"dest_port_from":25,"dest_port_to":null,"direction":"outbound","editable":false,"id":"e7dd28e8-3747-4c7c-9a4f-35ae3f0ae2cd","ip_range":"::/0","position":4,"protocol":"TCP","zone":"fr-par-1"},{"action":"drop","dest_ip_range":null,"dest_port_from":465,"dest_port_to":null,"direction":"outbound","editable":false,"id":"f37d9e7c-8ed7-4e0f-baff-7f5e7ede0baf","ip_range":"::/0","position":5,"protocol":"TCP","zone":"fr-par-1"},{"action":"drop","dest_ip_range":null,"dest_port_from":587,"dest_port_to":null,"direction":"outbound","editable":false,"id":"68054851-54e3-46c9-9cd7-83219751248b","ip_range":"::/0","position":6,"protocol":"TCP","zone":"fr-par-1"}]}'
    headers:
      Content-Length:
      - "1536"
      Content-Security-Policy:
      - default-src 'none'; frame-ancestors 'none'
      Content-Type:
      - application/json
      Date:
      - Mon, 28 Aug 2023 14:35:22 GMT
      Server:
      - Scaleway API-Gateway
      Strict-Transport-Security:
      - max-age=63072000
      X-Content-Type-Options:
      - nosniff
      X-Frame-Options:
      - DENY
      X-Request-Id:
      - e2798ce5-ce34-4b96-9075-ca0717045063
    status: 200 OK
    code: 200
    duration: ""
- request:
    body: ""
    form: {}
    headers:
      User-Agent:
      - scaleway-sdk-go/v1.0.0-beta.7+dev (go1.20.4; linux; amd64) terraform-provider/develop
        terraform/terraform-tests
    url: https://api.scaleway.com/instance/v1/zones/fr-par-1/security_groups/c14ae98a-7182-4f3f-9999-93fa34b1d4c5/rules?page=1
    method: GET
  response:
    body: '{"rules":[{"action":"drop","dest_ip_range":null,"dest_port_from":25,"dest_port_to":null,"direction":"outbound","editable":false,"id":"58909be7-d17c-4ac8-9eb3-23d5fc58abc5","ip_range":"0.0.0.0/0","position":1,"protocol":"TCP","zone":"fr-par-1"},{"action":"drop","dest_ip_range":null,"dest_port_from":465,"dest_port_to":null,"direction":"outbound","editable":false,"id":"25680235-108b-4bbc-8e25-114303d950bd","ip_range":"0.0.0.0/0","position":2,"protocol":"TCP","zone":"fr-par-1"},{"action":"drop","dest_ip_range":null,"dest_port_from":587,"dest_port_to":null,"direction":"outbound","editable":false,"id":"4a31b633-118e-4900-bd52-facf1085fc8d","ip_range":"0.0.0.0/0","position":3,"protocol":"TCP","zone":"fr-par-1"},{"action":"drop","dest_ip_range":null,"dest_port_from":25,"dest_port_to":null,"direction":"outbound","editable":false,"id":"e7dd28e8-3747-4c7c-9a4f-35ae3f0ae2cd","ip_range":"::/0","position":4,"protocol":"TCP","zone":"fr-par-1"},{"action":"drop","dest_ip_range":null,"dest_port_from":465,"dest_port_to":null,"direction":"outbound","editable":false,"id":"f37d9e7c-8ed7-4e0f-baff-7f5e7ede0baf","ip_range":"::/0","position":5,"protocol":"TCP","zone":"fr-par-1"},{"action":"drop","dest_ip_range":null,"dest_port_from":587,"dest_port_to":null,"direction":"outbound","editable":false,"id":"68054851-54e3-46c9-9cd7-83219751248b","ip_range":"::/0","position":6,"protocol":"TCP","zone":"fr-par-1"}]}'
    headers:
      Content-Length:
      - "1536"
      Content-Security-Policy:
      - default-src 'none'; frame-ancestors 'none'
      Content-Type:
      - application/json
      Date:
      - Mon, 28 Aug 2023 14:35:22 GMT
      Server:
      - Scaleway API-Gateway
      Strict-Transport-Security:
      - max-age=63072000
      X-Content-Type-Options:
      - nosniff
      X-Frame-Options:
      - DENY
      X-Request-Id:
      - 549acb85-53bb-4c68-8b49-49d088290eb2
    status: 200 OK
    code: 200
    duration: ""
- request:
    body: ""
    form: {}
    headers:
      User-Agent:
      - scaleway-sdk-go/v1.0.0-beta.7+dev (go1.20.4; linux; amd64) terraform-provider/develop
        terraform/terraform-tests
    url: https://api.scaleway.com/instance/v1/zones/fr-par-1/security_groups/c14ae98a-7182-4f3f-9999-93fa34b1d4c5
    method: GET
  response:
    body: '{"security_group":{"creation_date":"2023-08-28T14:35:22.316061+00:00","description":null,"enable_default_security":true,"id":"c14ae98a-7182-4f3f-9999-93fa34b1d4c5","inbound_default_policy":"accept","modification_date":"2023-08-28T14:35:22.316061+00:00","name":"tf-sg-vigilant-babbage","organization":"105bdce1-64c0-48ab-899d-868455867ecf","organization_default":false,"outbound_default_policy":"accept","project":"105bdce1-64c0-48ab-899d-868455867ecf","project_default":false,"servers":[],"state":"syncing","stateful":true,"tags":[],"zone":"fr-par-1"}}'
    headers:
      Content-Length:
      - "586"
      Content-Security-Policy:
      - default-src 'none'; frame-ancestors 'none'
      Content-Type:
      - application/json
      Date:
      - Mon, 28 Aug 2023 14:35:22 GMT
      Server:
      - Scaleway API-Gateway
      Strict-Transport-Security:
      - max-age=63072000
      X-Content-Type-Options:
      - nosniff
      X-Frame-Options:
      - DENY
      X-Request-Id:
      - b93672f5-3046-4516-bf69-8bd211de56e0
    status: 200 OK
    code: 200
    duration: ""
- request:
    body: ""
    form: {}
    headers:
      User-Agent:
      - scaleway-sdk-go/v1.0.0-beta.7+dev (go1.20.4; linux; amd64) terraform-provider/develop
        terraform/terraform-tests
    url: https://api.scaleway.com/instance/v1/zones/fr-par-1/security_groups/c14ae98a-7182-4f3f-9999-93fa34b1d4c5
    method: GET
  response:
    body: '{"security_group":{"creation_date":"2023-08-28T14:35:22.316061+00:00","description":null,"enable_default_security":true,"id":"c14ae98a-7182-4f3f-9999-93fa34b1d4c5","inbound_default_policy":"accept","modification_date":"2023-08-28T14:35:22.316061+00:00","name":"tf-sg-vigilant-babbage","organization":"105bdce1-64c0-48ab-899d-868455867ecf","organization_default":false,"outbound_default_policy":"accept","project":"105bdce1-64c0-48ab-899d-868455867ecf","project_default":false,"servers":[],"state":"syncing","stateful":true,"tags":[],"zone":"fr-par-1"}}'
    headers:
      Content-Length:
      - "586"
      Content-Security-Policy:
      - default-src 'none'; frame-ancestors 'none'
      Content-Type:
      - application/json
      Date:
      - Mon, 28 Aug 2023 14:35:22 GMT
      Server:
      - Scaleway API-Gateway
      Strict-Transport-Security:
      - max-age=63072000
      X-Content-Type-Options:
      - nosniff
      X-Frame-Options:
      - DENY
      X-Request-Id:
      - 2bc1aee3-8f82-4708-8519-176d9ae61038
    status: 200 OK
    code: 200
    duration: ""
- request:
    body: ""
    form: {}
    headers:
      User-Agent:
      - scaleway-sdk-go/v1.0.0-beta.7+dev (go1.20.4; linux; amd64) terraform-provider/develop
        terraform/terraform-tests
    url: https://api.scaleway.com/instance/v1/zones/fr-par-1/security_groups/c14ae98a-7182-4f3f-9999-93fa34b1d4c5/rules?page=1
    method: GET
  response:
    body: '{"rules":[{"action":"drop","dest_ip_range":null,"dest_port_from":25,"dest_port_to":null,"direction":"outbound","editable":false,"id":"58909be7-d17c-4ac8-9eb3-23d5fc58abc5","ip_range":"0.0.0.0/0","position":1,"protocol":"TCP","zone":"fr-par-1"},{"action":"drop","dest_ip_range":null,"dest_port_from":465,"dest_port_to":null,"direction":"outbound","editable":false,"id":"25680235-108b-4bbc-8e25-114303d950bd","ip_range":"0.0.0.0/0","position":2,"protocol":"TCP","zone":"fr-par-1"},{"action":"drop","dest_ip_range":null,"dest_port_from":587,"dest_port_to":null,"direction":"outbound","editable":false,"id":"4a31b633-118e-4900-bd52-facf1085fc8d","ip_range":"0.0.0.0/0","position":3,"protocol":"TCP","zone":"fr-par-1"},{"action":"drop","dest_ip_range":null,"dest_port_from":25,"dest_port_to":null,"direction":"outbound","editable":false,"id":"e7dd28e8-3747-4c7c-9a4f-35ae3f0ae2cd","ip_range":"::/0","position":4,"protocol":"TCP","zone":"fr-par-1"},{"action":"drop","dest_ip_range":null,"dest_port_from":465,"dest_port_to":null,"direction":"outbound","editable":false,"id":"f37d9e7c-8ed7-4e0f-baff-7f5e7ede0baf","ip_range":"::/0","position":5,"protocol":"TCP","zone":"fr-par-1"},{"action":"drop","dest_ip_range":null,"dest_port_from":587,"dest_port_to":null,"direction":"outbound","editable":false,"id":"68054851-54e3-46c9-9cd7-83219751248b","ip_range":"::/0","position":6,"protocol":"TCP","zone":"fr-par-1"}]}'
    headers:
      Content-Length:
      - "1536"
      Content-Security-Policy:
      - default-src 'none'; frame-ancestors 'none'
      Content-Type:
      - application/json
      Date:
      - Mon, 28 Aug 2023 14:35:23 GMT
      Server:
      - Scaleway API-Gateway
      Strict-Transport-Security:
      - max-age=63072000
      X-Content-Type-Options:
      - nosniff
      X-Frame-Options:
      - DENY
      X-Request-Id:
      - 59f90a91-d55b-41f2-825c-7baa937d460d
    status: 200 OK
    code: 200
    duration: ""
- request:
    body: ""
    form: {}
    headers:
      User-Agent:
      - scaleway-sdk-go/v1.0.0-beta.7+dev (go1.20.4; linux; amd64) terraform-provider/develop
        terraform/terraform-tests
    url: https://api.scaleway.com/instance/v1/zones/fr-par-1/security_groups/c14ae98a-7182-4f3f-9999-93fa34b1d4c5
    method: GET
  response:
    body: '{"security_group":{"creation_date":"2023-08-28T14:35:22.316061+00:00","description":null,"enable_default_security":true,"id":"c14ae98a-7182-4f3f-9999-93fa34b1d4c5","inbound_default_policy":"accept","modification_date":"2023-08-28T14:35:22.316061+00:00","name":"tf-sg-vigilant-babbage","organization":"105bdce1-64c0-48ab-899d-868455867ecf","organization_default":false,"outbound_default_policy":"accept","project":"105bdce1-64c0-48ab-899d-868455867ecf","project_default":false,"servers":[],"state":"syncing","stateful":true,"tags":[],"zone":"fr-par-1"}}'
    headers:
      Content-Length:
      - "586"
      Content-Security-Policy:
      - default-src 'none'; frame-ancestors 'none'
      Content-Type:
      - application/json
      Date:
      - Mon, 28 Aug 2023 14:35:23 GMT
      Server:
      - Scaleway API-Gateway
      Strict-Transport-Security:
      - max-age=63072000
      X-Content-Type-Options:
      - nosniff
      X-Frame-Options:
      - DENY
      X-Request-Id:
      - 052e41ab-d29c-4c64-9a62-93376806da2d
    status: 200 OK
    code: 200
    duration: ""
- request:
    body: ""
    form: {}
    headers:
      User-Agent:
      - scaleway-sdk-go/v1.0.0-beta.7+dev (go1.20.4; linux; amd64) terraform-provider/develop
        terraform/terraform-tests
    url: https://api.scaleway.com/instance/v1/zones/fr-par-1/security_groups/c14ae98a-7182-4f3f-9999-93fa34b1d4c5/rules?page=1
    method: GET
  response:
    body: '{"rules":[{"action":"drop","dest_ip_range":null,"dest_port_from":25,"dest_port_to":null,"direction":"outbound","editable":false,"id":"58909be7-d17c-4ac8-9eb3-23d5fc58abc5","ip_range":"0.0.0.0/0","position":1,"protocol":"TCP","zone":"fr-par-1"},{"action":"drop","dest_ip_range":null,"dest_port_from":465,"dest_port_to":null,"direction":"outbound","editable":false,"id":"25680235-108b-4bbc-8e25-114303d950bd","ip_range":"0.0.0.0/0","position":2,"protocol":"TCP","zone":"fr-par-1"},{"action":"drop","dest_ip_range":null,"dest_port_from":587,"dest_port_to":null,"direction":"outbound","editable":false,"id":"4a31b633-118e-4900-bd52-facf1085fc8d","ip_range":"0.0.0.0/0","position":3,"protocol":"TCP","zone":"fr-par-1"},{"action":"drop","dest_ip_range":null,"dest_port_from":25,"dest_port_to":null,"direction":"outbound","editable":false,"id":"e7dd28e8-3747-4c7c-9a4f-35ae3f0ae2cd","ip_range":"::/0","position":4,"protocol":"TCP","zone":"fr-par-1"},{"action":"drop","dest_ip_range":null,"dest_port_from":465,"dest_port_to":null,"direction":"outbound","editable":false,"id":"f37d9e7c-8ed7-4e0f-baff-7f5e7ede0baf","ip_range":"::/0","position":5,"protocol":"TCP","zone":"fr-par-1"},{"action":"drop","dest_ip_range":null,"dest_port_from":587,"dest_port_to":null,"direction":"outbound","editable":false,"id":"68054851-54e3-46c9-9cd7-83219751248b","ip_range":"::/0","position":6,"protocol":"TCP","zone":"fr-par-1"}]}'
    headers:
      Content-Length:
      - "1536"
      Content-Security-Policy:
      - default-src 'none'; frame-ancestors 'none'
      Content-Type:
      - application/json
      Date:
      - Mon, 28 Aug 2023 14:35:23 GMT
      Server:
      - Scaleway API-Gateway
      Strict-Transport-Security:
      - max-age=63072000
      X-Content-Type-Options:
      - nosniff
      X-Frame-Options:
      - DENY
      X-Request-Id:
      - 4bb5f494-b083-4141-9608-148c5af3bf86
    status: 200 OK
    code: 200
    duration: ""
- request:
    body: '{"rules":[{"id":null,"action":"accept","protocol":"TCP","direction":"inbound","ip_range":"0.0.0.0/0","dest_port_from":80,"dest_port_to":null,"position":0,"editable":null,"zone":"fr-par-1"},{"id":null,"action":"drop","protocol":"TCP","direction":"inbound","ip_range":"0.0.0.0/0","dest_port_from":443,"dest_port_to":null,"position":0,"editable":null,"zone":"fr-par-1"},{"id":null,"action":"accept","protocol":"TCP","direction":"outbound","ip_range":"0.0.0.0/0","dest_port_from":80,"dest_port_to":null,"position":0,"editable":null,"zone":"fr-par-1"},{"id":null,"action":"drop","protocol":"TCP","direction":"outbound","ip_range":"0.0.0.0/0","dest_port_from":443,"dest_port_to":null,"position":0,"editable":null,"zone":"fr-par-1"}]}'
    form: {}
    headers:
      Content-Type:
      - application/json
      User-Agent:
      - scaleway-sdk-go/v1.0.0-beta.7+dev (go1.20.4; linux; amd64) terraform-provider/develop
        terraform/terraform-tests
    url: https://api.scaleway.com/instance/v1/zones/fr-par-1/security_groups/c14ae98a-7182-4f3f-9999-93fa34b1d4c5/rules
    method: PUT
  response:
    body: '{"rules":[{"action":"drop","dest_ip_range":null,"dest_port_from":25,"dest_port_to":null,"direction":"outbound","editable":false,"id":"58909be7-d17c-4ac8-9eb3-23d5fc58abc5","ip_range":"0.0.0.0/0","position":1,"protocol":"TCP","zone":"fr-par-1"},{"action":"drop","dest_ip_range":null,"dest_port_from":465,"dest_port_to":null,"direction":"outbound","editable":false,"id":"25680235-108b-4bbc-8e25-114303d950bd","ip_range":"0.0.0.0/0","position":2,"protocol":"TCP","zone":"fr-par-1"},{"action":"drop","dest_ip_range":null,"dest_port_from":587,"dest_port_to":null,"direction":"outbound","editable":false,"id":"4a31b633-118e-4900-bd52-facf1085fc8d","ip_range":"0.0.0.0/0","position":3,"protocol":"TCP","zone":"fr-par-1"},{"action":"drop","dest_ip_range":null,"dest_port_from":25,"dest_port_to":null,"direction":"outbound","editable":false,"id":"e7dd28e8-3747-4c7c-9a4f-35ae3f0ae2cd","ip_range":"::/0","position":4,"protocol":"TCP","zone":"fr-par-1"},{"action":"drop","dest_ip_range":null,"dest_port_from":465,"dest_port_to":null,"direction":"outbound","editable":false,"id":"f37d9e7c-8ed7-4e0f-baff-7f5e7ede0baf","ip_range":"::/0","position":5,"protocol":"TCP","zone":"fr-par-1"},{"action":"drop","dest_ip_range":null,"dest_port_from":587,"dest_port_to":null,"direction":"outbound","editable":false,"id":"68054851-54e3-46c9-9cd7-83219751248b","ip_range":"::/0","position":6,"protocol":"TCP","zone":"fr-par-1"},{"action":"accept","dest_ip_range":null,"dest_port_from":80,"dest_port_to":null,"direction":"inbound","editable":true,"id":"49efac1e-4265-4342-b96c-40367ac9ae98","ip_range":"0.0.0.0/0","position":1,"protocol":"TCP","zone":"fr-par-1"},{"action":"drop","dest_ip_range":null,"dest_port_from":443,"dest_port_to":null,"direction":"inbound","editable":true,"id":"11839b5a-cc70-4ce5-a93f-4e6cd51c694e","ip_range":"0.0.0.0/0","position":2,"protocol":"TCP","zone":"fr-par-1"},{"action":"accept","dest_ip_range":null,"dest_port_from":80,"dest_port_to":null,"direction":"outbound","editable":true,"id":"72bcbfae-6dbe-45bb-864d-3fca756f1eaf","ip_range":"0.0.0.0/0","position":3,"protocol":"TCP","zone":"fr-par-1"},{"action":"drop","dest_ip_range":null,"dest_port_from":443,"dest_port_to":null,"direction":"outbound","editable":true,"id":"58c5cf47-a688-4bb6-a45b-a484fa7b4b3d","ip_range":"0.0.0.0/0","position":4,"protocol":"TCP","zone":"fr-par-1"}]}'
    headers:
      Content-Length:
      - "2560"
      Content-Security-Policy:
      - default-src 'none'; frame-ancestors 'none'
      Content-Type:
      - application/json
      Date:
      - Mon, 28 Aug 2023 14:35:23 GMT
      Server:
      - Scaleway API-Gateway
      Strict-Transport-Security:
      - max-age=63072000
      X-Content-Type-Options:
      - nosniff
      X-Frame-Options:
      - DENY
      X-Request-Id:
      - 05c25430-b3a9-45bc-9251-c329f86748e7
    status: 200 OK
    code: 200
    duration: ""
- request:
    body: ""
    form: {}
    headers:
      User-Agent:
      - scaleway-sdk-go/v1.0.0-beta.7+dev (go1.20.4; linux; amd64) terraform-provider/develop
        terraform/terraform-tests
    url: https://api.scaleway.com/instance/v1/zones/fr-par-1/security_groups/c14ae98a-7182-4f3f-9999-93fa34b1d4c5/rules?page=1
    method: GET
  response:
    body: '{"rules":[{"action":"drop","dest_ip_range":null,"dest_port_from":25,"dest_port_to":null,"direction":"outbound","editable":false,"id":"58909be7-d17c-4ac8-9eb3-23d5fc58abc5","ip_range":"0.0.0.0/0","position":1,"protocol":"TCP","zone":"fr-par-1"},{"action":"drop","dest_ip_range":null,"dest_port_from":465,"dest_port_to":null,"direction":"outbound","editable":false,"id":"25680235-108b-4bbc-8e25-114303d950bd","ip_range":"0.0.0.0/0","position":2,"protocol":"TCP","zone":"fr-par-1"},{"action":"drop","dest_ip_range":null,"dest_port_from":587,"dest_port_to":null,"direction":"outbound","editable":false,"id":"4a31b633-118e-4900-bd52-facf1085fc8d","ip_range":"0.0.0.0/0","position":3,"protocol":"TCP","zone":"fr-par-1"},{"action":"drop","dest_ip_range":null,"dest_port_from":25,"dest_port_to":null,"direction":"outbound","editable":false,"id":"e7dd28e8-3747-4c7c-9a4f-35ae3f0ae2cd","ip_range":"::/0","position":4,"protocol":"TCP","zone":"fr-par-1"},{"action":"drop","dest_ip_range":null,"dest_port_from":465,"dest_port_to":null,"direction":"outbound","editable":false,"id":"f37d9e7c-8ed7-4e0f-baff-7f5e7ede0baf","ip_range":"::/0","position":5,"protocol":"TCP","zone":"fr-par-1"},{"action":"drop","dest_ip_range":null,"dest_port_from":587,"dest_port_to":null,"direction":"outbound","editable":false,"id":"68054851-54e3-46c9-9cd7-83219751248b","ip_range":"::/0","position":6,"protocol":"TCP","zone":"fr-par-1"},{"action":"accept","dest_ip_range":null,"dest_port_from":80,"dest_port_to":null,"direction":"inbound","editable":true,"id":"49efac1e-4265-4342-b96c-40367ac9ae98","ip_range":"0.0.0.0/0","position":1,"protocol":"TCP","zone":"fr-par-1"},{"action":"drop","dest_ip_range":null,"dest_port_from":443,"dest_port_to":null,"direction":"inbound","editable":true,"id":"11839b5a-cc70-4ce5-a93f-4e6cd51c694e","ip_range":"0.0.0.0/0","position":2,"protocol":"TCP","zone":"fr-par-1"},{"action":"accept","dest_ip_range":null,"dest_port_from":80,"dest_port_to":null,"direction":"outbound","editable":true,"id":"72bcbfae-6dbe-45bb-864d-3fca756f1eaf","ip_range":"0.0.0.0/0","position":3,"protocol":"TCP","zone":"fr-par-1"},{"action":"drop","dest_ip_range":null,"dest_port_from":443,"dest_port_to":null,"direction":"outbound","editable":true,"id":"58c5cf47-a688-4bb6-a45b-a484fa7b4b3d","ip_range":"0.0.0.0/0","position":4,"protocol":"TCP","zone":"fr-par-1"}]}'
    headers:
      Content-Length:
      - "2560"
      Content-Security-Policy:
      - default-src 'none'; frame-ancestors 'none'
      Content-Type:
      - application/json
      Date:
      - Mon, 28 Aug 2023 14:35:23 GMT
      Server:
      - Scaleway API-Gateway
      Strict-Transport-Security:
      - max-age=63072000
      X-Content-Type-Options:
      - nosniff
      X-Frame-Options:
      - DENY
      X-Request-Id:
      - eb189446-3042-424c-ae0a-3b1f218d7a0b
    status: 200 OK
    code: 200
    duration: ""
- request:
    body: ""
    form: {}
    headers:
      User-Agent:
      - scaleway-sdk-go/v1.0.0-beta.7+dev (go1.20.4; linux; amd64) terraform-provider/develop
        terraform/terraform-tests
    url: https://api.scaleway.com/instance/v1/zones/fr-par-1/security_groups/c14ae98a-7182-4f3f-9999-93fa34b1d4c5
    method: GET
  response:
    body: '{"security_group":{"creation_date":"2023-08-28T14:35:22.316061+00:00","description":null,"enable_default_security":true,"id":"c14ae98a-7182-4f3f-9999-93fa34b1d4c5","inbound_default_policy":"accept","modification_date":"2023-08-28T14:35:23.728092+00:00","name":"tf-sg-vigilant-babbage","organization":"105bdce1-64c0-48ab-899d-868455867ecf","organization_default":false,"outbound_default_policy":"accept","project":"105bdce1-64c0-48ab-899d-868455867ecf","project_default":false,"servers":[],"state":"available","stateful":true,"tags":[],"zone":"fr-par-1"}}'
    headers:
      Content-Length:
      - "588"
      Content-Security-Policy:
      - default-src 'none'; frame-ancestors 'none'
      Content-Type:
      - application/json
      Date:
      - Mon, 28 Aug 2023 14:35:24 GMT
      Server:
      - Scaleway API-Gateway
      Strict-Transport-Security:
      - max-age=63072000
      X-Content-Type-Options:
      - nosniff
      X-Frame-Options:
      - DENY
      X-Request-Id:
      - 1c23bd8b-ca94-4ccc-8125-5dcd643f46b7
    status: 200 OK
    code: 200
    duration: ""
- request:
    body: ""
    form: {}
    headers:
      User-Agent:
      - scaleway-sdk-go/v1.0.0-beta.7+dev (go1.20.4; linux; amd64) terraform-provider/develop
        terraform/terraform-tests
    url: https://api.scaleway.com/instance/v1/zones/fr-par-1/security_groups/c14ae98a-7182-4f3f-9999-93fa34b1d4c5
    method: GET
  response:
    body: '{"security_group":{"creation_date":"2023-08-28T14:35:22.316061+00:00","description":null,"enable_default_security":true,"id":"c14ae98a-7182-4f3f-9999-93fa34b1d4c5","inbound_default_policy":"accept","modification_date":"2023-08-28T14:35:23.728092+00:00","name":"tf-sg-vigilant-babbage","organization":"105bdce1-64c0-48ab-899d-868455867ecf","organization_default":false,"outbound_default_policy":"accept","project":"105bdce1-64c0-48ab-899d-868455867ecf","project_default":false,"servers":[],"state":"available","stateful":true,"tags":[],"zone":"fr-par-1"}}'
    headers:
      Content-Length:
      - "588"
      Content-Security-Policy:
      - default-src 'none'; frame-ancestors 'none'
      Content-Type:
      - application/json
      Date:
      - Mon, 28 Aug 2023 14:35:24 GMT
      Server:
      - Scaleway API-Gateway
      Strict-Transport-Security:
      - max-age=63072000
      X-Content-Type-Options:
      - nosniff
      X-Frame-Options:
      - DENY
      X-Request-Id:
      - 7ed54e90-cc82-4acb-89ae-6ab7f83844ca
    status: 200 OK
    code: 200
    duration: ""
- request:
    body: ""
    form: {}
    headers:
      User-Agent:
      - scaleway-sdk-go/v1.0.0-beta.7+dev (go1.20.4; linux; amd64) terraform-provider/develop
        terraform/terraform-tests
    url: https://api.scaleway.com/instance/v1/zones/fr-par-1/security_groups/c14ae98a-7182-4f3f-9999-93fa34b1d4c5/rules?page=1
    method: GET
  response:
    body: '{"rules":[{"action":"drop","dest_ip_range":null,"dest_port_from":25,"dest_port_to":null,"direction":"outbound","editable":false,"id":"58909be7-d17c-4ac8-9eb3-23d5fc58abc5","ip_range":"0.0.0.0/0","position":1,"protocol":"TCP","zone":"fr-par-1"},{"action":"drop","dest_ip_range":null,"dest_port_from":465,"dest_port_to":null,"direction":"outbound","editable":false,"id":"25680235-108b-4bbc-8e25-114303d950bd","ip_range":"0.0.0.0/0","position":2,"protocol":"TCP","zone":"fr-par-1"},{"action":"drop","dest_ip_range":null,"dest_port_from":587,"dest_port_to":null,"direction":"outbound","editable":false,"id":"4a31b633-118e-4900-bd52-facf1085fc8d","ip_range":"0.0.0.0/0","position":3,"protocol":"TCP","zone":"fr-par-1"},{"action":"drop","dest_ip_range":null,"dest_port_from":25,"dest_port_to":null,"direction":"outbound","editable":false,"id":"e7dd28e8-3747-4c7c-9a4f-35ae3f0ae2cd","ip_range":"::/0","position":4,"protocol":"TCP","zone":"fr-par-1"},{"action":"drop","dest_ip_range":null,"dest_port_from":465,"dest_port_to":null,"direction":"outbound","editable":false,"id":"f37d9e7c-8ed7-4e0f-baff-7f5e7ede0baf","ip_range":"::/0","position":5,"protocol":"TCP","zone":"fr-par-1"},{"action":"drop","dest_ip_range":null,"dest_port_from":587,"dest_port_to":null,"direction":"outbound","editable":false,"id":"68054851-54e3-46c9-9cd7-83219751248b","ip_range":"::/0","position":6,"protocol":"TCP","zone":"fr-par-1"},{"action":"accept","dest_ip_range":null,"dest_port_from":80,"dest_port_to":null,"direction":"inbound","editable":true,"id":"49efac1e-4265-4342-b96c-40367ac9ae98","ip_range":"0.0.0.0/0","position":1,"protocol":"TCP","zone":"fr-par-1"},{"action":"drop","dest_ip_range":null,"dest_port_from":443,"dest_port_to":null,"direction":"inbound","editable":true,"id":"11839b5a-cc70-4ce5-a93f-4e6cd51c694e","ip_range":"0.0.0.0/0","position":2,"protocol":"TCP","zone":"fr-par-1"},{"action":"accept","dest_ip_range":null,"dest_port_from":80,"dest_port_to":null,"direction":"outbound","editable":true,"id":"72bcbfae-6dbe-45bb-864d-3fca756f1eaf","ip_range":"0.0.0.0/0","position":3,"protocol":"TCP","zone":"fr-par-1"},{"action":"drop","dest_ip_range":null,"dest_port_from":443,"dest_port_to":null,"direction":"outbound","editable":true,"id":"58c5cf47-a688-4bb6-a45b-a484fa7b4b3d","ip_range":"0.0.0.0/0","position":4,"protocol":"TCP","zone":"fr-par-1"}]}'
    headers:
      Content-Length:
      - "2560"
      Content-Security-Policy:
      - default-src 'none'; frame-ancestors 'none'
      Content-Type:
      - application/json
      Date:
      - Mon, 28 Aug 2023 14:35:24 GMT
      Server:
      - Scaleway API-Gateway
      Strict-Transport-Security:
      - max-age=63072000
      X-Content-Type-Options:
      - nosniff
      X-Frame-Options:
      - DENY
      X-Request-Id:
      - c587fa5f-cd5a-44a1-b21e-7650a9163cbf
    status: 200 OK
    code: 200
    duration: ""
- request:
    body: ""
    form: {}
    headers:
      User-Agent:
      - scaleway-sdk-go/v1.0.0-beta.7+dev (go1.20.4; linux; amd64) terraform-provider/develop
        terraform/terraform-tests
    url: https://api.scaleway.com/instance/v1/zones/fr-par-1/security_groups/c14ae98a-7182-4f3f-9999-93fa34b1d4c5
    method: GET
  response:
    body: '{"security_group":{"creation_date":"2023-08-28T14:35:22.316061+00:00","description":null,"enable_default_security":true,"id":"c14ae98a-7182-4f3f-9999-93fa34b1d4c5","inbound_default_policy":"accept","modification_date":"2023-08-28T14:35:23.728092+00:00","name":"tf-sg-vigilant-babbage","organization":"105bdce1-64c0-48ab-899d-868455867ecf","organization_default":false,"outbound_default_policy":"accept","project":"105bdce1-64c0-48ab-899d-868455867ecf","project_default":false,"servers":[],"state":"available","stateful":true,"tags":[],"zone":"fr-par-1"}}'
    headers:
      Content-Length:
      - "588"
      Content-Security-Policy:
      - default-src 'none'; frame-ancestors 'none'
      Content-Type:
      - application/json
      Date:
      - Mon, 28 Aug 2023 14:35:24 GMT
      Server:
      - Scaleway API-Gateway
      Strict-Transport-Security:
      - max-age=63072000
      X-Content-Type-Options:
      - nosniff
      X-Frame-Options:
      - DENY
      X-Request-Id:
      - 44d9bf50-23ad-4ea0-90a2-a6dd61bfdb32
    status: 200 OK
    code: 200
    duration: ""
- request:
    body: ""
    form: {}
    headers:
      User-Agent:
      - scaleway-sdk-go/v1.0.0-beta.7+dev (go1.20.4; linux; amd64) terraform-provider/develop
        terraform/terraform-tests
    url: https://api.scaleway.com/instance/v1/zones/fr-par-1/security_groups/c14ae98a-7182-4f3f-9999-93fa34b1d4c5/rules?page=1
    method: GET
  response:
    body: '{"rules":[{"action":"drop","dest_ip_range":null,"dest_port_from":25,"dest_port_to":null,"direction":"outbound","editable":false,"id":"58909be7-d17c-4ac8-9eb3-23d5fc58abc5","ip_range":"0.0.0.0/0","position":1,"protocol":"TCP","zone":"fr-par-1"},{"action":"drop","dest_ip_range":null,"dest_port_from":465,"dest_port_to":null,"direction":"outbound","editable":false,"id":"25680235-108b-4bbc-8e25-114303d950bd","ip_range":"0.0.0.0/0","position":2,"protocol":"TCP","zone":"fr-par-1"},{"action":"drop","dest_ip_range":null,"dest_port_from":587,"dest_port_to":null,"direction":"outbound","editable":false,"id":"4a31b633-118e-4900-bd52-facf1085fc8d","ip_range":"0.0.0.0/0","position":3,"protocol":"TCP","zone":"fr-par-1"},{"action":"drop","dest_ip_range":null,"dest_port_from":25,"dest_port_to":null,"direction":"outbound","editable":false,"id":"e7dd28e8-3747-4c7c-9a4f-35ae3f0ae2cd","ip_range":"::/0","position":4,"protocol":"TCP","zone":"fr-par-1"},{"action":"drop","dest_ip_range":null,"dest_port_from":465,"dest_port_to":null,"direction":"outbound","editable":false,"id":"f37d9e7c-8ed7-4e0f-baff-7f5e7ede0baf","ip_range":"::/0","position":5,"protocol":"TCP","zone":"fr-par-1"},{"action":"drop","dest_ip_range":null,"dest_port_from":587,"dest_port_to":null,"direction":"outbound","editable":false,"id":"68054851-54e3-46c9-9cd7-83219751248b","ip_range":"::/0","position":6,"protocol":"TCP","zone":"fr-par-1"},{"action":"accept","dest_ip_range":null,"dest_port_from":80,"dest_port_to":null,"direction":"inbound","editable":true,"id":"49efac1e-4265-4342-b96c-40367ac9ae98","ip_range":"0.0.0.0/0","position":1,"protocol":"TCP","zone":"fr-par-1"},{"action":"drop","dest_ip_range":null,"dest_port_from":443,"dest_port_to":null,"direction":"inbound","editable":true,"id":"11839b5a-cc70-4ce5-a93f-4e6cd51c694e","ip_range":"0.0.0.0/0","position":2,"protocol":"TCP","zone":"fr-par-1"},{"action":"accept","dest_ip_range":null,"dest_port_from":80,"dest_port_to":null,"direction":"outbound","editable":true,"id":"72bcbfae-6dbe-45bb-864d-3fca756f1eaf","ip_range":"0.0.0.0/0","position":3,"protocol":"TCP","zone":"fr-par-1"},{"action":"drop","dest_ip_range":null,"dest_port_from":443,"dest_port_to":null,"direction":"outbound","editable":true,"id":"58c5cf47-a688-4bb6-a45b-a484fa7b4b3d","ip_range":"0.0.0.0/0","position":4,"protocol":"TCP","zone":"fr-par-1"}]}'
    headers:
      Content-Length:
      - "2560"
      Content-Security-Policy:
      - default-src 'none'; frame-ancestors 'none'
      Content-Type:
      - application/json
      Date:
      - Mon, 28 Aug 2023 14:35:24 GMT
      Server:
      - Scaleway API-Gateway
      Strict-Transport-Security:
      - max-age=63072000
      X-Content-Type-Options:
      - nosniff
      X-Frame-Options:
      - DENY
      X-Request-Id:
      - e49453a6-d0af-4171-9094-ea77eaaf8278
    status: 200 OK
    code: 200
    duration: ""
- request:
    body: '{"rules":[{"id":null,"action":"drop","protocol":"TCP","direction":"inbound","ip_range":"0.0.0.0/0","dest_port_from":443,"dest_port_to":null,"position":0,"editable":null,"zone":"fr-par-1"},{"id":null,"action":"drop","protocol":"TCP","direction":"outbound","ip_range":"0.0.0.0/0","dest_port_from":443,"dest_port_to":null,"position":0,"editable":null,"zone":"fr-par-1"}]}'
    form: {}
    headers:
      Content-Type:
      - application/json
      User-Agent:
      - scaleway-sdk-go/v1.0.0-beta.7+dev (go1.20.4; linux; amd64) terraform-provider/develop
        terraform/terraform-tests
    url: https://api.scaleway.com/instance/v1/zones/fr-par-1/security_groups/c14ae98a-7182-4f3f-9999-93fa34b1d4c5/rules
    method: PUT
  response:
    body: '{"rules":[{"action":"drop","dest_ip_range":null,"dest_port_from":25,"dest_port_to":null,"direction":"outbound","editable":false,"id":"58909be7-d17c-4ac8-9eb3-23d5fc58abc5","ip_range":"0.0.0.0/0","position":1,"protocol":"TCP","zone":"fr-par-1"},{"action":"drop","dest_ip_range":null,"dest_port_from":465,"dest_port_to":null,"direction":"outbound","editable":false,"id":"25680235-108b-4bbc-8e25-114303d950bd","ip_range":"0.0.0.0/0","position":2,"protocol":"TCP","zone":"fr-par-1"},{"action":"drop","dest_ip_range":null,"dest_port_from":587,"dest_port_to":null,"direction":"outbound","editable":false,"id":"4a31b633-118e-4900-bd52-facf1085fc8d","ip_range":"0.0.0.0/0","position":3,"protocol":"TCP","zone":"fr-par-1"},{"action":"drop","dest_ip_range":null,"dest_port_from":25,"dest_port_to":null,"direction":"outbound","editable":false,"id":"e7dd28e8-3747-4c7c-9a4f-35ae3f0ae2cd","ip_range":"::/0","position":4,"protocol":"TCP","zone":"fr-par-1"},{"action":"drop","dest_ip_range":null,"dest_port_from":465,"dest_port_to":null,"direction":"outbound","editable":false,"id":"f37d9e7c-8ed7-4e0f-baff-7f5e7ede0baf","ip_range":"::/0","position":5,"protocol":"TCP","zone":"fr-par-1"},{"action":"drop","dest_ip_range":null,"dest_port_from":587,"dest_port_to":null,"direction":"outbound","editable":false,"id":"68054851-54e3-46c9-9cd7-83219751248b","ip_range":"::/0","position":6,"protocol":"TCP","zone":"fr-par-1"},{"action":"drop","dest_ip_range":null,"dest_port_from":443,"dest_port_to":null,"direction":"inbound","editable":true,"id":"bf906190-fbac-4bff-ab50-146d5b2543b4","ip_range":"0.0.0.0/0","position":1,"protocol":"TCP","zone":"fr-par-1"},{"action":"drop","dest_ip_range":null,"dest_port_from":443,"dest_port_to":null,"direction":"outbound","editable":true,"id":"ee76308a-0b65-4ee4-a6ef-a9cbf9d1fa00","ip_range":"0.0.0.0/0","position":2,"protocol":"TCP","zone":"fr-par-1"}]}'
    headers:
      Content-Length:
      - "2047"
      Content-Security-Policy:
      - default-src 'none'; frame-ancestors 'none'
      Content-Type:
      - application/json
      Date:
      - Mon, 28 Aug 2023 14:35:25 GMT
      Server:
      - Scaleway API-Gateway
      Strict-Transport-Security:
      - max-age=63072000
      X-Content-Type-Options:
      - nosniff
      X-Frame-Options:
      - DENY
      X-Request-Id:
      - 83ee25fe-832c-4050-b0a9-1886d1fb967a
    status: 200 OK
    code: 200
    duration: ""
- request:
    body: ""
    form: {}
    headers:
      User-Agent:
      - scaleway-sdk-go/v1.0.0-beta.7+dev (go1.20.4; linux; amd64) terraform-provider/develop
        terraform/terraform-tests
    url: https://api.scaleway.com/instance/v1/zones/fr-par-1/security_groups/c14ae98a-7182-4f3f-9999-93fa34b1d4c5/rules?page=1
    method: GET
  response:
    body: '{"rules":[{"action":"drop","dest_ip_range":null,"dest_port_from":25,"dest_port_to":null,"direction":"outbound","editable":false,"id":"58909be7-d17c-4ac8-9eb3-23d5fc58abc5","ip_range":"0.0.0.0/0","position":1,"protocol":"TCP","zone":"fr-par-1"},{"action":"drop","dest_ip_range":null,"dest_port_from":465,"dest_port_to":null,"direction":"outbound","editable":false,"id":"25680235-108b-4bbc-8e25-114303d950bd","ip_range":"0.0.0.0/0","position":2,"protocol":"TCP","zone":"fr-par-1"},{"action":"drop","dest_ip_range":null,"dest_port_from":587,"dest_port_to":null,"direction":"outbound","editable":false,"id":"4a31b633-118e-4900-bd52-facf1085fc8d","ip_range":"0.0.0.0/0","position":3,"protocol":"TCP","zone":"fr-par-1"},{"action":"drop","dest_ip_range":null,"dest_port_from":25,"dest_port_to":null,"direction":"outbound","editable":false,"id":"e7dd28e8-3747-4c7c-9a4f-35ae3f0ae2cd","ip_range":"::/0","position":4,"protocol":"TCP","zone":"fr-par-1"},{"action":"drop","dest_ip_range":null,"dest_port_from":465,"dest_port_to":null,"direction":"outbound","editable":false,"id":"f37d9e7c-8ed7-4e0f-baff-7f5e7ede0baf","ip_range":"::/0","position":5,"protocol":"TCP","zone":"fr-par-1"},{"action":"drop","dest_ip_range":null,"dest_port_from":587,"dest_port_to":null,"direction":"outbound","editable":false,"id":"68054851-54e3-46c9-9cd7-83219751248b","ip_range":"::/0","position":6,"protocol":"TCP","zone":"fr-par-1"},{"action":"drop","dest_ip_range":null,"dest_port_from":443,"dest_port_to":null,"direction":"inbound","editable":true,"id":"bf906190-fbac-4bff-ab50-146d5b2543b4","ip_range":"0.0.0.0/0","position":1,"protocol":"TCP","zone":"fr-par-1"},{"action":"drop","dest_ip_range":null,"dest_port_from":443,"dest_port_to":null,"direction":"outbound","editable":true,"id":"ee76308a-0b65-4ee4-a6ef-a9cbf9d1fa00","ip_range":"0.0.0.0/0","position":2,"protocol":"TCP","zone":"fr-par-1"}]}'
    headers:
      Content-Length:
      - "2047"
      Content-Security-Policy:
      - default-src 'none'; frame-ancestors 'none'
      Content-Type:
      - application/json
      Date:
      - Mon, 28 Aug 2023 14:35:25 GMT
      Server:
      - Scaleway API-Gateway
      Strict-Transport-Security:
      - max-age=63072000
      X-Content-Type-Options:
      - nosniff
      X-Frame-Options:
      - DENY
      X-Request-Id:
      - 174ffa47-e6c1-430b-b5a6-168010342778
    status: 200 OK
    code: 200
    duration: ""
- request:
    body: ""
    form: {}
    headers:
      User-Agent:
      - scaleway-sdk-go/v1.0.0-beta.7+dev (go1.20.4; linux; amd64) terraform-provider/develop
        terraform/terraform-tests
    url: https://api.scaleway.com/instance/v1/zones/fr-par-1/security_groups/c14ae98a-7182-4f3f-9999-93fa34b1d4c5
    method: GET
  response:
    body: '{"security_group":{"creation_date":"2023-08-28T14:35:22.316061+00:00","description":null,"enable_default_security":true,"id":"c14ae98a-7182-4f3f-9999-93fa34b1d4c5","inbound_default_policy":"accept","modification_date":"2023-08-28T14:35:25.026495+00:00","name":"tf-sg-vigilant-babbage","organization":"105bdce1-64c0-48ab-899d-868455867ecf","organization_default":false,"outbound_default_policy":"accept","project":"105bdce1-64c0-48ab-899d-868455867ecf","project_default":false,"servers":[],"state":"available","stateful":true,"tags":[],"zone":"fr-par-1"}}'
    headers:
      Content-Length:
      - "588"
      Content-Security-Policy:
      - default-src 'none'; frame-ancestors 'none'
      Content-Type:
      - application/json
      Date:
      - Mon, 28 Aug 2023 14:35:25 GMT
      Server:
      - Scaleway API-Gateway
      Strict-Transport-Security:
      - max-age=63072000
      X-Content-Type-Options:
      - nosniff
      X-Frame-Options:
      - DENY
      X-Request-Id:
      - eca2a289-0fcd-4f63-b89f-8f781e976235
    status: 200 OK
    code: 200
    duration: ""
- request:
    body: ""
    form: {}
    headers:
      User-Agent:
      - scaleway-sdk-go/v1.0.0-beta.7+dev (go1.20.4; linux; amd64) terraform-provider/develop
        terraform/terraform-tests
    url: https://api.scaleway.com/instance/v1/zones/fr-par-1/security_groups/c14ae98a-7182-4f3f-9999-93fa34b1d4c5
    method: GET
  response:
    body: '{"security_group":{"creation_date":"2023-08-28T14:35:22.316061+00:00","description":null,"enable_default_security":true,"id":"c14ae98a-7182-4f3f-9999-93fa34b1d4c5","inbound_default_policy":"accept","modification_date":"2023-08-28T14:35:25.026495+00:00","name":"tf-sg-vigilant-babbage","organization":"105bdce1-64c0-48ab-899d-868455867ecf","organization_default":false,"outbound_default_policy":"accept","project":"105bdce1-64c0-48ab-899d-868455867ecf","project_default":false,"servers":[],"state":"available","stateful":true,"tags":[],"zone":"fr-par-1"}}'
    headers:
      Content-Length:
      - "588"
      Content-Security-Policy:
      - default-src 'none'; frame-ancestors 'none'
      Content-Type:
      - application/json
      Date:
      - Mon, 28 Aug 2023 14:35:25 GMT
      Server:
      - Scaleway API-Gateway
      Strict-Transport-Security:
      - max-age=63072000
      X-Content-Type-Options:
      - nosniff
      X-Frame-Options:
      - DENY
      X-Request-Id:
      - dec7991d-958a-4fd6-bb36-bcd2c5d524ee
    status: 200 OK
    code: 200
    duration: ""
- request:
    body: ""
    form: {}
    headers:
      User-Agent:
      - scaleway-sdk-go/v1.0.0-beta.7+dev (go1.20.4; linux; amd64) terraform-provider/develop
        terraform/terraform-tests
    url: https://api.scaleway.com/instance/v1/zones/fr-par-1/security_groups/c14ae98a-7182-4f3f-9999-93fa34b1d4c5/rules?page=1
    method: GET
  response:
    body: '{"rules":[{"action":"drop","dest_ip_range":null,"dest_port_from":25,"dest_port_to":null,"direction":"outbound","editable":false,"id":"58909be7-d17c-4ac8-9eb3-23d5fc58abc5","ip_range":"0.0.0.0/0","position":1,"protocol":"TCP","zone":"fr-par-1"},{"action":"drop","dest_ip_range":null,"dest_port_from":465,"dest_port_to":null,"direction":"outbound","editable":false,"id":"25680235-108b-4bbc-8e25-114303d950bd","ip_range":"0.0.0.0/0","position":2,"protocol":"TCP","zone":"fr-par-1"},{"action":"drop","dest_ip_range":null,"dest_port_from":587,"dest_port_to":null,"direction":"outbound","editable":false,"id":"4a31b633-118e-4900-bd52-facf1085fc8d","ip_range":"0.0.0.0/0","position":3,"protocol":"TCP","zone":"fr-par-1"},{"action":"drop","dest_ip_range":null,"dest_port_from":25,"dest_port_to":null,"direction":"outbound","editable":false,"id":"e7dd28e8-3747-4c7c-9a4f-35ae3f0ae2cd","ip_range":"::/0","position":4,"protocol":"TCP","zone":"fr-par-1"},{"action":"drop","dest_ip_range":null,"dest_port_from":465,"dest_port_to":null,"direction":"outbound","editable":false,"id":"f37d9e7c-8ed7-4e0f-baff-7f5e7ede0baf","ip_range":"::/0","position":5,"protocol":"TCP","zone":"fr-par-1"},{"action":"drop","dest_ip_range":null,"dest_port_from":587,"dest_port_to":null,"direction":"outbound","editable":false,"id":"68054851-54e3-46c9-9cd7-83219751248b","ip_range":"::/0","position":6,"protocol":"TCP","zone":"fr-par-1"},{"action":"drop","dest_ip_range":null,"dest_port_from":443,"dest_port_to":null,"direction":"inbound","editable":true,"id":"bf906190-fbac-4bff-ab50-146d5b2543b4","ip_range":"0.0.0.0/0","position":1,"protocol":"TCP","zone":"fr-par-1"},{"action":"drop","dest_ip_range":null,"dest_port_from":443,"dest_port_to":null,"direction":"outbound","editable":true,"id":"ee76308a-0b65-4ee4-a6ef-a9cbf9d1fa00","ip_range":"0.0.0.0/0","position":2,"protocol":"TCP","zone":"fr-par-1"}]}'
    headers:
      Content-Length:
      - "2047"
      Content-Security-Policy:
      - default-src 'none'; frame-ancestors 'none'
      Content-Type:
      - application/json
      Date:
      - Mon, 28 Aug 2023 14:35:25 GMT
      Server:
      - Scaleway API-Gateway
      Strict-Transport-Security:
      - max-age=63072000
      X-Content-Type-Options:
      - nosniff
      X-Frame-Options:
      - DENY
      X-Request-Id:
      - 47be5839-a805-4577-ae1c-a1c4a90a267c
    status: 200 OK
    code: 200
    duration: ""
- request:
    body: ""
    form: {}
    headers:
      User-Agent:
      - scaleway-sdk-go/v1.0.0-beta.7+dev (go1.20.4; linux; amd64) terraform-provider/develop
        terraform/terraform-tests
    url: https://api.scaleway.com/instance/v1/zones/fr-par-1/security_groups/c14ae98a-7182-4f3f-9999-93fa34b1d4c5
    method: GET
  response:
    body: '{"security_group":{"creation_date":"2023-08-28T14:35:22.316061+00:00","description":null,"enable_default_security":true,"id":"c14ae98a-7182-4f3f-9999-93fa34b1d4c5","inbound_default_policy":"accept","modification_date":"2023-08-28T14:35:25.026495+00:00","name":"tf-sg-vigilant-babbage","organization":"105bdce1-64c0-48ab-899d-868455867ecf","organization_default":false,"outbound_default_policy":"accept","project":"105bdce1-64c0-48ab-899d-868455867ecf","project_default":false,"servers":[],"state":"available","stateful":true,"tags":[],"zone":"fr-par-1"}}'
    headers:
      Content-Length:
      - "588"
      Content-Security-Policy:
      - default-src 'none'; frame-ancestors 'none'
      Content-Type:
      - application/json
      Date:
      - Mon, 28 Aug 2023 14:35:25 GMT
      Server:
      - Scaleway API-Gateway
      Strict-Transport-Security:
      - max-age=63072000
      X-Content-Type-Options:
      - nosniff
      X-Frame-Options:
      - DENY
      X-Request-Id:
      - c077376a-f55c-4ca9-b102-1fe99f6a5827
    status: 200 OK
    code: 200
    duration: ""
- request:
    body: ""
    form: {}
    headers:
      User-Agent:
      - scaleway-sdk-go/v1.0.0-beta.7+dev (go1.20.4; linux; amd64) terraform-provider/develop
        terraform/terraform-tests
    url: https://api.scaleway.com/instance/v1/zones/fr-par-1/security_groups/c14ae98a-7182-4f3f-9999-93fa34b1d4c5/rules?page=1
    method: GET
  response:
    body: '{"rules":[{"action":"drop","dest_ip_range":null,"dest_port_from":25,"dest_port_to":null,"direction":"outbound","editable":false,"id":"58909be7-d17c-4ac8-9eb3-23d5fc58abc5","ip_range":"0.0.0.0/0","position":1,"protocol":"TCP","zone":"fr-par-1"},{"action":"drop","dest_ip_range":null,"dest_port_from":465,"dest_port_to":null,"direction":"outbound","editable":false,"id":"25680235-108b-4bbc-8e25-114303d950bd","ip_range":"0.0.0.0/0","position":2,"protocol":"TCP","zone":"fr-par-1"},{"action":"drop","dest_ip_range":null,"dest_port_from":587,"dest_port_to":null,"direction":"outbound","editable":false,"id":"4a31b633-118e-4900-bd52-facf1085fc8d","ip_range":"0.0.0.0/0","position":3,"protocol":"TCP","zone":"fr-par-1"},{"action":"drop","dest_ip_range":null,"dest_port_from":25,"dest_port_to":null,"direction":"outbound","editable":false,"id":"e7dd28e8-3747-4c7c-9a4f-35ae3f0ae2cd","ip_range":"::/0","position":4,"protocol":"TCP","zone":"fr-par-1"},{"action":"drop","dest_ip_range":null,"dest_port_from":465,"dest_port_to":null,"direction":"outbound","editable":false,"id":"f37d9e7c-8ed7-4e0f-baff-7f5e7ede0baf","ip_range":"::/0","position":5,"protocol":"TCP","zone":"fr-par-1"},{"action":"drop","dest_ip_range":null,"dest_port_from":587,"dest_port_to":null,"direction":"outbound","editable":false,"id":"68054851-54e3-46c9-9cd7-83219751248b","ip_range":"::/0","position":6,"protocol":"TCP","zone":"fr-par-1"},{"action":"drop","dest_ip_range":null,"dest_port_from":443,"dest_port_to":null,"direction":"inbound","editable":true,"id":"bf906190-fbac-4bff-ab50-146d5b2543b4","ip_range":"0.0.0.0/0","position":1,"protocol":"TCP","zone":"fr-par-1"},{"action":"drop","dest_ip_range":null,"dest_port_from":443,"dest_port_to":null,"direction":"outbound","editable":true,"id":"ee76308a-0b65-4ee4-a6ef-a9cbf9d1fa00","ip_range":"0.0.0.0/0","position":2,"protocol":"TCP","zone":"fr-par-1"}]}'
    headers:
      Content-Length:
      - "2047"
      Content-Security-Policy:
      - default-src 'none'; frame-ancestors 'none'
      Content-Type:
      - application/json
      Date:
      - Mon, 28 Aug 2023 14:35:25 GMT
      Server:
      - Scaleway API-Gateway
      Strict-Transport-Security:
      - max-age=63072000
      X-Content-Type-Options:
      - nosniff
      X-Frame-Options:
      - DENY
      X-Request-Id:
      - 4a4a9a4d-689d-4329-947f-e1e46933d877
    status: 200 OK
    code: 200
    duration: ""
- request:
    body: '{"rules":[]}'
    form: {}
    headers:
      Content-Type:
      - application/json
      User-Agent:
      - scaleway-sdk-go/v1.0.0-beta.7+dev (go1.20.4; linux; amd64) terraform-provider/develop
        terraform/terraform-tests
    url: https://api.scaleway.com/instance/v1/zones/fr-par-1/security_groups/c14ae98a-7182-4f3f-9999-93fa34b1d4c5/rules
    method: PUT
  response:
    body: '{"rules":[{"action":"drop","dest_ip_range":null,"dest_port_from":25,"dest_port_to":null,"direction":"outbound","editable":false,"id":"58909be7-d17c-4ac8-9eb3-23d5fc58abc5","ip_range":"0.0.0.0/0","position":1,"protocol":"TCP","zone":"fr-par-1"},{"action":"drop","dest_ip_range":null,"dest_port_from":465,"dest_port_to":null,"direction":"outbound","editable":false,"id":"25680235-108b-4bbc-8e25-114303d950bd","ip_range":"0.0.0.0/0","position":2,"protocol":"TCP","zone":"fr-par-1"},{"action":"drop","dest_ip_range":null,"dest_port_from":587,"dest_port_to":null,"direction":"outbound","editable":false,"id":"4a31b633-118e-4900-bd52-facf1085fc8d","ip_range":"0.0.0.0/0","position":3,"protocol":"TCP","zone":"fr-par-1"},{"action":"drop","dest_ip_range":null,"dest_port_from":25,"dest_port_to":null,"direction":"outbound","editable":false,"id":"e7dd28e8-3747-4c7c-9a4f-35ae3f0ae2cd","ip_range":"::/0","position":4,"protocol":"TCP","zone":"fr-par-1"},{"action":"drop","dest_ip_range":null,"dest_port_from":465,"dest_port_to":null,"direction":"outbound","editable":false,"id":"f37d9e7c-8ed7-4e0f-baff-7f5e7ede0baf","ip_range":"::/0","position":5,"protocol":"TCP","zone":"fr-par-1"},{"action":"drop","dest_ip_range":null,"dest_port_from":587,"dest_port_to":null,"direction":"outbound","editable":false,"id":"68054851-54e3-46c9-9cd7-83219751248b","ip_range":"::/0","position":6,"protocol":"TCP","zone":"fr-par-1"}]}'
    headers:
      Content-Length:
      - "1536"
      Content-Security-Policy:
      - default-src 'none'; frame-ancestors 'none'
      Content-Type:
      - application/json
      Date:
      - Mon, 28 Aug 2023 14:35:26 GMT
      Server:
      - Scaleway API-Gateway
      Strict-Transport-Security:
      - max-age=63072000
      X-Content-Type-Options:
      - nosniff
      X-Frame-Options:
      - DENY
      X-Request-Id:
      - 56a27371-21e9-4473-9a4f-75ae0e04cc5b
    status: 200 OK
    code: 200
    duration: ""
- request:
    body: ""
    form: {}
    headers:
      User-Agent:
      - scaleway-sdk-go/v1.0.0-beta.7+dev (go1.20.4; linux; amd64) terraform-provider/develop
        terraform/terraform-tests
    url: https://api.scaleway.com/instance/v1/zones/fr-par-1/security_groups/c14ae98a-7182-4f3f-9999-93fa34b1d4c5/rules?page=1
    method: GET
  response:
    body: '{"rules":[{"action":"drop","dest_ip_range":null,"dest_port_from":25,"dest_port_to":null,"direction":"outbound","editable":false,"id":"58909be7-d17c-4ac8-9eb3-23d5fc58abc5","ip_range":"0.0.0.0/0","position":1,"protocol":"TCP","zone":"fr-par-1"},{"action":"drop","dest_ip_range":null,"dest_port_from":465,"dest_port_to":null,"direction":"outbound","editable":false,"id":"25680235-108b-4bbc-8e25-114303d950bd","ip_range":"0.0.0.0/0","position":2,"protocol":"TCP","zone":"fr-par-1"},{"action":"drop","dest_ip_range":null,"dest_port_from":587,"dest_port_to":null,"direction":"outbound","editable":false,"id":"4a31b633-118e-4900-bd52-facf1085fc8d","ip_range":"0.0.0.0/0","position":3,"protocol":"TCP","zone":"fr-par-1"},{"action":"drop","dest_ip_range":null,"dest_port_from":25,"dest_port_to":null,"direction":"outbound","editable":false,"id":"e7dd28e8-3747-4c7c-9a4f-35ae3f0ae2cd","ip_range":"::/0","position":4,"protocol":"TCP","zone":"fr-par-1"},{"action":"drop","dest_ip_range":null,"dest_port_from":465,"dest_port_to":null,"direction":"outbound","editable":false,"id":"f37d9e7c-8ed7-4e0f-baff-7f5e7ede0baf","ip_range":"::/0","position":5,"protocol":"TCP","zone":"fr-par-1"},{"action":"drop","dest_ip_range":null,"dest_port_from":587,"dest_port_to":null,"direction":"outbound","editable":false,"id":"68054851-54e3-46c9-9cd7-83219751248b","ip_range":"::/0","position":6,"protocol":"TCP","zone":"fr-par-1"}]}'
    headers:
      Content-Length:
      - "1536"
      Content-Security-Policy:
      - default-src 'none'; frame-ancestors 'none'
      Content-Type:
      - application/json
      Date:
      - Mon, 28 Aug 2023 14:35:26 GMT
      Server:
      - Scaleway API-Gateway
      Strict-Transport-Security:
      - max-age=63072000
      X-Content-Type-Options:
      - nosniff
      X-Frame-Options:
      - DENY
      X-Request-Id:
      - 9ce3a945-ea1d-4ebc-b577-ead19e0c7840
    status: 200 OK
    code: 200
    duration: ""
- request:
    body: ""
    form: {}
    headers:
      User-Agent:
      - scaleway-sdk-go/v1.0.0-beta.7+dev (go1.20.4; linux; amd64) terraform-provider/develop
        terraform/terraform-tests
    url: https://api.scaleway.com/instance/v1/zones/fr-par-1/security_groups/c14ae98a-7182-4f3f-9999-93fa34b1d4c5
    method: GET
  response:
    body: '{"security_group":{"creation_date":"2023-08-28T14:35:22.316061+00:00","description":null,"enable_default_security":true,"id":"c14ae98a-7182-4f3f-9999-93fa34b1d4c5","inbound_default_policy":"accept","modification_date":"2023-08-28T14:35:26.401722+00:00","name":"tf-sg-vigilant-babbage","organization":"105bdce1-64c0-48ab-899d-868455867ecf","organization_default":false,"outbound_default_policy":"accept","project":"105bdce1-64c0-48ab-899d-868455867ecf","project_default":false,"servers":[],"state":"available","stateful":true,"tags":[],"zone":"fr-par-1"}}'
    headers:
      Content-Length:
      - "588"
      Content-Security-Policy:
      - default-src 'none'; frame-ancestors 'none'
      Content-Type:
      - application/json
      Date:
      - Mon, 28 Aug 2023 14:35:26 GMT
      Server:
      - Scaleway API-Gateway
      Strict-Transport-Security:
      - max-age=63072000
      X-Content-Type-Options:
      - nosniff
      X-Frame-Options:
      - DENY
      X-Request-Id:
      - 9ad6dc63-5a94-446f-8644-9b6edfc983da
    status: 200 OK
    code: 200
    duration: ""
- request:
    body: ""
    form: {}
    headers:
      User-Agent:
      - scaleway-sdk-go/v1.0.0-beta.7+dev (go1.20.4; linux; amd64) terraform-provider/develop
        terraform/terraform-tests
    url: https://api.scaleway.com/instance/v1/zones/fr-par-1/security_groups/c14ae98a-7182-4f3f-9999-93fa34b1d4c5
    method: GET
  response:
    body: '{"security_group":{"creation_date":"2023-08-28T14:35:22.316061+00:00","description":null,"enable_default_security":true,"id":"c14ae98a-7182-4f3f-9999-93fa34b1d4c5","inbound_default_policy":"accept","modification_date":"2023-08-28T14:35:26.401722+00:00","name":"tf-sg-vigilant-babbage","organization":"105bdce1-64c0-48ab-899d-868455867ecf","organization_default":false,"outbound_default_policy":"accept","project":"105bdce1-64c0-48ab-899d-868455867ecf","project_default":false,"servers":[],"state":"available","stateful":true,"tags":[],"zone":"fr-par-1"}}'
    headers:
      Content-Length:
      - "588"
      Content-Security-Policy:
      - default-src 'none'; frame-ancestors 'none'
      Content-Type:
      - application/json
      Date:
      - Mon, 28 Aug 2023 14:35:26 GMT
      Server:
      - Scaleway API-Gateway
      Strict-Transport-Security:
      - max-age=63072000
      X-Content-Type-Options:
      - nosniff
      X-Frame-Options:
      - DENY
      X-Request-Id:
      - e7f55f9f-a1ae-4320-9b04-86d4e13f541f
    status: 200 OK
    code: 200
    duration: ""
- request:
    body: ""
    form: {}
    headers:
      User-Agent:
      - scaleway-sdk-go/v1.0.0-beta.7+dev (go1.20.4; linux; amd64) terraform-provider/develop
        terraform/terraform-tests
    url: https://api.scaleway.com/instance/v1/zones/fr-par-1/security_groups/c14ae98a-7182-4f3f-9999-93fa34b1d4c5/rules?page=1
    method: GET
  response:
    body: '{"rules":[{"action":"drop","dest_ip_range":null,"dest_port_from":25,"dest_port_to":null,"direction":"outbound","editable":false,"id":"58909be7-d17c-4ac8-9eb3-23d5fc58abc5","ip_range":"0.0.0.0/0","position":1,"protocol":"TCP","zone":"fr-par-1"},{"action":"drop","dest_ip_range":null,"dest_port_from":465,"dest_port_to":null,"direction":"outbound","editable":false,"id":"25680235-108b-4bbc-8e25-114303d950bd","ip_range":"0.0.0.0/0","position":2,"protocol":"TCP","zone":"fr-par-1"},{"action":"drop","dest_ip_range":null,"dest_port_from":587,"dest_port_to":null,"direction":"outbound","editable":false,"id":"4a31b633-118e-4900-bd52-facf1085fc8d","ip_range":"0.0.0.0/0","position":3,"protocol":"TCP","zone":"fr-par-1"},{"action":"drop","dest_ip_range":null,"dest_port_from":25,"dest_port_to":null,"direction":"outbound","editable":false,"id":"e7dd28e8-3747-4c7c-9a4f-35ae3f0ae2cd","ip_range":"::/0","position":4,"protocol":"TCP","zone":"fr-par-1"},{"action":"drop","dest_ip_range":null,"dest_port_from":465,"dest_port_to":null,"direction":"outbound","editable":false,"id":"f37d9e7c-8ed7-4e0f-baff-7f5e7ede0baf","ip_range":"::/0","position":5,"protocol":"TCP","zone":"fr-par-1"},{"action":"drop","dest_ip_range":null,"dest_port_from":587,"dest_port_to":null,"direction":"outbound","editable":false,"id":"68054851-54e3-46c9-9cd7-83219751248b","ip_range":"::/0","position":6,"protocol":"TCP","zone":"fr-par-1"}]}'
    headers:
      Content-Length:
      - "1536"
      Content-Security-Policy:
      - default-src 'none'; frame-ancestors 'none'
      Content-Type:
      - application/json
      Date:
      - Mon, 28 Aug 2023 14:35:26 GMT
      Server:
      - Scaleway API-Gateway
      Strict-Transport-Security:
      - max-age=63072000
      X-Content-Type-Options:
      - nosniff
      X-Frame-Options:
      - DENY
      X-Request-Id:
      - cc1798a4-71b7-4200-bafb-cdcd177e7ca9
    status: 200 OK
    code: 200
    duration: ""
- request:
    body: '{"rules":[]}'
    form: {}
    headers:
      Content-Type:
      - application/json
      User-Agent:
      - scaleway-sdk-go/v1.0.0-beta.7+dev (go1.20.4; linux; amd64) terraform-provider/develop
        terraform/terraform-tests
    url: https://api.scaleway.com/instance/v1/zones/fr-par-1/security_groups/c14ae98a-7182-4f3f-9999-93fa34b1d4c5/rules
    method: PUT
  response:
    body: '{"rules":[{"action":"drop","dest_ip_range":null,"dest_port_from":25,"dest_port_to":null,"direction":"outbound","editable":false,"id":"58909be7-d17c-4ac8-9eb3-23d5fc58abc5","ip_range":"0.0.0.0/0","position":1,"protocol":"TCP","zone":"fr-par-1"},{"action":"drop","dest_ip_range":null,"dest_port_from":465,"dest_port_to":null,"direction":"outbound","editable":false,"id":"25680235-108b-4bbc-8e25-114303d950bd","ip_range":"0.0.0.0/0","position":2,"protocol":"TCP","zone":"fr-par-1"},{"action":"drop","dest_ip_range":null,"dest_port_from":587,"dest_port_to":null,"direction":"outbound","editable":false,"id":"4a31b633-118e-4900-bd52-facf1085fc8d","ip_range":"0.0.0.0/0","position":3,"protocol":"TCP","zone":"fr-par-1"},{"action":"drop","dest_ip_range":null,"dest_port_from":25,"dest_port_to":null,"direction":"outbound","editable":false,"id":"e7dd28e8-3747-4c7c-9a4f-35ae3f0ae2cd","ip_range":"::/0","position":4,"protocol":"TCP","zone":"fr-par-1"},{"action":"drop","dest_ip_range":null,"dest_port_from":465,"dest_port_to":null,"direction":"outbound","editable":false,"id":"f37d9e7c-8ed7-4e0f-baff-7f5e7ede0baf","ip_range":"::/0","position":5,"protocol":"TCP","zone":"fr-par-1"},{"action":"drop","dest_ip_range":null,"dest_port_from":587,"dest_port_to":null,"direction":"outbound","editable":false,"id":"68054851-54e3-46c9-9cd7-83219751248b","ip_range":"::/0","position":6,"protocol":"TCP","zone":"fr-par-1"}]}'
    headers:
      Content-Length:
      - "1536"
      Content-Security-Policy:
      - default-src 'none'; frame-ancestors 'none'
      Content-Type:
      - application/json
      Date:
      - Mon, 28 Aug 2023 14:35:27 GMT
      Server:
      - Scaleway API-Gateway
      Strict-Transport-Security:
      - max-age=63072000
      X-Content-Type-Options:
      - nosniff
      X-Frame-Options:
      - DENY
      X-Request-Id:
      - 3c341a80-34e9-4728-b92f-acea691cfd1a
    status: 200 OK
    code: 200
    duration: ""
- request:
    body: ""
    form: {}
    headers:
      User-Agent:
      - scaleway-sdk-go/v1.0.0-beta.7+dev (go1.20.4; linux; amd64) terraform-provider/develop
        terraform/terraform-tests
    url: https://api.scaleway.com/instance/v1/zones/fr-par-1/security_groups/c14ae98a-7182-4f3f-9999-93fa34b1d4c5
    method: DELETE
  response:
    body: ""
    headers:
      Content-Security-Policy:
      - default-src 'none'; frame-ancestors 'none'
      Date:
      - Mon, 28 Aug 2023 14:35:27 GMT
      Server:
      - Scaleway API-Gateway
      Strict-Transport-Security:
      - max-age=63072000
      X-Content-Type-Options:
      - nosniff
      X-Frame-Options:
      - DENY
      X-Request-Id:
      - 9f4f5330-bd1e-431e-a0a4-32d871f98e15
    status: 204 No Content
    code: 204
    duration: ""
- request:
    body: ""
    form: {}
    headers:
      User-Agent:
      - scaleway-sdk-go/v1.0.0-beta.7+dev (go1.20.4; linux; amd64) terraform-provider/develop
        terraform/terraform-tests
    url: https://api.scaleway.com/instance/v1/zones/fr-par-1/security_groups/c14ae98a-7182-4f3f-9999-93fa34b1d4c5
    method: GET
  response:
    body: '{"message":"resource is not found","resource":"instance_security_group","resource_id":"c14ae98a-7182-4f3f-9999-93fa34b1d4c5","type":"not_found"}'
    headers:
      Content-Length:
      - "151"
      Content-Security-Policy:
      - default-src 'none'; frame-ancestors 'none'
      Content-Type:
      - application/json
      Date:
      - Mon, 28 Aug 2023 14:35:27 GMT
      Server:
      - Scaleway API-Gateway
      Strict-Transport-Security:
      - max-age=63072000
      X-Content-Type-Options:
      - nosniff
      X-Frame-Options:
      - DENY
      X-Request-Id:
      - 34b1cbad-25be-4a7b-b6d2-bfd51ea1b98e
    status: 404 Not Found
    code: 404
    duration: ""
