---
version: 1
interactions:
- request:
    body: '{"name":"test-jobs-job-definition-cron","cpu_limit":120,"memory_limit":256,"image_uri":"docker.io/alpine:latest","command":"","project_id":"105bdce1-64c0-48ab-899d-868455867ecf","environment_variables":{},"description":"","cron_schedule":{"schedule":"5
      4 1 * *","timezone":"Europe/Paris"}}'
    form: {}
    headers:
      Content-Type:
      - application/json
      User-Agent:
      - scaleway-sdk-go/v1.0.0-beta.7+dev (go1.21.1; linux; amd64) terraform-provider/develop
        terraform/terraform-tests
    url: https://api.scaleway.com/serverless-jobs/v1alpha1/regions/fr-par/job-definitions
    method: POST
  response:
    body: '{"command":"","cpu_limit":120,"created_at":"2024-02-21T13:21:24.660188Z","cron_schedule":{"schedule":"5
      4 1 * *","timezone":"Europe/Paris"},"description":"","environment_variables":{},"id":"d532b769-5476-4e11-ad1e-97b6f60ab2a2","image_uri":"docker.io/alpine:latest","job_timeout":"21600s","local_storage_capacity":0,"memory_limit":256,"name":"test-jobs-job-definition-cron","project_id":"105bdce1-64c0-48ab-899d-868455867ecf","region":"fr-par","updated_at":null}'
    headers:
      Content-Length:
      - "477"
      Content-Security-Policy:
      - default-src 'none'; frame-ancestors 'none'
      Content-Type:
      - application/json
      Date:
      - Wed, 21 Feb 2024 13:21:24 GMT
      Server:
      - Scaleway API Gateway (fr-par-2;edge01)
      Strict-Transport-Security:
      - max-age=63072000
      X-Content-Type-Options:
      - nosniff
      X-Frame-Options:
      - DENY
      X-Request-Id:
      - b39e54de-4e94-4fb4-9f95-35b2fe0cd98b
    status: 200 OK
    code: 200
    duration: ""
- request:
    body: ""
    form: {}
    headers:
      User-Agent:
      - scaleway-sdk-go/v1.0.0-beta.7+dev (go1.21.1; linux; amd64) terraform-provider/develop
        terraform/terraform-tests
    url: https://api.scaleway.com/serverless-jobs/v1alpha1/regions/fr-par/job-definitions/d532b769-5476-4e11-ad1e-97b6f60ab2a2
    method: GET
  response:
    body: '{"command":"","cpu_limit":120,"created_at":"2024-02-21T13:21:24.660188Z","cron_schedule":{"schedule":"5
      4 1 * *","timezone":"Europe/Paris"},"description":"","environment_variables":{},"id":"d532b769-5476-4e11-ad1e-97b6f60ab2a2","image_uri":"docker.io/alpine:latest","job_timeout":"21600s","local_storage_capacity":0,"memory_limit":256,"name":"test-jobs-job-definition-cron","project_id":"105bdce1-64c0-48ab-899d-868455867ecf","region":"fr-par","updated_at":null}'
    headers:
      Content-Length:
      - "477"
      Content-Security-Policy:
      - default-src 'none'; frame-ancestors 'none'
      Content-Type:
      - application/json
      Date:
      - Wed, 21 Feb 2024 13:21:24 GMT
      Server:
      - Scaleway API Gateway (fr-par-2;edge01)
      Strict-Transport-Security:
      - max-age=63072000
      X-Content-Type-Options:
      - nosniff
      X-Frame-Options:
      - DENY
      X-Request-Id:
      - ef7bc085-32dc-4c14-bdba-8467fa118054
    status: 200 OK
    code: 200
    duration: ""
- request:
    body: ""
    form: {}
    headers:
      User-Agent:
      - scaleway-sdk-go/v1.0.0-beta.7+dev (go1.21.1; linux; amd64) terraform-provider/develop
        terraform/terraform-tests
    url: https://api.scaleway.com/serverless-jobs/v1alpha1/regions/fr-par/job-definitions/d532b769-5476-4e11-ad1e-97b6f60ab2a2
    method: GET
  response:
    body: '{"command":"","cpu_limit":120,"created_at":"2024-02-21T13:21:24.660188Z","cron_schedule":{"schedule":"5
      4 1 * *","timezone":"Europe/Paris"},"description":"","environment_variables":{},"id":"d532b769-5476-4e11-ad1e-97b6f60ab2a2","image_uri":"docker.io/alpine:latest","job_timeout":"21600s","local_storage_capacity":0,"memory_limit":256,"name":"test-jobs-job-definition-cron","project_id":"105bdce1-64c0-48ab-899d-868455867ecf","region":"fr-par","updated_at":null}'
    headers:
      Content-Length:
      - "477"
      Content-Security-Policy:
      - default-src 'none'; frame-ancestors 'none'
      Content-Type:
      - application/json
      Date:
      - Wed, 21 Feb 2024 13:21:25 GMT
      Server:
      - Scaleway API Gateway (fr-par-2;edge01)
      Strict-Transport-Security:
      - max-age=63072000
      X-Content-Type-Options:
      - nosniff
      X-Frame-Options:
      - DENY
      X-Request-Id:
      - da5b5409-57ac-409c-ad6f-72cbf24b9697
    status: 200 OK
    code: 200
    duration: ""
- request:
    body: ""
    form: {}
    headers:
      User-Agent:
      - scaleway-sdk-go/v1.0.0-beta.7+dev (go1.21.1; linux; amd64) terraform-provider/develop
        terraform/terraform-tests
    url: https://api.scaleway.com/serverless-jobs/v1alpha1/regions/fr-par/job-definitions/d532b769-5476-4e11-ad1e-97b6f60ab2a2
    method: GET
  response:
    body: '{"command":"","cpu_limit":120,"created_at":"2024-02-21T13:21:24.660188Z","cron_schedule":{"schedule":"5
      4 1 * *","timezone":"Europe/Paris"},"description":"","environment_variables":{},"id":"d532b769-5476-4e11-ad1e-97b6f60ab2a2","image_uri":"docker.io/alpine:latest","job_timeout":"21600s","local_storage_capacity":0,"memory_limit":256,"name":"test-jobs-job-definition-cron","project_id":"105bdce1-64c0-48ab-899d-868455867ecf","region":"fr-par","updated_at":null}'
    headers:
      Content-Length:
      - "477"
      Content-Security-Policy:
      - default-src 'none'; frame-ancestors 'none'
      Content-Type:
      - application/json
      Date:
      - Wed, 21 Feb 2024 13:21:25 GMT
      Server:
      - Scaleway API Gateway (fr-par-2;edge01)
      Strict-Transport-Security:
      - max-age=63072000
      X-Content-Type-Options:
      - nosniff
      X-Frame-Options:
      - DENY
      X-Request-Id:
      - a11d5992-4dd1-41b6-9c7d-4a00d00fedd8
    status: 200 OK
    code: 200
    duration: ""
- request:
    body: ""
    form: {}
    headers:
      User-Agent:
      - scaleway-sdk-go/v1.0.0-beta.7+dev (go1.21.1; linux; amd64) terraform-provider/develop
        terraform/terraform-tests
    url: https://api.scaleway.com/serverless-jobs/v1alpha1/regions/fr-par/job-definitions/d532b769-5476-4e11-ad1e-97b6f60ab2a2
    method: GET
  response:
    body: '{"command":"","cpu_limit":120,"created_at":"2024-02-21T13:21:24.660188Z","cron_schedule":{"schedule":"5
      4 1 * *","timezone":"Europe/Paris"},"description":"","environment_variables":{},"id":"d532b769-5476-4e11-ad1e-97b6f60ab2a2","image_uri":"docker.io/alpine:latest","job_timeout":"21600s","local_storage_capacity":0,"memory_limit":256,"name":"test-jobs-job-definition-cron","project_id":"105bdce1-64c0-48ab-899d-868455867ecf","region":"fr-par","updated_at":null}'
    headers:
      Content-Length:
      - "477"
      Content-Security-Policy:
      - default-src 'none'; frame-ancestors 'none'
      Content-Type:
      - application/json
      Date:
      - Wed, 21 Feb 2024 13:21:26 GMT
      Server:
      - Scaleway API Gateway (fr-par-2;edge01)
      Strict-Transport-Security:
      - max-age=63072000
      X-Content-Type-Options:
      - nosniff
      X-Frame-Options:
      - DENY
      X-Request-Id:
      - bc9b5492-3f38-40b7-9a7f-ba56f8c905f5
    status: 200 OK
    code: 200
    duration: ""
- request:
    body: '{"cron_schedule":{"schedule":"5 5 * * *","timezone":"America/Jamaica"}}'
    form: {}
    headers:
      Content-Type:
      - application/json
      User-Agent:
      - scaleway-sdk-go/v1.0.0-beta.7+dev (go1.21.1; linux; amd64) terraform-provider/develop
        terraform/terraform-tests
    url: https://api.scaleway.com/serverless-jobs/v1alpha1/regions/fr-par/job-definitions/d532b769-5476-4e11-ad1e-97b6f60ab2a2
    method: PATCH
  response:
    body: '{"command":"","cpu_limit":120,"created_at":"2024-02-21T13:21:24.660188Z","cron_schedule":{"schedule":"5
      5 * * *","timezone":"America/Jamaica"},"description":"","environment_variables":{},"id":"d532b769-5476-4e11-ad1e-97b6f60ab2a2","image_uri":"docker.io/alpine:latest","job_timeout":"21600s","local_storage_capacity":0,"memory_limit":256,"name":"test-jobs-job-definition-cron","project_id":"105bdce1-64c0-48ab-899d-868455867ecf","region":"fr-par","updated_at":"2024-02-21T13:21:26.657432Z"}'
    headers:
      Content-Length:
      - "505"
      Content-Security-Policy:
      - default-src 'none'; frame-ancestors 'none'
      Content-Type:
      - application/json
      Date:
      - Wed, 21 Feb 2024 13:21:26 GMT
      Server:
      - Scaleway API Gateway (fr-par-2;edge01)
      Strict-Transport-Security:
      - max-age=63072000
      X-Content-Type-Options:
      - nosniff
      X-Frame-Options:
      - DENY
      X-Request-Id:
      - e7eb1e81-4c12-4c4a-830a-d60f3e8b64d8
    status: 200 OK
    code: 200
    duration: ""
- request:
    body: ""
    form: {}
    headers:
      User-Agent:
      - scaleway-sdk-go/v1.0.0-beta.7+dev (go1.21.1; linux; amd64) terraform-provider/develop
        terraform/terraform-tests
    url: https://api.scaleway.com/serverless-jobs/v1alpha1/regions/fr-par/job-definitions/d532b769-5476-4e11-ad1e-97b6f60ab2a2
    method: GET
  response:
    body: '{"command":"","cpu_limit":120,"created_at":"2024-02-21T13:21:24.660188Z","cron_schedule":{"schedule":"5
      5 * * *","timezone":"America/Jamaica"},"description":"","environment_variables":{},"id":"d532b769-5476-4e11-ad1e-97b6f60ab2a2","image_uri":"docker.io/alpine:latest","job_timeout":"21600s","local_storage_capacity":0,"memory_limit":256,"name":"test-jobs-job-definition-cron","project_id":"105bdce1-64c0-48ab-899d-868455867ecf","region":"fr-par","updated_at":"2024-02-21T13:21:26.657432Z"}'
    headers:
      Content-Length:
      - "505"
      Content-Security-Policy:
      - default-src 'none'; frame-ancestors 'none'
      Content-Type:
      - application/json
      Date:
      - Wed, 21 Feb 2024 13:21:26 GMT
      Server:
      - Scaleway API Gateway (fr-par-2;edge01)
      Strict-Transport-Security:
      - max-age=63072000
      X-Content-Type-Options:
      - nosniff
      X-Frame-Options:
      - DENY
      X-Request-Id:
      - e26673cc-0430-4684-9978-6f36a9e87a40
    status: 200 OK
    code: 200
    duration: ""
- request:
    body: ""
    form: {}
    headers:
      User-Agent:
      - scaleway-sdk-go/v1.0.0-beta.7+dev (go1.21.1; linux; amd64) terraform-provider/develop
        terraform/terraform-tests
    url: https://api.scaleway.com/serverless-jobs/v1alpha1/regions/fr-par/job-definitions/d532b769-5476-4e11-ad1e-97b6f60ab2a2
    method: GET
  response:
    body: '{"command":"","cpu_limit":120,"created_at":"2024-02-21T13:21:24.660188Z","cron_schedule":{"schedule":"5
      5 * * *","timezone":"America/Jamaica"},"description":"","environment_variables":{},"id":"d532b769-5476-4e11-ad1e-97b6f60ab2a2","image_uri":"docker.io/alpine:latest","job_timeout":"21600s","local_storage_capacity":0,"memory_limit":256,"name":"test-jobs-job-definition-cron","project_id":"105bdce1-64c0-48ab-899d-868455867ecf","region":"fr-par","updated_at":"2024-02-21T13:21:26.657432Z"}'
    headers:
      Content-Length:
      - "505"
      Content-Security-Policy:
      - default-src 'none'; frame-ancestors 'none'
      Content-Type:
      - application/json
      Date:
      - Wed, 21 Feb 2024 13:21:27 GMT
      Server:
      - Scaleway API Gateway (fr-par-2;edge01)
      Strict-Transport-Security:
      - max-age=63072000
      X-Content-Type-Options:
      - nosniff
      X-Frame-Options:
      - DENY
      X-Request-Id:
      - 5360babe-d521-4e5c-b5f1-73d94effdbb5
    status: 200 OK
    code: 200
    duration: ""
- request:
    body: ""
    form: {}
    headers:
      User-Agent:
      - scaleway-sdk-go/v1.0.0-beta.7+dev (go1.21.1; linux; amd64) terraform-provider/develop
        terraform/terraform-tests
    url: https://api.scaleway.com/serverless-jobs/v1alpha1/regions/fr-par/job-definitions/d532b769-5476-4e11-ad1e-97b6f60ab2a2
    method: GET
  response:
    body: '{"command":"","cpu_limit":120,"created_at":"2024-02-21T13:21:24.660188Z","cron_schedule":{"schedule":"5
      5 * * *","timezone":"America/Jamaica"},"description":"","environment_variables":{},"id":"d532b769-5476-4e11-ad1e-97b6f60ab2a2","image_uri":"docker.io/alpine:latest","job_timeout":"21600s","local_storage_capacity":0,"memory_limit":256,"name":"test-jobs-job-definition-cron","project_id":"105bdce1-64c0-48ab-899d-868455867ecf","region":"fr-par","updated_at":"2024-02-21T13:21:26.657432Z"}'
    headers:
      Content-Length:
      - "505"
      Content-Security-Policy:
      - default-src 'none'; frame-ancestors 'none'
      Content-Type:
      - application/json
      Date:
      - Wed, 21 Feb 2024 13:21:27 GMT
      Server:
      - Scaleway API Gateway (fr-par-2;edge01)
      Strict-Transport-Security:
      - max-age=63072000
      X-Content-Type-Options:
      - nosniff
      X-Frame-Options:
      - DENY
      X-Request-Id:
      - 170944f5-7bfd-448f-92bd-2df91576a45b
    status: 200 OK
    code: 200
    duration: ""
- request:
    body: ""
    form: {}
    headers:
      User-Agent:
      - scaleway-sdk-go/v1.0.0-beta.7+dev (go1.21.1; linux; amd64) terraform-provider/develop
        terraform/terraform-tests
    url: https://api.scaleway.com/serverless-jobs/v1alpha1/regions/fr-par/job-definitions/d532b769-5476-4e11-ad1e-97b6f60ab2a2
    method: GET
  response:
    body: '{"command":"","cpu_limit":120,"created_at":"2024-02-21T13:21:24.660188Z","cron_schedule":{"schedule":"5
      5 * * *","timezone":"America/Jamaica"},"description":"","environment_variables":{},"id":"d532b769-5476-4e11-ad1e-97b6f60ab2a2","image_uri":"docker.io/alpine:latest","job_timeout":"21600s","local_storage_capacity":0,"memory_limit":256,"name":"test-jobs-job-definition-cron","project_id":"105bdce1-64c0-48ab-899d-868455867ecf","region":"fr-par","updated_at":"2024-02-21T13:21:26.657432Z"}'
    headers:
      Content-Length:
      - "505"
      Content-Security-Policy:
      - default-src 'none'; frame-ancestors 'none'
      Content-Type:
      - application/json
      Date:
      - Wed, 21 Feb 2024 13:21:27 GMT
      Server:
      - Scaleway API Gateway (fr-par-2;edge01)
      Strict-Transport-Security:
      - max-age=63072000
      X-Content-Type-Options:
      - nosniff
      X-Frame-Options:
      - DENY
      X-Request-Id:
      - de2f2070-2d81-4b65-8f8f-ff1f41a80b26
    status: 200 OK
    code: 200
    duration: ""
- request:
    body: '{"cron_schedule":{"schedule":null,"timezone":null}}'
    form: {}
    headers:
      Content-Type:
      - application/json
      User-Agent:
      - scaleway-sdk-go/v1.0.0-beta.7+dev (go1.21.1; linux; amd64) terraform-provider/develop
        terraform/terraform-tests
    url: https://api.scaleway.com/serverless-jobs/v1alpha1/regions/fr-par/job-definitions/d532b769-5476-4e11-ad1e-97b6f60ab2a2
    method: PATCH
  response:
    body: '{"command":"","cpu_limit":120,"created_at":"2024-02-21T13:21:24.660188Z","cron_schedule":null,"description":"","environment_variables":{},"id":"d532b769-5476-4e11-ad1e-97b6f60ab2a2","image_uri":"docker.io/alpine:latest","job_timeout":"21600s","local_storage_capacity":0,"memory_limit":256,"name":"test-jobs-job-definition-cron","project_id":"105bdce1-64c0-48ab-899d-868455867ecf","region":"fr-par","updated_at":"2024-02-21T13:21:28.555561Z"}'
    headers:
      Content-Length:
      - "455"
      Content-Security-Policy:
      - default-src 'none'; frame-ancestors 'none'
      Content-Type:
      - application/json
      Date:
      - Wed, 21 Feb 2024 13:21:28 GMT
      Server:
      - Scaleway API Gateway (fr-par-2;edge01)
      Strict-Transport-Security:
      - max-age=63072000
      X-Content-Type-Options:
      - nosniff
      X-Frame-Options:
      - DENY
      X-Request-Id:
      - 21ae7425-7973-4ba1-93e5-9c50e445971e
    status: 200 OK
    code: 200
    duration: ""
- request:
    body: ""
    form: {}
    headers:
      User-Agent:
      - scaleway-sdk-go/v1.0.0-beta.7+dev (go1.21.1; linux; amd64) terraform-provider/develop
        terraform/terraform-tests
    url: https://api.scaleway.com/serverless-jobs/v1alpha1/regions/fr-par/job-definitions/d532b769-5476-4e11-ad1e-97b6f60ab2a2
    method: GET
  response:
    body: '{"command":"","cpu_limit":120,"created_at":"2024-02-21T13:21:24.660188Z","cron_schedule":null,"description":"","environment_variables":{},"id":"d532b769-5476-4e11-ad1e-97b6f60ab2a2","image_uri":"docker.io/alpine:latest","job_timeout":"21600s","local_storage_capacity":0,"memory_limit":256,"name":"test-jobs-job-definition-cron","project_id":"105bdce1-64c0-48ab-899d-868455867ecf","region":"fr-par","updated_at":"2024-02-21T13:21:28.555561Z"}'
    headers:
      Content-Length:
      - "455"
      Content-Security-Policy:
      - default-src 'none'; frame-ancestors 'none'
      Content-Type:
      - application/json
      Date:
      - Wed, 21 Feb 2024 13:21:28 GMT
      Server:
      - Scaleway API Gateway (fr-par-2;edge01)
      Strict-Transport-Security:
      - max-age=63072000
      X-Content-Type-Options:
      - nosniff
      X-Frame-Options:
      - DENY
      X-Request-Id:
      - ea683fdf-dab0-48b0-9df3-f01012623ba6
    status: 200 OK
    code: 200
    duration: ""
- request:
    body: ""
    form: {}
    headers:
      User-Agent:
      - scaleway-sdk-go/v1.0.0-beta.7+dev (go1.21.1; linux; amd64) terraform-provider/develop
        terraform/terraform-tests
    url: https://api.scaleway.com/serverless-jobs/v1alpha1/regions/fr-par/job-definitions/d532b769-5476-4e11-ad1e-97b6f60ab2a2
    method: GET
  response:
    body: '{"command":"","cpu_limit":120,"created_at":"2024-02-21T13:21:24.660188Z","cron_schedule":null,"description":"","environment_variables":{},"id":"d532b769-5476-4e11-ad1e-97b6f60ab2a2","image_uri":"docker.io/alpine:latest","job_timeout":"21600s","local_storage_capacity":0,"memory_limit":256,"name":"test-jobs-job-definition-cron","project_id":"105bdce1-64c0-48ab-899d-868455867ecf","region":"fr-par","updated_at":"2024-02-21T13:21:28.555561Z"}'
    headers:
      Content-Length:
      - "455"
      Content-Security-Policy:
      - default-src 'none'; frame-ancestors 'none'
      Content-Type:
      - application/json
      Date:
      - Wed, 21 Feb 2024 13:21:29 GMT
      Server:
      - Scaleway API Gateway (fr-par-2;edge01)
      Strict-Transport-Security:
      - max-age=63072000
      X-Content-Type-Options:
      - nosniff
      X-Frame-Options:
      - DENY
      X-Request-Id:
      - 9639dcf4-e8f1-434f-ba63-09b0a3c29bbf
    status: 200 OK
    code: 200
    duration: ""
- request:
    body: ""
    form: {}
    headers:
      User-Agent:
      - scaleway-sdk-go/v1.0.0-beta.7+dev (go1.21.1; linux; amd64) terraform-provider/develop
        terraform/terraform-tests
    url: https://api.scaleway.com/serverless-jobs/v1alpha1/regions/fr-par/job-definitions/d532b769-5476-4e11-ad1e-97b6f60ab2a2
    method: GET
  response:
    body: '{"command":"","cpu_limit":120,"created_at":"2024-02-21T13:21:24.660188Z","cron_schedule":null,"description":"","environment_variables":{},"id":"d532b769-5476-4e11-ad1e-97b6f60ab2a2","image_uri":"docker.io/alpine:latest","job_timeout":"21600s","local_storage_capacity":0,"memory_limit":256,"name":"test-jobs-job-definition-cron","project_id":"105bdce1-64c0-48ab-899d-868455867ecf","region":"fr-par","updated_at":"2024-02-21T13:21:28.555561Z"}'
    headers:
      Content-Length:
      - "455"
      Content-Security-Policy:
      - default-src 'none'; frame-ancestors 'none'
      Content-Type:
      - application/json
      Date:
      - Wed, 21 Feb 2024 13:21:29 GMT
      Server:
      - Scaleway API Gateway (fr-par-2;edge01)
      Strict-Transport-Security:
      - max-age=63072000
      X-Content-Type-Options:
      - nosniff
      X-Frame-Options:
      - DENY
      X-Request-Id:
      - 80336384-6f29-456f-8d7a-17a3ef7258ab
    status: 200 OK
    code: 200
    duration: ""
- request:
    body: ""
    form: {}
    headers:
      User-Agent:
      - scaleway-sdk-go/v1.0.0-beta.7+dev (go1.21.1; linux; amd64) terraform-provider/develop
        terraform/terraform-tests
    url: https://api.scaleway.com/serverless-jobs/v1alpha1/regions/fr-par/job-definitions/d532b769-5476-4e11-ad1e-97b6f60ab2a2
    method: DELETE
  response:
    body: ""
    headers:
      Content-Security-Policy:
      - default-src 'none'; frame-ancestors 'none'
      Content-Type:
      - application/json
      Date:
      - Wed, 21 Feb 2024 13:21:30 GMT
      Server:
      - Scaleway API Gateway (fr-par-2;edge01)
      Strict-Transport-Security:
      - max-age=63072000
      X-Content-Type-Options:
      - nosniff
      X-Frame-Options:
      - DENY
      X-Request-Id:
      - 5349eea3-9e44-4de6-83d4-103d7fa53285
    status: 204 No Content
    code: 204
    duration: ""
- request:
    body: ""
    form: {}
    headers:
      User-Agent:
      - scaleway-sdk-go/v1.0.0-beta.7+dev (go1.21.1; linux; amd64) terraform-provider/develop
        terraform/terraform-tests
    url: https://api.scaleway.com/serverless-jobs/v1alpha1/regions/fr-par/job-definitions/d532b769-5476-4e11-ad1e-97b6f60ab2a2
    method: DELETE
  response:
    body: '{"message":"job definition is not found"}'
    headers:
      Content-Length:
      - "41"
      Content-Security-Policy:
      - default-src 'none'; frame-ancestors 'none'
      Content-Type:
      - application/json
      Date:
      - Wed, 21 Feb 2024 13:21:30 GMT
      Server:
      - Scaleway API Gateway (fr-par-2;edge01)
      Strict-Transport-Security:
      - max-age=63072000
      X-Content-Type-Options:
      - nosniff
      X-Frame-Options:
      - DENY
      X-Request-Id:
      - 9cfc6455-0643-4ad6-93a7-4f66480198c5
    status: 404 Not Found
    code: 404
    duration: ""
