---
version: 1
interactions:
- request:
    body: '{"project_id":"564aa517-68b0-4fd7-8c8c-d21c4bcdcbd5","reverse":null}'
    form: {}
    headers:
      Content-Type:
      - application/json
      User-Agent:
      - scaleway-sdk-go/v1.0.0-beta.7+dev (go1.20.4; darwin; amd64) terraform-provider/develop
        terraform/terraform-tests
    url: https://api.scaleway.com/lb/v1/zones/fr-par-1/ips
    method: POST
  response:
    body: '{"id":"86df9ff8-7a77-492d-9b03-4f6205127499","ip_address":"195.154.197.174","lb_id":null,"organization_id":"564aa517-68b0-4fd7-8c8c-d21c4bcdcbd5","project_id":"564aa517-68b0-4fd7-8c8c-d21c4bcdcbd5","region":"fr-par","reverse":"195-154-197-174.lb.fr-par.scw.cloud","zone":"fr-par-1"}'
    headers:
      Content-Length:
      - "282"
      Content-Security-Policy:
      - default-src 'none'; frame-ancestors 'none'
      Content-Type:
      - application/json
      Date:
      - Mon, 03 Jul 2023 20:03:26 GMT
      Server:
      - Scaleway API-Gateway
      Strict-Transport-Security:
      - max-age=63072000
      X-Content-Type-Options:
      - nosniff
      X-Frame-Options:
      - DENY
      X-Request-Id:
      - 2f89b897-16a1-489e-9394-456a54458a90
    status: 200 OK
    code: 200
    duration: ""
- request:
    body: ""
    form: {}
    headers:
      User-Agent:
      - scaleway-sdk-go/v1.0.0-beta.7+dev (go1.20.4; darwin; amd64) terraform-provider/develop
        terraform/terraform-tests
    url: https://api.scaleway.com/lb/v1/zones/fr-par-1/ips/86df9ff8-7a77-492d-9b03-4f6205127499
    method: GET
  response:
    body: '{"id":"86df9ff8-7a77-492d-9b03-4f6205127499","ip_address":"195.154.197.174","lb_id":null,"organization_id":"564aa517-68b0-4fd7-8c8c-d21c4bcdcbd5","project_id":"564aa517-68b0-4fd7-8c8c-d21c4bcdcbd5","region":"fr-par","reverse":"195-154-197-174.lb.fr-par.scw.cloud","zone":"fr-par-1"}'
    headers:
      Content-Length:
      - "282"
      Content-Security-Policy:
      - default-src 'none'; frame-ancestors 'none'
      Content-Type:
      - application/json
      Date:
      - Mon, 03 Jul 2023 20:03:26 GMT
      Server:
      - Scaleway API-Gateway
      Strict-Transport-Security:
      - max-age=63072000
      X-Content-Type-Options:
      - nosniff
      X-Frame-Options:
      - DENY
      X-Request-Id:
      - 5d69e12d-3cee-4724-9324-1ec2f5f7483d
    status: 200 OK
    code: 200
    duration: ""
- request:
    body: '{"project_id":"564aa517-68b0-4fd7-8c8c-d21c4bcdcbd5","name":"test-lb","description":"","ip_id":"86df9ff8-7a77-492d-9b03-4f6205127499","assign_flexible_ip":null,"tags":null,"type":"lb-s","ssl_compatibility_level":"ssl_compatibility_level_intermediate"}'
    form: {}
    headers:
      Content-Type:
      - application/json
      User-Agent:
      - scaleway-sdk-go/v1.0.0-beta.7+dev (go1.20.4; darwin; amd64) terraform-provider/develop
        terraform/terraform-tests
    url: https://api.scaleway.com/lb/v1/zones/fr-par-1/lbs
    method: POST
  response:
    body: '{"backend_count":0,"created_at":"2023-07-03T20:03:26.392985478Z","description":"","frontend_count":0,"id":"bf8f965e-bec1-486a-a2e7-0d8fa587b06a","instances":[],"ip":[{"id":"86df9ff8-7a77-492d-9b03-4f6205127499","ip_address":"195.154.197.174","lb_id":"bf8f965e-bec1-486a-a2e7-0d8fa587b06a","organization_id":"564aa517-68b0-4fd7-8c8c-d21c4bcdcbd5","project_id":"564aa517-68b0-4fd7-8c8c-d21c4bcdcbd5","region":"fr-par","reverse":"195-154-197-174.lb.fr-par.scw.cloud","zone":"fr-par-1"}],"name":"test-lb","organization_id":"564aa517-68b0-4fd7-8c8c-d21c4bcdcbd5","private_network_count":0,"project_id":"564aa517-68b0-4fd7-8c8c-d21c4bcdcbd5","region":"fr-par","route_count":0,"ssl_compatibility_level":"ssl_compatibility_level_intermediate","status":"to_create","subscriber":null,"tags":[],"type":"lb-s","updated_at":"2023-07-03T20:03:26.392985478Z","zone":"fr-par-1"}'
    headers:
      Content-Length:
      - "862"
      Content-Security-Policy:
      - default-src 'none'; frame-ancestors 'none'
      Content-Type:
      - application/json
      Date:
      - Mon, 03 Jul 2023 20:03:26 GMT
      Server:
      - Scaleway API-Gateway
      Strict-Transport-Security:
      - max-age=63072000
      X-Content-Type-Options:
      - nosniff
      X-Frame-Options:
      - DENY
      X-Request-Id:
      - f3c309c5-9b16-4822-96c6-334c6a919291
    status: 200 OK
    code: 200
    duration: ""
- request:
    body: ""
    form: {}
    headers:
      User-Agent:
      - scaleway-sdk-go/v1.0.0-beta.7+dev (go1.20.4; darwin; amd64) terraform-provider/develop
        terraform/terraform-tests
    url: https://api.scaleway.com/lb/v1/zones/fr-par-1/lbs/bf8f965e-bec1-486a-a2e7-0d8fa587b06a
    method: GET
  response:
    body: '{"backend_count":0,"created_at":"2023-07-03T20:03:26.392985Z","description":"","frontend_count":0,"id":"bf8f965e-bec1-486a-a2e7-0d8fa587b06a","instances":[{"created_at":"2023-07-03T20:02:14.923709Z","id":"c8fc27d9-e5b2-478a-a8ff-b06a121b12b2","ip_address":"10.76.120.69","region":"fr-par","status":"unknown","updated_at":"2023-07-03T20:03:26.641795Z","zone":"fr-par-1"}],"ip":[{"id":"86df9ff8-7a77-492d-9b03-4f6205127499","ip_address":"195.154.197.174","lb_id":"bf8f965e-bec1-486a-a2e7-0d8fa587b06a","organization_id":"564aa517-68b0-4fd7-8c8c-d21c4bcdcbd5","project_id":"564aa517-68b0-4fd7-8c8c-d21c4bcdcbd5","region":"fr-par","reverse":"195-154-197-174.lb.fr-par.scw.cloud","zone":"fr-par-1"}],"name":"test-lb","organization_id":"564aa517-68b0-4fd7-8c8c-d21c4bcdcbd5","private_network_count":0,"project_id":"564aa517-68b0-4fd7-8c8c-d21c4bcdcbd5","region":"fr-par","route_count":0,"ssl_compatibility_level":"ssl_compatibility_level_intermediate","status":"creating","subscriber":null,"tags":[],"type":"lb-s","updated_at":"2023-07-03T20:03:26.655598Z","zone":"fr-par-1"}'
    headers:
      Content-Length:
      - "1069"
      Content-Security-Policy:
      - default-src 'none'; frame-ancestors 'none'
      Content-Type:
      - application/json
      Date:
      - Mon, 03 Jul 2023 20:03:26 GMT
      Server:
      - Scaleway API-Gateway
      Strict-Transport-Security:
      - max-age=63072000
      X-Content-Type-Options:
      - nosniff
      X-Frame-Options:
      - DENY
      X-Request-Id:
      - 58b0823c-d636-40fd-b60c-57a5388f5e47
    status: 200 OK
    code: 200
    duration: ""
- request:
    body: ""
    form: {}
    headers:
      User-Agent:
      - scaleway-sdk-go/v1.0.0-beta.7+dev (go1.20.4; darwin; amd64) terraform-provider/develop
        terraform/terraform-tests
    url: https://api.scaleway.com/lb/v1/zones/fr-par-1/lbs/bf8f965e-bec1-486a-a2e7-0d8fa587b06a
    method: GET
  response:
    body: '{"backend_count":0,"created_at":"2023-07-03T20:03:26.392985Z","description":"","frontend_count":0,"id":"bf8f965e-bec1-486a-a2e7-0d8fa587b06a","instances":[{"created_at":"2023-07-03T20:02:14.923709Z","id":"c8fc27d9-e5b2-478a-a8ff-b06a121b12b2","ip_address":"10.76.120.69","region":"fr-par","status":"ready","updated_at":"2023-07-03T20:03:27.457552Z","zone":"fr-par-1"}],"ip":[{"id":"86df9ff8-7a77-492d-9b03-4f6205127499","ip_address":"195.154.197.174","lb_id":"bf8f965e-bec1-486a-a2e7-0d8fa587b06a","organization_id":"564aa517-68b0-4fd7-8c8c-d21c4bcdcbd5","project_id":"564aa517-68b0-4fd7-8c8c-d21c4bcdcbd5","region":"fr-par","reverse":"195-154-197-174.lb.fr-par.scw.cloud","zone":"fr-par-1"}],"name":"test-lb","organization_id":"564aa517-68b0-4fd7-8c8c-d21c4bcdcbd5","private_network_count":0,"project_id":"564aa517-68b0-4fd7-8c8c-d21c4bcdcbd5","region":"fr-par","route_count":0,"ssl_compatibility_level":"ssl_compatibility_level_intermediate","status":"ready","subscriber":null,"tags":[],"type":"lb-s","updated_at":"2023-07-03T20:03:28.566832Z","zone":"fr-par-1"}'
    headers:
      Content-Length:
      - "1064"
      Content-Security-Policy:
      - default-src 'none'; frame-ancestors 'none'
      Content-Type:
      - application/json
      Date:
      - Mon, 03 Jul 2023 20:03:56 GMT
      Server:
      - Scaleway API-Gateway
      Strict-Transport-Security:
      - max-age=63072000
      X-Content-Type-Options:
      - nosniff
      X-Frame-Options:
      - DENY
      X-Request-Id:
      - abd4e4c2-bf4e-4d36-9189-5649b1fad5b3
    status: 200 OK
    code: 200
    duration: ""
- request:
    body: ""
    form: {}
    headers:
      User-Agent:
      - scaleway-sdk-go/v1.0.0-beta.7+dev (go1.20.4; darwin; amd64) terraform-provider/develop
        terraform/terraform-tests
    url: https://api.scaleway.com/lb/v1/zones/fr-par-1/lbs/bf8f965e-bec1-486a-a2e7-0d8fa587b06a
    method: GET
  response:
    body: '{"backend_count":0,"created_at":"2023-07-03T20:03:26.392985Z","description":"","frontend_count":0,"id":"bf8f965e-bec1-486a-a2e7-0d8fa587b06a","instances":[{"created_at":"2023-07-03T20:02:14.923709Z","id":"c8fc27d9-e5b2-478a-a8ff-b06a121b12b2","ip_address":"10.76.120.69","region":"fr-par","status":"ready","updated_at":"2023-07-03T20:03:27.457552Z","zone":"fr-par-1"}],"ip":[{"id":"86df9ff8-7a77-492d-9b03-4f6205127499","ip_address":"195.154.197.174","lb_id":"bf8f965e-bec1-486a-a2e7-0d8fa587b06a","organization_id":"564aa517-68b0-4fd7-8c8c-d21c4bcdcbd5","project_id":"564aa517-68b0-4fd7-8c8c-d21c4bcdcbd5","region":"fr-par","reverse":"195-154-197-174.lb.fr-par.scw.cloud","zone":"fr-par-1"}],"name":"test-lb","organization_id":"564aa517-68b0-4fd7-8c8c-d21c4bcdcbd5","private_network_count":0,"project_id":"564aa517-68b0-4fd7-8c8c-d21c4bcdcbd5","region":"fr-par","route_count":0,"ssl_compatibility_level":"ssl_compatibility_level_intermediate","status":"ready","subscriber":null,"tags":[],"type":"lb-s","updated_at":"2023-07-03T20:03:28.566832Z","zone":"fr-par-1"}'
    headers:
      Content-Length:
      - "1064"
      Content-Security-Policy:
      - default-src 'none'; frame-ancestors 'none'
      Content-Type:
      - application/json
      Date:
      - Mon, 03 Jul 2023 20:03:56 GMT
      Server:
      - Scaleway API-Gateway
      Strict-Transport-Security:
      - max-age=63072000
      X-Content-Type-Options:
      - nosniff
      X-Frame-Options:
      - DENY
      X-Request-Id:
      - 157717fd-09ca-404c-88b8-8218a8e47ebd
    status: 200 OK
    code: 200
    duration: ""
- request:
    body: ""
    form: {}
    headers:
      User-Agent:
      - scaleway-sdk-go/v1.0.0-beta.7+dev (go1.20.4; darwin; amd64) terraform-provider/develop
        terraform/terraform-tests
    url: https://api.scaleway.com/lb/v1/zones/fr-par-1/lbs/bf8f965e-bec1-486a-a2e7-0d8fa587b06a/private-networks?order_by=created_at_asc
    method: GET
  response:
    body: '{"private_network":[],"total_count":0}'
    headers:
      Content-Length:
      - "38"
      Content-Security-Policy:
      - default-src 'none'; frame-ancestors 'none'
      Content-Type:
      - application/json
      Date:
      - Mon, 03 Jul 2023 20:03:56 GMT
      Server:
      - Scaleway API-Gateway
      Strict-Transport-Security:
      - max-age=63072000
      X-Content-Type-Options:
      - nosniff
      X-Frame-Options:
      - DENY
      X-Request-Id:
      - 07150c7e-074e-4665-80af-9116760d288a
    status: 200 OK
    code: 200
    duration: ""
- request:
    body: ""
    form: {}
    headers:
      User-Agent:
      - scaleway-sdk-go/v1.0.0-beta.7+dev (go1.20.4; darwin; amd64) terraform-provider/develop
        terraform/terraform-tests
    url: https://api.scaleway.com/lb/v1/zones/fr-par-1/lbs/bf8f965e-bec1-486a-a2e7-0d8fa587b06a
    method: GET
  response:
    body: '{"backend_count":0,"created_at":"2023-07-03T20:03:26.392985Z","description":"","frontend_count":0,"id":"bf8f965e-bec1-486a-a2e7-0d8fa587b06a","instances":[{"created_at":"2023-07-03T20:02:14.923709Z","id":"c8fc27d9-e5b2-478a-a8ff-b06a121b12b2","ip_address":"10.76.120.69","region":"fr-par","status":"ready","updated_at":"2023-07-03T20:03:27.457552Z","zone":"fr-par-1"}],"ip":[{"id":"86df9ff8-7a77-492d-9b03-4f6205127499","ip_address":"195.154.197.174","lb_id":"bf8f965e-bec1-486a-a2e7-0d8fa587b06a","organization_id":"564aa517-68b0-4fd7-8c8c-d21c4bcdcbd5","project_id":"564aa517-68b0-4fd7-8c8c-d21c4bcdcbd5","region":"fr-par","reverse":"195-154-197-174.lb.fr-par.scw.cloud","zone":"fr-par-1"}],"name":"test-lb","organization_id":"564aa517-68b0-4fd7-8c8c-d21c4bcdcbd5","private_network_count":0,"project_id":"564aa517-68b0-4fd7-8c8c-d21c4bcdcbd5","region":"fr-par","route_count":0,"ssl_compatibility_level":"ssl_compatibility_level_intermediate","status":"ready","subscriber":null,"tags":[],"type":"lb-s","updated_at":"2023-07-03T20:03:28.566832Z","zone":"fr-par-1"}'
    headers:
      Content-Length:
      - "1064"
      Content-Security-Policy:
      - default-src 'none'; frame-ancestors 'none'
      Content-Type:
      - application/json
      Date:
      - Mon, 03 Jul 2023 20:03:57 GMT
      Server:
      - Scaleway API-Gateway
      Strict-Transport-Security:
      - max-age=63072000
      X-Content-Type-Options:
      - nosniff
      X-Frame-Options:
      - DENY
      X-Request-Id:
      - 8007b7f8-44ba-47d1-a068-9ce34c62111d
    status: 200 OK
    code: 200
    duration: ""
- request:
    body: '{"name":"tf-lb-bkd-blissful-kowalevski","forward_protocol":"http","forward_port":80,"forward_port_algorithm":"roundrobin","sticky_sessions":"none","sticky_sessions_cookie_name":"","health_check":{"port":80,"check_max_retries":2,"check_send_proxy":false,"transient_check_delay":"0.500000000s","check_delay":60000,"check_timeout":30000},"server_ip":null,"on_marked_down_action":"on_marked_down_action_none","proxy_protocol":"proxy_protocol_none","failover_host":null,"ssl_bridging":false,"ignore_ssl_server_verify":false,"redispatch_attempt_count":null,"max_retries":3,"max_connections":null,"timeout_queue":"0.000000000s","timeout_server":300000,"timeout_connect":5000,"timeout_tunnel":900000}'
    form: {}
    headers:
      Content-Type:
      - application/json
      User-Agent:
      - scaleway-sdk-go/v1.0.0-beta.7+dev (go1.20.4; darwin; amd64) terraform-provider/develop
        terraform/terraform-tests
    url: https://api.scaleway.com/lb/v1/zones/fr-par-1/lbs/bf8f965e-bec1-486a-a2e7-0d8fa587b06a/backends
    method: POST
  response:
    body: '{"created_at":"2023-07-03T20:03:57.178043128Z","failover_host":null,"forward_port":80,"forward_port_algorithm":"roundrobin","forward_protocol":"http","health_check":{"check_delay":60000,"check_max_retries":2,"check_send_proxy":false,"check_timeout":30000,"port":80,"tcp_config":{},"transient_check_delay":"0.500s"},"id":"8514c832-f62c-456b-b13e-66614c1ed4e5","ignore_ssl_server_verify":false,"lb":{"backend_count":1,"created_at":"2023-07-03T20:03:26.392985Z","description":"","frontend_count":0,"id":"bf8f965e-bec1-486a-a2e7-0d8fa587b06a","instances":[{"created_at":"2023-07-03T20:02:14.923709Z","id":"c8fc27d9-e5b2-478a-a8ff-b06a121b12b2","ip_address":"10.76.120.69","region":"fr-par","status":"pending","updated_at":"2023-07-03T20:03:57.231563184Z","zone":"fr-par-1"}],"ip":[{"id":"86df9ff8-7a77-492d-9b03-4f6205127499","ip_address":"195.154.197.174","lb_id":"bf8f965e-bec1-486a-a2e7-0d8fa587b06a","organization_id":"564aa517-68b0-4fd7-8c8c-d21c4bcdcbd5","project_id":"564aa517-68b0-4fd7-8c8c-d21c4bcdcbd5","region":"fr-par","reverse":"195-154-197-174.lb.fr-par.scw.cloud","zone":"fr-par-1"}],"name":"test-lb","organization_id":"564aa517-68b0-4fd7-8c8c-d21c4bcdcbd5","private_network_count":0,"project_id":"564aa517-68b0-4fd7-8c8c-d21c4bcdcbd5","region":"fr-par","route_count":0,"ssl_compatibility_level":"ssl_compatibility_level_intermediate","status":"ready","subscriber":null,"tags":[],"type":"lb-s","updated_at":"2023-07-03T20:03:28.566832Z","zone":"fr-par-1"},"max_connections":null,"max_retries":3,"name":"tf-lb-bkd-blissful-kowalevski","on_marked_down_action":"on_marked_down_action_none","pool":[],"proxy_protocol":"proxy_protocol_none","redispatch_attempt_count":null,"send_proxy_v2":false,"ssl_bridging":false,"sticky_sessions":"none","sticky_sessions_cookie_name":"","timeout_connect":5000,"timeout_queue":"0s","timeout_server":300000,"timeout_tunnel":900000,"updated_at":"2023-07-03T20:03:57.178043128Z"}'
    headers:
      Content-Length:
      - "1918"
      Content-Security-Policy:
      - default-src 'none'; frame-ancestors 'none'
      Content-Type:
      - application/json
      Date:
      - Mon, 03 Jul 2023 20:03:57 GMT
      Server:
      - Scaleway API-Gateway
      Strict-Transport-Security:
      - max-age=63072000
      X-Content-Type-Options:
      - nosniff
      X-Frame-Options:
      - DENY
      X-Request-Id:
      - 38db52c2-d5ea-4d27-9ec7-44bb23c9101e
    status: 200 OK
    code: 200
    duration: ""
- request:
    body: ""
    form: {}
    headers:
      User-Agent:
      - scaleway-sdk-go/v1.0.0-beta.7+dev (go1.20.4; darwin; amd64) terraform-provider/develop
        terraform/terraform-tests
    url: https://api.scaleway.com/lb/v1/zones/fr-par-1/lbs/bf8f965e-bec1-486a-a2e7-0d8fa587b06a
    method: GET
  response:
    body: '{"backend_count":1,"created_at":"2023-07-03T20:03:26.392985Z","description":"","frontend_count":0,"id":"bf8f965e-bec1-486a-a2e7-0d8fa587b06a","instances":[{"created_at":"2023-07-03T20:02:14.923709Z","id":"c8fc27d9-e5b2-478a-a8ff-b06a121b12b2","ip_address":"10.76.120.69","region":"fr-par","status":"pending","updated_at":"2023-07-03T20:03:57.231563Z","zone":"fr-par-1"}],"ip":[{"id":"86df9ff8-7a77-492d-9b03-4f6205127499","ip_address":"195.154.197.174","lb_id":"bf8f965e-bec1-486a-a2e7-0d8fa587b06a","organization_id":"564aa517-68b0-4fd7-8c8c-d21c4bcdcbd5","project_id":"564aa517-68b0-4fd7-8c8c-d21c4bcdcbd5","region":"fr-par","reverse":"195-154-197-174.lb.fr-par.scw.cloud","zone":"fr-par-1"}],"name":"test-lb","organization_id":"564aa517-68b0-4fd7-8c8c-d21c4bcdcbd5","private_network_count":0,"project_id":"564aa517-68b0-4fd7-8c8c-d21c4bcdcbd5","region":"fr-par","route_count":0,"ssl_compatibility_level":"ssl_compatibility_level_intermediate","status":"ready","subscriber":null,"tags":[],"type":"lb-s","updated_at":"2023-07-03T20:03:28.566832Z","zone":"fr-par-1"}'
    headers:
      Content-Length:
      - "1066"
      Content-Security-Policy:
      - default-src 'none'; frame-ancestors 'none'
      Content-Type:
      - application/json
      Date:
      - Mon, 03 Jul 2023 20:03:57 GMT
      Server:
      - Scaleway API-Gateway
      Strict-Transport-Security:
      - max-age=63072000
      X-Content-Type-Options:
      - nosniff
      X-Frame-Options:
      - DENY
      X-Request-Id:
      - 79bb0483-fda1-4455-aa21-1175e1242b25
    status: 200 OK
    code: 200
    duration: ""
- request:
    body: ""
    form: {}
    headers:
      User-Agent:
      - scaleway-sdk-go/v1.0.0-beta.7+dev (go1.20.4; darwin; amd64) terraform-provider/develop
        terraform/terraform-tests
    url: https://api.scaleway.com/lb/v1/zones/fr-par-1/backends/8514c832-f62c-456b-b13e-66614c1ed4e5
    method: GET
  response:
    body: '{"created_at":"2023-07-03T20:03:57.178043Z","failover_host":null,"forward_port":80,"forward_port_algorithm":"roundrobin","forward_protocol":"http","health_check":{"check_delay":60000,"check_max_retries":2,"check_send_proxy":false,"check_timeout":30000,"port":80,"tcp_config":{},"transient_check_delay":"0.500s"},"id":"8514c832-f62c-456b-b13e-66614c1ed4e5","ignore_ssl_server_verify":false,"lb":{"backend_count":1,"created_at":"2023-07-03T20:03:26.392985Z","description":"","frontend_count":0,"id":"bf8f965e-bec1-486a-a2e7-0d8fa587b06a","instances":[{"created_at":"2023-07-03T20:02:14.923709Z","id":"c8fc27d9-e5b2-478a-a8ff-b06a121b12b2","ip_address":"10.76.120.69","region":"fr-par","status":"pending","updated_at":"2023-07-03T20:03:57.231563Z","zone":"fr-par-1"}],"ip":[{"id":"86df9ff8-7a77-492d-9b03-4f6205127499","ip_address":"195.154.197.174","lb_id":"bf8f965e-bec1-486a-a2e7-0d8fa587b06a","organization_id":"564aa517-68b0-4fd7-8c8c-d21c4bcdcbd5","project_id":"564aa517-68b0-4fd7-8c8c-d21c4bcdcbd5","region":"fr-par","reverse":"195-154-197-174.lb.fr-par.scw.cloud","zone":"fr-par-1"}],"name":"test-lb","organization_id":"564aa517-68b0-4fd7-8c8c-d21c4bcdcbd5","private_network_count":0,"project_id":"564aa517-68b0-4fd7-8c8c-d21c4bcdcbd5","region":"fr-par","route_count":0,"ssl_compatibility_level":"ssl_compatibility_level_intermediate","status":"ready","subscriber":null,"tags":[],"type":"lb-s","updated_at":"2023-07-03T20:03:28.566832Z","zone":"fr-par-1"},"max_connections":null,"max_retries":3,"name":"tf-lb-bkd-blissful-kowalevski","on_marked_down_action":"on_marked_down_action_none","pool":[],"proxy_protocol":"proxy_protocol_none","redispatch_attempt_count":null,"send_proxy_v2":false,"ssl_bridging":false,"sticky_sessions":"none","sticky_sessions_cookie_name":"","timeout_connect":5000,"timeout_queue":"0s","timeout_server":300000,"timeout_tunnel":900000,"updated_at":"2023-07-03T20:03:57.178043Z"}'
    headers:
      Content-Length:
      - "1909"
      Content-Security-Policy:
      - default-src 'none'; frame-ancestors 'none'
      Content-Type:
      - application/json
      Date:
      - Mon, 03 Jul 2023 20:03:57 GMT
      Server:
      - Scaleway API-Gateway
      Strict-Transport-Security:
      - max-age=63072000
      X-Content-Type-Options:
      - nosniff
      X-Frame-Options:
      - DENY
      X-Request-Id:
      - 570aff8a-e143-4d77-9646-52d49343cde0
    status: 200 OK
    code: 200
    duration: ""
- request:
    body: ""
    form: {}
    headers:
      User-Agent:
      - scaleway-sdk-go/v1.0.0-beta.7+dev (go1.20.4; darwin; amd64) terraform-provider/develop
        terraform/terraform-tests
    url: https://api.scaleway.com/lb/v1/zones/fr-par-1/lbs/bf8f965e-bec1-486a-a2e7-0d8fa587b06a
    method: GET
  response:
    body: '{"backend_count":1,"created_at":"2023-07-03T20:03:26.392985Z","description":"","frontend_count":0,"id":"bf8f965e-bec1-486a-a2e7-0d8fa587b06a","instances":[{"created_at":"2023-07-03T20:02:14.923709Z","id":"c8fc27d9-e5b2-478a-a8ff-b06a121b12b2","ip_address":"10.76.120.69","region":"fr-par","status":"ready","updated_at":"2023-07-03T20:03:57.486306Z","zone":"fr-par-1"}],"ip":[{"id":"86df9ff8-7a77-492d-9b03-4f6205127499","ip_address":"195.154.197.174","lb_id":"bf8f965e-bec1-486a-a2e7-0d8fa587b06a","organization_id":"564aa517-68b0-4fd7-8c8c-d21c4bcdcbd5","project_id":"564aa517-68b0-4fd7-8c8c-d21c4bcdcbd5","region":"fr-par","reverse":"195-154-197-174.lb.fr-par.scw.cloud","zone":"fr-par-1"}],"name":"test-lb","organization_id":"564aa517-68b0-4fd7-8c8c-d21c4bcdcbd5","private_network_count":0,"project_id":"564aa517-68b0-4fd7-8c8c-d21c4bcdcbd5","region":"fr-par","route_count":0,"ssl_compatibility_level":"ssl_compatibility_level_intermediate","status":"ready","subscriber":null,"tags":[],"type":"lb-s","updated_at":"2023-07-03T20:03:28.566832Z","zone":"fr-par-1"}'
    headers:
      Content-Length:
      - "1064"
      Content-Security-Policy:
      - default-src 'none'; frame-ancestors 'none'
      Content-Type:
      - application/json
      Date:
      - Mon, 03 Jul 2023 20:03:57 GMT
      Server:
      - Scaleway API-Gateway
      Strict-Transport-Security:
      - max-age=63072000
      X-Content-Type-Options:
      - nosniff
      X-Frame-Options:
      - DENY
      X-Request-Id:
      - c82c93e7-2f64-4f9d-86a8-62f14ddfa2ca
    status: 200 OK
    code: 200
    duration: ""
- request:
    body: ""
    form: {}
    headers:
      User-Agent:
      - scaleway-sdk-go/v1.0.0-beta.7+dev (go1.20.4; darwin; amd64) terraform-provider/develop
        terraform/terraform-tests
    url: https://api.scaleway.com/lb/v1/zones/fr-par-1/lbs/bf8f965e-bec1-486a-a2e7-0d8fa587b06a
    method: GET
  response:
    body: '{"backend_count":1,"created_at":"2023-07-03T20:03:26.392985Z","description":"","frontend_count":0,"id":"bf8f965e-bec1-486a-a2e7-0d8fa587b06a","instances":[{"created_at":"2023-07-03T20:02:14.923709Z","id":"c8fc27d9-e5b2-478a-a8ff-b06a121b12b2","ip_address":"10.76.120.69","region":"fr-par","status":"ready","updated_at":"2023-07-03T20:03:57.486306Z","zone":"fr-par-1"}],"ip":[{"id":"86df9ff8-7a77-492d-9b03-4f6205127499","ip_address":"195.154.197.174","lb_id":"bf8f965e-bec1-486a-a2e7-0d8fa587b06a","organization_id":"564aa517-68b0-4fd7-8c8c-d21c4bcdcbd5","project_id":"564aa517-68b0-4fd7-8c8c-d21c4bcdcbd5","region":"fr-par","reverse":"195-154-197-174.lb.fr-par.scw.cloud","zone":"fr-par-1"}],"name":"test-lb","organization_id":"564aa517-68b0-4fd7-8c8c-d21c4bcdcbd5","private_network_count":0,"project_id":"564aa517-68b0-4fd7-8c8c-d21c4bcdcbd5","region":"fr-par","route_count":0,"ssl_compatibility_level":"ssl_compatibility_level_intermediate","status":"ready","subscriber":null,"tags":[],"type":"lb-s","updated_at":"2023-07-03T20:03:28.566832Z","zone":"fr-par-1"}'
    headers:
      Content-Length:
      - "1064"
      Content-Security-Policy:
      - default-src 'none'; frame-ancestors 'none'
      Content-Type:
      - application/json
      Date:
      - Mon, 03 Jul 2023 20:03:57 GMT
      Server:
      - Scaleway API-Gateway
      Strict-Transport-Security:
      - max-age=63072000
      X-Content-Type-Options:
      - nosniff
      X-Frame-Options:
      - DENY
      X-Request-Id:
      - 226f55e4-da5e-40c3-a95c-c36262a2e7ee
    status: 200 OK
    code: 200
    duration: ""
- request:
    body: '{"name":"tf-lb-frt-sweet-jepsen","inbound_port":80,"backend_id":"8514c832-f62c-456b-b13e-66614c1ed4e5","certificate_ids":null,"enable_http3":false,"timeout_client":null}'
    form: {}
    headers:
      Content-Type:
      - application/json
      User-Agent:
      - scaleway-sdk-go/v1.0.0-beta.7+dev (go1.20.4; darwin; amd64) terraform-provider/develop
        terraform/terraform-tests
    url: https://api.scaleway.com/lb/v1/zones/fr-par-1/lbs/bf8f965e-bec1-486a-a2e7-0d8fa587b06a/frontends
    method: POST
  response:
    body: '{"backend":{"created_at":"2023-07-03T20:03:57.178043Z","failover_host":null,"forward_port":80,"forward_port_algorithm":"roundrobin","forward_protocol":"http","health_check":{"check_delay":60000,"check_max_retries":2,"check_send_proxy":false,"check_timeout":30000,"port":80,"tcp_config":{},"transient_check_delay":"0.500s"},"id":"8514c832-f62c-456b-b13e-66614c1ed4e5","ignore_ssl_server_verify":false,"lb":{"backend_count":1,"created_at":"2023-07-03T20:03:26.392985Z","description":"","frontend_count":1,"id":"bf8f965e-bec1-486a-a2e7-0d8fa587b06a","instances":[],"ip":[{"id":"86df9ff8-7a77-492d-9b03-4f6205127499","ip_address":"195.154.197.174","lb_id":"bf8f965e-bec1-486a-a2e7-0d8fa587b06a","organization_id":"564aa517-68b0-4fd7-8c8c-d21c4bcdcbd5","project_id":"564aa517-68b0-4fd7-8c8c-d21c4bcdcbd5","region":"fr-par","reverse":"195-154-197-174.lb.fr-par.scw.cloud","zone":"fr-par-1"}],"name":"test-lb","organization_id":"564aa517-68b0-4fd7-8c8c-d21c4bcdcbd5","private_network_count":0,"project_id":"564aa517-68b0-4fd7-8c8c-d21c4bcdcbd5","region":"fr-par","route_count":0,"ssl_compatibility_level":"ssl_compatibility_level_intermediate","status":"ready","subscriber":null,"tags":[],"type":"lb-s","updated_at":"2023-07-03T20:03:28.566832Z","zone":"fr-par-1"},"max_connections":null,"max_retries":3,"name":"tf-lb-bkd-blissful-kowalevski","on_marked_down_action":"on_marked_down_action_none","pool":[],"proxy_protocol":"proxy_protocol_none","redispatch_attempt_count":null,"send_proxy_v2":false,"ssl_bridging":false,"sticky_sessions":"none","sticky_sessions_cookie_name":"","timeout_connect":5000,"timeout_queue":"0s","timeout_server":300000,"timeout_tunnel":900000,"updated_at":"2023-07-03T20:03:57.178043Z"},"certificate":null,"certificate_ids":[],"created_at":"2023-07-03T20:03:57.927673Z","enable_http3":false,"id":"15bb7cd2-891b-40c8-b005-6ffc732e0c9c","inbound_port":80,"lb":{"backend_count":1,"created_at":"2023-07-03T20:03:26.392985Z","description":"","frontend_count":1,"id":"bf8f965e-bec1-486a-a2e7-0d8fa587b06a","instances":[{"created_at":"2023-07-03T20:02:14.923709Z","id":"c8fc27d9-e5b2-478a-a8ff-b06a121b12b2","ip_address":"10.76.120.69","region":"fr-par","status":"pending","updated_at":"2023-07-03T20:03:57.980139904Z","zone":"fr-par-1"}],"ip":[{"id":"86df9ff8-7a77-492d-9b03-4f6205127499","ip_address":"195.154.197.174","lb_id":"bf8f965e-bec1-486a-a2e7-0d8fa587b06a","organization_id":"564aa517-68b0-4fd7-8c8c-d21c4bcdcbd5","project_id":"564aa517-68b0-4fd7-8c8c-d21c4bcdcbd5","region":"fr-par","reverse":"195-154-197-174.lb.fr-par.scw.cloud","zone":"fr-par-1"}],"name":"test-lb","organization_id":"564aa517-68b0-4fd7-8c8c-d21c4bcdcbd5","private_network_count":0,"project_id":"564aa517-68b0-4fd7-8c8c-d21c4bcdcbd5","region":"fr-par","route_count":0,"ssl_compatibility_level":"ssl_compatibility_level_intermediate","status":"ready","subscriber":null,"tags":[],"type":"lb-s","updated_at":"2023-07-03T20:03:28.566832Z","zone":"fr-par-1"},"name":"tf-lb-frt-sweet-jepsen","timeout_client":null,"updated_at":"2023-07-03T20:03:57.927673Z"}'
    headers:
      Content-Length:
      - "3045"
      Content-Security-Policy:
      - default-src 'none'; frame-ancestors 'none'
      Content-Type:
      - application/json
      Date:
      - Mon, 03 Jul 2023 20:03:58 GMT
      Server:
      - Scaleway API-Gateway
      Strict-Transport-Security:
      - max-age=63072000
      X-Content-Type-Options:
      - nosniff
      X-Frame-Options:
      - DENY
      X-Request-Id:
      - 353319db-0096-4685-838f-3dfc1f59e0d0
    status: 200 OK
    code: 200
    duration: ""
- request:
    body: ""
    form: {}
    headers:
      User-Agent:
      - scaleway-sdk-go/v1.0.0-beta.7+dev (go1.20.4; darwin; amd64) terraform-provider/develop
        terraform/terraform-tests
    url: https://api.scaleway.com/lb/v1/zones/fr-par-1/lbs/bf8f965e-bec1-486a-a2e7-0d8fa587b06a
    method: GET
  response:
    body: '{"backend_count":1,"created_at":"2023-07-03T20:03:26.392985Z","description":"","frontend_count":1,"id":"bf8f965e-bec1-486a-a2e7-0d8fa587b06a","instances":[{"created_at":"2023-07-03T20:02:14.923709Z","id":"c8fc27d9-e5b2-478a-a8ff-b06a121b12b2","ip_address":"10.76.120.69","region":"fr-par","status":"pending","updated_at":"2023-07-03T20:03:57.980140Z","zone":"fr-par-1"}],"ip":[{"id":"86df9ff8-7a77-492d-9b03-4f6205127499","ip_address":"195.154.197.174","lb_id":"bf8f965e-bec1-486a-a2e7-0d8fa587b06a","organization_id":"564aa517-68b0-4fd7-8c8c-d21c4bcdcbd5","project_id":"564aa517-68b0-4fd7-8c8c-d21c4bcdcbd5","region":"fr-par","reverse":"195-154-197-174.lb.fr-par.scw.cloud","zone":"fr-par-1"}],"name":"test-lb","organization_id":"564aa517-68b0-4fd7-8c8c-d21c4bcdcbd5","private_network_count":0,"project_id":"564aa517-68b0-4fd7-8c8c-d21c4bcdcbd5","region":"fr-par","route_count":0,"ssl_compatibility_level":"ssl_compatibility_level_intermediate","status":"ready","subscriber":null,"tags":[],"type":"lb-s","updated_at":"2023-07-03T20:03:28.566832Z","zone":"fr-par-1"}'
    headers:
      Content-Length:
      - "1066"
      Content-Security-Policy:
      - default-src 'none'; frame-ancestors 'none'
      Content-Type:
      - application/json
      Date:
      - Mon, 03 Jul 2023 20:03:58 GMT
      Server:
      - Scaleway API-Gateway
      Strict-Transport-Security:
      - max-age=63072000
      X-Content-Type-Options:
      - nosniff
      X-Frame-Options:
      - DENY
      X-Request-Id:
      - e7b367a4-a8cf-4d7d-a7d1-30fec91fb95e
    status: 200 OK
    code: 200
    duration: ""
- request:
    body: '{"name":"tf-lb-frt-great-noyce","inbound_port":80,"backend_id":"8514c832-f62c-456b-b13e-66614c1ed4e5","certificate_ids":null,"enable_http3":false,"timeout_client":null}'
    form: {}
    headers:
      Content-Type:
      - application/json
      User-Agent:
      - scaleway-sdk-go/v1.0.0-beta.7+dev (go1.20.4; darwin; amd64) terraform-provider/develop
        terraform/terraform-tests
    url: https://api.scaleway.com/lb/v1/zones/fr-par-1/frontends/15bb7cd2-891b-40c8-b005-6ffc732e0c9c
    method: PUT
  response:
    body: '{"backend":{"created_at":"2023-07-03T20:03:57.178043Z","failover_host":null,"forward_port":80,"forward_port_algorithm":"roundrobin","forward_protocol":"http","health_check":{"check_delay":60000,"check_max_retries":2,"check_send_proxy":false,"check_timeout":30000,"port":80,"tcp_config":{},"transient_check_delay":"0.500s"},"id":"8514c832-f62c-456b-b13e-66614c1ed4e5","ignore_ssl_server_verify":false,"lb":{"backend_count":1,"created_at":"2023-07-03T20:03:26.392985Z","description":"","frontend_count":1,"id":"bf8f965e-bec1-486a-a2e7-0d8fa587b06a","instances":[],"ip":[{"id":"86df9ff8-7a77-492d-9b03-4f6205127499","ip_address":"195.154.197.174","lb_id":"bf8f965e-bec1-486a-a2e7-0d8fa587b06a","organization_id":"564aa517-68b0-4fd7-8c8c-d21c4bcdcbd5","project_id":"564aa517-68b0-4fd7-8c8c-d21c4bcdcbd5","region":"fr-par","reverse":"195-154-197-174.lb.fr-par.scw.cloud","zone":"fr-par-1"}],"name":"test-lb","organization_id":"564aa517-68b0-4fd7-8c8c-d21c4bcdcbd5","private_network_count":0,"project_id":"564aa517-68b0-4fd7-8c8c-d21c4bcdcbd5","region":"fr-par","route_count":0,"ssl_compatibility_level":"ssl_compatibility_level_intermediate","status":"ready","subscriber":null,"tags":[],"type":"lb-s","updated_at":"2023-07-03T20:03:28.566832Z","zone":"fr-par-1"},"max_connections":null,"max_retries":3,"name":"tf-lb-bkd-blissful-kowalevski","on_marked_down_action":"on_marked_down_action_none","pool":[],"proxy_protocol":"proxy_protocol_none","redispatch_attempt_count":null,"send_proxy_v2":false,"ssl_bridging":false,"sticky_sessions":"none","sticky_sessions_cookie_name":"","timeout_connect":5000,"timeout_queue":"0s","timeout_server":300000,"timeout_tunnel":900000,"updated_at":"2023-07-03T20:03:57.178043Z"},"certificate":null,"certificate_ids":[],"created_at":"2023-07-03T20:03:57.927673Z","enable_http3":false,"id":"15bb7cd2-891b-40c8-b005-6ffc732e0c9c","inbound_port":80,"lb":{"backend_count":1,"created_at":"2023-07-03T20:03:26.392985Z","description":"","frontend_count":1,"id":"bf8f965e-bec1-486a-a2e7-0d8fa587b06a","instances":[{"created_at":"2023-07-03T20:02:14.923709Z","id":"c8fc27d9-e5b2-478a-a8ff-b06a121b12b2","ip_address":"10.76.120.69","region":"fr-par","status":"pending","updated_at":"2023-07-03T20:03:58.484152301Z","zone":"fr-par-1"}],"ip":[{"id":"86df9ff8-7a77-492d-9b03-4f6205127499","ip_address":"195.154.197.174","lb_id":"bf8f965e-bec1-486a-a2e7-0d8fa587b06a","organization_id":"564aa517-68b0-4fd7-8c8c-d21c4bcdcbd5","project_id":"564aa517-68b0-4fd7-8c8c-d21c4bcdcbd5","region":"fr-par","reverse":"195-154-197-174.lb.fr-par.scw.cloud","zone":"fr-par-1"}],"name":"test-lb","organization_id":"564aa517-68b0-4fd7-8c8c-d21c4bcdcbd5","private_network_count":0,"project_id":"564aa517-68b0-4fd7-8c8c-d21c4bcdcbd5","region":"fr-par","route_count":0,"ssl_compatibility_level":"ssl_compatibility_level_intermediate","status":"ready","subscriber":null,"tags":[],"type":"lb-s","updated_at":"2023-07-03T20:03:28.566832Z","zone":"fr-par-1"},"name":"tf-lb-frt-great-noyce","timeout_client":null,"updated_at":"2023-07-03T20:03:58.452393294Z"}'
    headers:
      Content-Length:
      - "3047"
      Content-Security-Policy:
      - default-src 'none'; frame-ancestors 'none'
      Content-Type:
      - application/json
      Date:
      - Mon, 03 Jul 2023 20:03:58 GMT
      Server:
      - Scaleway API-Gateway
      Strict-Transport-Security:
      - max-age=63072000
      X-Content-Type-Options:
      - nosniff
      X-Frame-Options:
      - DENY
      X-Request-Id:
      - fb362fdb-90c9-44b6-bff4-1c20a2203066
    status: 200 OK
    code: 200
    duration: ""
- request:
    body: ""
    form: {}
    headers:
      User-Agent:
      - scaleway-sdk-go/v1.0.0-beta.7+dev (go1.20.4; darwin; amd64) terraform-provider/develop
        terraform/terraform-tests
    url: https://api.scaleway.com/lb/v1/zones/fr-par-1/frontends/15bb7cd2-891b-40c8-b005-6ffc732e0c9c/acls?order_by=created_at_asc&page=1
    method: GET
  response:
    body: '{"acls":[],"total_count":0}'
    headers:
      Content-Length:
      - "27"
      Content-Security-Policy:
      - default-src 'none'; frame-ancestors 'none'
      Content-Type:
      - application/json
      Date:
      - Mon, 03 Jul 2023 20:03:58 GMT
      Server:
      - Scaleway API-Gateway
      Strict-Transport-Security:
      - max-age=63072000
      X-Content-Type-Options:
      - nosniff
      X-Frame-Options:
      - DENY
      X-Request-Id:
      - be111ce3-f10d-400c-8f80-b52badf33567
    status: 200 OK
    code: 200
    duration: ""
- request:
    body: ""
    form: {}
    headers:
      User-Agent:
      - scaleway-sdk-go/v1.0.0-beta.7+dev (go1.20.4; darwin; amd64) terraform-provider/develop
        terraform/terraform-tests
    url: https://api.scaleway.com/lb/v1/zones/fr-par-1/frontends/15bb7cd2-891b-40c8-b005-6ffc732e0c9c
    method: GET
  response:
    body: '{"backend":{"created_at":"2023-07-03T20:03:57.178043Z","failover_host":null,"forward_port":80,"forward_port_algorithm":"roundrobin","forward_protocol":"http","health_check":{"check_delay":60000,"check_max_retries":2,"check_send_proxy":false,"check_timeout":30000,"port":80,"tcp_config":{},"transient_check_delay":"0.500s"},"id":"8514c832-f62c-456b-b13e-66614c1ed4e5","ignore_ssl_server_verify":false,"lb":{"backend_count":1,"created_at":"2023-07-03T20:03:26.392985Z","description":"","frontend_count":1,"id":"bf8f965e-bec1-486a-a2e7-0d8fa587b06a","instances":[],"ip":[{"id":"86df9ff8-7a77-492d-9b03-4f6205127499","ip_address":"195.154.197.174","lb_id":"bf8f965e-bec1-486a-a2e7-0d8fa587b06a","organization_id":"564aa517-68b0-4fd7-8c8c-d21c4bcdcbd5","project_id":"564aa517-68b0-4fd7-8c8c-d21c4bcdcbd5","region":"fr-par","reverse":"195-154-197-174.lb.fr-par.scw.cloud","zone":"fr-par-1"}],"name":"test-lb","organization_id":"564aa517-68b0-4fd7-8c8c-d21c4bcdcbd5","private_network_count":0,"project_id":"564aa517-68b0-4fd7-8c8c-d21c4bcdcbd5","region":"fr-par","route_count":0,"ssl_compatibility_level":"ssl_compatibility_level_intermediate","status":"ready","subscriber":null,"tags":[],"type":"lb-s","updated_at":"2023-07-03T20:03:28.566832Z","zone":"fr-par-1"},"max_connections":null,"max_retries":3,"name":"tf-lb-bkd-blissful-kowalevski","on_marked_down_action":"on_marked_down_action_none","pool":[],"proxy_protocol":"proxy_protocol_none","redispatch_attempt_count":null,"send_proxy_v2":false,"ssl_bridging":false,"sticky_sessions":"none","sticky_sessions_cookie_name":"","timeout_connect":5000,"timeout_queue":"0s","timeout_server":300000,"timeout_tunnel":900000,"updated_at":"2023-07-03T20:03:57.178043Z"},"certificate":null,"certificate_ids":[],"created_at":"2023-07-03T20:03:57.927673Z","enable_http3":false,"id":"15bb7cd2-891b-40c8-b005-6ffc732e0c9c","inbound_port":80,"lb":{"backend_count":1,"created_at":"2023-07-03T20:03:26.392985Z","description":"","frontend_count":1,"id":"bf8f965e-bec1-486a-a2e7-0d8fa587b06a","instances":[],"ip":[{"id":"86df9ff8-7a77-492d-9b03-4f6205127499","ip_address":"195.154.197.174","lb_id":"bf8f965e-bec1-486a-a2e7-0d8fa587b06a","organization_id":"564aa517-68b0-4fd7-8c8c-d21c4bcdcbd5","project_id":"564aa517-68b0-4fd7-8c8c-d21c4bcdcbd5","region":"fr-par","reverse":"195-154-197-174.lb.fr-par.scw.cloud","zone":"fr-par-1"}],"name":"test-lb","organization_id":"564aa517-68b0-4fd7-8c8c-d21c4bcdcbd5","private_network_count":0,"project_id":"564aa517-68b0-4fd7-8c8c-d21c4bcdcbd5","region":"fr-par","route_count":0,"ssl_compatibility_level":"ssl_compatibility_level_intermediate","status":"ready","subscriber":null,"tags":[],"type":"lb-s","updated_at":"2023-07-03T20:03:28.566832Z","zone":"fr-par-1"},"name":"tf-lb-frt-great-noyce","timeout_client":null,"updated_at":"2023-07-03T20:03:58.452393Z"}'
    headers:
      Content-Length:
      - "2827"
      Content-Security-Policy:
      - default-src 'none'; frame-ancestors 'none'
      Content-Type:
      - application/json
      Date:
      - Mon, 03 Jul 2023 20:03:58 GMT
      Server:
      - Scaleway API-Gateway
      Strict-Transport-Security:
      - max-age=63072000
      X-Content-Type-Options:
      - nosniff
      X-Frame-Options:
      - DENY
      X-Request-Id:
      - 56944930-8de8-4941-9918-6c8cc06c4667
    status: 200 OK
    code: 200
    duration: ""
- request:
    body: ""
    form: {}
    headers:
      User-Agent:
      - scaleway-sdk-go/v1.0.0-beta.7+dev (go1.20.4; darwin; amd64) terraform-provider/develop
        terraform/terraform-tests
    url: https://api.scaleway.com/lb/v1/zones/fr-par-1/frontends/15bb7cd2-891b-40c8-b005-6ffc732e0c9c/acls?order_by=created_at_asc&page=1
    method: GET
  response:
    body: '{"acls":[],"total_count":0}'
    headers:
      Content-Length:
      - "27"
      Content-Security-Policy:
      - default-src 'none'; frame-ancestors 'none'
      Content-Type:
      - application/json
      Date:
      - Mon, 03 Jul 2023 20:03:58 GMT
      Server:
      - Scaleway API-Gateway
      Strict-Transport-Security:
      - max-age=63072000
      X-Content-Type-Options:
      - nosniff
      X-Frame-Options:
      - DENY
      X-Request-Id:
      - 085ec7b1-f1ca-4bff-b672-eb3f9e487ae7
    status: 200 OK
    code: 200
    duration: ""
- request:
    body: '{"frontend_id":"15bb7cd2-891b-40c8-b005-6ffc732e0c9c","backend_id":"8514c832-f62c-456b-b13e-66614c1ed4e5","match":{"host_header":"host.scaleway.com"}}'
    form: {}
    headers:
      Content-Type:
      - application/json
      User-Agent:
      - scaleway-sdk-go/v1.0.0-beta.7+dev (go1.20.4; darwin; amd64) terraform-provider/develop
        terraform/terraform-tests
    url: https://api.scaleway.com/lb/v1/zones/fr-par-1/routes
    method: POST
  response:
    body: '{"backend_id":"8514c832-f62c-456b-b13e-66614c1ed4e5","created_at":"2023-07-03T20:03:59.133298519Z","frontend_id":"15bb7cd2-891b-40c8-b005-6ffc732e0c9c","id":"e40003f9-9b2f-4014-af75-8499fe03c26c","match":{"host_header":"host.scaleway.com"},"updated_at":"2023-07-03T20:03:59.133298519Z"}'
    headers:
      Content-Length:
      - "286"
      Content-Security-Policy:
      - default-src 'none'; frame-ancestors 'none'
      Content-Type:
      - application/json
      Date:
      - Mon, 03 Jul 2023 20:03:59 GMT
      Server:
      - Scaleway API-Gateway
      Strict-Transport-Security:
      - max-age=63072000
      X-Content-Type-Options:
      - nosniff
      X-Frame-Options:
      - DENY
      X-Request-Id:
      - 10737ced-e9b7-41d2-b30a-6acfc2d049bd
    status: 200 OK
    code: 200
    duration: ""
- request:
    body: ""
    form: {}
    headers:
      User-Agent:
      - scaleway-sdk-go/v1.0.0-beta.7+dev (go1.20.4; darwin; amd64) terraform-provider/develop
        terraform/terraform-tests
    url: https://api.scaleway.com/lb/v1/zones/fr-par-1/routes/e40003f9-9b2f-4014-af75-8499fe03c26c
    method: GET
  response:
    body: '{"backend_id":"8514c832-f62c-456b-b13e-66614c1ed4e5","created_at":"2023-07-03T20:03:59.133299Z","frontend_id":"15bb7cd2-891b-40c8-b005-6ffc732e0c9c","id":"e40003f9-9b2f-4014-af75-8499fe03c26c","match":{"host_header":"host.scaleway.com"},"updated_at":"2023-07-03T20:03:59.133299Z"}'
    headers:
      Content-Length:
      - "280"
      Content-Security-Policy:
      - default-src 'none'; frame-ancestors 'none'
      Content-Type:
      - application/json
      Date:
      - Mon, 03 Jul 2023 20:03:59 GMT
      Server:
      - Scaleway API-Gateway
      Strict-Transport-Security:
      - max-age=63072000
      X-Content-Type-Options:
      - nosniff
      X-Frame-Options:
      - DENY
      X-Request-Id:
      - 633cb2fe-8578-4308-b4f9-fbc9d61b252c
    status: 200 OK
    code: 200
    duration: ""
- request:
    body: ""
    form: {}
    headers:
      User-Agent:
      - scaleway-sdk-go/v1.0.0-beta.7+dev (go1.20.4; darwin; amd64) terraform-provider/develop
        terraform/terraform-tests
    url: https://api.scaleway.com/lb/v1/zones/fr-par-1/routes/e40003f9-9b2f-4014-af75-8499fe03c26c
    method: GET
  response:
    body: '{"backend_id":"8514c832-f62c-456b-b13e-66614c1ed4e5","created_at":"2023-07-03T20:03:59.133299Z","frontend_id":"15bb7cd2-891b-40c8-b005-6ffc732e0c9c","id":"e40003f9-9b2f-4014-af75-8499fe03c26c","match":{"host_header":"host.scaleway.com"},"updated_at":"2023-07-03T20:03:59.133299Z"}'
    headers:
      Content-Length:
      - "280"
      Content-Security-Policy:
      - default-src 'none'; frame-ancestors 'none'
      Content-Type:
      - application/json
      Date:
      - Mon, 03 Jul 2023 20:03:59 GMT
      Server:
      - Scaleway API-Gateway
      Strict-Transport-Security:
      - max-age=63072000
      X-Content-Type-Options:
      - nosniff
      X-Frame-Options:
      - DENY
      X-Request-Id:
      - 9e0bb0e3-8ea5-4f46-9137-333acc6de7f8
    status: 200 OK
    code: 200
    duration: ""
- request:
    body: ""
    form: {}
    headers:
      User-Agent:
      - scaleway-sdk-go/v1.0.0-beta.7+dev (go1.20.4; darwin; amd64) terraform-provider/develop
        terraform/terraform-tests
    url: https://api.scaleway.com/lb/v1/zones/fr-par-1/ips/86df9ff8-7a77-492d-9b03-4f6205127499
    method: GET
  response:
    body: '{"id":"86df9ff8-7a77-492d-9b03-4f6205127499","ip_address":"195.154.197.174","lb_id":"bf8f965e-bec1-486a-a2e7-0d8fa587b06a","organization_id":"564aa517-68b0-4fd7-8c8c-d21c4bcdcbd5","project_id":"564aa517-68b0-4fd7-8c8c-d21c4bcdcbd5","region":"fr-par","reverse":"195-154-197-174.lb.fr-par.scw.cloud","zone":"fr-par-1"}'
    headers:
      Content-Length:
      - "316"
      Content-Security-Policy:
      - default-src 'none'; frame-ancestors 'none'
      Content-Type:
      - application/json
      Date:
      - Mon, 03 Jul 2023 20:03:59 GMT
      Server:
      - Scaleway API-Gateway
      Strict-Transport-Security:
      - max-age=63072000
      X-Content-Type-Options:
      - nosniff
      X-Frame-Options:
      - DENY
      X-Request-Id:
      - 37bad392-2cb1-411f-8253-464b985fce30
    status: 200 OK
    code: 200
    duration: ""
- request:
    body: ""
    form: {}
    headers:
      User-Agent:
      - scaleway-sdk-go/v1.0.0-beta.7+dev (go1.20.4; darwin; amd64) terraform-provider/develop
        terraform/terraform-tests
    url: https://api.scaleway.com/lb/v1/zones/fr-par-1/lbs/bf8f965e-bec1-486a-a2e7-0d8fa587b06a
    method: GET
  response:
    body: '{"backend_count":1,"created_at":"2023-07-03T20:03:26.392985Z","description":"","frontend_count":1,"id":"bf8f965e-bec1-486a-a2e7-0d8fa587b06a","instances":[{"created_at":"2023-07-03T20:02:14.923709Z","id":"c8fc27d9-e5b2-478a-a8ff-b06a121b12b2","ip_address":"10.76.120.69","region":"fr-par","status":"ready","updated_at":"2023-07-03T20:03:59.460201Z","zone":"fr-par-1"}],"ip":[{"id":"86df9ff8-7a77-492d-9b03-4f6205127499","ip_address":"195.154.197.174","lb_id":"bf8f965e-bec1-486a-a2e7-0d8fa587b06a","organization_id":"564aa517-68b0-4fd7-8c8c-d21c4bcdcbd5","project_id":"564aa517-68b0-4fd7-8c8c-d21c4bcdcbd5","region":"fr-par","reverse":"195-154-197-174.lb.fr-par.scw.cloud","zone":"fr-par-1"}],"name":"test-lb","organization_id":"564aa517-68b0-4fd7-8c8c-d21c4bcdcbd5","private_network_count":0,"project_id":"564aa517-68b0-4fd7-8c8c-d21c4bcdcbd5","region":"fr-par","route_count":1,"ssl_compatibility_level":"ssl_compatibility_level_intermediate","status":"ready","subscriber":null,"tags":[],"type":"lb-s","updated_at":"2023-07-03T20:03:28.566832Z","zone":"fr-par-1"}'
    headers:
      Content-Length:
      - "1064"
      Content-Security-Policy:
      - default-src 'none'; frame-ancestors 'none'
      Content-Type:
      - application/json
      Date:
      - Mon, 03 Jul 2023 20:04:00 GMT
      Server:
      - Scaleway API-Gateway
      Strict-Transport-Security:
      - max-age=63072000
      X-Content-Type-Options:
      - nosniff
      X-Frame-Options:
      - DENY
      X-Request-Id:
      - c3713b19-a609-4bed-9592-cd5a83ccaacf
    status: 200 OK
    code: 200
    duration: ""
- request:
    body: ""
    form: {}
    headers:
      User-Agent:
      - scaleway-sdk-go/v1.0.0-beta.7+dev (go1.20.4; darwin; amd64) terraform-provider/develop
        terraform/terraform-tests
    url: https://api.scaleway.com/lb/v1/zones/fr-par-1/lbs/bf8f965e-bec1-486a-a2e7-0d8fa587b06a
    method: GET
  response:
    body: '{"backend_count":1,"created_at":"2023-07-03T20:03:26.392985Z","description":"","frontend_count":1,"id":"bf8f965e-bec1-486a-a2e7-0d8fa587b06a","instances":[{"created_at":"2023-07-03T20:02:14.923709Z","id":"c8fc27d9-e5b2-478a-a8ff-b06a121b12b2","ip_address":"10.76.120.69","region":"fr-par","status":"ready","updated_at":"2023-07-03T20:03:59.460201Z","zone":"fr-par-1"}],"ip":[{"id":"86df9ff8-7a77-492d-9b03-4f6205127499","ip_address":"195.154.197.174","lb_id":"bf8f965e-bec1-486a-a2e7-0d8fa587b06a","organization_id":"564aa517-68b0-4fd7-8c8c-d21c4bcdcbd5","project_id":"564aa517-68b0-4fd7-8c8c-d21c4bcdcbd5","region":"fr-par","reverse":"195-154-197-174.lb.fr-par.scw.cloud","zone":"fr-par-1"}],"name":"test-lb","organization_id":"564aa517-68b0-4fd7-8c8c-d21c4bcdcbd5","private_network_count":0,"project_id":"564aa517-68b0-4fd7-8c8c-d21c4bcdcbd5","region":"fr-par","route_count":1,"ssl_compatibility_level":"ssl_compatibility_level_intermediate","status":"ready","subscriber":null,"tags":[],"type":"lb-s","updated_at":"2023-07-03T20:03:28.566832Z","zone":"fr-par-1"}'
    headers:
      Content-Length:
      - "1064"
      Content-Security-Policy:
      - default-src 'none'; frame-ancestors 'none'
      Content-Type:
      - application/json
      Date:
      - Mon, 03 Jul 2023 20:04:00 GMT
      Server:
      - Scaleway API-Gateway
      Strict-Transport-Security:
      - max-age=63072000
      X-Content-Type-Options:
      - nosniff
      X-Frame-Options:
      - DENY
      X-Request-Id:
      - 13957cdf-3a10-411f-81f1-b695b99d1b20
    status: 200 OK
    code: 200
    duration: ""
- request:
    body: ""
    form: {}
    headers:
      User-Agent:
      - scaleway-sdk-go/v1.0.0-beta.7+dev (go1.20.4; darwin; amd64) terraform-provider/develop
        terraform/terraform-tests
    url: https://api.scaleway.com/lb/v1/zones/fr-par-1/lbs/bf8f965e-bec1-486a-a2e7-0d8fa587b06a/private-networks?order_by=created_at_asc
    method: GET
  response:
    body: '{"private_network":[],"total_count":0}'
    headers:
      Content-Length:
      - "38"
      Content-Security-Policy:
      - default-src 'none'; frame-ancestors 'none'
      Content-Type:
      - application/json
      Date:
      - Mon, 03 Jul 2023 20:04:00 GMT
      Server:
      - Scaleway API-Gateway
      Strict-Transport-Security:
      - max-age=63072000
      X-Content-Type-Options:
      - nosniff
      X-Frame-Options:
      - DENY
      X-Request-Id:
      - d7bcccca-2800-41fc-b1ae-3be1d6cf0766
    status: 200 OK
    code: 200
    duration: ""
- request:
    body: ""
    form: {}
    headers:
      User-Agent:
      - scaleway-sdk-go/v1.0.0-beta.7+dev (go1.20.4; darwin; amd64) terraform-provider/develop
        terraform/terraform-tests
    url: https://api.scaleway.com/lb/v1/zones/fr-par-1/backends/8514c832-f62c-456b-b13e-66614c1ed4e5
    method: GET
  response:
    body: '{"created_at":"2023-07-03T20:03:57.178043Z","failover_host":null,"forward_port":80,"forward_port_algorithm":"roundrobin","forward_protocol":"http","health_check":{"check_delay":60000,"check_max_retries":2,"check_send_proxy":false,"check_timeout":30000,"port":80,"tcp_config":{},"transient_check_delay":"0.500s"},"id":"8514c832-f62c-456b-b13e-66614c1ed4e5","ignore_ssl_server_verify":false,"lb":{"backend_count":1,"created_at":"2023-07-03T20:03:26.392985Z","description":"","frontend_count":1,"id":"bf8f965e-bec1-486a-a2e7-0d8fa587b06a","instances":[{"created_at":"2023-07-03T20:02:14.923709Z","id":"c8fc27d9-e5b2-478a-a8ff-b06a121b12b2","ip_address":"10.76.120.69","region":"fr-par","status":"ready","updated_at":"2023-07-03T20:03:59.460201Z","zone":"fr-par-1"}],"ip":[{"id":"86df9ff8-7a77-492d-9b03-4f6205127499","ip_address":"195.154.197.174","lb_id":"bf8f965e-bec1-486a-a2e7-0d8fa587b06a","organization_id":"564aa517-68b0-4fd7-8c8c-d21c4bcdcbd5","project_id":"564aa517-68b0-4fd7-8c8c-d21c4bcdcbd5","region":"fr-par","reverse":"195-154-197-174.lb.fr-par.scw.cloud","zone":"fr-par-1"}],"name":"test-lb","organization_id":"564aa517-68b0-4fd7-8c8c-d21c4bcdcbd5","private_network_count":0,"project_id":"564aa517-68b0-4fd7-8c8c-d21c4bcdcbd5","region":"fr-par","route_count":1,"ssl_compatibility_level":"ssl_compatibility_level_intermediate","status":"ready","subscriber":null,"tags":[],"type":"lb-s","updated_at":"2023-07-03T20:03:28.566832Z","zone":"fr-par-1"},"max_connections":null,"max_retries":3,"name":"tf-lb-bkd-blissful-kowalevski","on_marked_down_action":"on_marked_down_action_none","pool":[],"proxy_protocol":"proxy_protocol_none","redispatch_attempt_count":null,"send_proxy_v2":false,"ssl_bridging":false,"sticky_sessions":"none","sticky_sessions_cookie_name":"","timeout_connect":5000,"timeout_queue":"0s","timeout_server":300000,"timeout_tunnel":900000,"updated_at":"2023-07-03T20:03:57.178043Z"}'
    headers:
      Content-Length:
      - "1907"
      Content-Security-Policy:
      - default-src 'none'; frame-ancestors 'none'
      Content-Type:
      - application/json
      Date:
      - Mon, 03 Jul 2023 20:04:00 GMT
      Server:
      - Scaleway API-Gateway
      Strict-Transport-Security:
      - max-age=63072000
      X-Content-Type-Options:
      - nosniff
      X-Frame-Options:
      - DENY
      X-Request-Id:
      - 0cc9ee7e-4bdf-474f-adb6-413ee295471f
    status: 200 OK
    code: 200
    duration: ""
- request:
    body: ""
    form: {}
    headers:
      User-Agent:
      - scaleway-sdk-go/v1.0.0-beta.7+dev (go1.20.4; darwin; amd64) terraform-provider/develop
        terraform/terraform-tests
    url: https://api.scaleway.com/lb/v1/zones/fr-par-1/lbs/bf8f965e-bec1-486a-a2e7-0d8fa587b06a
    method: GET
  response:
    body: '{"backend_count":1,"created_at":"2023-07-03T20:03:26.392985Z","description":"","frontend_count":1,"id":"bf8f965e-bec1-486a-a2e7-0d8fa587b06a","instances":[{"created_at":"2023-07-03T20:02:14.923709Z","id":"c8fc27d9-e5b2-478a-a8ff-b06a121b12b2","ip_address":"10.76.120.69","region":"fr-par","status":"ready","updated_at":"2023-07-03T20:03:59.460201Z","zone":"fr-par-1"}],"ip":[{"id":"86df9ff8-7a77-492d-9b03-4f6205127499","ip_address":"195.154.197.174","lb_id":"bf8f965e-bec1-486a-a2e7-0d8fa587b06a","organization_id":"564aa517-68b0-4fd7-8c8c-d21c4bcdcbd5","project_id":"564aa517-68b0-4fd7-8c8c-d21c4bcdcbd5","region":"fr-par","reverse":"195-154-197-174.lb.fr-par.scw.cloud","zone":"fr-par-1"}],"name":"test-lb","organization_id":"564aa517-68b0-4fd7-8c8c-d21c4bcdcbd5","private_network_count":0,"project_id":"564aa517-68b0-4fd7-8c8c-d21c4bcdcbd5","region":"fr-par","route_count":1,"ssl_compatibility_level":"ssl_compatibility_level_intermediate","status":"ready","subscriber":null,"tags":[],"type":"lb-s","updated_at":"2023-07-03T20:03:28.566832Z","zone":"fr-par-1"}'
    headers:
      Content-Length:
      - "1064"
      Content-Security-Policy:
      - default-src 'none'; frame-ancestors 'none'
      Content-Type:
      - application/json
      Date:
      - Mon, 03 Jul 2023 20:04:00 GMT
      Server:
      - Scaleway API-Gateway
      Strict-Transport-Security:
      - max-age=63072000
      X-Content-Type-Options:
      - nosniff
      X-Frame-Options:
      - DENY
      X-Request-Id:
      - cf56eded-8c11-46fb-8769-e7babd08d72a
    status: 200 OK
    code: 200
    duration: ""
- request:
    body: ""
    form: {}
    headers:
      User-Agent:
      - scaleway-sdk-go/v1.0.0-beta.7+dev (go1.20.4; darwin; amd64) terraform-provider/develop
        terraform/terraform-tests
    url: https://api.scaleway.com/lb/v1/zones/fr-par-1/frontends/15bb7cd2-891b-40c8-b005-6ffc732e0c9c
    method: GET
  response:
    body: '{"backend":{"created_at":"2023-07-03T20:03:57.178043Z","failover_host":null,"forward_port":80,"forward_port_algorithm":"roundrobin","forward_protocol":"http","health_check":{"check_delay":60000,"check_max_retries":2,"check_send_proxy":false,"check_timeout":30000,"port":80,"tcp_config":{},"transient_check_delay":"0.500s"},"id":"8514c832-f62c-456b-b13e-66614c1ed4e5","ignore_ssl_server_verify":false,"lb":{"backend_count":1,"created_at":"2023-07-03T20:03:26.392985Z","description":"","frontend_count":1,"id":"bf8f965e-bec1-486a-a2e7-0d8fa587b06a","instances":[],"ip":[{"id":"86df9ff8-7a77-492d-9b03-4f6205127499","ip_address":"195.154.197.174","lb_id":"bf8f965e-bec1-486a-a2e7-0d8fa587b06a","organization_id":"564aa517-68b0-4fd7-8c8c-d21c4bcdcbd5","project_id":"564aa517-68b0-4fd7-8c8c-d21c4bcdcbd5","region":"fr-par","reverse":"195-154-197-174.lb.fr-par.scw.cloud","zone":"fr-par-1"}],"name":"test-lb","organization_id":"564aa517-68b0-4fd7-8c8c-d21c4bcdcbd5","private_network_count":0,"project_id":"564aa517-68b0-4fd7-8c8c-d21c4bcdcbd5","region":"fr-par","route_count":1,"ssl_compatibility_level":"ssl_compatibility_level_intermediate","status":"ready","subscriber":null,"tags":[],"type":"lb-s","updated_at":"2023-07-03T20:03:28.566832Z","zone":"fr-par-1"},"max_connections":null,"max_retries":3,"name":"tf-lb-bkd-blissful-kowalevski","on_marked_down_action":"on_marked_down_action_none","pool":[],"proxy_protocol":"proxy_protocol_none","redispatch_attempt_count":null,"send_proxy_v2":false,"ssl_bridging":false,"sticky_sessions":"none","sticky_sessions_cookie_name":"","timeout_connect":5000,"timeout_queue":"0s","timeout_server":300000,"timeout_tunnel":900000,"updated_at":"2023-07-03T20:03:57.178043Z"},"certificate":null,"certificate_ids":[],"created_at":"2023-07-03T20:03:57.927673Z","enable_http3":false,"id":"15bb7cd2-891b-40c8-b005-6ffc732e0c9c","inbound_port":80,"lb":{"backend_count":1,"created_at":"2023-07-03T20:03:26.392985Z","description":"","frontend_count":1,"id":"bf8f965e-bec1-486a-a2e7-0d8fa587b06a","instances":[],"ip":[{"id":"86df9ff8-7a77-492d-9b03-4f6205127499","ip_address":"195.154.197.174","lb_id":"bf8f965e-bec1-486a-a2e7-0d8fa587b06a","organization_id":"564aa517-68b0-4fd7-8c8c-d21c4bcdcbd5","project_id":"564aa517-68b0-4fd7-8c8c-d21c4bcdcbd5","region":"fr-par","reverse":"195-154-197-174.lb.fr-par.scw.cloud","zone":"fr-par-1"}],"name":"test-lb","organization_id":"564aa517-68b0-4fd7-8c8c-d21c4bcdcbd5","private_network_count":0,"project_id":"564aa517-68b0-4fd7-8c8c-d21c4bcdcbd5","region":"fr-par","route_count":1,"ssl_compatibility_level":"ssl_compatibility_level_intermediate","status":"ready","subscriber":null,"tags":[],"type":"lb-s","updated_at":"2023-07-03T20:03:28.566832Z","zone":"fr-par-1"},"name":"tf-lb-frt-great-noyce","timeout_client":null,"updated_at":"2023-07-03T20:03:58.452393Z"}'
    headers:
      Content-Length:
      - "2827"
      Content-Security-Policy:
      - default-src 'none'; frame-ancestors 'none'
      Content-Type:
      - application/json
      Date:
      - Mon, 03 Jul 2023 20:04:00 GMT
      Server:
      - Scaleway API-Gateway
      Strict-Transport-Security:
      - max-age=63072000
      X-Content-Type-Options:
      - nosniff
      X-Frame-Options:
      - DENY
      X-Request-Id:
      - fcecfc2a-27f3-4e82-96dd-79e301386442
    status: 200 OK
    code: 200
    duration: ""
- request:
    body: ""
    form: {}
    headers:
      User-Agent:
      - scaleway-sdk-go/v1.0.0-beta.7+dev (go1.20.4; darwin; amd64) terraform-provider/develop
        terraform/terraform-tests
    url: https://api.scaleway.com/lb/v1/zones/fr-par-1/frontends/15bb7cd2-891b-40c8-b005-6ffc732e0c9c/acls?order_by=created_at_asc&page=1
    method: GET
  response:
    body: '{"acls":[],"total_count":0}'
    headers:
      Content-Length:
      - "27"
      Content-Security-Policy:
      - default-src 'none'; frame-ancestors 'none'
      Content-Type:
      - application/json
      Date:
      - Mon, 03 Jul 2023 20:04:00 GMT
      Server:
      - Scaleway API-Gateway
      Strict-Transport-Security:
      - max-age=63072000
      X-Content-Type-Options:
      - nosniff
      X-Frame-Options:
      - DENY
      X-Request-Id:
      - 73ba9786-f56b-4eca-9db1-0e767d64b879
    status: 200 OK
    code: 200
    duration: ""
- request:
    body: ""
    form: {}
    headers:
      User-Agent:
      - scaleway-sdk-go/v1.0.0-beta.7+dev (go1.20.4; darwin; amd64) terraform-provider/develop
        terraform/terraform-tests
    url: https://api.scaleway.com/lb/v1/zones/fr-par-1/routes/e40003f9-9b2f-4014-af75-8499fe03c26c
    method: GET
  response:
    body: '{"backend_id":"8514c832-f62c-456b-b13e-66614c1ed4e5","created_at":"2023-07-03T20:03:59.133299Z","frontend_id":"15bb7cd2-891b-40c8-b005-6ffc732e0c9c","id":"e40003f9-9b2f-4014-af75-8499fe03c26c","match":{"host_header":"host.scaleway.com"},"updated_at":"2023-07-03T20:03:59.133299Z"}'
    headers:
      Content-Length:
      - "280"
      Content-Security-Policy:
      - default-src 'none'; frame-ancestors 'none'
      Content-Type:
      - application/json
      Date:
      - Mon, 03 Jul 2023 20:04:00 GMT
      Server:
      - Scaleway API-Gateway
      Strict-Transport-Security:
      - max-age=63072000
      X-Content-Type-Options:
      - nosniff
      X-Frame-Options:
      - DENY
      X-Request-Id:
      - d3647fb3-3d1c-4426-9908-ceb7e8433afa
    status: 200 OK
    code: 200
    duration: ""
- request:
    body: ""
    form: {}
    headers:
      User-Agent:
      - scaleway-sdk-go/v1.0.0-beta.7+dev (go1.20.4; darwin; amd64) terraform-provider/develop
        terraform/terraform-tests
    url: https://api.scaleway.com/lb/v1/zones/fr-par-1/routes/e40003f9-9b2f-4014-af75-8499fe03c26c
    method: DELETE
  response:
    body: ""
    headers:
      Content-Security-Policy:
      - default-src 'none'; frame-ancestors 'none'
      Content-Type:
      - application/json
      Date:
      - Mon, 03 Jul 2023 20:04:01 GMT
      Server:
      - Scaleway API-Gateway
      Strict-Transport-Security:
      - max-age=63072000
      X-Content-Type-Options:
      - nosniff
      X-Frame-Options:
      - DENY
      X-Request-Id:
      - 7312bb5f-4610-4dfc-a6a7-d840fd8ebf2b
    status: 204 No Content
    code: 204
    duration: ""
- request:
    body: ""
    form: {}
    headers:
      User-Agent:
      - scaleway-sdk-go/v1.0.0-beta.7+dev (go1.20.4; darwin; amd64) terraform-provider/develop
        terraform/terraform-tests
    url: https://api.scaleway.com/lb/v1/zones/fr-par-1/frontends/15bb7cd2-891b-40c8-b005-6ffc732e0c9c
    method: DELETE
  response:
    body: ""
    headers:
      Content-Security-Policy:
      - default-src 'none'; frame-ancestors 'none'
      Content-Type:
      - application/json
      Date:
      - Mon, 03 Jul 2023 20:04:01 GMT
      Server:
      - Scaleway API-Gateway
      Strict-Transport-Security:
      - max-age=63072000
      X-Content-Type-Options:
      - nosniff
      X-Frame-Options:
      - DENY
      X-Request-Id:
      - 1eb69f05-3409-45c0-91a3-b60810542157
    status: 204 No Content
    code: 204
    duration: ""
- request:
    body: ""
    form: {}
    headers:
      User-Agent:
      - scaleway-sdk-go/v1.0.0-beta.7+dev (go1.20.4; darwin; amd64) terraform-provider/develop
        terraform/terraform-tests
    url: https://api.scaleway.com/lb/v1/zones/fr-par-1/lbs/bf8f965e-bec1-486a-a2e7-0d8fa587b06a
    method: GET
  response:
    body: '{"backend_count":1,"created_at":"2023-07-03T20:03:26.392985Z","description":"","frontend_count":0,"id":"bf8f965e-bec1-486a-a2e7-0d8fa587b06a","instances":[{"created_at":"2023-07-03T20:02:14.923709Z","id":"c8fc27d9-e5b2-478a-a8ff-b06a121b12b2","ip_address":"10.76.120.69","region":"fr-par","status":"ready","updated_at":"2023-07-03T20:04:01.577043Z","zone":"fr-par-1"}],"ip":[{"id":"86df9ff8-7a77-492d-9b03-4f6205127499","ip_address":"195.154.197.174","lb_id":"bf8f965e-bec1-486a-a2e7-0d8fa587b06a","organization_id":"564aa517-68b0-4fd7-8c8c-d21c4bcdcbd5","project_id":"564aa517-68b0-4fd7-8c8c-d21c4bcdcbd5","region":"fr-par","reverse":"195-154-197-174.lb.fr-par.scw.cloud","zone":"fr-par-1"}],"name":"test-lb","organization_id":"564aa517-68b0-4fd7-8c8c-d21c4bcdcbd5","private_network_count":0,"project_id":"564aa517-68b0-4fd7-8c8c-d21c4bcdcbd5","region":"fr-par","route_count":0,"ssl_compatibility_level":"ssl_compatibility_level_intermediate","status":"ready","subscriber":null,"tags":[],"type":"lb-s","updated_at":"2023-07-03T20:03:28.566832Z","zone":"fr-par-1"}'
    headers:
      Content-Length:
      - "1064"
      Content-Security-Policy:
      - default-src 'none'; frame-ancestors 'none'
      Content-Type:
      - application/json
      Date:
      - Mon, 03 Jul 2023 20:04:01 GMT
      Server:
      - Scaleway API-Gateway
      Strict-Transport-Security:
      - max-age=63072000
      X-Content-Type-Options:
      - nosniff
      X-Frame-Options:
      - DENY
      X-Request-Id:
      - e6a1a2cc-9033-4ead-986f-9c73c8d4b2b4
    status: 200 OK
    code: 200
    duration: ""
- request:
    body: ""
    form: {}
    headers:
      User-Agent:
      - scaleway-sdk-go/v1.0.0-beta.7+dev (go1.20.4; darwin; amd64) terraform-provider/develop
        terraform/terraform-tests
    url: https://api.scaleway.com/lb/v1/zones/fr-par-1/lbs/bf8f965e-bec1-486a-a2e7-0d8fa587b06a
    method: GET
  response:
    body: '{"backend_count":1,"created_at":"2023-07-03T20:03:26.392985Z","description":"","frontend_count":0,"id":"bf8f965e-bec1-486a-a2e7-0d8fa587b06a","instances":[{"created_at":"2023-07-03T20:02:14.923709Z","id":"c8fc27d9-e5b2-478a-a8ff-b06a121b12b2","ip_address":"10.76.120.69","region":"fr-par","status":"ready","updated_at":"2023-07-03T20:04:01.577043Z","zone":"fr-par-1"}],"ip":[{"id":"86df9ff8-7a77-492d-9b03-4f6205127499","ip_address":"195.154.197.174","lb_id":"bf8f965e-bec1-486a-a2e7-0d8fa587b06a","organization_id":"564aa517-68b0-4fd7-8c8c-d21c4bcdcbd5","project_id":"564aa517-68b0-4fd7-8c8c-d21c4bcdcbd5","region":"fr-par","reverse":"195-154-197-174.lb.fr-par.scw.cloud","zone":"fr-par-1"}],"name":"test-lb","organization_id":"564aa517-68b0-4fd7-8c8c-d21c4bcdcbd5","private_network_count":0,"project_id":"564aa517-68b0-4fd7-8c8c-d21c4bcdcbd5","region":"fr-par","route_count":0,"ssl_compatibility_level":"ssl_compatibility_level_intermediate","status":"ready","subscriber":null,"tags":[],"type":"lb-s","updated_at":"2023-07-03T20:03:28.566832Z","zone":"fr-par-1"}'
    headers:
      Content-Length:
      - "1064"
      Content-Security-Policy:
      - default-src 'none'; frame-ancestors 'none'
      Content-Type:
      - application/json
      Date:
      - Mon, 03 Jul 2023 20:04:01 GMT
      Server:
      - Scaleway API-Gateway
      Strict-Transport-Security:
      - max-age=63072000
      X-Content-Type-Options:
      - nosniff
      X-Frame-Options:
      - DENY
      X-Request-Id:
      - 554f0ad0-b786-46f7-8297-f0a8ede5befd
    status: 200 OK
    code: 200
    duration: ""
- request:
    body: ""
    form: {}
    headers:
      User-Agent:
      - scaleway-sdk-go/v1.0.0-beta.7+dev (go1.20.4; darwin; amd64) terraform-provider/develop
        terraform/terraform-tests
    url: https://api.scaleway.com/lb/v1/zones/fr-par-1/backends/8514c832-f62c-456b-b13e-66614c1ed4e5
    method: DELETE
  response:
    body: ""
    headers:
      Content-Security-Policy:
      - default-src 'none'; frame-ancestors 'none'
      Content-Type:
      - application/json
      Date:
      - Mon, 03 Jul 2023 20:04:02 GMT
      Server:
      - Scaleway API-Gateway
      Strict-Transport-Security:
      - max-age=63072000
      X-Content-Type-Options:
      - nosniff
      X-Frame-Options:
      - DENY
      X-Request-Id:
      - 509f99a1-bd53-4e7a-b921-2e091181c215
    status: 204 No Content
    code: 204
    duration: ""
- request:
    body: ""
    form: {}
    headers:
      User-Agent:
      - scaleway-sdk-go/v1.0.0-beta.7+dev (go1.20.4; darwin; amd64) terraform-provider/develop
        terraform/terraform-tests
    url: https://api.scaleway.com/lb/v1/zones/fr-par-1/lbs/bf8f965e-bec1-486a-a2e7-0d8fa587b06a
    method: GET
  response:
    body: '{"backend_count":0,"created_at":"2023-07-03T20:03:26.392985Z","description":"","frontend_count":0,"id":"bf8f965e-bec1-486a-a2e7-0d8fa587b06a","instances":[{"created_at":"2023-07-03T20:02:14.923709Z","id":"c8fc27d9-e5b2-478a-a8ff-b06a121b12b2","ip_address":"10.76.120.69","region":"fr-par","status":"ready","updated_at":"2023-07-03T20:04:02.212187Z","zone":"fr-par-1"}],"ip":[{"id":"86df9ff8-7a77-492d-9b03-4f6205127499","ip_address":"195.154.197.174","lb_id":"bf8f965e-bec1-486a-a2e7-0d8fa587b06a","organization_id":"564aa517-68b0-4fd7-8c8c-d21c4bcdcbd5","project_id":"564aa517-68b0-4fd7-8c8c-d21c4bcdcbd5","region":"fr-par","reverse":"195-154-197-174.lb.fr-par.scw.cloud","zone":"fr-par-1"}],"name":"test-lb","organization_id":"564aa517-68b0-4fd7-8c8c-d21c4bcdcbd5","private_network_count":0,"project_id":"564aa517-68b0-4fd7-8c8c-d21c4bcdcbd5","region":"fr-par","route_count":0,"ssl_compatibility_level":"ssl_compatibility_level_intermediate","status":"ready","subscriber":null,"tags":[],"type":"lb-s","updated_at":"2023-07-03T20:03:28.566832Z","zone":"fr-par-1"}'
    headers:
      Content-Length:
      - "1064"
      Content-Security-Policy:
      - default-src 'none'; frame-ancestors 'none'
      Content-Type:
      - application/json
      Date:
      - Mon, 03 Jul 2023 20:04:02 GMT
      Server:
      - Scaleway API-Gateway
      Strict-Transport-Security:
      - max-age=63072000
      X-Content-Type-Options:
      - nosniff
      X-Frame-Options:
      - DENY
      X-Request-Id:
      - 30968083-9a2b-4c09-b0a3-ae373e44f9c0
    status: 200 OK
    code: 200
    duration: ""
- request:
    body: ""
    form: {}
    headers:
      User-Agent:
      - scaleway-sdk-go/v1.0.0-beta.7+dev (go1.20.4; darwin; amd64) terraform-provider/develop
        terraform/terraform-tests
    url: https://api.scaleway.com/lb/v1/zones/fr-par-1/lbs/bf8f965e-bec1-486a-a2e7-0d8fa587b06a
    method: GET
  response:
    body: '{"backend_count":0,"created_at":"2023-07-03T20:03:26.392985Z","description":"","frontend_count":0,"id":"bf8f965e-bec1-486a-a2e7-0d8fa587b06a","instances":[{"created_at":"2023-07-03T20:02:14.923709Z","id":"c8fc27d9-e5b2-478a-a8ff-b06a121b12b2","ip_address":"10.76.120.69","region":"fr-par","status":"ready","updated_at":"2023-07-03T20:04:02.212187Z","zone":"fr-par-1"}],"ip":[{"id":"86df9ff8-7a77-492d-9b03-4f6205127499","ip_address":"195.154.197.174","lb_id":"bf8f965e-bec1-486a-a2e7-0d8fa587b06a","organization_id":"564aa517-68b0-4fd7-8c8c-d21c4bcdcbd5","project_id":"564aa517-68b0-4fd7-8c8c-d21c4bcdcbd5","region":"fr-par","reverse":"195-154-197-174.lb.fr-par.scw.cloud","zone":"fr-par-1"}],"name":"test-lb","organization_id":"564aa517-68b0-4fd7-8c8c-d21c4bcdcbd5","private_network_count":0,"project_id":"564aa517-68b0-4fd7-8c8c-d21c4bcdcbd5","region":"fr-par","route_count":0,"ssl_compatibility_level":"ssl_compatibility_level_intermediate","status":"ready","subscriber":null,"tags":[],"type":"lb-s","updated_at":"2023-07-03T20:03:28.566832Z","zone":"fr-par-1"}'
    headers:
      Content-Length:
      - "1064"
      Content-Security-Policy:
      - default-src 'none'; frame-ancestors 'none'
      Content-Type:
      - application/json
      Date:
      - Mon, 03 Jul 2023 20:04:02 GMT
      Server:
      - Scaleway API-Gateway
      Strict-Transport-Security:
      - max-age=63072000
      X-Content-Type-Options:
      - nosniff
      X-Frame-Options:
      - DENY
      X-Request-Id:
      - 1162d3ee-1e4f-47ba-8f89-3678404b9909
    status: 200 OK
    code: 200
    duration: ""
- request:
    body: ""
    form: {}
    headers:
      User-Agent:
      - scaleway-sdk-go/v1.0.0-beta.7+dev (go1.20.4; darwin; amd64) terraform-provider/develop
        terraform/terraform-tests
    url: https://api.scaleway.com/lb/v1/zones/fr-par-1/lbs/bf8f965e-bec1-486a-a2e7-0d8fa587b06a?release_ip=false
    method: DELETE
  response:
    body: ""
    headers:
      Content-Security-Policy:
      - default-src 'none'; frame-ancestors 'none'
      Content-Type:
      - application/json
      Date:
      - Mon, 03 Jul 2023 20:04:02 GMT
      Server:
      - Scaleway API-Gateway
      Strict-Transport-Security:
      - max-age=63072000
      X-Content-Type-Options:
      - nosniff
      X-Frame-Options:
      - DENY
      X-Request-Id:
      - 35e549eb-6a2f-4db8-9b86-c5fbf803c4c8
    status: 204 No Content
    code: 204
    duration: ""
- request:
    body: ""
    form: {}
    headers:
      User-Agent:
      - scaleway-sdk-go/v1.0.0-beta.7+dev (go1.20.4; darwin; amd64) terraform-provider/develop
        terraform/terraform-tests
    url: https://api.scaleway.com/lb/v1/zones/fr-par-1/lbs/bf8f965e-bec1-486a-a2e7-0d8fa587b06a
    method: GET
  response:
    body: '{"backend_count":0,"created_at":"2023-07-03T20:03:26.392985Z","description":"","frontend_count":0,"id":"bf8f965e-bec1-486a-a2e7-0d8fa587b06a","instances":[{"created_at":"2023-07-03T20:02:14.923709Z","id":"c8fc27d9-e5b2-478a-a8ff-b06a121b12b2","ip_address":"10.76.120.69","region":"fr-par","status":"ready","updated_at":"2023-07-03T20:04:02.212187Z","zone":"fr-par-1"}],"ip":[{"id":"86df9ff8-7a77-492d-9b03-4f6205127499","ip_address":"195.154.197.174","lb_id":"bf8f965e-bec1-486a-a2e7-0d8fa587b06a","organization_id":"564aa517-68b0-4fd7-8c8c-d21c4bcdcbd5","project_id":"564aa517-68b0-4fd7-8c8c-d21c4bcdcbd5","region":"fr-par","reverse":"195-154-197-174.lb.fr-par.scw.cloud","zone":"fr-par-1"}],"name":"test-lb","organization_id":"564aa517-68b0-4fd7-8c8c-d21c4bcdcbd5","private_network_count":0,"project_id":"564aa517-68b0-4fd7-8c8c-d21c4bcdcbd5","region":"fr-par","route_count":0,"ssl_compatibility_level":"ssl_compatibility_level_intermediate","status":"to_delete","subscriber":null,"tags":[],"type":"lb-s","updated_at":"2023-07-03T20:04:02.455697Z","zone":"fr-par-1"}'
    headers:
      Content-Length:
      - "1068"
      Content-Security-Policy:
      - default-src 'none'; frame-ancestors 'none'
      Content-Type:
      - application/json
      Date:
      - Mon, 03 Jul 2023 20:04:02 GMT
      Server:
      - Scaleway API-Gateway
      Strict-Transport-Security:
      - max-age=63072000
      X-Content-Type-Options:
      - nosniff
      X-Frame-Options:
      - DENY
      X-Request-Id:
      - dd776d42-7bab-4f05-b58a-e4db5ff2f108
    status: 200 OK
    code: 200
    duration: ""
- request:
    body: ""
    form: {}
    headers:
      User-Agent:
      - scaleway-sdk-go/v1.0.0-beta.7+dev (go1.20.4; darwin; amd64) terraform-provider/develop
        terraform/terraform-tests
    url: https://api.scaleway.com/lb/v1/zones/fr-par-1/lbs/bf8f965e-bec1-486a-a2e7-0d8fa587b06a
    method: GET
  response:
    body: '{"message":"lbs not Found"}'
    headers:
      Content-Length:
      - "27"
      Content-Security-Policy:
      - default-src 'none'; frame-ancestors 'none'
      Content-Type:
      - application/json
      Date:
      - Mon, 03 Jul 2023 20:04:32 GMT
      Server:
      - Scaleway API-Gateway
      Strict-Transport-Security:
      - max-age=63072000
      X-Content-Type-Options:
      - nosniff
      X-Frame-Options:
      - DENY
      X-Request-Id:
      - f434226d-9751-40d6-906e-f96ec8a16c48
    status: 404 Not Found
    code: 404
    duration: ""
- request:
    body: ""
    form: {}
    headers:
      User-Agent:
      - scaleway-sdk-go/v1.0.0-beta.7+dev (go1.20.4; darwin; amd64) terraform-provider/develop
        terraform/terraform-tests
    url: https://api.scaleway.com/lb/v1/zones/fr-par-1/lbs/bf8f965e-bec1-486a-a2e7-0d8fa587b06a
    method: GET
  response:
    body: '{"message":"lbs not Found"}'
    headers:
      Content-Length:
      - "27"
      Content-Security-Policy:
      - default-src 'none'; frame-ancestors 'none'
      Content-Type:
      - application/json
      Date:
      - Mon, 03 Jul 2023 20:04:32 GMT
      Server:
      - Scaleway API-Gateway
      Strict-Transport-Security:
      - max-age=63072000
      X-Content-Type-Options:
      - nosniff
      X-Frame-Options:
      - DENY
      X-Request-Id:
      - 97df98a9-8788-4e3c-865b-2247f2a6f264
    status: 404 Not Found
    code: 404
    duration: ""
- request:
    body: ""
    form: {}
    headers:
      User-Agent:
      - scaleway-sdk-go/v1.0.0-beta.7+dev (go1.20.4; darwin; amd64) terraform-provider/develop
        terraform/terraform-tests
    url: https://api.scaleway.com/lb/v1/zones/fr-par-1/ips/86df9ff8-7a77-492d-9b03-4f6205127499
    method: GET
  response:
    body: '{"id":"86df9ff8-7a77-492d-9b03-4f6205127499","ip_address":"195.154.197.174","lb_id":null,"organization_id":"564aa517-68b0-4fd7-8c8c-d21c4bcdcbd5","project_id":"564aa517-68b0-4fd7-8c8c-d21c4bcdcbd5","region":"fr-par","reverse":"195-154-197-174.lb.fr-par.scw.cloud","zone":"fr-par-1"}'
    headers:
      Content-Length:
      - "282"
      Content-Security-Policy:
      - default-src 'none'; frame-ancestors 'none'
      Content-Type:
      - application/json
      Date:
      - Mon, 03 Jul 2023 20:04:32 GMT
      Server:
      - Scaleway API-Gateway
      Strict-Transport-Security:
      - max-age=63072000
      X-Content-Type-Options:
      - nosniff
      X-Frame-Options:
      - DENY
      X-Request-Id:
      - 7d78d1b4-e953-4c31-8fb4-f119ee133379
    status: 200 OK
    code: 200
    duration: ""
- request:
    body: ""
    form: {}
    headers:
      User-Agent:
      - scaleway-sdk-go/v1.0.0-beta.7+dev (go1.20.4; darwin; amd64) terraform-provider/develop
        terraform/terraform-tests
    url: https://api.scaleway.com/lb/v1/zones/fr-par-1/ips/86df9ff8-7a77-492d-9b03-4f6205127499
    method: DELETE
  response:
    body: ""
    headers:
      Content-Security-Policy:
      - default-src 'none'; frame-ancestors 'none'
      Content-Type:
      - application/json
      Date:
      - Mon, 03 Jul 2023 20:04:33 GMT
      Server:
      - Scaleway API-Gateway
      Strict-Transport-Security:
      - max-age=63072000
      X-Content-Type-Options:
      - nosniff
      X-Frame-Options:
      - DENY
      X-Request-Id:
      - 8c553ff7-9a96-45dd-b134-18c474bb499e
    status: 204 No Content
    code: 204
    duration: ""
- request:
    body: ""
    form: {}
    headers:
      User-Agent:
      - scaleway-sdk-go/v1.0.0-beta.7+dev (go1.20.4; darwin; amd64) terraform-provider/develop
        terraform/terraform-tests
    url: https://api.scaleway.com/lb/v1/zones/fr-par-1/routes/e40003f9-9b2f-4014-af75-8499fe03c26c
    method: GET
  response:
    body: '{"message":"privateNetwork not Found"}'
    headers:
      Content-Length:
      - "38"
      Content-Security-Policy:
      - default-src 'none'; frame-ancestors 'none'
      Content-Type:
      - application/json
      Date:
      - Mon, 03 Jul 2023 20:04:33 GMT
      Server:
      - Scaleway API-Gateway
      Strict-Transport-Security:
      - max-age=63072000
      X-Content-Type-Options:
      - nosniff
      X-Frame-Options:
      - DENY
      X-Request-Id:
      - a0da2668-f019-43ce-b889-a8b6fb3e50d1
    status: 404 Not Found
    code: 404
    duration: ""
