---
version: 1
interactions:
- request:
    body: '{"project_id":"564aa517-68b0-4fd7-8c8c-d21c4bcdcbd5","reverse":null}'
    form: {}
    headers:
      Content-Type:
      - application/json
      User-Agent:
      - scaleway-sdk-go/v1.0.0-beta.7+dev (go1.18.3; darwin; amd64) terraform-provider/develop
        terraform/terraform-tests
    url: https://api.scaleway.com/lb/v1/zones/fr-par-1/ips
    method: POST
  response:
    body: '{"id":"3f3b3a89-f701-4a51-834d-8cf34774ff3d","ip_address":"51.159.207.173","organization_id":"564aa517-68b0-4fd7-8c8c-d21c4bcdcbd5","project_id":"564aa517-68b0-4fd7-8c8c-d21c4bcdcbd5","lb_id":null,"reverse":"51-159-207-173.lb.fr-par.scw.cloud","region":"fr-par","zone":"fr-par-1"}'
    headers:
      Content-Length:
      - "280"
      Content-Security-Policy:
      - default-src 'none'; frame-ancestors 'none'
      Content-Type:
      - application/json
      Date:
      - Tue, 30 Aug 2022 12:59:21 GMT
      Server:
      - Scaleway API-Gateway
      Strict-Transport-Security:
      - max-age=63072000
      X-Content-Type-Options:
      - nosniff
      X-Frame-Options:
      - DENY
      X-Request-Id:
      - 4abff669-ff9a-41ed-9567-884f31ac46c9
    status: 200 OK
    code: 200
    duration: ""
- request:
    body: ""
    form: {}
    headers:
      User-Agent:
      - scaleway-sdk-go/v1.0.0-beta.7+dev (go1.18.3; darwin; amd64) terraform-provider/develop
        terraform/terraform-tests
    url: https://api.scaleway.com/lb/v1/zones/fr-par-1/ips/3f3b3a89-f701-4a51-834d-8cf34774ff3d
    method: GET
  response:
    body: '{"id":"3f3b3a89-f701-4a51-834d-8cf34774ff3d","ip_address":"51.159.207.173","organization_id":"564aa517-68b0-4fd7-8c8c-d21c4bcdcbd5","project_id":"564aa517-68b0-4fd7-8c8c-d21c4bcdcbd5","lb_id":null,"reverse":"51-159-207-173.lb.fr-par.scw.cloud","region":"fr-par","zone":"fr-par-1"}'
    headers:
      Content-Length:
      - "280"
      Content-Security-Policy:
      - default-src 'none'; frame-ancestors 'none'
      Content-Type:
      - application/json
      Date:
      - Tue, 30 Aug 2022 12:59:21 GMT
      Server:
      - Scaleway API-Gateway
      Strict-Transport-Security:
      - max-age=63072000
      X-Content-Type-Options:
      - nosniff
      X-Frame-Options:
      - DENY
      X-Request-Id:
      - 0d0053b7-2377-445e-8e14-11a4d863c00a
    status: 200 OK
    code: 200
    duration: ""
- request:
    body: '{"project_id":"564aa517-68b0-4fd7-8c8c-d21c4bcdcbd5","name":"test-lb-basic","description":"a
      description","ip_id":"3f3b3a89-f701-4a51-834d-8cf34774ff3d","tags":["basic"],"type":"LB-S","ssl_compatibility_level":"ssl_compatibility_level_intermediate"}'
    form: {}
    headers:
      Content-Type:
      - application/json
      User-Agent:
      - scaleway-sdk-go/v1.0.0-beta.7+dev (go1.18.3; darwin; amd64) terraform-provider/develop
        terraform/terraform-tests
    url: https://api.scaleway.com/lb/v1/zones/fr-par-1/lbs
    method: POST
  response:
    body: '{"id":"435e9cd6-937f-4227-b729-69899f2d8dea","name":"test-lb-basic","description":"a
      description","status":"to_create","instances":[],"organization_id":"564aa517-68b0-4fd7-8c8c-d21c4bcdcbd5","project_id":"564aa517-68b0-4fd7-8c8c-d21c4bcdcbd5","ip":[{"id":"3f3b3a89-f701-4a51-834d-8cf34774ff3d","ip_address":"51.159.207.173","organization_id":"564aa517-68b0-4fd7-8c8c-d21c4bcdcbd5","project_id":"564aa517-68b0-4fd7-8c8c-d21c4bcdcbd5","lb_id":"435e9cd6-937f-4227-b729-69899f2d8dea","reverse":"51-159-207-173.lb.fr-par.scw.cloud","region":"fr-par","zone":"fr-par-1"}],"tags":["basic"],"frontend_count":0,"backend_count":0,"type":"lb-s","subscriber":null,"ssl_compatibility_level":"ssl_compatibility_level_intermediate","created_at":"2022-08-30T12:59:21.901574928Z","updated_at":"2022-08-30T12:59:21.901574928Z","private_network_count":0,"route_count":0,"region":"fr-par","zone":"fr-par-1"}'
    headers:
      Content-Length:
      - "886"
      Content-Security-Policy:
      - default-src 'none'; frame-ancestors 'none'
      Content-Type:
      - application/json
      Date:
      - Tue, 30 Aug 2022 12:59:22 GMT
      Server:
      - Scaleway API-Gateway
      Strict-Transport-Security:
      - max-age=63072000
      X-Content-Type-Options:
      - nosniff
      X-Frame-Options:
      - DENY
      X-Request-Id:
      - 5ec6da86-2147-491f-b5f0-00cc538f1343
    status: 200 OK
    code: 200
    duration: ""
- request:
    body: ""
    form: {}
    headers:
      User-Agent:
      - scaleway-sdk-go/v1.0.0-beta.7+dev (go1.18.3; darwin; amd64) terraform-provider/develop
        terraform/terraform-tests
    url: https://api.scaleway.com/lb/v1/zones/fr-par-1/lbs/435e9cd6-937f-4227-b729-69899f2d8dea
    method: GET
  response:
    body: '{"id":"435e9cd6-937f-4227-b729-69899f2d8dea","name":"test-lb-basic","description":"a
      description","status":"to_create","instances":[],"organization_id":"564aa517-68b0-4fd7-8c8c-d21c4bcdcbd5","project_id":"564aa517-68b0-4fd7-8c8c-d21c4bcdcbd5","ip":[{"id":"3f3b3a89-f701-4a51-834d-8cf34774ff3d","ip_address":"51.159.207.173","organization_id":"564aa517-68b0-4fd7-8c8c-d21c4bcdcbd5","project_id":"564aa517-68b0-4fd7-8c8c-d21c4bcdcbd5","lb_id":"435e9cd6-937f-4227-b729-69899f2d8dea","reverse":"51-159-207-173.lb.fr-par.scw.cloud","region":"fr-par","zone":"fr-par-1"}],"tags":["basic"],"frontend_count":0,"backend_count":0,"type":"lb-s","subscriber":null,"ssl_compatibility_level":"ssl_compatibility_level_intermediate","created_at":"2022-08-30T12:59:21.901575Z","updated_at":"2022-08-30T12:59:21.901575Z","private_network_count":0,"route_count":0,"region":"fr-par","zone":"fr-par-1"}'
    headers:
      Content-Length:
      - "880"
      Content-Security-Policy:
      - default-src 'none'; frame-ancestors 'none'
      Content-Type:
      - application/json
      Date:
      - Tue, 30 Aug 2022 12:59:22 GMT
      Server:
      - Scaleway API-Gateway
      Strict-Transport-Security:
      - max-age=63072000
      X-Content-Type-Options:
      - nosniff
      X-Frame-Options:
      - DENY
      X-Request-Id:
      - 4473238c-fe00-4395-960c-371a161466cf
    status: 200 OK
    code: 200
    duration: ""
- request:
    body: ""
    form: {}
    headers:
      User-Agent:
      - scaleway-sdk-go/v1.0.0-beta.7+dev (go1.18.3; darwin; amd64) terraform-provider/develop
        terraform/terraform-tests
    url: https://api.scaleway.com/lb/v1/zones/fr-par-1/lbs/435e9cd6-937f-4227-b729-69899f2d8dea
    method: GET
  response:
    body: '{"id":"435e9cd6-937f-4227-b729-69899f2d8dea","name":"test-lb-basic","description":"a
      description","status":"ready","instances":[{"id":"4dc2fd4d-274d-4820-bb7c-89277f364802","status":"ready","ip_address":"10.72.66.29","created_at":"2022-08-30T12:55:00.310099Z","updated_at":"2022-08-30T12:59:22.494744Z","region":"fr-par","zone":"fr-par-1"}],"organization_id":"564aa517-68b0-4fd7-8c8c-d21c4bcdcbd5","project_id":"564aa517-68b0-4fd7-8c8c-d21c4bcdcbd5","ip":[{"id":"3f3b3a89-f701-4a51-834d-8cf34774ff3d","ip_address":"51.159.207.173","organization_id":"564aa517-68b0-4fd7-8c8c-d21c4bcdcbd5","project_id":"564aa517-68b0-4fd7-8c8c-d21c4bcdcbd5","lb_id":"435e9cd6-937f-4227-b729-69899f2d8dea","reverse":"51-159-207-173.lb.fr-par.scw.cloud","region":"fr-par","zone":"fr-par-1"}],"tags":["basic"],"frontend_count":0,"backend_count":0,"type":"lb-s","subscriber":null,"ssl_compatibility_level":"ssl_compatibility_level_intermediate","created_at":"2022-08-30T12:59:21.901575Z","updated_at":"2022-08-30T12:59:22.977405Z","private_network_count":0,"route_count":0,"region":"fr-par","zone":"fr-par-1"}'
    headers:
      Content-Length:
      - "1087"
      Content-Security-Policy:
      - default-src 'none'; frame-ancestors 'none'
      Content-Type:
      - application/json
      Date:
      - Tue, 30 Aug 2022 12:59:52 GMT
      Server:
      - Scaleway API-Gateway
      Strict-Transport-Security:
      - max-age=63072000
      X-Content-Type-Options:
      - nosniff
      X-Frame-Options:
      - DENY
      X-Request-Id:
      - 31067495-2743-42c1-810b-48a70378b2d8
    status: 200 OK
    code: 200
    duration: ""
- request:
    body: ""
    form: {}
    headers:
      User-Agent:
      - scaleway-sdk-go/v1.0.0-beta.7+dev (go1.18.3; darwin; amd64) terraform-provider/develop
        terraform/terraform-tests
    url: https://api.scaleway.com/lb/v1/zones/fr-par-1/lbs/435e9cd6-937f-4227-b729-69899f2d8dea
    method: GET
  response:
    body: '{"id":"435e9cd6-937f-4227-b729-69899f2d8dea","name":"test-lb-basic","description":"a
      description","status":"ready","instances":[{"id":"4dc2fd4d-274d-4820-bb7c-89277f364802","status":"ready","ip_address":"10.72.66.29","created_at":"2022-08-30T12:55:00.310099Z","updated_at":"2022-08-30T12:59:22.494744Z","region":"fr-par","zone":"fr-par-1"}],"organization_id":"564aa517-68b0-4fd7-8c8c-d21c4bcdcbd5","project_id":"564aa517-68b0-4fd7-8c8c-d21c4bcdcbd5","ip":[{"id":"3f3b3a89-f701-4a51-834d-8cf34774ff3d","ip_address":"51.159.207.173","organization_id":"564aa517-68b0-4fd7-8c8c-d21c4bcdcbd5","project_id":"564aa517-68b0-4fd7-8c8c-d21c4bcdcbd5","lb_id":"435e9cd6-937f-4227-b729-69899f2d8dea","reverse":"51-159-207-173.lb.fr-par.scw.cloud","region":"fr-par","zone":"fr-par-1"}],"tags":["basic"],"frontend_count":0,"backend_count":0,"type":"lb-s","subscriber":null,"ssl_compatibility_level":"ssl_compatibility_level_intermediate","created_at":"2022-08-30T12:59:21.901575Z","updated_at":"2022-08-30T12:59:22.977405Z","private_network_count":0,"route_count":0,"region":"fr-par","zone":"fr-par-1"}'
    headers:
      Content-Length:
      - "1087"
      Content-Security-Policy:
      - default-src 'none'; frame-ancestors 'none'
      Content-Type:
      - application/json
      Date:
      - Tue, 30 Aug 2022 12:59:52 GMT
      Server:
      - Scaleway API-Gateway
      Strict-Transport-Security:
      - max-age=63072000
      X-Content-Type-Options:
      - nosniff
      X-Frame-Options:
      - DENY
      X-Request-Id:
      - b089cddb-ae31-4af4-a90f-1fdac0490e77
    status: 200 OK
    code: 200
    duration: ""
- request:
    body: ""
    form: {}
    headers:
      User-Agent:
      - scaleway-sdk-go/v1.0.0-beta.7+dev (go1.18.3; darwin; amd64) terraform-provider/develop
        terraform/terraform-tests
    url: https://api.scaleway.com/lb/v1/zones/fr-par-1/lbs/435e9cd6-937f-4227-b729-69899f2d8dea/private-networks?order_by=created_at_asc
    method: GET
  response:
    body: '{"private_network":[],"total_count":0}'
    headers:
      Content-Length:
      - "38"
      Content-Security-Policy:
      - default-src 'none'; frame-ancestors 'none'
      Content-Type:
      - application/json
      Date:
      - Tue, 30 Aug 2022 12:59:52 GMT
      Server:
      - Scaleway API-Gateway
      Strict-Transport-Security:
      - max-age=63072000
      X-Content-Type-Options:
      - nosniff
      X-Frame-Options:
      - DENY
      X-Request-Id:
      - 91d6829d-33b3-44e9-8459-d0e236f7ab23
    status: 200 OK
    code: 200
    duration: ""
- request:
    body: ""
    form: {}
    headers:
      User-Agent:
      - scaleway-sdk-go/v1.0.0-beta.7+dev (go1.18.3; darwin; amd64) terraform-provider/develop
        terraform/terraform-tests
    url: https://api.scaleway.com/lb/v1/zones/fr-par-1/lbs/435e9cd6-937f-4227-b729-69899f2d8dea
    method: GET
  response:
    body: '{"id":"435e9cd6-937f-4227-b729-69899f2d8dea","name":"test-lb-basic","description":"a
      description","status":"ready","instances":[{"id":"4dc2fd4d-274d-4820-bb7c-89277f364802","status":"ready","ip_address":"10.72.66.29","created_at":"2022-08-30T12:55:00.310099Z","updated_at":"2022-08-30T12:59:22.494744Z","region":"fr-par","zone":"fr-par-1"}],"organization_id":"564aa517-68b0-4fd7-8c8c-d21c4bcdcbd5","project_id":"564aa517-68b0-4fd7-8c8c-d21c4bcdcbd5","ip":[{"id":"3f3b3a89-f701-4a51-834d-8cf34774ff3d","ip_address":"51.159.207.173","organization_id":"564aa517-68b0-4fd7-8c8c-d21c4bcdcbd5","project_id":"564aa517-68b0-4fd7-8c8c-d21c4bcdcbd5","lb_id":"435e9cd6-937f-4227-b729-69899f2d8dea","reverse":"51-159-207-173.lb.fr-par.scw.cloud","region":"fr-par","zone":"fr-par-1"}],"tags":["basic"],"frontend_count":0,"backend_count":0,"type":"lb-s","subscriber":null,"ssl_compatibility_level":"ssl_compatibility_level_intermediate","created_at":"2022-08-30T12:59:21.901575Z","updated_at":"2022-08-30T12:59:22.977405Z","private_network_count":0,"route_count":0,"region":"fr-par","zone":"fr-par-1"}'
    headers:
      Content-Length:
      - "1087"
      Content-Security-Policy:
      - default-src 'none'; frame-ancestors 'none'
      Content-Type:
      - application/json
      Date:
      - Tue, 30 Aug 2022 12:59:52 GMT
      Server:
      - Scaleway API-Gateway
      Strict-Transport-Security:
      - max-age=63072000
      X-Content-Type-Options:
      - nosniff
      X-Frame-Options:
      - DENY
      X-Request-Id:
      - b24abdb4-3eed-4d74-8905-97146f8feb18
    status: 200 OK
    code: 200
    duration: ""
- request:
    body: ""
    form: {}
    headers:
      User-Agent:
      - scaleway-sdk-go/v1.0.0-beta.7+dev (go1.18.3; darwin; amd64) terraform-provider/develop
        terraform/terraform-tests
    url: https://api.scaleway.com/lb/v1/zones/fr-par-1/ips/3f3b3a89-f701-4a51-834d-8cf34774ff3d
    method: GET
  response:
    body: '{"id":"3f3b3a89-f701-4a51-834d-8cf34774ff3d","ip_address":"51.159.207.173","organization_id":"564aa517-68b0-4fd7-8c8c-d21c4bcdcbd5","project_id":"564aa517-68b0-4fd7-8c8c-d21c4bcdcbd5","lb_id":"435e9cd6-937f-4227-b729-69899f2d8dea","reverse":"51-159-207-173.lb.fr-par.scw.cloud","region":"fr-par","zone":"fr-par-1"}'
    headers:
      Content-Length:
      - "314"
      Content-Security-Policy:
      - default-src 'none'; frame-ancestors 'none'
      Content-Type:
      - application/json
      Date:
      - Tue, 30 Aug 2022 12:59:52 GMT
      Server:
      - Scaleway API-Gateway
      Strict-Transport-Security:
      - max-age=63072000
      X-Content-Type-Options:
      - nosniff
      X-Frame-Options:
      - DENY
      X-Request-Id:
      - 9a63166c-1c46-4933-9b9d-00d717e004b6
    status: 200 OK
    code: 200
    duration: ""
- request:
    body: ""
    form: {}
    headers:
      User-Agent:
      - scaleway-sdk-go/v1.0.0-beta.7+dev (go1.18.3; darwin; amd64) terraform-provider/develop
        terraform/terraform-tests
    url: https://api.scaleway.com/lb/v1/zones/fr-par-1/lbs/435e9cd6-937f-4227-b729-69899f2d8dea
    method: GET
  response:
    body: '{"id":"435e9cd6-937f-4227-b729-69899f2d8dea","name":"test-lb-basic","description":"a
      description","status":"ready","instances":[{"id":"4dc2fd4d-274d-4820-bb7c-89277f364802","status":"ready","ip_address":"10.72.66.29","created_at":"2022-08-30T12:55:00.310099Z","updated_at":"2022-08-30T12:59:22.494744Z","region":"fr-par","zone":"fr-par-1"}],"organization_id":"564aa517-68b0-4fd7-8c8c-d21c4bcdcbd5","project_id":"564aa517-68b0-4fd7-8c8c-d21c4bcdcbd5","ip":[{"id":"3f3b3a89-f701-4a51-834d-8cf34774ff3d","ip_address":"51.159.207.173","organization_id":"564aa517-68b0-4fd7-8c8c-d21c4bcdcbd5","project_id":"564aa517-68b0-4fd7-8c8c-d21c4bcdcbd5","lb_id":"435e9cd6-937f-4227-b729-69899f2d8dea","reverse":"51-159-207-173.lb.fr-par.scw.cloud","region":"fr-par","zone":"fr-par-1"}],"tags":["basic"],"frontend_count":0,"backend_count":0,"type":"lb-s","subscriber":null,"ssl_compatibility_level":"ssl_compatibility_level_intermediate","created_at":"2022-08-30T12:59:21.901575Z","updated_at":"2022-08-30T12:59:22.977405Z","private_network_count":0,"route_count":0,"region":"fr-par","zone":"fr-par-1"}'
    headers:
      Content-Length:
      - "1087"
      Content-Security-Policy:
      - default-src 'none'; frame-ancestors 'none'
      Content-Type:
      - application/json
      Date:
      - Tue, 30 Aug 2022 12:59:52 GMT
      Server:
      - Scaleway API-Gateway
      Strict-Transport-Security:
      - max-age=63072000
      X-Content-Type-Options:
      - nosniff
      X-Frame-Options:
      - DENY
      X-Request-Id:
      - 246e3f9f-90a5-46e0-8e68-f279eeb3cba2
    status: 200 OK
    code: 200
    duration: ""
- request:
    body: ""
    form: {}
    headers:
      User-Agent:
      - scaleway-sdk-go/v1.0.0-beta.7+dev (go1.18.3; darwin; amd64) terraform-provider/develop
        terraform/terraform-tests
    url: https://api.scaleway.com/lb/v1/zones/fr-par-1/lbs/435e9cd6-937f-4227-b729-69899f2d8dea
    method: GET
  response:
    body: '{"id":"435e9cd6-937f-4227-b729-69899f2d8dea","name":"test-lb-basic","description":"a
      description","status":"ready","instances":[{"id":"4dc2fd4d-274d-4820-bb7c-89277f364802","status":"ready","ip_address":"10.72.66.29","created_at":"2022-08-30T12:55:00.310099Z","updated_at":"2022-08-30T12:59:22.494744Z","region":"fr-par","zone":"fr-par-1"}],"organization_id":"564aa517-68b0-4fd7-8c8c-d21c4bcdcbd5","project_id":"564aa517-68b0-4fd7-8c8c-d21c4bcdcbd5","ip":[{"id":"3f3b3a89-f701-4a51-834d-8cf34774ff3d","ip_address":"51.159.207.173","organization_id":"564aa517-68b0-4fd7-8c8c-d21c4bcdcbd5","project_id":"564aa517-68b0-4fd7-8c8c-d21c4bcdcbd5","lb_id":"435e9cd6-937f-4227-b729-69899f2d8dea","reverse":"51-159-207-173.lb.fr-par.scw.cloud","region":"fr-par","zone":"fr-par-1"}],"tags":["basic"],"frontend_count":0,"backend_count":0,"type":"lb-s","subscriber":null,"ssl_compatibility_level":"ssl_compatibility_level_intermediate","created_at":"2022-08-30T12:59:21.901575Z","updated_at":"2022-08-30T12:59:22.977405Z","private_network_count":0,"route_count":0,"region":"fr-par","zone":"fr-par-1"}'
    headers:
      Content-Length:
      - "1087"
      Content-Security-Policy:
      - default-src 'none'; frame-ancestors 'none'
      Content-Type:
      - application/json
      Date:
      - Tue, 30 Aug 2022 12:59:52 GMT
      Server:
      - Scaleway API-Gateway
      Strict-Transport-Security:
      - max-age=63072000
      X-Content-Type-Options:
      - nosniff
      X-Frame-Options:
      - DENY
      X-Request-Id:
      - 7eade827-57bb-439d-b587-3e2c0dea8210
    status: 200 OK
    code: 200
    duration: ""
- request:
    body: ""
    form: {}
    headers:
      User-Agent:
      - scaleway-sdk-go/v1.0.0-beta.7+dev (go1.18.3; darwin; amd64) terraform-provider/develop
        terraform/terraform-tests
    url: https://api.scaleway.com/lb/v1/zones/fr-par-1/lbs/435e9cd6-937f-4227-b729-69899f2d8dea/private-networks?order_by=created_at_asc
    method: GET
  response:
    body: '{"private_network":[],"total_count":0}'
    headers:
      Content-Length:
      - "38"
      Content-Security-Policy:
      - default-src 'none'; frame-ancestors 'none'
      Content-Type:
      - application/json
      Date:
      - Tue, 30 Aug 2022 12:59:53 GMT
      Server:
      - Scaleway API-Gateway
      Strict-Transport-Security:
      - max-age=63072000
      X-Content-Type-Options:
      - nosniff
      X-Frame-Options:
      - DENY
      X-Request-Id:
      - 50624b77-1ef1-45d3-a145-b42763e7f686
    status: 200 OK
    code: 200
    duration: ""
- request:
    body: ""
    form: {}
    headers:
      User-Agent:
      - scaleway-sdk-go/v1.0.0-beta.7+dev (go1.18.3; darwin; amd64) terraform-provider/develop
        terraform/terraform-tests
    url: https://api.scaleway.com/lb/v1/zones/fr-par-1/ips/3f3b3a89-f701-4a51-834d-8cf34774ff3d
    method: GET
  response:
    body: '{"id":"3f3b3a89-f701-4a51-834d-8cf34774ff3d","ip_address":"51.159.207.173","organization_id":"564aa517-68b0-4fd7-8c8c-d21c4bcdcbd5","project_id":"564aa517-68b0-4fd7-8c8c-d21c4bcdcbd5","lb_id":"435e9cd6-937f-4227-b729-69899f2d8dea","reverse":"51-159-207-173.lb.fr-par.scw.cloud","region":"fr-par","zone":"fr-par-1"}'
    headers:
      Content-Length:
      - "314"
      Content-Security-Policy:
      - default-src 'none'; frame-ancestors 'none'
      Content-Type:
      - application/json
      Date:
      - Tue, 30 Aug 2022 12:59:53 GMT
      Server:
      - Scaleway API-Gateway
      Strict-Transport-Security:
      - max-age=63072000
      X-Content-Type-Options:
      - nosniff
      X-Frame-Options:
      - DENY
      X-Request-Id:
      - a227a602-34d4-4a63-bd71-cd757da4c1fa
    status: 200 OK
    code: 200
    duration: ""
- request:
    body: ""
    form: {}
    headers:
      User-Agent:
      - scaleway-sdk-go/v1.0.0-beta.7+dev (go1.18.3; darwin; amd64) terraform-provider/develop
        terraform/terraform-tests
    url: https://api.scaleway.com/lb/v1/zones/fr-par-1/lbs/435e9cd6-937f-4227-b729-69899f2d8dea
    method: GET
  response:
    body: '{"id":"435e9cd6-937f-4227-b729-69899f2d8dea","name":"test-lb-basic","description":"a
      description","status":"ready","instances":[{"id":"4dc2fd4d-274d-4820-bb7c-89277f364802","status":"ready","ip_address":"10.72.66.29","created_at":"2022-08-30T12:55:00.310099Z","updated_at":"2022-08-30T12:59:22.494744Z","region":"fr-par","zone":"fr-par-1"}],"organization_id":"564aa517-68b0-4fd7-8c8c-d21c4bcdcbd5","project_id":"564aa517-68b0-4fd7-8c8c-d21c4bcdcbd5","ip":[{"id":"3f3b3a89-f701-4a51-834d-8cf34774ff3d","ip_address":"51.159.207.173","organization_id":"564aa517-68b0-4fd7-8c8c-d21c4bcdcbd5","project_id":"564aa517-68b0-4fd7-8c8c-d21c4bcdcbd5","lb_id":"435e9cd6-937f-4227-b729-69899f2d8dea","reverse":"51-159-207-173.lb.fr-par.scw.cloud","region":"fr-par","zone":"fr-par-1"}],"tags":["basic"],"frontend_count":0,"backend_count":0,"type":"lb-s","subscriber":null,"ssl_compatibility_level":"ssl_compatibility_level_intermediate","created_at":"2022-08-30T12:59:21.901575Z","updated_at":"2022-08-30T12:59:22.977405Z","private_network_count":0,"route_count":0,"region":"fr-par","zone":"fr-par-1"}'
    headers:
      Content-Length:
      - "1087"
      Content-Security-Policy:
      - default-src 'none'; frame-ancestors 'none'
      Content-Type:
      - application/json
      Date:
      - Tue, 30 Aug 2022 12:59:53 GMT
      Server:
      - Scaleway API-Gateway
      Strict-Transport-Security:
      - max-age=63072000
      X-Content-Type-Options:
      - nosniff
      X-Frame-Options:
      - DENY
      X-Request-Id:
      - d7062bcf-f621-4762-947e-755665270a4e
    status: 200 OK
    code: 200
    duration: ""
- request:
    body: ""
    form: {}
    headers:
      User-Agent:
      - scaleway-sdk-go/v1.0.0-beta.7+dev (go1.18.3; darwin; amd64) terraform-provider/develop
        terraform/terraform-tests
    url: https://api.scaleway.com/lb/v1/zones/fr-par-1/lbs/435e9cd6-937f-4227-b729-69899f2d8dea
    method: GET
  response:
    body: '{"id":"435e9cd6-937f-4227-b729-69899f2d8dea","name":"test-lb-basic","description":"a
      description","status":"ready","instances":[{"id":"4dc2fd4d-274d-4820-bb7c-89277f364802","status":"ready","ip_address":"10.72.66.29","created_at":"2022-08-30T12:55:00.310099Z","updated_at":"2022-08-30T12:59:22.494744Z","region":"fr-par","zone":"fr-par-1"}],"organization_id":"564aa517-68b0-4fd7-8c8c-d21c4bcdcbd5","project_id":"564aa517-68b0-4fd7-8c8c-d21c4bcdcbd5","ip":[{"id":"3f3b3a89-f701-4a51-834d-8cf34774ff3d","ip_address":"51.159.207.173","organization_id":"564aa517-68b0-4fd7-8c8c-d21c4bcdcbd5","project_id":"564aa517-68b0-4fd7-8c8c-d21c4bcdcbd5","lb_id":"435e9cd6-937f-4227-b729-69899f2d8dea","reverse":"51-159-207-173.lb.fr-par.scw.cloud","region":"fr-par","zone":"fr-par-1"}],"tags":["basic"],"frontend_count":0,"backend_count":0,"type":"lb-s","subscriber":null,"ssl_compatibility_level":"ssl_compatibility_level_intermediate","created_at":"2022-08-30T12:59:21.901575Z","updated_at":"2022-08-30T12:59:22.977405Z","private_network_count":0,"route_count":0,"region":"fr-par","zone":"fr-par-1"}'
    headers:
      Content-Length:
      - "1087"
      Content-Security-Policy:
      - default-src 'none'; frame-ancestors 'none'
      Content-Type:
      - application/json
      Date:
      - Tue, 30 Aug 2022 12:59:53 GMT
      Server:
      - Scaleway API-Gateway
      Strict-Transport-Security:
      - max-age=63072000
      X-Content-Type-Options:
      - nosniff
      X-Frame-Options:
      - DENY
      X-Request-Id:
      - 5d14bcac-ee72-4a2a-aa4b-5a5774bd7a82
    status: 200 OK
    code: 200
    duration: ""
- request:
    body: ""
    form: {}
    headers:
      User-Agent:
      - scaleway-sdk-go/v1.0.0-beta.7+dev (go1.18.3; darwin; amd64) terraform-provider/develop
        terraform/terraform-tests
    url: https://api.scaleway.com/lb/v1/zones/fr-par-1/lbs/435e9cd6-937f-4227-b729-69899f2d8dea/private-networks?order_by=created_at_asc
    method: GET
  response:
    body: '{"private_network":[],"total_count":0}'
    headers:
      Content-Length:
      - "38"
      Content-Security-Policy:
      - default-src 'none'; frame-ancestors 'none'
      Content-Type:
      - application/json
      Date:
      - Tue, 30 Aug 2022 12:59:53 GMT
      Server:
      - Scaleway API-Gateway
      Strict-Transport-Security:
      - max-age=63072000
      X-Content-Type-Options:
      - nosniff
      X-Frame-Options:
      - DENY
      X-Request-Id:
      - ec6d1adc-8052-4a21-bf4f-6df64c8bdb79
    status: 200 OK
    code: 200
    duration: ""
- request:
    body: '{"name":"test-lb-rename","description":"another description","tags":["basic","tag2"],"ssl_compatibility_level":"ssl_compatibility_level_modern"}'
    form: {}
    headers:
      Content-Type:
      - application/json
      User-Agent:
      - scaleway-sdk-go/v1.0.0-beta.7+dev (go1.18.3; darwin; amd64) terraform-provider/develop
        terraform/terraform-tests
    url: https://api.scaleway.com/lb/v1/zones/fr-par-1/lbs/435e9cd6-937f-4227-b729-69899f2d8dea
    method: PUT
  response:
    body: '{"id":"435e9cd6-937f-4227-b729-69899f2d8dea","name":"test-lb-rename","description":"another
      description","status":"ready","instances":[{"id":"4dc2fd4d-274d-4820-bb7c-89277f364802","status":"pending","ip_address":"10.72.66.29","created_at":"2022-08-30T12:55:00.310099Z","updated_at":"2022-08-30T12:59:53.897443139Z","region":"fr-par","zone":"fr-par-1"}],"organization_id":"564aa517-68b0-4fd7-8c8c-d21c4bcdcbd5","project_id":"564aa517-68b0-4fd7-8c8c-d21c4bcdcbd5","ip":[{"id":"3f3b3a89-f701-4a51-834d-8cf34774ff3d","ip_address":"51.159.207.173","organization_id":"564aa517-68b0-4fd7-8c8c-d21c4bcdcbd5","project_id":"564aa517-68b0-4fd7-8c8c-d21c4bcdcbd5","lb_id":"435e9cd6-937f-4227-b729-69899f2d8dea","reverse":"51-159-207-173.lb.fr-par.scw.cloud","region":"fr-par","zone":"fr-par-1"}],"tags":["basic","tag2"],"frontend_count":0,"backend_count":0,"type":"lb-s","subscriber":null,"ssl_compatibility_level":"ssl_compatibility_level_modern","created_at":"2022-08-30T12:59:21.901575Z","updated_at":"2022-08-30T12:59:53.871867Z","private_network_count":0,"route_count":0,"region":"fr-par","zone":"fr-par-1"}'
    headers:
      Content-Length:
      - "1100"
      Content-Security-Policy:
      - default-src 'none'; frame-ancestors 'none'
      Content-Type:
      - application/json
      Date:
      - Tue, 30 Aug 2022 12:59:54 GMT
      Server:
      - Scaleway API-Gateway
      Strict-Transport-Security:
      - max-age=63072000
      X-Content-Type-Options:
      - nosniff
      X-Frame-Options:
      - DENY
      X-Request-Id:
      - 8269c292-7fdb-42f0-8ef6-57a11519105c
    status: 200 OK
    code: 200
    duration: ""
- request:
    body: ""
    form: {}
    headers:
      User-Agent:
      - scaleway-sdk-go/v1.0.0-beta.7+dev (go1.18.3; darwin; amd64) terraform-provider/develop
        terraform/terraform-tests
    url: https://api.scaleway.com/lb/v1/zones/fr-par-1/lbs/435e9cd6-937f-4227-b729-69899f2d8dea
    method: GET
  response:
    body: '{"id":"435e9cd6-937f-4227-b729-69899f2d8dea","name":"test-lb-rename","description":"another
      description","status":"ready","instances":[{"id":"4dc2fd4d-274d-4820-bb7c-89277f364802","status":"pending","ip_address":"10.72.66.29","created_at":"2022-08-30T12:55:00.310099Z","updated_at":"2022-08-30T12:59:53.897443Z","region":"fr-par","zone":"fr-par-1"}],"organization_id":"564aa517-68b0-4fd7-8c8c-d21c4bcdcbd5","project_id":"564aa517-68b0-4fd7-8c8c-d21c4bcdcbd5","ip":[{"id":"3f3b3a89-f701-4a51-834d-8cf34774ff3d","ip_address":"51.159.207.173","organization_id":"564aa517-68b0-4fd7-8c8c-d21c4bcdcbd5","project_id":"564aa517-68b0-4fd7-8c8c-d21c4bcdcbd5","lb_id":"435e9cd6-937f-4227-b729-69899f2d8dea","reverse":"51-159-207-173.lb.fr-par.scw.cloud","region":"fr-par","zone":"fr-par-1"}],"tags":["basic","tag2"],"frontend_count":0,"backend_count":0,"type":"lb-s","subscriber":null,"ssl_compatibility_level":"ssl_compatibility_level_modern","created_at":"2022-08-30T12:59:21.901575Z","updated_at":"2022-08-30T12:59:53.871867Z","private_network_count":0,"route_count":0,"region":"fr-par","zone":"fr-par-1"}'
    headers:
      Content-Length:
      - "1097"
      Content-Security-Policy:
      - default-src 'none'; frame-ancestors 'none'
      Content-Type:
      - application/json
      Date:
      - Tue, 30 Aug 2022 12:59:54 GMT
      Server:
      - Scaleway API-Gateway
      Strict-Transport-Security:
      - max-age=63072000
      X-Content-Type-Options:
      - nosniff
      X-Frame-Options:
      - DENY
      X-Request-Id:
      - 28b1c428-bab8-46f5-9583-367d0b1fb2d1
    status: 200 OK
    code: 200
    duration: ""
- request:
    body: ""
    form: {}
    headers:
      User-Agent:
      - scaleway-sdk-go/v1.0.0-beta.7+dev (go1.18.3; darwin; amd64) terraform-provider/develop
        terraform/terraform-tests
    url: https://api.scaleway.com/lb/v1/zones/fr-par-1/lbs/435e9cd6-937f-4227-b729-69899f2d8dea
    method: GET
  response:
    body: '{"id":"435e9cd6-937f-4227-b729-69899f2d8dea","name":"test-lb-rename","description":"another
      description","status":"ready","instances":[{"id":"4dc2fd4d-274d-4820-bb7c-89277f364802","status":"ready","ip_address":"10.72.66.29","created_at":"2022-08-30T12:55:00.310099Z","updated_at":"2022-08-30T12:59:54.149981Z","region":"fr-par","zone":"fr-par-1"}],"organization_id":"564aa517-68b0-4fd7-8c8c-d21c4bcdcbd5","project_id":"564aa517-68b0-4fd7-8c8c-d21c4bcdcbd5","ip":[{"id":"3f3b3a89-f701-4a51-834d-8cf34774ff3d","ip_address":"51.159.207.173","organization_id":"564aa517-68b0-4fd7-8c8c-d21c4bcdcbd5","project_id":"564aa517-68b0-4fd7-8c8c-d21c4bcdcbd5","lb_id":"435e9cd6-937f-4227-b729-69899f2d8dea","reverse":"51-159-207-173.lb.fr-par.scw.cloud","region":"fr-par","zone":"fr-par-1"}],"tags":["basic","tag2"],"frontend_count":0,"backend_count":0,"type":"lb-s","subscriber":null,"ssl_compatibility_level":"ssl_compatibility_level_modern","created_at":"2022-08-30T12:59:21.901575Z","updated_at":"2022-08-30T12:59:53.871867Z","private_network_count":0,"route_count":0,"region":"fr-par","zone":"fr-par-1"}'
    headers:
      Content-Length:
      - "1095"
      Content-Security-Policy:
      - default-src 'none'; frame-ancestors 'none'
      Content-Type:
      - application/json
      Date:
      - Tue, 30 Aug 2022 12:59:54 GMT
      Server:
      - Scaleway API-Gateway
      Strict-Transport-Security:
      - max-age=63072000
      X-Content-Type-Options:
      - nosniff
      X-Frame-Options:
      - DENY
      X-Request-Id:
      - bd46c1e8-b5a5-48c0-9838-fa28355b391f
    status: 200 OK
    code: 200
    duration: ""
- request:
    body: ""
    form: {}
    headers:
      User-Agent:
      - scaleway-sdk-go/v1.0.0-beta.7+dev (go1.18.3; darwin; amd64) terraform-provider/develop
        terraform/terraform-tests
    url: https://api.scaleway.com/lb/v1/zones/fr-par-1/lbs/435e9cd6-937f-4227-b729-69899f2d8dea/private-networks?order_by=created_at_asc
    method: GET
  response:
    body: '{"private_network":[],"total_count":0}'
    headers:
      Content-Length:
      - "38"
      Content-Security-Policy:
      - default-src 'none'; frame-ancestors 'none'
      Content-Type:
      - application/json
      Date:
      - Tue, 30 Aug 2022 12:59:54 GMT
      Server:
      - Scaleway API-Gateway
      Strict-Transport-Security:
      - max-age=63072000
      X-Content-Type-Options:
      - nosniff
      X-Frame-Options:
      - DENY
      X-Request-Id:
      - 782fede6-ddb5-4e92-81ac-dde3034b5590
    status: 200 OK
    code: 200
    duration: ""
- request:
    body: ""
    form: {}
    headers:
      User-Agent:
      - scaleway-sdk-go/v1.0.0-beta.7+dev (go1.18.3; darwin; amd64) terraform-provider/develop
        terraform/terraform-tests
    url: https://api.scaleway.com/lb/v1/zones/fr-par-1/lbs/435e9cd6-937f-4227-b729-69899f2d8dea
    method: GET
  response:
    body: '{"id":"435e9cd6-937f-4227-b729-69899f2d8dea","name":"test-lb-rename","description":"another
      description","status":"ready","instances":[{"id":"4dc2fd4d-274d-4820-bb7c-89277f364802","status":"ready","ip_address":"10.72.66.29","created_at":"2022-08-30T12:55:00.310099Z","updated_at":"2022-08-30T12:59:54.149981Z","region":"fr-par","zone":"fr-par-1"}],"organization_id":"564aa517-68b0-4fd7-8c8c-d21c4bcdcbd5","project_id":"564aa517-68b0-4fd7-8c8c-d21c4bcdcbd5","ip":[{"id":"3f3b3a89-f701-4a51-834d-8cf34774ff3d","ip_address":"51.159.207.173","organization_id":"564aa517-68b0-4fd7-8c8c-d21c4bcdcbd5","project_id":"564aa517-68b0-4fd7-8c8c-d21c4bcdcbd5","lb_id":"435e9cd6-937f-4227-b729-69899f2d8dea","reverse":"51-159-207-173.lb.fr-par.scw.cloud","region":"fr-par","zone":"fr-par-1"}],"tags":["basic","tag2"],"frontend_count":0,"backend_count":0,"type":"lb-s","subscriber":null,"ssl_compatibility_level":"ssl_compatibility_level_modern","created_at":"2022-08-30T12:59:21.901575Z","updated_at":"2022-08-30T12:59:53.871867Z","private_network_count":0,"route_count":0,"region":"fr-par","zone":"fr-par-1"}'
    headers:
      Content-Length:
      - "1095"
      Content-Security-Policy:
      - default-src 'none'; frame-ancestors 'none'
      Content-Type:
      - application/json
      Date:
      - Tue, 30 Aug 2022 12:59:54 GMT
      Server:
      - Scaleway API-Gateway
      Strict-Transport-Security:
      - max-age=63072000
      X-Content-Type-Options:
      - nosniff
      X-Frame-Options:
      - DENY
      X-Request-Id:
      - 6f14725b-ac05-44be-93e9-5d7b2d013a11
    status: 200 OK
    code: 200
    duration: ""
- request:
    body: ""
    form: {}
    headers:
      User-Agent:
      - scaleway-sdk-go/v1.0.0-beta.7+dev (go1.18.3; darwin; amd64) terraform-provider/develop
        terraform/terraform-tests
    url: https://api.scaleway.com/lb/v1/zones/fr-par-1/ips/3f3b3a89-f701-4a51-834d-8cf34774ff3d
    method: GET
  response:
    body: '{"id":"3f3b3a89-f701-4a51-834d-8cf34774ff3d","ip_address":"51.159.207.173","organization_id":"564aa517-68b0-4fd7-8c8c-d21c4bcdcbd5","project_id":"564aa517-68b0-4fd7-8c8c-d21c4bcdcbd5","lb_id":"435e9cd6-937f-4227-b729-69899f2d8dea","reverse":"51-159-207-173.lb.fr-par.scw.cloud","region":"fr-par","zone":"fr-par-1"}'
    headers:
      Content-Length:
      - "314"
      Content-Security-Policy:
      - default-src 'none'; frame-ancestors 'none'
      Content-Type:
      - application/json
      Date:
      - Tue, 30 Aug 2022 12:59:54 GMT
      Server:
      - Scaleway API-Gateway
      Strict-Transport-Security:
      - max-age=63072000
      X-Content-Type-Options:
      - nosniff
      X-Frame-Options:
      - DENY
      X-Request-Id:
      - 426351b1-3906-458b-a4db-acc8433aad71
    status: 200 OK
    code: 200
    duration: ""
- request:
    body: ""
    form: {}
    headers:
      User-Agent:
      - scaleway-sdk-go/v1.0.0-beta.7+dev (go1.18.3; darwin; amd64) terraform-provider/develop
        terraform/terraform-tests
    url: https://api.scaleway.com/lb/v1/zones/fr-par-1/lbs/435e9cd6-937f-4227-b729-69899f2d8dea
    method: GET
  response:
    body: '{"id":"435e9cd6-937f-4227-b729-69899f2d8dea","name":"test-lb-rename","description":"another
      description","status":"ready","instances":[{"id":"4dc2fd4d-274d-4820-bb7c-89277f364802","status":"ready","ip_address":"10.72.66.29","created_at":"2022-08-30T12:55:00.310099Z","updated_at":"2022-08-30T12:59:54.149981Z","region":"fr-par","zone":"fr-par-1"}],"organization_id":"564aa517-68b0-4fd7-8c8c-d21c4bcdcbd5","project_id":"564aa517-68b0-4fd7-8c8c-d21c4bcdcbd5","ip":[{"id":"3f3b3a89-f701-4a51-834d-8cf34774ff3d","ip_address":"51.159.207.173","organization_id":"564aa517-68b0-4fd7-8c8c-d21c4bcdcbd5","project_id":"564aa517-68b0-4fd7-8c8c-d21c4bcdcbd5","lb_id":"435e9cd6-937f-4227-b729-69899f2d8dea","reverse":"51-159-207-173.lb.fr-par.scw.cloud","region":"fr-par","zone":"fr-par-1"}],"tags":["basic","tag2"],"frontend_count":0,"backend_count":0,"type":"lb-s","subscriber":null,"ssl_compatibility_level":"ssl_compatibility_level_modern","created_at":"2022-08-30T12:59:21.901575Z","updated_at":"2022-08-30T12:59:53.871867Z","private_network_count":0,"route_count":0,"region":"fr-par","zone":"fr-par-1"}'
    headers:
      Content-Length:
      - "1095"
      Content-Security-Policy:
      - default-src 'none'; frame-ancestors 'none'
      Content-Type:
      - application/json
      Date:
      - Tue, 30 Aug 2022 12:59:54 GMT
      Server:
      - Scaleway API-Gateway
      Strict-Transport-Security:
      - max-age=63072000
      X-Content-Type-Options:
      - nosniff
      X-Frame-Options:
      - DENY
      X-Request-Id:
      - 4c35fe16-2447-4ef5-9be2-5d36de4d7902
    status: 200 OK
    code: 200
    duration: ""
- request:
    body: ""
    form: {}
    headers:
      User-Agent:
      - scaleway-sdk-go/v1.0.0-beta.7+dev (go1.18.3; darwin; amd64) terraform-provider/develop
        terraform/terraform-tests
    url: https://api.scaleway.com/lb/v1/zones/fr-par-1/lbs/435e9cd6-937f-4227-b729-69899f2d8dea
    method: GET
  response:
    body: '{"id":"435e9cd6-937f-4227-b729-69899f2d8dea","name":"test-lb-rename","description":"another
      description","status":"ready","instances":[{"id":"4dc2fd4d-274d-4820-bb7c-89277f364802","status":"ready","ip_address":"10.72.66.29","created_at":"2022-08-30T12:55:00.310099Z","updated_at":"2022-08-30T12:59:54.149981Z","region":"fr-par","zone":"fr-par-1"}],"organization_id":"564aa517-68b0-4fd7-8c8c-d21c4bcdcbd5","project_id":"564aa517-68b0-4fd7-8c8c-d21c4bcdcbd5","ip":[{"id":"3f3b3a89-f701-4a51-834d-8cf34774ff3d","ip_address":"51.159.207.173","organization_id":"564aa517-68b0-4fd7-8c8c-d21c4bcdcbd5","project_id":"564aa517-68b0-4fd7-8c8c-d21c4bcdcbd5","lb_id":"435e9cd6-937f-4227-b729-69899f2d8dea","reverse":"51-159-207-173.lb.fr-par.scw.cloud","region":"fr-par","zone":"fr-par-1"}],"tags":["basic","tag2"],"frontend_count":0,"backend_count":0,"type":"lb-s","subscriber":null,"ssl_compatibility_level":"ssl_compatibility_level_modern","created_at":"2022-08-30T12:59:21.901575Z","updated_at":"2022-08-30T12:59:53.871867Z","private_network_count":0,"route_count":0,"region":"fr-par","zone":"fr-par-1"}'
    headers:
      Content-Length:
      - "1095"
      Content-Security-Policy:
      - default-src 'none'; frame-ancestors 'none'
      Content-Type:
      - application/json
      Date:
      - Tue, 30 Aug 2022 12:59:54 GMT
      Server:
      - Scaleway API-Gateway
      Strict-Transport-Security:
      - max-age=63072000
      X-Content-Type-Options:
      - nosniff
      X-Frame-Options:
      - DENY
      X-Request-Id:
      - 183ddd40-c8f3-421e-bdbb-b28eb8b22bc2
    status: 200 OK
    code: 200
    duration: ""
- request:
    body: ""
    form: {}
    headers:
      User-Agent:
      - scaleway-sdk-go/v1.0.0-beta.7+dev (go1.18.3; darwin; amd64) terraform-provider/develop
        terraform/terraform-tests
    url: https://api.scaleway.com/lb/v1/zones/fr-par-1/lbs/435e9cd6-937f-4227-b729-69899f2d8dea/private-networks?order_by=created_at_asc
    method: GET
  response:
    body: '{"private_network":[],"total_count":0}'
    headers:
      Content-Length:
      - "38"
      Content-Security-Policy:
      - default-src 'none'; frame-ancestors 'none'
      Content-Type:
      - application/json
      Date:
      - Tue, 30 Aug 2022 12:59:54 GMT
      Server:
      - Scaleway API-Gateway
      Strict-Transport-Security:
      - max-age=63072000
      X-Content-Type-Options:
      - nosniff
      X-Frame-Options:
      - DENY
      X-Request-Id:
      - 1cad60fa-76df-4855-b290-a859f0e09b76
    status: 200 OK
    code: 200
    duration: ""
- request:
    body: ""
    form: {}
    headers:
      User-Agent:
      - scaleway-sdk-go/v1.0.0-beta.7+dev (go1.18.3; darwin; amd64) terraform-provider/develop
        terraform/terraform-tests
    url: https://api.scaleway.com/lb/v1/zones/fr-par-1/lbs/435e9cd6-937f-4227-b729-69899f2d8dea
    method: GET
  response:
    body: '{"id":"435e9cd6-937f-4227-b729-69899f2d8dea","name":"test-lb-rename","description":"another
      description","status":"ready","instances":[{"id":"4dc2fd4d-274d-4820-bb7c-89277f364802","status":"ready","ip_address":"10.72.66.29","created_at":"2022-08-30T12:55:00.310099Z","updated_at":"2022-08-30T12:59:54.149981Z","region":"fr-par","zone":"fr-par-1"}],"organization_id":"564aa517-68b0-4fd7-8c8c-d21c4bcdcbd5","project_id":"564aa517-68b0-4fd7-8c8c-d21c4bcdcbd5","ip":[{"id":"3f3b3a89-f701-4a51-834d-8cf34774ff3d","ip_address":"51.159.207.173","organization_id":"564aa517-68b0-4fd7-8c8c-d21c4bcdcbd5","project_id":"564aa517-68b0-4fd7-8c8c-d21c4bcdcbd5","lb_id":"435e9cd6-937f-4227-b729-69899f2d8dea","reverse":"51-159-207-173.lb.fr-par.scw.cloud","region":"fr-par","zone":"fr-par-1"}],"tags":["basic","tag2"],"frontend_count":0,"backend_count":0,"type":"lb-s","subscriber":null,"ssl_compatibility_level":"ssl_compatibility_level_modern","created_at":"2022-08-30T12:59:21.901575Z","updated_at":"2022-08-30T12:59:53.871867Z","private_network_count":0,"route_count":0,"region":"fr-par","zone":"fr-par-1"}'
    headers:
      Content-Length:
      - "1095"
      Content-Security-Policy:
      - default-src 'none'; frame-ancestors 'none'
      Content-Type:
      - application/json
      Date:
      - Tue, 30 Aug 2022 12:59:55 GMT
      Server:
      - Scaleway API-Gateway
      Strict-Transport-Security:
      - max-age=63072000
      X-Content-Type-Options:
      - nosniff
      X-Frame-Options:
      - DENY
      X-Request-Id:
      - 58d8bbec-dcd1-4ca9-aef2-cc3e24201eeb
    status: 200 OK
    code: 200
    duration: ""
- request:
    body: ""
    form: {}
    headers:
      User-Agent:
      - scaleway-sdk-go/v1.0.0-beta.7+dev (go1.18.3; darwin; amd64) terraform-provider/develop
        terraform/terraform-tests
    url: https://api.scaleway.com/lb/v1/zones/fr-par-1/lbs/435e9cd6-937f-4227-b729-69899f2d8dea?release_ip=false
    method: DELETE
  response:
    body: ""
    headers:
      Content-Security-Policy:
      - default-src 'none'; frame-ancestors 'none'
      Content-Type:
      - application/json
      Date:
      - Tue, 30 Aug 2022 12:59:55 GMT
      Server:
      - Scaleway API-Gateway
      Strict-Transport-Security:
      - max-age=63072000
      X-Content-Type-Options:
      - nosniff
      X-Frame-Options:
      - DENY
      X-Request-Id:
      - c26705e4-a6e4-4fb3-98e7-7a9ca9c92099
    status: 204 No Content
    code: 204
    duration: ""
- request:
    body: ""
    form: {}
    headers:
      User-Agent:
      - scaleway-sdk-go/v1.0.0-beta.7+dev (go1.18.3; darwin; amd64) terraform-provider/develop
        terraform/terraform-tests
    url: https://api.scaleway.com/lb/v1/zones/fr-par-1/lbs/435e9cd6-937f-4227-b729-69899f2d8dea
    method: GET
  response:
    body: '{"id":"435e9cd6-937f-4227-b729-69899f2d8dea","name":"test-lb-rename","description":"another
      description","status":"to_delete","instances":[{"id":"4dc2fd4d-274d-4820-bb7c-89277f364802","status":"ready","ip_address":"10.72.66.29","created_at":"2022-08-30T12:55:00.310099Z","updated_at":"2022-08-30T12:59:54.149981Z","region":"fr-par","zone":"fr-par-1"}],"organization_id":"564aa517-68b0-4fd7-8c8c-d21c4bcdcbd5","project_id":"564aa517-68b0-4fd7-8c8c-d21c4bcdcbd5","ip":[{"id":"3f3b3a89-f701-4a51-834d-8cf34774ff3d","ip_address":"51.159.207.173","organization_id":"564aa517-68b0-4fd7-8c8c-d21c4bcdcbd5","project_id":"564aa517-68b0-4fd7-8c8c-d21c4bcdcbd5","lb_id":"435e9cd6-937f-4227-b729-69899f2d8dea","reverse":"51-159-207-173.lb.fr-par.scw.cloud","region":"fr-par","zone":"fr-par-1"}],"tags":["basic","tag2"],"frontend_count":0,"backend_count":0,"type":"lb-s","subscriber":null,"ssl_compatibility_level":"ssl_compatibility_level_modern","created_at":"2022-08-30T12:59:21.901575Z","updated_at":"2022-08-30T12:59:55.417597Z","private_network_count":0,"route_count":0,"region":"fr-par","zone":"fr-par-1"}'
    headers:
      Content-Length:
      - "1099"
      Content-Security-Policy:
      - default-src 'none'; frame-ancestors 'none'
      Content-Type:
      - application/json
      Date:
      - Tue, 30 Aug 2022 12:59:55 GMT
      Server:
      - Scaleway API-Gateway
      Strict-Transport-Security:
      - max-age=63072000
      X-Content-Type-Options:
      - nosniff
      X-Frame-Options:
      - DENY
      X-Request-Id:
      - 769c3fa2-3d7d-46d6-affa-42786a59582c
    status: 200 OK
    code: 200
    duration: ""
- request:
    body: ""
    form: {}
    headers:
      User-Agent:
      - scaleway-sdk-go/v1.0.0-beta.7+dev (go1.18.3; darwin; amd64) terraform-provider/develop
        terraform/terraform-tests
    url: https://api.scaleway.com/lb/v1/zones/fr-par-1/lbs/435e9cd6-937f-4227-b729-69899f2d8dea
    method: GET
  response:
    body: '{"message":"lbs not Found"}'
    headers:
      Content-Length:
      - "27"
      Content-Security-Policy:
      - default-src 'none'; frame-ancestors 'none'
      Content-Type:
      - application/json
      Date:
      - Tue, 30 Aug 2022 13:00:25 GMT
      Server:
      - Scaleway API-Gateway
      Strict-Transport-Security:
      - max-age=63072000
      X-Content-Type-Options:
      - nosniff
      X-Frame-Options:
      - DENY
      X-Request-Id:
      - 0e599eb0-0626-4217-9657-a32fc23a0948
    status: 404 Not Found
    code: 404
    duration: ""
- request:
    body: ""
    form: {}
    headers:
      User-Agent:
      - scaleway-sdk-go/v1.0.0-beta.7+dev (go1.18.3; darwin; amd64) terraform-provider/develop
        terraform/terraform-tests
    url: https://api.scaleway.com/lb/v1/zones/fr-par-1/lbs/435e9cd6-937f-4227-b729-69899f2d8dea
    method: GET
  response:
    body: '{"message":"lbs not Found"}'
    headers:
      Content-Length:
      - "27"
      Content-Security-Policy:
      - default-src 'none'; frame-ancestors 'none'
      Content-Type:
      - application/json
      Date:
      - Tue, 30 Aug 2022 13:00:25 GMT
      Server:
      - Scaleway API-Gateway
      Strict-Transport-Security:
      - max-age=63072000
      X-Content-Type-Options:
      - nosniff
      X-Frame-Options:
      - DENY
      X-Request-Id:
      - 9dc4c794-ea0f-4ebb-a2e4-68c7aa80c8ad
    status: 404 Not Found
    code: 404
    duration: ""
- request:
    body: ""
    form: {}
    headers:
      User-Agent:
      - scaleway-sdk-go/v1.0.0-beta.7+dev (go1.18.3; darwin; amd64) terraform-provider/develop
        terraform/terraform-tests
    url: https://api.scaleway.com/lb/v1/zones/fr-par-1/ips/3f3b3a89-f701-4a51-834d-8cf34774ff3d
    method: GET
  response:
    body: '{"id":"3f3b3a89-f701-4a51-834d-8cf34774ff3d","ip_address":"51.159.207.173","organization_id":"564aa517-68b0-4fd7-8c8c-d21c4bcdcbd5","project_id":"564aa517-68b0-4fd7-8c8c-d21c4bcdcbd5","lb_id":null,"reverse":"51-159-207-173.lb.fr-par.scw.cloud","region":"fr-par","zone":"fr-par-1"}'
    headers:
      Content-Length:
      - "280"
      Content-Security-Policy:
      - default-src 'none'; frame-ancestors 'none'
      Content-Type:
      - application/json
      Date:
      - Tue, 30 Aug 2022 13:00:25 GMT
      Server:
      - Scaleway API-Gateway
      Strict-Transport-Security:
      - max-age=63072000
      X-Content-Type-Options:
      - nosniff
      X-Frame-Options:
      - DENY
      X-Request-Id:
      - 8876b4f0-e09b-44bc-ab18-768a09e0422e
    status: 200 OK
    code: 200
    duration: ""
- request:
    body: ""
    form: {}
    headers:
      User-Agent:
      - scaleway-sdk-go/v1.0.0-beta.7+dev (go1.18.3; darwin; amd64) terraform-provider/develop
        terraform/terraform-tests
    url: https://api.scaleway.com/lb/v1/zones/fr-par-1/ips/3f3b3a89-f701-4a51-834d-8cf34774ff3d
    method: DELETE
  response:
    body: ""
    headers:
      Content-Security-Policy:
      - default-src 'none'; frame-ancestors 'none'
      Content-Type:
      - application/json
      Date:
      - Tue, 30 Aug 2022 13:00:26 GMT
      Server:
      - Scaleway API-Gateway
      Strict-Transport-Security:
      - max-age=63072000
      X-Content-Type-Options:
      - nosniff
      X-Frame-Options:
      - DENY
      X-Request-Id:
      - d95462dc-5112-4a17-890c-8b09300b597e
    status: 204 No Content
    code: 204
    duration: ""
- request:
    body: ""
    form: {}
    headers:
      User-Agent:
      - scaleway-sdk-go/v1.0.0-beta.7+dev (go1.18.3; darwin; amd64) terraform-provider/develop
        terraform/terraform-tests
    url: https://api.scaleway.com/lb/v1/zones/fr-par-1/lbs/435e9cd6-937f-4227-b729-69899f2d8dea
    method: GET
  response:
    body: '{"message":"lbs not Found"}'
    headers:
      Content-Length:
      - "27"
      Content-Security-Policy:
      - default-src 'none'; frame-ancestors 'none'
      Content-Type:
      - application/json
      Date:
      - Tue, 30 Aug 2022 13:00:26 GMT
      Server:
      - Scaleway API-Gateway
      Strict-Transport-Security:
      - max-age=63072000
      X-Content-Type-Options:
      - nosniff
      X-Frame-Options:
      - DENY
      X-Request-Id:
      - 8df37951-54a2-416d-ae15-565d50206ced
    status: 404 Not Found
    code: 404
    duration: ""
