---
version: 1
interactions:
- request:
    body: '{"project_id":"564aa517-68b0-4fd7-8c8c-d21c4bcdcbd5"}'
    form: {}
    headers:
      Content-Type:
      - application/json
      User-Agent:
      - scaleway-sdk-go/v1.0.0-beta.7+dev (go1.21.3; darwin; amd64) terraform-provider/develop
        terraform/terraform-tests
    url: https://api.scaleway.com/lb/v1/zones/fr-par-1/ips
    method: POST
  response:
    body: '{"id":"160e2f93-6dca-4194-9c8c-c9ae6a34e335","ip_address":"195.154.196.94","lb_id":null,"organization_id":"564aa517-68b0-4fd7-8c8c-d21c4bcdcbd5","project_id":"564aa517-68b0-4fd7-8c8c-d21c4bcdcbd5","region":"fr-par","reverse":"195-154-196-94.lb.fr-par.scw.cloud","zone":"fr-par-1"}'
    headers:
      Content-Length:
      - "280"
      Content-Security-Policy:
      - default-src 'none'; frame-ancestors 'none'
      Content-Type:
      - application/json
      Date:
      - Tue, 19 Dec 2023 08:27:37 GMT
      Server:
      - Scaleway API-Gateway
      Strict-Transport-Security:
      - max-age=63072000
      X-Content-Type-Options:
      - nosniff
      X-Frame-Options:
      - DENY
      X-Request-Id:
      - a63f8f69-f5e7-42fe-8272-8e52bf989f46
    status: 200 OK
    code: 200
    duration: ""
- request:
    body: ""
    form: {}
    headers:
      User-Agent:
      - scaleway-sdk-go/v1.0.0-beta.7+dev (go1.21.3; darwin; amd64) terraform-provider/develop
        terraform/terraform-tests
    url: https://api.scaleway.com/lb/v1/zones/fr-par-1/ips/160e2f93-6dca-4194-9c8c-c9ae6a34e335
    method: GET
  response:
    body: '{"id":"160e2f93-6dca-4194-9c8c-c9ae6a34e335","ip_address":"195.154.196.94","lb_id":null,"organization_id":"564aa517-68b0-4fd7-8c8c-d21c4bcdcbd5","project_id":"564aa517-68b0-4fd7-8c8c-d21c4bcdcbd5","region":"fr-par","reverse":"195-154-196-94.lb.fr-par.scw.cloud","zone":"fr-par-1"}'
    headers:
      Content-Length:
      - "280"
      Content-Security-Policy:
      - default-src 'none'; frame-ancestors 'none'
      Content-Type:
      - application/json
      Date:
      - Tue, 19 Dec 2023 08:27:37 GMT
      Server:
      - Scaleway API-Gateway
      Strict-Transport-Security:
      - max-age=63072000
      X-Content-Type-Options:
      - nosniff
      X-Frame-Options:
      - DENY
      X-Request-Id:
      - 5cda81bd-f125-4aae-b8e6-3ca33a71300c
    status: 200 OK
    code: 200
    duration: ""
- request:
    body: '{"name":"pn-with-lb-static","project_id":"564aa517-68b0-4fd7-8c8c-d21c4bcdcbd5","tags":null,"subnets":null}'
    form: {}
    headers:
      Content-Type:
      - application/json
      User-Agent:
      - scaleway-sdk-go/v1.0.0-beta.7+dev (go1.21.3; darwin; amd64) terraform-provider/develop
        terraform/terraform-tests
    url: https://api.scaleway.com/vpc/v2/regions/fr-par/private-networks
    method: POST
  response:
    body: '{"created_at":"2023-12-19T08:27:37.786679Z","dhcp_enabled":true,"id":"e7688e59-a548-43b7-a914-f1aa5f32136d","name":"pn-with-lb-static","organization_id":"564aa517-68b0-4fd7-8c8c-d21c4bcdcbd5","project_id":"564aa517-68b0-4fd7-8c8c-d21c4bcdcbd5","region":"fr-par","subnets":[{"created_at":"2023-12-19T08:27:37.786679Z","id":"7e452582-828b-48f2-b882-fcc56e92c2b4","subnet":"172.16.0.0/22","updated_at":"2023-12-19T08:27:37.786679Z"},{"created_at":"2023-12-19T08:27:37.786679Z","id":"eb5a7032-46f2-4c4d-8625-fd74c6f6fe33","subnet":"fd46:78ab:30b8:febd::/64","updated_at":"2023-12-19T08:27:37.786679Z"}],"tags":[],"updated_at":"2023-12-19T08:27:37.786679Z","vpc_id":"086a5171-f7ab-4667-a231-840a81203f19"}'
    headers:
      Content-Length:
      - "700"
      Content-Security-Policy:
      - default-src 'none'; frame-ancestors 'none'
      Content-Type:
      - application/json
      Date:
      - Tue, 19 Dec 2023 08:27:38 GMT
      Server:
      - Scaleway API-Gateway
      Strict-Transport-Security:
      - max-age=63072000
      X-Content-Type-Options:
      - nosniff
      X-Frame-Options:
      - DENY
      X-Request-Id:
      - 4558bb30-17e0-49fc-ac5f-591aa0a0c083
    status: 200 OK
    code: 200
    duration: ""
- request:
    body: ""
    form: {}
    headers:
      User-Agent:
      - scaleway-sdk-go/v1.0.0-beta.7+dev (go1.21.3; darwin; amd64) terraform-provider/develop
        terraform/terraform-tests
    url: https://api.scaleway.com/vpc/v2/regions/fr-par/private-networks/e7688e59-a548-43b7-a914-f1aa5f32136d
    method: GET
  response:
    body: '{"created_at":"2023-12-19T08:27:37.786679Z","dhcp_enabled":true,"id":"e7688e59-a548-43b7-a914-f1aa5f32136d","name":"pn-with-lb-static","organization_id":"564aa517-68b0-4fd7-8c8c-d21c4bcdcbd5","project_id":"564aa517-68b0-4fd7-8c8c-d21c4bcdcbd5","region":"fr-par","subnets":[{"created_at":"2023-12-19T08:27:37.786679Z","id":"7e452582-828b-48f2-b882-fcc56e92c2b4","subnet":"172.16.0.0/22","updated_at":"2023-12-19T08:27:37.786679Z"},{"created_at":"2023-12-19T08:27:37.786679Z","id":"eb5a7032-46f2-4c4d-8625-fd74c6f6fe33","subnet":"fd46:78ab:30b8:febd::/64","updated_at":"2023-12-19T08:27:37.786679Z"}],"tags":[],"updated_at":"2023-12-19T08:27:37.786679Z","vpc_id":"086a5171-f7ab-4667-a231-840a81203f19"}'
    headers:
      Content-Length:
      - "700"
      Content-Security-Policy:
      - default-src 'none'; frame-ancestors 'none'
      Content-Type:
      - application/json
      Date:
      - Tue, 19 Dec 2023 08:27:38 GMT
      Server:
      - Scaleway API-Gateway
      Strict-Transport-Security:
      - max-age=63072000
      X-Content-Type-Options:
      - nosniff
      X-Frame-Options:
      - DENY
      X-Request-Id:
      - 37bbcf9a-52e9-4fdf-bdc6-20a29efec61f
    status: 200 OK
    code: 200
    duration: ""
- request:
    body: '{"project_id":"564aa517-68b0-4fd7-8c8c-d21c4bcdcbd5","name":"test-lb-with-pn-static-cidr","description":"","ip_id":"160e2f93-6dca-4194-9c8c-c9ae6a34e335","tags":null,"type":"LB-S","ssl_compatibility_level":"ssl_compatibility_level_intermediate"}'
    form: {}
    headers:
      Content-Type:
      - application/json
      User-Agent:
      - scaleway-sdk-go/v1.0.0-beta.7+dev (go1.21.3; darwin; amd64) terraform-provider/develop
        terraform/terraform-tests
    url: https://api.scaleway.com/lb/v1/zones/fr-par-1/lbs
    method: POST
  response:
    body: '{"backend_count":0,"created_at":"2023-12-19T08:27:38.603640039Z","description":"","frontend_count":0,"id":"cc7caa75-6491-48ee-97d2-46d505778f25","instances":[],"ip":[{"id":"160e2f93-6dca-4194-9c8c-c9ae6a34e335","ip_address":"195.154.196.94","lb_id":"cc7caa75-6491-48ee-97d2-46d505778f25","organization_id":"564aa517-68b0-4fd7-8c8c-d21c4bcdcbd5","project_id":"564aa517-68b0-4fd7-8c8c-d21c4bcdcbd5","region":"fr-par","reverse":"195-154-196-94.lb.fr-par.scw.cloud","zone":"fr-par-1"}],"name":"test-lb-with-pn-static-cidr","organization_id":"564aa517-68b0-4fd7-8c8c-d21c4bcdcbd5","private_network_count":0,"project_id":"564aa517-68b0-4fd7-8c8c-d21c4bcdcbd5","region":"fr-par","route_count":0,"ssl_compatibility_level":"ssl_compatibility_level_intermediate","status":"to_create","subscriber":null,"tags":[],"type":"lb-s","updated_at":"2023-12-19T08:27:38.603640039Z","zone":"fr-par-1"}'
    headers:
      Content-Length:
      - "880"
      Content-Security-Policy:
      - default-src 'none'; frame-ancestors 'none'
      Content-Type:
      - application/json
      Date:
      - Tue, 19 Dec 2023 08:27:38 GMT
      Server:
      - Scaleway API-Gateway
      Strict-Transport-Security:
      - max-age=63072000
      X-Content-Type-Options:
      - nosniff
      X-Frame-Options:
      - DENY
      X-Request-Id:
      - aba76cd5-c53e-46b9-81dc-6264341dd055
    status: 200 OK
    code: 200
    duration: ""
- request:
    body: ""
    form: {}
    headers:
      User-Agent:
      - scaleway-sdk-go/v1.0.0-beta.7+dev (go1.21.3; darwin; amd64) terraform-provider/develop
        terraform/terraform-tests
    url: https://api.scaleway.com/lb/v1/zones/fr-par-1/lbs/cc7caa75-6491-48ee-97d2-46d505778f25
    method: GET
  response:
    body: '{"backend_count":0,"created_at":"2023-12-19T08:27:38.603640Z","description":"","frontend_count":0,"id":"cc7caa75-6491-48ee-97d2-46d505778f25","instances":[],"ip":[{"id":"160e2f93-6dca-4194-9c8c-c9ae6a34e335","ip_address":"195.154.196.94","lb_id":"cc7caa75-6491-48ee-97d2-46d505778f25","organization_id":"564aa517-68b0-4fd7-8c8c-d21c4bcdcbd5","project_id":"564aa517-68b0-4fd7-8c8c-d21c4bcdcbd5","region":"fr-par","reverse":"195-154-196-94.lb.fr-par.scw.cloud","zone":"fr-par-1"}],"name":"test-lb-with-pn-static-cidr","organization_id":"564aa517-68b0-4fd7-8c8c-d21c4bcdcbd5","private_network_count":0,"project_id":"564aa517-68b0-4fd7-8c8c-d21c4bcdcbd5","region":"fr-par","route_count":0,"ssl_compatibility_level":"ssl_compatibility_level_intermediate","status":"to_create","subscriber":null,"tags":[],"type":"lb-s","updated_at":"2023-12-19T08:27:38.603640Z","zone":"fr-par-1"}'
    headers:
      Content-Length:
      - "874"
      Content-Security-Policy:
      - default-src 'none'; frame-ancestors 'none'
      Content-Type:
      - application/json
      Date:
      - Tue, 19 Dec 2023 08:27:38 GMT
      Server:
      - Scaleway API-Gateway
      Strict-Transport-Security:
      - max-age=63072000
      X-Content-Type-Options:
      - nosniff
      X-Frame-Options:
      - DENY
      X-Request-Id:
      - f36aaeab-8eef-4e77-8a63-9367d4ea856e
    status: 200 OK
    code: 200
    duration: ""
- request:
    body: ""
    form: {}
    headers:
      User-Agent:
      - scaleway-sdk-go/v1.0.0-beta.7+dev (go1.21.3; darwin; amd64) terraform-provider/develop
        terraform/terraform-tests
    url: https://api.scaleway.com/lb/v1/zones/fr-par-1/lbs/cc7caa75-6491-48ee-97d2-46d505778f25
    method: GET
  response:
    body: '{"backend_count":0,"created_at":"2023-12-19T08:27:38.603640Z","description":"","frontend_count":0,"id":"cc7caa75-6491-48ee-97d2-46d505778f25","instances":[{"created_at":"2023-12-19T08:25:55.602295Z","id":"cb614ea8-a8a1-4b44-9e1b-0c0b300d395a","ip_address":"","region":"fr-par","status":"ready","updated_at":"2023-12-19T08:27:43.165308Z","zone":"fr-par-1"}],"ip":[{"id":"160e2f93-6dca-4194-9c8c-c9ae6a34e335","ip_address":"195.154.196.94","lb_id":"cc7caa75-6491-48ee-97d2-46d505778f25","organization_id":"564aa517-68b0-4fd7-8c8c-d21c4bcdcbd5","project_id":"564aa517-68b0-4fd7-8c8c-d21c4bcdcbd5","region":"fr-par","reverse":"195-154-196-94.lb.fr-par.scw.cloud","zone":"fr-par-1"}],"name":"test-lb-with-pn-static-cidr","organization_id":"564aa517-68b0-4fd7-8c8c-d21c4bcdcbd5","private_network_count":0,"project_id":"564aa517-68b0-4fd7-8c8c-d21c4bcdcbd5","region":"fr-par","route_count":0,"ssl_compatibility_level":"ssl_compatibility_level_intermediate","status":"ready","subscriber":null,"tags":[],"type":"lb-s","updated_at":"2023-12-19T08:27:44.589173Z","zone":"fr-par-1"}'
    headers:
      Content-Length:
      - "1070"
      Content-Security-Policy:
      - default-src 'none'; frame-ancestors 'none'
      Content-Type:
      - application/json
      Date:
      - Tue, 19 Dec 2023 08:28:08 GMT
      Server:
      - Scaleway API-Gateway
      Strict-Transport-Security:
      - max-age=63072000
      X-Content-Type-Options:
      - nosniff
      X-Frame-Options:
      - DENY
      X-Request-Id:
      - dfcc518a-b30e-42e7-91e2-432d3a5f2907
    status: 200 OK
    code: 200
    duration: ""
- request:
    body: '{}'
    form: {}
    headers:
      Content-Type:
      - application/json
      User-Agent:
      - scaleway-sdk-go/v1.0.0-beta.7+dev (go1.21.3; darwin; amd64) terraform-provider/develop
        terraform/terraform-tests
    url: https://api.scaleway.com/lb/v1/zones/fr-par-1/lbs/cc7caa75-6491-48ee-97d2-46d505778f25/private-networks/e7688e59-a548-43b7-a914-f1aa5f32136d/attach
    method: POST
  response:
    body: '{"created_at":"2023-12-19T08:28:09.124508536Z","dhcp_config":{"ip_id":null},"ipam_ids":[],"lb":{"backend_count":0,"created_at":"2023-12-19T08:27:38.603640Z","description":"","frontend_count":0,"id":"cc7caa75-6491-48ee-97d2-46d505778f25","instances":[{"created_at":"2023-12-19T08:25:55.602295Z","id":"cb614ea8-a8a1-4b44-9e1b-0c0b300d395a","ip_address":"","region":"fr-par","status":"ready","updated_at":"2023-12-19T08:27:43.165308Z","zone":"fr-par-1"}],"ip":[{"id":"160e2f93-6dca-4194-9c8c-c9ae6a34e335","ip_address":"195.154.196.94","lb_id":"cc7caa75-6491-48ee-97d2-46d505778f25","organization_id":"564aa517-68b0-4fd7-8c8c-d21c4bcdcbd5","project_id":"564aa517-68b0-4fd7-8c8c-d21c4bcdcbd5","region":"fr-par","reverse":"195-154-196-94.lb.fr-par.scw.cloud","zone":"fr-par-1"}],"name":"test-lb-with-pn-static-cidr","organization_id":"564aa517-68b0-4fd7-8c8c-d21c4bcdcbd5","private_network_count":1,"project_id":"564aa517-68b0-4fd7-8c8c-d21c4bcdcbd5","region":"fr-par","route_count":0,"ssl_compatibility_level":"ssl_compatibility_level_intermediate","status":"ready","subscriber":null,"tags":[],"type":"lb-s","updated_at":"2023-12-19T08:27:44.589173Z","zone":"fr-par-1"},"private_network_id":"e7688e59-a548-43b7-a914-f1aa5f32136d","status":"pending","updated_at":"2023-12-19T08:28:09.124508536Z"}'
    headers:
      Content-Length:
      - "1291"
      Content-Security-Policy:
      - default-src 'none'; frame-ancestors 'none'
      Content-Type:
      - application/json
      Date:
      - Tue, 19 Dec 2023 08:28:09 GMT
      Server:
      - Scaleway API-Gateway
      Strict-Transport-Security:
      - max-age=63072000
      X-Content-Type-Options:
      - nosniff
      X-Frame-Options:
      - DENY
      X-Request-Id:
      - 65280c4d-e558-4ce6-874b-eb5b3a7aef0d
    status: 200 OK
    code: 200
    duration: ""
- request:
    body: ""
    form: {}
    headers:
      User-Agent:
      - scaleway-sdk-go/v1.0.0-beta.7+dev (go1.21.3; darwin; amd64) terraform-provider/develop
        terraform/terraform-tests
    url: https://api.scaleway.com/lb/v1/zones/fr-par-1/lbs/cc7caa75-6491-48ee-97d2-46d505778f25/private-networks?order_by=created_at_asc
    method: GET
  response:
    body: '{"private_network":[{"created_at":"2023-12-19T08:28:09.124509Z","dhcp_config":{"ip_id":null},"ipam_ids":[],"lb":{"backend_count":0,"created_at":"2023-12-19T08:27:38.603640Z","description":"","frontend_count":0,"id":"cc7caa75-6491-48ee-97d2-46d505778f25","instances":[],"ip":[{"id":"160e2f93-6dca-4194-9c8c-c9ae6a34e335","ip_address":"195.154.196.94","lb_id":"cc7caa75-6491-48ee-97d2-46d505778f25","organization_id":"564aa517-68b0-4fd7-8c8c-d21c4bcdcbd5","project_id":"564aa517-68b0-4fd7-8c8c-d21c4bcdcbd5","region":"fr-par","reverse":"195-154-196-94.lb.fr-par.scw.cloud","zone":"fr-par-1"}],"name":"test-lb-with-pn-static-cidr","organization_id":"564aa517-68b0-4fd7-8c8c-d21c4bcdcbd5","private_network_count":1,"project_id":"564aa517-68b0-4fd7-8c8c-d21c4bcdcbd5","region":"fr-par","route_count":0,"ssl_compatibility_level":"ssl_compatibility_level_intermediate","status":"ready","subscriber":null,"tags":[],"type":"lb-s","updated_at":"2023-12-19T08:27:44.589173Z","zone":"fr-par-1"},"private_network_id":"e7688e59-a548-43b7-a914-f1aa5f32136d","status":"pending","updated_at":"2023-12-19T08:28:09.124509Z"}],"total_count":1}'
    headers:
      Content-Length:
      - "1123"
      Content-Security-Policy:
      - default-src 'none'; frame-ancestors 'none'
      Content-Type:
      - application/json
      Date:
      - Tue, 19 Dec 2023 08:28:09 GMT
      Server:
      - Scaleway API-Gateway
      Strict-Transport-Security:
      - max-age=63072000
      X-Content-Type-Options:
      - nosniff
      X-Frame-Options:
      - DENY
      X-Request-Id:
      - 8cbc83fd-eec9-427d-8f1d-d8eccaf8c1db
    status: 200 OK
    code: 200
    duration: ""
- request:
    body: ""
    form: {}
    headers:
      User-Agent:
      - scaleway-sdk-go/v1.0.0-beta.7+dev (go1.21.3; darwin; amd64) terraform-provider/develop
        terraform/terraform-tests
    url: https://api.scaleway.com/lb/v1/zones/fr-par-1/lbs/cc7caa75-6491-48ee-97d2-46d505778f25/private-networks?order_by=created_at_asc
    method: GET
  response:
    body: '{"private_network":[{"created_at":"2023-12-19T08:28:09.124509Z","dhcp_config":{"ip_id":"4dc36c20-5fad-4745-a6a6-7b5936d71f6c"},"ipam_ids":["4dc36c20-5fad-4745-a6a6-7b5936d71f6c"],"lb":{"backend_count":0,"created_at":"2023-12-19T08:27:38.603640Z","description":"","frontend_count":0,"id":"cc7caa75-6491-48ee-97d2-46d505778f25","instances":[],"ip":[{"id":"160e2f93-6dca-4194-9c8c-c9ae6a34e335","ip_address":"195.154.196.94","lb_id":"cc7caa75-6491-48ee-97d2-46d505778f25","organization_id":"564aa517-68b0-4fd7-8c8c-d21c4bcdcbd5","project_id":"564aa517-68b0-4fd7-8c8c-d21c4bcdcbd5","region":"fr-par","reverse":"195-154-196-94.lb.fr-par.scw.cloud","zone":"fr-par-1"}],"name":"test-lb-with-pn-static-cidr","organization_id":"564aa517-68b0-4fd7-8c8c-d21c4bcdcbd5","private_network_count":1,"project_id":"564aa517-68b0-4fd7-8c8c-d21c4bcdcbd5","region":"fr-par","route_count":0,"ssl_compatibility_level":"ssl_compatibility_level_intermediate","status":"ready","subscriber":null,"tags":[],"type":"lb-s","updated_at":"2023-12-19T08:27:44.589173Z","zone":"fr-par-1"},"private_network_id":"e7688e59-a548-43b7-a914-f1aa5f32136d","status":"ready","updated_at":"2023-12-19T08:28:17.602414Z"}],"total_count":1}'
    headers:
      Content-Length:
      - "1193"
      Content-Security-Policy:
      - default-src 'none'; frame-ancestors 'none'
      Content-Type:
      - application/json
      Date:
      - Tue, 19 Dec 2023 08:28:39 GMT
      Server:
      - Scaleway API-Gateway
      Strict-Transport-Security:
      - max-age=63072000
      X-Content-Type-Options:
      - nosniff
      X-Frame-Options:
      - DENY
      X-Request-Id:
      - ed96fffe-204a-41ae-94fe-a42986c183dd
    status: 200 OK
    code: 200
    duration: ""
- request:
    body: ""
    form: {}
    headers:
      User-Agent:
      - scaleway-sdk-go/v1.0.0-beta.7+dev (go1.21.3; darwin; amd64) terraform-provider/develop
        terraform/terraform-tests
    url: https://api.scaleway.com/lb/v1/zones/fr-par-1/lbs/cc7caa75-6491-48ee-97d2-46d505778f25
    method: GET
  response:
    body: '{"backend_count":0,"created_at":"2023-12-19T08:27:38.603640Z","description":"","frontend_count":0,"id":"cc7caa75-6491-48ee-97d2-46d505778f25","instances":[{"created_at":"2023-12-19T08:25:55.602295Z","id":"cb614ea8-a8a1-4b44-9e1b-0c0b300d395a","ip_address":"","region":"fr-par","status":"ready","updated_at":"2023-12-19T08:28:17.337486Z","zone":"fr-par-1"}],"ip":[{"id":"160e2f93-6dca-4194-9c8c-c9ae6a34e335","ip_address":"195.154.196.94","lb_id":"cc7caa75-6491-48ee-97d2-46d505778f25","organization_id":"564aa517-68b0-4fd7-8c8c-d21c4bcdcbd5","project_id":"564aa517-68b0-4fd7-8c8c-d21c4bcdcbd5","region":"fr-par","reverse":"195-154-196-94.lb.fr-par.scw.cloud","zone":"fr-par-1"}],"name":"test-lb-with-pn-static-cidr","organization_id":"564aa517-68b0-4fd7-8c8c-d21c4bcdcbd5","private_network_count":1,"project_id":"564aa517-68b0-4fd7-8c8c-d21c4bcdcbd5","region":"fr-par","route_count":0,"ssl_compatibility_level":"ssl_compatibility_level_intermediate","status":"ready","subscriber":null,"tags":[],"type":"lb-s","updated_at":"2023-12-19T08:27:44.589173Z","zone":"fr-par-1"}'
    headers:
      Content-Length:
      - "1070"
      Content-Security-Policy:
      - default-src 'none'; frame-ancestors 'none'
      Content-Type:
      - application/json
      Date:
      - Tue, 19 Dec 2023 08:28:39 GMT
      Server:
      - Scaleway API-Gateway
      Strict-Transport-Security:
      - max-age=63072000
      X-Content-Type-Options:
      - nosniff
      X-Frame-Options:
      - DENY
      X-Request-Id:
      - 758077f9-992e-413e-bc35-a8a543804a6e
    status: 200 OK
    code: 200
    duration: ""
- request:
    body: ""
    form: {}
    headers:
      User-Agent:
      - scaleway-sdk-go/v1.0.0-beta.7+dev (go1.21.3; darwin; amd64) terraform-provider/develop
        terraform/terraform-tests
    url: https://api.scaleway.com/lb/v1/zones/fr-par-1/lbs/cc7caa75-6491-48ee-97d2-46d505778f25
    method: GET
  response:
    body: '{"backend_count":0,"created_at":"2023-12-19T08:27:38.603640Z","description":"","frontend_count":0,"id":"cc7caa75-6491-48ee-97d2-46d505778f25","instances":[{"created_at":"2023-12-19T08:25:55.602295Z","id":"cb614ea8-a8a1-4b44-9e1b-0c0b300d395a","ip_address":"","region":"fr-par","status":"ready","updated_at":"2023-12-19T08:28:17.337486Z","zone":"fr-par-1"}],"ip":[{"id":"160e2f93-6dca-4194-9c8c-c9ae6a34e335","ip_address":"195.154.196.94","lb_id":"cc7caa75-6491-48ee-97d2-46d505778f25","organization_id":"564aa517-68b0-4fd7-8c8c-d21c4bcdcbd5","project_id":"564aa517-68b0-4fd7-8c8c-d21c4bcdcbd5","region":"fr-par","reverse":"195-154-196-94.lb.fr-par.scw.cloud","zone":"fr-par-1"}],"name":"test-lb-with-pn-static-cidr","organization_id":"564aa517-68b0-4fd7-8c8c-d21c4bcdcbd5","private_network_count":1,"project_id":"564aa517-68b0-4fd7-8c8c-d21c4bcdcbd5","region":"fr-par","route_count":0,"ssl_compatibility_level":"ssl_compatibility_level_intermediate","status":"ready","subscriber":null,"tags":[],"type":"lb-s","updated_at":"2023-12-19T08:27:44.589173Z","zone":"fr-par-1"}'
    headers:
      Content-Length:
      - "1070"
      Content-Security-Policy:
      - default-src 'none'; frame-ancestors 'none'
      Content-Type:
      - application/json
      Date:
      - Tue, 19 Dec 2023 08:28:39 GMT
      Server:
      - Scaleway API-Gateway
      Strict-Transport-Security:
      - max-age=63072000
      X-Content-Type-Options:
      - nosniff
      X-Frame-Options:
      - DENY
      X-Request-Id:
      - 23e40b84-42ff-4ce2-9fb3-203ab2da725b
    status: 200 OK
    code: 200
    duration: ""
- request:
    body: ""
    form: {}
    headers:
      User-Agent:
      - scaleway-sdk-go/v1.0.0-beta.7+dev (go1.21.3; darwin; amd64) terraform-provider/develop
        terraform/terraform-tests
    url: https://api.scaleway.com/lb/v1/zones/fr-par-1/lbs/cc7caa75-6491-48ee-97d2-46d505778f25/private-networks?order_by=created_at_asc
    method: GET
  response:
    body: '{"private_network":[{"created_at":"2023-12-19T08:28:09.124509Z","dhcp_config":{"ip_id":"4dc36c20-5fad-4745-a6a6-7b5936d71f6c"},"ipam_ids":["4dc36c20-5fad-4745-a6a6-7b5936d71f6c"],"lb":{"backend_count":0,"created_at":"2023-12-19T08:27:38.603640Z","description":"","frontend_count":0,"id":"cc7caa75-6491-48ee-97d2-46d505778f25","instances":[],"ip":[{"id":"160e2f93-6dca-4194-9c8c-c9ae6a34e335","ip_address":"195.154.196.94","lb_id":"cc7caa75-6491-48ee-97d2-46d505778f25","organization_id":"564aa517-68b0-4fd7-8c8c-d21c4bcdcbd5","project_id":"564aa517-68b0-4fd7-8c8c-d21c4bcdcbd5","region":"fr-par","reverse":"195-154-196-94.lb.fr-par.scw.cloud","zone":"fr-par-1"}],"name":"test-lb-with-pn-static-cidr","organization_id":"564aa517-68b0-4fd7-8c8c-d21c4bcdcbd5","private_network_count":1,"project_id":"564aa517-68b0-4fd7-8c8c-d21c4bcdcbd5","region":"fr-par","route_count":0,"ssl_compatibility_level":"ssl_compatibility_level_intermediate","status":"ready","subscriber":null,"tags":[],"type":"lb-s","updated_at":"2023-12-19T08:27:44.589173Z","zone":"fr-par-1"},"private_network_id":"e7688e59-a548-43b7-a914-f1aa5f32136d","status":"ready","updated_at":"2023-12-19T08:28:17.602414Z"}],"total_count":1}'
    headers:
      Content-Length:
      - "1193"
      Content-Security-Policy:
      - default-src 'none'; frame-ancestors 'none'
      Content-Type:
      - application/json
      Date:
      - Tue, 19 Dec 2023 08:28:39 GMT
      Server:
      - Scaleway API-Gateway
      Strict-Transport-Security:
      - max-age=63072000
      X-Content-Type-Options:
      - nosniff
      X-Frame-Options:
      - DENY
      X-Request-Id:
      - bf27a3c3-f528-448c-b4ae-168451f2db24
    status: 200 OK
    code: 200
    duration: ""
- request:
    body: ""
    form: {}
    headers:
      User-Agent:
      - scaleway-sdk-go/v1.0.0-beta.7+dev (go1.21.3; darwin; amd64) terraform-provider/develop
        terraform/terraform-tests
    url: https://api.scaleway.com/lb/v1/zones/fr-par-1/lbs/cc7caa75-6491-48ee-97d2-46d505778f25
    method: GET
  response:
    body: '{"backend_count":0,"created_at":"2023-12-19T08:27:38.603640Z","description":"","frontend_count":0,"id":"cc7caa75-6491-48ee-97d2-46d505778f25","instances":[{"created_at":"2023-12-19T08:25:55.602295Z","id":"cb614ea8-a8a1-4b44-9e1b-0c0b300d395a","ip_address":"","region":"fr-par","status":"ready","updated_at":"2023-12-19T08:28:17.337486Z","zone":"fr-par-1"}],"ip":[{"id":"160e2f93-6dca-4194-9c8c-c9ae6a34e335","ip_address":"195.154.196.94","lb_id":"cc7caa75-6491-48ee-97d2-46d505778f25","organization_id":"564aa517-68b0-4fd7-8c8c-d21c4bcdcbd5","project_id":"564aa517-68b0-4fd7-8c8c-d21c4bcdcbd5","region":"fr-par","reverse":"195-154-196-94.lb.fr-par.scw.cloud","zone":"fr-par-1"}],"name":"test-lb-with-pn-static-cidr","organization_id":"564aa517-68b0-4fd7-8c8c-d21c4bcdcbd5","private_network_count":1,"project_id":"564aa517-68b0-4fd7-8c8c-d21c4bcdcbd5","region":"fr-par","route_count":0,"ssl_compatibility_level":"ssl_compatibility_level_intermediate","status":"ready","subscriber":null,"tags":[],"type":"lb-s","updated_at":"2023-12-19T08:27:44.589173Z","zone":"fr-par-1"}'
    headers:
      Content-Length:
      - "1070"
      Content-Security-Policy:
      - default-src 'none'; frame-ancestors 'none'
      Content-Type:
      - application/json
      Date:
      - Tue, 19 Dec 2023 08:28:40 GMT
      Server:
      - Scaleway API-Gateway
      Strict-Transport-Security:
      - max-age=63072000
      X-Content-Type-Options:
      - nosniff
      X-Frame-Options:
      - DENY
      X-Request-Id:
      - d02f4c24-bc06-4aeb-a514-d36bb4cc67d6
    status: 200 OK
    code: 200
    duration: ""
- request:
    body: ""
    form: {}
    headers:
      User-Agent:
      - scaleway-sdk-go/v1.0.0-beta.7+dev (go1.21.3; darwin; amd64) terraform-provider/develop
        terraform/terraform-tests
    url: https://api.scaleway.com/lb/v1/zones/fr-par-1/ips/160e2f93-6dca-4194-9c8c-c9ae6a34e335
    method: GET
  response:
    body: '{"id":"160e2f93-6dca-4194-9c8c-c9ae6a34e335","ip_address":"195.154.196.94","lb_id":"cc7caa75-6491-48ee-97d2-46d505778f25","organization_id":"564aa517-68b0-4fd7-8c8c-d21c4bcdcbd5","project_id":"564aa517-68b0-4fd7-8c8c-d21c4bcdcbd5","region":"fr-par","reverse":"195-154-196-94.lb.fr-par.scw.cloud","zone":"fr-par-1"}'
    headers:
      Content-Length:
      - "314"
      Content-Security-Policy:
      - default-src 'none'; frame-ancestors 'none'
      Content-Type:
      - application/json
      Date:
      - Tue, 19 Dec 2023 08:28:40 GMT
      Server:
      - Scaleway API-Gateway
      Strict-Transport-Security:
      - max-age=63072000
      X-Content-Type-Options:
      - nosniff
      X-Frame-Options:
      - DENY
      X-Request-Id:
      - eb8fb30b-fae8-4888-9fb7-59caac5b4e12
    status: 200 OK
    code: 200
    duration: ""
- request:
    body: ""
    form: {}
    headers:
      User-Agent:
      - scaleway-sdk-go/v1.0.0-beta.7+dev (go1.21.3; darwin; amd64) terraform-provider/develop
        terraform/terraform-tests
    url: https://api.scaleway.com/vpc/v2/regions/fr-par/private-networks/e7688e59-a548-43b7-a914-f1aa5f32136d
    method: GET
  response:
    body: '{"created_at":"2023-12-19T08:27:37.786679Z","dhcp_enabled":true,"id":"e7688e59-a548-43b7-a914-f1aa5f32136d","name":"pn-with-lb-static","organization_id":"564aa517-68b0-4fd7-8c8c-d21c4bcdcbd5","project_id":"564aa517-68b0-4fd7-8c8c-d21c4bcdcbd5","region":"fr-par","subnets":[{"created_at":"2023-12-19T08:27:37.786679Z","id":"7e452582-828b-48f2-b882-fcc56e92c2b4","subnet":"172.16.0.0/22","updated_at":"2023-12-19T08:27:37.786679Z"},{"created_at":"2023-12-19T08:27:37.786679Z","id":"eb5a7032-46f2-4c4d-8625-fd74c6f6fe33","subnet":"fd46:78ab:30b8:febd::/64","updated_at":"2023-12-19T08:27:37.786679Z"}],"tags":[],"updated_at":"2023-12-19T08:27:37.786679Z","vpc_id":"086a5171-f7ab-4667-a231-840a81203f19"}'
    headers:
      Content-Length:
      - "700"
      Content-Security-Policy:
      - default-src 'none'; frame-ancestors 'none'
      Content-Type:
      - application/json
      Date:
      - Tue, 19 Dec 2023 08:28:40 GMT
      Server:
      - Scaleway API-Gateway
      Strict-Transport-Security:
      - max-age=63072000
      X-Content-Type-Options:
      - nosniff
      X-Frame-Options:
      - DENY
      X-Request-Id:
      - fd3fd9ee-08c6-42fc-928c-dcf1360c6c06
    status: 200 OK
    code: 200
    duration: ""
- request:
    body: ""
    form: {}
    headers:
      User-Agent:
      - scaleway-sdk-go/v1.0.0-beta.7+dev (go1.21.3; darwin; amd64) terraform-provider/develop
        terraform/terraform-tests
    url: https://api.scaleway.com/lb/v1/zones/fr-par-1/ips/160e2f93-6dca-4194-9c8c-c9ae6a34e335
    method: GET
  response:
    body: '{"id":"160e2f93-6dca-4194-9c8c-c9ae6a34e335","ip_address":"195.154.196.94","lb_id":"cc7caa75-6491-48ee-97d2-46d505778f25","organization_id":"564aa517-68b0-4fd7-8c8c-d21c4bcdcbd5","project_id":"564aa517-68b0-4fd7-8c8c-d21c4bcdcbd5","region":"fr-par","reverse":"195-154-196-94.lb.fr-par.scw.cloud","zone":"fr-par-1"}'
    headers:
      Content-Length:
      - "314"
      Content-Security-Policy:
      - default-src 'none'; frame-ancestors 'none'
      Content-Type:
      - application/json
      Date:
      - Tue, 19 Dec 2023 08:28:40 GMT
      Server:
      - Scaleway API-Gateway
      Strict-Transport-Security:
      - max-age=63072000
      X-Content-Type-Options:
      - nosniff
      X-Frame-Options:
      - DENY
      X-Request-Id:
      - fed51374-e68d-4a64-ac66-cb3f25158191
    status: 200 OK
    code: 200
    duration: ""
- request:
    body: ""
    form: {}
    headers:
      User-Agent:
      - scaleway-sdk-go/v1.0.0-beta.7+dev (go1.21.3; darwin; amd64) terraform-provider/develop
        terraform/terraform-tests
    url: https://api.scaleway.com/lb/v1/zones/fr-par-1/lbs/cc7caa75-6491-48ee-97d2-46d505778f25
    method: GET
  response:
    body: '{"backend_count":0,"created_at":"2023-12-19T08:27:38.603640Z","description":"","frontend_count":0,"id":"cc7caa75-6491-48ee-97d2-46d505778f25","instances":[{"created_at":"2023-12-19T08:25:55.602295Z","id":"cb614ea8-a8a1-4b44-9e1b-0c0b300d395a","ip_address":"","region":"fr-par","status":"ready","updated_at":"2023-12-19T08:28:17.337486Z","zone":"fr-par-1"}],"ip":[{"id":"160e2f93-6dca-4194-9c8c-c9ae6a34e335","ip_address":"195.154.196.94","lb_id":"cc7caa75-6491-48ee-97d2-46d505778f25","organization_id":"564aa517-68b0-4fd7-8c8c-d21c4bcdcbd5","project_id":"564aa517-68b0-4fd7-8c8c-d21c4bcdcbd5","region":"fr-par","reverse":"195-154-196-94.lb.fr-par.scw.cloud","zone":"fr-par-1"}],"name":"test-lb-with-pn-static-cidr","organization_id":"564aa517-68b0-4fd7-8c8c-d21c4bcdcbd5","private_network_count":1,"project_id":"564aa517-68b0-4fd7-8c8c-d21c4bcdcbd5","region":"fr-par","route_count":0,"ssl_compatibility_level":"ssl_compatibility_level_intermediate","status":"ready","subscriber":null,"tags":[],"type":"lb-s","updated_at":"2023-12-19T08:27:44.589173Z","zone":"fr-par-1"}'
    headers:
      Content-Length:
      - "1070"
      Content-Security-Policy:
      - default-src 'none'; frame-ancestors 'none'
      Content-Type:
      - application/json
      Date:
      - Tue, 19 Dec 2023 08:28:40 GMT
      Server:
      - Scaleway API-Gateway
      Strict-Transport-Security:
      - max-age=63072000
      X-Content-Type-Options:
      - nosniff
      X-Frame-Options:
      - DENY
      X-Request-Id:
      - d78a80cb-b1cb-49e2-bea9-fb5f3dab9098
    status: 200 OK
    code: 200
    duration: ""
- request:
    body: ""
    form: {}
    headers:
      User-Agent:
      - scaleway-sdk-go/v1.0.0-beta.7+dev (go1.21.3; darwin; amd64) terraform-provider/develop
        terraform/terraform-tests
    url: https://api.scaleway.com/lb/v1/zones/fr-par-1/lbs/cc7caa75-6491-48ee-97d2-46d505778f25
    method: GET
  response:
    body: '{"backend_count":0,"created_at":"2023-12-19T08:27:38.603640Z","description":"","frontend_count":0,"id":"cc7caa75-6491-48ee-97d2-46d505778f25","instances":[{"created_at":"2023-12-19T08:25:55.602295Z","id":"cb614ea8-a8a1-4b44-9e1b-0c0b300d395a","ip_address":"","region":"fr-par","status":"ready","updated_at":"2023-12-19T08:28:17.337486Z","zone":"fr-par-1"}],"ip":[{"id":"160e2f93-6dca-4194-9c8c-c9ae6a34e335","ip_address":"195.154.196.94","lb_id":"cc7caa75-6491-48ee-97d2-46d505778f25","organization_id":"564aa517-68b0-4fd7-8c8c-d21c4bcdcbd5","project_id":"564aa517-68b0-4fd7-8c8c-d21c4bcdcbd5","region":"fr-par","reverse":"195-154-196-94.lb.fr-par.scw.cloud","zone":"fr-par-1"}],"name":"test-lb-with-pn-static-cidr","organization_id":"564aa517-68b0-4fd7-8c8c-d21c4bcdcbd5","private_network_count":1,"project_id":"564aa517-68b0-4fd7-8c8c-d21c4bcdcbd5","region":"fr-par","route_count":0,"ssl_compatibility_level":"ssl_compatibility_level_intermediate","status":"ready","subscriber":null,"tags":[],"type":"lb-s","updated_at":"2023-12-19T08:27:44.589173Z","zone":"fr-par-1"}'
    headers:
      Content-Length:
      - "1070"
      Content-Security-Policy:
      - default-src 'none'; frame-ancestors 'none'
      Content-Type:
      - application/json
      Date:
      - Tue, 19 Dec 2023 08:28:40 GMT
      Server:
      - Scaleway API-Gateway
      Strict-Transport-Security:
      - max-age=63072000
      X-Content-Type-Options:
      - nosniff
      X-Frame-Options:
      - DENY
      X-Request-Id:
      - af4a07dc-6390-4d14-934a-f38b702ad1ac
    status: 200 OK
    code: 200
    duration: ""
- request:
    body: ""
    form: {}
    headers:
      User-Agent:
      - scaleway-sdk-go/v1.0.0-beta.7+dev (go1.21.3; darwin; amd64) terraform-provider/develop
        terraform/terraform-tests
    url: https://api.scaleway.com/lb/v1/zones/fr-par-1/lbs/cc7caa75-6491-48ee-97d2-46d505778f25/private-networks?order_by=created_at_asc
    method: GET
  response:
    body: '{"private_network":[{"created_at":"2023-12-19T08:28:09.124509Z","dhcp_config":{"ip_id":"4dc36c20-5fad-4745-a6a6-7b5936d71f6c"},"ipam_ids":["4dc36c20-5fad-4745-a6a6-7b5936d71f6c"],"lb":{"backend_count":0,"created_at":"2023-12-19T08:27:38.603640Z","description":"","frontend_count":0,"id":"cc7caa75-6491-48ee-97d2-46d505778f25","instances":[],"ip":[{"id":"160e2f93-6dca-4194-9c8c-c9ae6a34e335","ip_address":"195.154.196.94","lb_id":"cc7caa75-6491-48ee-97d2-46d505778f25","organization_id":"564aa517-68b0-4fd7-8c8c-d21c4bcdcbd5","project_id":"564aa517-68b0-4fd7-8c8c-d21c4bcdcbd5","region":"fr-par","reverse":"195-154-196-94.lb.fr-par.scw.cloud","zone":"fr-par-1"}],"name":"test-lb-with-pn-static-cidr","organization_id":"564aa517-68b0-4fd7-8c8c-d21c4bcdcbd5","private_network_count":1,"project_id":"564aa517-68b0-4fd7-8c8c-d21c4bcdcbd5","region":"fr-par","route_count":0,"ssl_compatibility_level":"ssl_compatibility_level_intermediate","status":"ready","subscriber":null,"tags":[],"type":"lb-s","updated_at":"2023-12-19T08:27:44.589173Z","zone":"fr-par-1"},"private_network_id":"e7688e59-a548-43b7-a914-f1aa5f32136d","status":"ready","updated_at":"2023-12-19T08:28:17.602414Z"}],"total_count":1}'
    headers:
      Content-Length:
      - "1193"
      Content-Security-Policy:
      - default-src 'none'; frame-ancestors 'none'
      Content-Type:
      - application/json
      Date:
      - Tue, 19 Dec 2023 08:28:40 GMT
      Server:
      - Scaleway API-Gateway
      Strict-Transport-Security:
      - max-age=63072000
      X-Content-Type-Options:
      - nosniff
      X-Frame-Options:
      - DENY
      X-Request-Id:
      - 2c493e40-e146-451e-bbcc-dfac2540f009
    status: 200 OK
    code: 200
    duration: ""
- request:
    body: ""
    form: {}
    headers:
      User-Agent:
      - scaleway-sdk-go/v1.0.0-beta.7+dev (go1.21.3; darwin; amd64) terraform-provider/develop
        terraform/terraform-tests
    url: https://api.scaleway.com/lb/v1/zones/fr-par-1/lbs/cc7caa75-6491-48ee-97d2-46d505778f25
    method: GET
  response:
    body: '{"backend_count":0,"created_at":"2023-12-19T08:27:38.603640Z","description":"","frontend_count":0,"id":"cc7caa75-6491-48ee-97d2-46d505778f25","instances":[{"created_at":"2023-12-19T08:25:55.602295Z","id":"cb614ea8-a8a1-4b44-9e1b-0c0b300d395a","ip_address":"","region":"fr-par","status":"ready","updated_at":"2023-12-19T08:28:17.337486Z","zone":"fr-par-1"}],"ip":[{"id":"160e2f93-6dca-4194-9c8c-c9ae6a34e335","ip_address":"195.154.196.94","lb_id":"cc7caa75-6491-48ee-97d2-46d505778f25","organization_id":"564aa517-68b0-4fd7-8c8c-d21c4bcdcbd5","project_id":"564aa517-68b0-4fd7-8c8c-d21c4bcdcbd5","region":"fr-par","reverse":"195-154-196-94.lb.fr-par.scw.cloud","zone":"fr-par-1"}],"name":"test-lb-with-pn-static-cidr","organization_id":"564aa517-68b0-4fd7-8c8c-d21c4bcdcbd5","private_network_count":1,"project_id":"564aa517-68b0-4fd7-8c8c-d21c4bcdcbd5","region":"fr-par","route_count":0,"ssl_compatibility_level":"ssl_compatibility_level_intermediate","status":"ready","subscriber":null,"tags":[],"type":"lb-s","updated_at":"2023-12-19T08:27:44.589173Z","zone":"fr-par-1"}'
    headers:
      Content-Length:
      - "1070"
      Content-Security-Policy:
      - default-src 'none'; frame-ancestors 'none'
      Content-Type:
      - application/json
      Date:
      - Tue, 19 Dec 2023 08:28:41 GMT
      Server:
      - Scaleway API-Gateway
      Strict-Transport-Security:
      - max-age=63072000
      X-Content-Type-Options:
      - nosniff
      X-Frame-Options:
      - DENY
      X-Request-Id:
      - 00c7da75-e4b9-4e5f-a182-88f5a77a331b
    status: 200 OK
    code: 200
    duration: ""
- request:
    body: ""
    form: {}
    headers:
      User-Agent:
      - scaleway-sdk-go/v1.0.0-beta.7+dev (go1.21.3; darwin; amd64) terraform-provider/develop
        terraform/terraform-tests
    url: https://api.scaleway.com/lb/v1/zones/fr-par-1/lbs/cc7caa75-6491-48ee-97d2-46d505778f25/private-networks?order_by=created_at_asc
    method: GET
  response:
    body: '{"private_network":[{"created_at":"2023-12-19T08:28:09.124509Z","dhcp_config":{"ip_id":"4dc36c20-5fad-4745-a6a6-7b5936d71f6c"},"ipam_ids":["4dc36c20-5fad-4745-a6a6-7b5936d71f6c"],"lb":{"backend_count":0,"created_at":"2023-12-19T08:27:38.603640Z","description":"","frontend_count":0,"id":"cc7caa75-6491-48ee-97d2-46d505778f25","instances":[],"ip":[{"id":"160e2f93-6dca-4194-9c8c-c9ae6a34e335","ip_address":"195.154.196.94","lb_id":"cc7caa75-6491-48ee-97d2-46d505778f25","organization_id":"564aa517-68b0-4fd7-8c8c-d21c4bcdcbd5","project_id":"564aa517-68b0-4fd7-8c8c-d21c4bcdcbd5","region":"fr-par","reverse":"195-154-196-94.lb.fr-par.scw.cloud","zone":"fr-par-1"}],"name":"test-lb-with-pn-static-cidr","organization_id":"564aa517-68b0-4fd7-8c8c-d21c4bcdcbd5","private_network_count":1,"project_id":"564aa517-68b0-4fd7-8c8c-d21c4bcdcbd5","region":"fr-par","route_count":0,"ssl_compatibility_level":"ssl_compatibility_level_intermediate","status":"ready","subscriber":null,"tags":[],"type":"lb-s","updated_at":"2023-12-19T08:27:44.589173Z","zone":"fr-par-1"},"private_network_id":"e7688e59-a548-43b7-a914-f1aa5f32136d","status":"ready","updated_at":"2023-12-19T08:28:17.602414Z"}],"total_count":1}'
    headers:
      Content-Length:
      - "1193"
      Content-Security-Policy:
      - default-src 'none'; frame-ancestors 'none'
      Content-Type:
      - application/json
      Date:
      - Tue, 19 Dec 2023 08:28:41 GMT
      Server:
      - Scaleway API-Gateway
      Strict-Transport-Security:
      - max-age=63072000
      X-Content-Type-Options:
      - nosniff
      X-Frame-Options:
      - DENY
      X-Request-Id:
      - c7489e9e-3745-4232-818c-0f421123dce6
    status: 200 OK
    code: 200
    duration: ""
- request:
    body: '{}'
    form: {}
    headers:
      Content-Type:
      - application/json
      User-Agent:
      - scaleway-sdk-go/v1.0.0-beta.7+dev (go1.21.3; darwin; amd64) terraform-provider/develop
        terraform/terraform-tests
    url: https://api.scaleway.com/lb/v1/zones/fr-par-1/lbs/cc7caa75-6491-48ee-97d2-46d505778f25/private-networks/e7688e59-a548-43b7-a914-f1aa5f32136d/detach
    method: POST
  response:
    body: ""
    headers:
      Content-Security-Policy:
      - default-src 'none'; frame-ancestors 'none'
      Content-Type:
      - application/json
      Date:
      - Tue, 19 Dec 2023 08:28:41 GMT
      Server:
      - Scaleway API-Gateway
      Strict-Transport-Security:
      - max-age=63072000
      X-Content-Type-Options:
      - nosniff
      X-Frame-Options:
      - DENY
      X-Request-Id:
      - 21d3ce1a-35ac-49b6-91ae-b25c15f7632f
    status: 204 No Content
    code: 204
    duration: ""
- request:
    body: ""
    form: {}
    headers:
      User-Agent:
      - scaleway-sdk-go/v1.0.0-beta.7+dev (go1.21.3; darwin; amd64) terraform-provider/develop
        terraform/terraform-tests
    url: https://api.scaleway.com/lb/v1/zones/fr-par-1/lbs/cc7caa75-6491-48ee-97d2-46d505778f25
    method: GET
  response:
    body: '{"backend_count":0,"created_at":"2023-12-19T08:27:38.603640Z","description":"","frontend_count":0,"id":"cc7caa75-6491-48ee-97d2-46d505778f25","instances":[{"created_at":"2023-12-19T08:25:55.602295Z","id":"cb614ea8-a8a1-4b44-9e1b-0c0b300d395a","ip_address":"","region":"fr-par","status":"ready","updated_at":"2023-12-19T08:28:17.337486Z","zone":"fr-par-1"}],"ip":[{"id":"160e2f93-6dca-4194-9c8c-c9ae6a34e335","ip_address":"195.154.196.94","lb_id":"cc7caa75-6491-48ee-97d2-46d505778f25","organization_id":"564aa517-68b0-4fd7-8c8c-d21c4bcdcbd5","project_id":"564aa517-68b0-4fd7-8c8c-d21c4bcdcbd5","region":"fr-par","reverse":"195-154-196-94.lb.fr-par.scw.cloud","zone":"fr-par-1"}],"name":"test-lb-with-pn-static-cidr","organization_id":"564aa517-68b0-4fd7-8c8c-d21c4bcdcbd5","private_network_count":1,"project_id":"564aa517-68b0-4fd7-8c8c-d21c4bcdcbd5","region":"fr-par","route_count":0,"ssl_compatibility_level":"ssl_compatibility_level_intermediate","status":"ready","subscriber":null,"tags":[],"type":"lb-s","updated_at":"2023-12-19T08:27:44.589173Z","zone":"fr-par-1"}'
    headers:
      Content-Length:
      - "1070"
      Content-Security-Policy:
      - default-src 'none'; frame-ancestors 'none'
      Content-Type:
      - application/json
      Date:
      - Tue, 19 Dec 2023 08:28:41 GMT
      Server:
      - Scaleway API-Gateway
      Strict-Transport-Security:
      - max-age=63072000
      X-Content-Type-Options:
      - nosniff
      X-Frame-Options:
      - DENY
      X-Request-Id:
      - 5d35a5a4-21b4-437c-9760-e9495b6da3c9
    status: 200 OK
    code: 200
    duration: ""
- request:
    body: ""
    form: {}
    headers:
      User-Agent:
      - scaleway-sdk-go/v1.0.0-beta.7+dev (go1.21.3; darwin; amd64) terraform-provider/develop
        terraform/terraform-tests
    url: https://api.scaleway.com/lb/v1/zones/fr-par-1/lbs/cc7caa75-6491-48ee-97d2-46d505778f25?release_ip=false
    method: DELETE
  response:
    body: ""
    headers:
      Content-Security-Policy:
      - default-src 'none'; frame-ancestors 'none'
      Content-Type:
      - application/json
      Date:
      - Tue, 19 Dec 2023 08:28:41 GMT
      Server:
      - Scaleway API-Gateway
      Strict-Transport-Security:
      - max-age=63072000
      X-Content-Type-Options:
      - nosniff
      X-Frame-Options:
      - DENY
      X-Request-Id:
      - dcf51bb6-5be7-4440-a101-7588e8376ec3
    status: 204 No Content
    code: 204
    duration: ""
- request:
    body: ""
    form: {}
    headers:
      User-Agent:
      - scaleway-sdk-go/v1.0.0-beta.7+dev (go1.21.3; darwin; amd64) terraform-provider/develop
        terraform/terraform-tests
    url: https://api.scaleway.com/lb/v1/zones/fr-par-1/lbs/cc7caa75-6491-48ee-97d2-46d505778f25
    method: GET
  response:
    body: '{"backend_count":0,"created_at":"2023-12-19T08:27:38.603640Z","description":"","frontend_count":0,"id":"cc7caa75-6491-48ee-97d2-46d505778f25","instances":[{"created_at":"2023-12-19T08:25:55.602295Z","id":"cb614ea8-a8a1-4b44-9e1b-0c0b300d395a","ip_address":"","region":"fr-par","status":"ready","updated_at":"2023-12-19T08:28:17.337486Z","zone":"fr-par-1"}],"ip":[{"id":"160e2f93-6dca-4194-9c8c-c9ae6a34e335","ip_address":"195.154.196.94","lb_id":"cc7caa75-6491-48ee-97d2-46d505778f25","organization_id":"564aa517-68b0-4fd7-8c8c-d21c4bcdcbd5","project_id":"564aa517-68b0-4fd7-8c8c-d21c4bcdcbd5","region":"fr-par","reverse":"195-154-196-94.lb.fr-par.scw.cloud","zone":"fr-par-1"}],"name":"test-lb-with-pn-static-cidr","organization_id":"564aa517-68b0-4fd7-8c8c-d21c4bcdcbd5","private_network_count":1,"project_id":"564aa517-68b0-4fd7-8c8c-d21c4bcdcbd5","region":"fr-par","route_count":0,"ssl_compatibility_level":"ssl_compatibility_level_intermediate","status":"to_delete","subscriber":null,"tags":[],"type":"lb-s","updated_at":"2023-12-19T08:28:41.713478Z","zone":"fr-par-1"}'
    headers:
      Content-Length:
      - "1074"
      Content-Security-Policy:
      - default-src 'none'; frame-ancestors 'none'
      Content-Type:
      - application/json
      Date:
      - Tue, 19 Dec 2023 08:28:41 GMT
      Server:
      - Scaleway API-Gateway
      Strict-Transport-Security:
      - max-age=63072000
      X-Content-Type-Options:
      - nosniff
      X-Frame-Options:
      - DENY
      X-Request-Id:
      - b1a84105-6ad9-4377-9ccb-258c7009f63b
    status: 200 OK
    code: 200
    duration: ""
- request:
    body: ""
    form: {}
    headers:
      User-Agent:
      - scaleway-sdk-go/v1.0.0-beta.7+dev (go1.21.3; darwin; amd64) terraform-provider/develop
        terraform/terraform-tests
    url: https://api.scaleway.com/lb/v1/zones/fr-par-1/lbs/cc7caa75-6491-48ee-97d2-46d505778f25
    method: GET
  response:
    body: '{"message":"lbs not Found"}'
    headers:
      Content-Length:
      - "27"
      Content-Security-Policy:
      - default-src 'none'; frame-ancestors 'none'
      Content-Type:
      - application/json
      Date:
      - Tue, 19 Dec 2023 08:29:11 GMT
      Server:
      - Scaleway API-Gateway
      Strict-Transport-Security:
      - max-age=63072000
      X-Content-Type-Options:
      - nosniff
      X-Frame-Options:
      - DENY
      X-Request-Id:
      - 082b5231-0aa4-4e7a-914e-90d1434e452a
    status: 404 Not Found
    code: 404
    duration: ""
- request:
    body: ""
    form: {}
    headers:
      User-Agent:
      - scaleway-sdk-go/v1.0.0-beta.7+dev (go1.21.3; darwin; amd64) terraform-provider/develop
        terraform/terraform-tests
    url: https://api.scaleway.com/lb/v1/zones/fr-par-1/lbs/cc7caa75-6491-48ee-97d2-46d505778f25
    method: GET
  response:
    body: '{"message":"lbs not Found"}'
    headers:
      Content-Length:
      - "27"
      Content-Security-Policy:
      - default-src 'none'; frame-ancestors 'none'
      Content-Type:
      - application/json
      Date:
      - Tue, 19 Dec 2023 08:29:12 GMT
      Server:
      - Scaleway API-Gateway
      Strict-Transport-Security:
      - max-age=63072000
      X-Content-Type-Options:
      - nosniff
      X-Frame-Options:
      - DENY
      X-Request-Id:
      - fd16ec72-1aaa-42f9-bb3d-ff5d2f7525fb
    status: 404 Not Found
    code: 404
    duration: ""
- request:
    body: ""
    form: {}
    headers:
      User-Agent:
      - scaleway-sdk-go/v1.0.0-beta.7+dev (go1.21.3; darwin; amd64) terraform-provider/develop
        terraform/terraform-tests
    url: https://api.scaleway.com/lb/v1/zones/fr-par-1/ips/160e2f93-6dca-4194-9c8c-c9ae6a34e335
    method: GET
  response:
    body: '{"id":"160e2f93-6dca-4194-9c8c-c9ae6a34e335","ip_address":"195.154.196.94","lb_id":null,"organization_id":"564aa517-68b0-4fd7-8c8c-d21c4bcdcbd5","project_id":"564aa517-68b0-4fd7-8c8c-d21c4bcdcbd5","region":"fr-par","reverse":"195-154-196-94.lb.fr-par.scw.cloud","zone":"fr-par-1"}'
    headers:
      Content-Length:
      - "280"
      Content-Security-Policy:
      - default-src 'none'; frame-ancestors 'none'
      Content-Type:
      - application/json
      Date:
      - Tue, 19 Dec 2023 08:29:12 GMT
      Server:
      - Scaleway API-Gateway
      Strict-Transport-Security:
      - max-age=63072000
      X-Content-Type-Options:
      - nosniff
      X-Frame-Options:
      - DENY
      X-Request-Id:
      - fdf2073a-3b96-4e10-b454-15ba3c5f2f17
    status: 200 OK
    code: 200
    duration: ""
- request:
    body: ""
    form: {}
    headers:
      User-Agent:
      - scaleway-sdk-go/v1.0.0-beta.7+dev (go1.21.3; darwin; amd64) terraform-provider/develop
        terraform/terraform-tests
    url: https://api.scaleway.com/lb/v1/zones/fr-par-1/ips/160e2f93-6dca-4194-9c8c-c9ae6a34e335
    method: DELETE
  response:
    body: ""
    headers:
      Content-Security-Policy:
      - default-src 'none'; frame-ancestors 'none'
      Content-Type:
      - application/json
      Date:
      - Tue, 19 Dec 2023 08:29:12 GMT
      Server:
      - Scaleway API-Gateway
      Strict-Transport-Security:
      - max-age=63072000
      X-Content-Type-Options:
      - nosniff
      X-Frame-Options:
      - DENY
      X-Request-Id:
      - 40924376-0ad2-4b1a-ad62-0d971ba57b94
    status: 204 No Content
    code: 204
    duration: ""
- request:
    body: ""
    form: {}
    headers:
      User-Agent:
      - scaleway-sdk-go/v1.0.0-beta.7+dev (go1.21.3; darwin; amd64) terraform-provider/develop
        terraform/terraform-tests
    url: https://api.scaleway.com/vpc/v2/regions/fr-par/private-networks/e7688e59-a548-43b7-a914-f1aa5f32136d
    method: DELETE
  response:
    body: ""
    headers:
      Content-Security-Policy:
      - default-src 'none'; frame-ancestors 'none'
      Content-Type:
      - application/json
      Date:
      - Tue, 19 Dec 2023 08:29:12 GMT
      Server:
      - Scaleway API-Gateway
      Strict-Transport-Security:
      - max-age=63072000
      X-Content-Type-Options:
      - nosniff
      X-Frame-Options:
      - DENY
      X-Request-Id:
      - 1774c96d-2995-4dda-9e3a-a9514330612f
    status: 204 No Content
    code: 204
    duration: ""
- request:
    body: ""
    form: {}
    headers:
      User-Agent:
      - scaleway-sdk-go/v1.0.0-beta.7+dev (go1.21.3; darwin; amd64) terraform-provider/develop
        terraform/terraform-tests
    url: https://api.scaleway.com/lb/v1/zones/fr-par-1/lbs/cc7caa75-6491-48ee-97d2-46d505778f25
    method: GET
  response:
    body: '{"message":"lbs not Found"}'
    headers:
      Content-Length:
      - "27"
      Content-Security-Policy:
      - default-src 'none'; frame-ancestors 'none'
      Content-Type:
      - application/json
      Date:
      - Tue, 19 Dec 2023 08:29:12 GMT
      Server:
      - Scaleway API-Gateway
      Strict-Transport-Security:
      - max-age=63072000
      X-Content-Type-Options:
      - nosniff
      X-Frame-Options:
      - DENY
      X-Request-Id:
      - 5c67439b-229a-4327-97e3-b8b329308d9e
    status: 404 Not Found
    code: 404
    duration: ""
