---
version: 1
interactions:
- request:
    body: <CreateBucketConfiguration xmlns="http://s3.amazonaws.com/doc/2006-03-01/"><LocationConstraint>nl-ams</LocationConstraint></CreateBucketConfiguration>
    form: {}
    headers:
      Content-Length:
      - "150"
      User-Agent:
      - aws-sdk-go/1.47.1 (go1.20.4; linux; amd64)
      X-Amz-Acl:
      - private
      X-Amz-Bucket-Object-Lock-Enabled:
      - "false"
      X-Amz-Content-Sha256:
      - b86017d61d4ad22a838e75e918325b623687c3e84d631bc2b6435970bf12473d
      X-Amz-Date:
      - 20231212T125314Z
    url: https://test-acc-scaleway-object-storage-class-7293866648086110200.s3.nl-ams.scw.cloud/
    method: PUT
  response:
    body: ""
    headers:
      Content-Length:
      - "0"
      Date:
      - Tue, 12 Dec 2023 12:53:14 GMT
      Location:
      - /test-acc-scaleway-object-storage-class-7293866648086110200
      X-Amz-Id-2:
      - txg1b04e284321a4a268f93-00657857ba
      X-Amz-Request-Id:
      - txg1b04e284321a4a268f93-00657857ba
    status: 200 OK
    code: 200
    duration: ""
- request:
    body: <Tagging xmlns="http://s3.amazonaws.com/doc/2006-03-01/"><TagSet><Tag><Value>bar</Value><Key>foo</Key></Tag></TagSet></Tagging>
    form: {}
    headers:
      Content-Length:
      - "127"
      Content-Md5:
      - 0WBWkA38piikJr5tP3fQMQ==
      User-Agent:
      - aws-sdk-go/1.47.1 (go1.20.4; linux; amd64)
      X-Amz-Content-Sha256:
      - a50e4ebc0e04bba8a5e11bfdafc2dd658697c169b625f8e3478b5af875fad7e5
      X-Amz-Date:
      - 20231212T125315Z
    url: https://test-acc-scaleway-object-storage-class-7293866648086110200.s3.nl-ams.scw.cloud/?tagging=
    method: PUT
  response:
    body: ""
    headers:
      Content-Length:
      - "0"
      Date:
      - Tue, 12 Dec 2023 12:53:15 GMT
      X-Amz-Id-2:
      - txg73910f5d335e402980e8-00657857bb
      X-Amz-Request-Id:
      - txg73910f5d335e402980e8-00657857bb
    status: 200 OK
    code: 200
    duration: ""
- request:
    body: ""
    form: {}
    headers:
      Content-Md5:
      - 1B2M2Y8AsgTpgAmY7PhCfg==
      User-Agent:
      - aws-sdk-go/1.47.1 (go1.20.4; linux; amd64)
      X-Amz-Acl:
      - private
      X-Amz-Content-Sha256:
      - e3b0c44298fc1c149afbf4c8996fb92427ae41e4649b934ca495991b7852b855
      X-Amz-Date:
      - 20231212T125315Z
    url: https://test-acc-scaleway-object-storage-class-7293866648086110200.s3.nl-ams.scw.cloud/?acl=
    method: PUT
  response:
    body: ""
    headers:
      Content-Length:
      - "0"
      Date:
      - Tue, 12 Dec 2023 12:53:15 GMT
      X-Amz-Id-2:
      - txg7f4f6f6538ea4dd597f6-00657857bb
      X-Amz-Request-Id:
      - txg7f4f6f6538ea4dd597f6-00657857bb
    status: 200 OK
    code: 200
    duration: ""
- request:
    body: <Tagging xmlns="http://s3.amazonaws.com/doc/2006-03-01/"><TagSet><Tag><Key>foo</Key><Value>bar</Value></Tag></TagSet></Tagging>
    form: {}
    headers:
      Content-Length:
      - "127"
      Content-Md5:
      - GLaI7og/rAKomUfPePCCFQ==
      User-Agent:
      - aws-sdk-go/1.47.1 (go1.20.4; linux; amd64)
      X-Amz-Content-Sha256:
      - d68cba1a39d89eb72e49b2e5b04058846b60e88e6e32eae42901c4f57a4727a8
      X-Amz-Date:
      - 20231212T125315Z
    url: https://test-acc-scaleway-object-storage-class-7293866648086110200.s3.nl-ams.scw.cloud/?tagging=
    method: PUT
  response:
    body: ""
    headers:
      Content-Length:
      - "0"
      Date:
      - Tue, 12 Dec 2023 12:53:15 GMT
      X-Amz-Id-2:
      - txg8e77ee14729b464384e4-00657857bb
      X-Amz-Request-Id:
      - txg8e77ee14729b464384e4-00657857bb
    status: 200 OK
    code: 200
    duration: ""
- request:
    body: ""
    form: {}
    headers:
      User-Agent:
      - aws-sdk-go/1.47.1 (go1.20.4; linux; amd64)
      X-Amz-Content-Sha256:
      - e3b0c44298fc1c149afbf4c8996fb92427ae41e4649b934ca495991b7852b855
      X-Amz-Date:
      - 20231212T125315Z
    url: https://test-acc-scaleway-object-storage-class-7293866648086110200.s3.nl-ams.scw.cloud/?acl=
    method: GET
  response:
    body: |-
      <?xml version="1.0" encoding="UTF-8"?>
      <AccessControlPolicy xmlns="http://s3.amazonaws.com/doc/2006-03-01/"><Owner><DisplayName>105bdce1-64c0-48ab-899d-868455867ecf:105bdce1-64c0-48ab-899d-868455867ecf</DisplayName><ID>105bdce1-64c0-48ab-899d-868455867ecf:105bdce1-64c0-48ab-899d-868455867ecf</ID></Owner><AccessControlList><Grant><Grantee xmlns:xsi="http://www.w3.org/2001/XMLSchema-instance" xsi:type="CanonicalUser"><ID>105bdce1-64c0-48ab-899d-868455867ecf:105bdce1-64c0-48ab-899d-868455867ecf</ID><DisplayName>105bdce1-64c0-48ab-899d-868455867ecf:105bdce1-64c0-48ab-899d-868455867ecf</DisplayName></Grantee><Permission>FULL_CONTROL</Permission></Grant></AccessControlList></AccessControlPolicy>
    headers:
      Content-Length:
      - "698"
      Content-Type:
      - text/xml; charset=utf-8
      Date:
      - Tue, 12 Dec 2023 12:53:15 GMT
      X-Amz-Id-2:
      - txge6fa616a25dc4bd2bac9-00657857bb
      X-Amz-Request-Id:
      - txge6fa616a25dc4bd2bac9-00657857bb
    status: 200 OK
    code: 200
    duration: ""
- request:
    body: ""
    form: {}
    headers:
      User-Agent:
      - aws-sdk-go/1.47.1 (go1.20.4; linux; amd64)
      X-Amz-Content-Sha256:
      - e3b0c44298fc1c149afbf4c8996fb92427ae41e4649b934ca495991b7852b855
      X-Amz-Date:
      - 20231212T125315Z
    url: https://test-acc-scaleway-object-storage-class-7293866648086110200.s3.nl-ams.scw.cloud/?object-lock=
    method: GET
  response:
    body: <Error><Code>ObjectLockConfigurationNotFoundError</Code><Message>Object
      Lock configuration does not exist for this bucket</Message><Resource>/test-acc-scaleway-object-storage-class-7293866648086110200</Resource><RequestId>txgde5703d4aac24ed29e6c-00657857bb</RequestId></Error>
    headers:
      Content-Length:
      - "276"
      Content-Type:
      - application/xml
      Date:
      - Tue, 12 Dec 2023 12:53:15 GMT
      X-Amz-Id-2:
      - txgde5703d4aac24ed29e6c-00657857bb
      X-Amz-Request-Id:
      - txgde5703d4aac24ed29e6c-00657857bb
    status: 404 Not Found
    code: 404
    duration: ""
- request:
    body: ""
    form: {}
    headers:
      User-Agent:
      - aws-sdk-go/1.47.1 (go1.20.4; linux; amd64)
      X-Amz-Content-Sha256:
      - e3b0c44298fc1c149afbf4c8996fb92427ae41e4649b934ca495991b7852b855
      X-Amz-Date:
      - 20231212T125315Z
    url: https://test-acc-scaleway-object-storage-class-7293866648086110200.s3.nl-ams.scw.cloud/
    method: GET
  response:
    body: |-
      <?xml version="1.0" encoding="UTF-8"?>
      <ListBucketResult xmlns="http://s3.amazonaws.com/doc/2006-03-01/"><Name>test-acc-scaleway-object-storage-class-7293866648086110200</Name><Prefix></Prefix><Marker></Marker><MaxKeys>1000</MaxKeys><IsTruncated>false</IsTruncated></ListBucketResult>
    headers:
      Content-Length:
      - "284"
      Content-Type:
      - application/xml
      Date:
      - Tue, 12 Dec 2023 12:53:15 GMT
      X-Amz-Id-2:
      - txgcce413f13eae4c60a258-00657857bb
      X-Amz-Request-Id:
      - txgcce413f13eae4c60a258-00657857bb
    status: 200 OK
    code: 200
    duration: ""
- request:
    body: ""
    form: {}
    headers:
      User-Agent:
      - aws-sdk-go/1.47.1 (go1.20.4; linux; amd64)
      X-Amz-Content-Sha256:
      - e3b0c44298fc1c149afbf4c8996fb92427ae41e4649b934ca495991b7852b855
      X-Amz-Date:
      - 20231212T125315Z
    url: https://test-acc-scaleway-object-storage-class-7293866648086110200.s3.nl-ams.scw.cloud/?tagging=
    method: GET
  response:
    body: |-
      <?xml version="1.0" encoding="UTF-8"?>
      <Tagging xmlns="http://s3.amazonaws.com/doc/2006-03-01/"><TagSet><Tag><Key>foo</Key><Value>bar</Value></Tag></TagSet></Tagging>
    headers:
      Content-Length:
      - "166"
      Content-Type:
      - text/xml; charset=utf-8
      Date:
      - Tue, 12 Dec 2023 12:53:15 GMT
      X-Amz-Id-2:
      - txg2403bc4da60d4b33aa80-00657857bb
      X-Amz-Request-Id:
      - txg2403bc4da60d4b33aa80-00657857bb
    status: 200 OK
    code: 200
    duration: ""
- request:
    body: ""
    form: {}
    headers:
      User-Agent:
      - aws-sdk-go/1.47.1 (go1.20.4; linux; amd64)
      X-Amz-Content-Sha256:
      - e3b0c44298fc1c149afbf4c8996fb92427ae41e4649b934ca495991b7852b855
      X-Amz-Date:
      - 20231212T125315Z
    url: https://test-acc-scaleway-object-storage-class-7293866648086110200.s3.nl-ams.scw.cloud/?cors=
    method: GET
  response:
    body: <Error><Code>NoSuchCORSConfiguration</Code><Message>The CORS configuration
      does not exist</Message><Resource>/test-acc-scaleway-object-storage-class-7293866648086110200</Resource><RequestId>txg73712c5ca21b448d8f03-00657857bb</RequestId></Error>
    headers:
      Content-Length:
      - "244"
      Content-Type:
      - application/xml
      Date:
      - Tue, 12 Dec 2023 12:53:15 GMT
      X-Amz-Id-2:
      - txg73712c5ca21b448d8f03-00657857bb
      X-Amz-Request-Id:
      - txg73712c5ca21b448d8f03-00657857bb
    status: 404 Not Found
    code: 404
    duration: ""
- request:
    body: ""
    form: {}
    headers:
      User-Agent:
      - aws-sdk-go/1.47.1 (go1.20.4; linux; amd64)
      X-Amz-Content-Sha256:
      - e3b0c44298fc1c149afbf4c8996fb92427ae41e4649b934ca495991b7852b855
      X-Amz-Date:
      - 20231212T125315Z
    url: https://test-acc-scaleway-object-storage-class-7293866648086110200.s3.nl-ams.scw.cloud/?versioning=
    method: GET
  response:
    body: |-
      <?xml version="1.0" encoding="UTF-8"?>
      <VersioningConfiguration xmlns="http://s3.amazonaws.com/doc/2006-03-01/"></VersioningConfiguration>
    headers:
      Content-Length:
      - "138"
      Content-Type:
      - text/xml; charset=utf-8
      Date:
      - Tue, 12 Dec 2023 12:53:15 GMT
      X-Amz-Id-2:
      - txg2902b77c251a4bc49a08-00657857bb
      X-Amz-Request-Id:
      - txg2902b77c251a4bc49a08-00657857bb
    status: 200 OK
    code: 200
    duration: ""
- request:
    body: ""
    form: {}
    headers:
      User-Agent:
      - aws-sdk-go/1.47.1 (go1.20.4; linux; amd64)
      X-Amz-Content-Sha256:
      - e3b0c44298fc1c149afbf4c8996fb92427ae41e4649b934ca495991b7852b855
      X-Amz-Date:
      - 20231212T125315Z
    url: https://test-acc-scaleway-object-storage-class-7293866648086110200.s3.nl-ams.scw.cloud/?lifecycle=
    method: GET
  response:
    body: <Error><Code>NoSuchLifecycleConfiguration</Code><Message>The lifecycle configuration
      does not exist</Message><Resource>/test-acc-scaleway-object-storage-class-7293866648086110200</Resource><RequestId>txgebd8e8a2cecf45a6b4dd-00657857bb</RequestId></Error>
    headers:
      Content-Length:
      - "254"
      Content-Type:
      - application/xml
      Date:
      - Tue, 12 Dec 2023 12:53:15 GMT
      X-Amz-Id-2:
      - txgebd8e8a2cecf45a6b4dd-00657857bb
      X-Amz-Request-Id:
      - txgebd8e8a2cecf45a6b4dd-00657857bb
    status: 404 Not Found
    code: 404
    duration: ""
- request:
    body: ""
    form: {}
    headers:
      Content-Md5:
      - 1B2M2Y8AsgTpgAmY7PhCfg==
      User-Agent:
      - aws-sdk-go/1.47.1 (go1.20.4; linux; amd64)
      X-Amz-Content-Sha256:
      - e3b0c44298fc1c149afbf4c8996fb92427ae41e4649b934ca495991b7852b855
      X-Amz-Date:
      - 20231212T125315Z
      X-Amz-Storage-Class:
      - ONEZONE_IA
    url: https://test-acc-scaleway-object-storage-class-7293866648086110200.s3.nl-ams.scw.cloud/myfile
    method: PUT
  response:
    body: ""
    headers:
      Content-Length:
      - "0"
      Content-Type:
      - text/html; charset=UTF-8
      Date:
      - Tue, 12 Dec 2023 12:53:15 GMT
      Etag:
      - '"d41d8cd98f00b204e9800998ecf8427e"'
      Last-Modified:
      - Tue, 12 Dec 2023 12:53:15 GMT
      X-Amz-Id-2:
      - tx9c1bcc0f2d8e45228e751-00657857bb
      X-Amz-Request-Id:
      - tx9c1bcc0f2d8e45228e751-00657857bb
      X-Amz-Version-Id:
      - "1702385595670183"
    status: 200 OK
    code: 200
    duration: ""
- request:
    body: ""
    form: {}
    headers:
      User-Agent:
      - aws-sdk-go/1.47.1 (go1.20.4; linux; amd64)
      X-Amz-Content-Sha256:
      - e3b0c44298fc1c149afbf4c8996fb92427ae41e4649b934ca495991b7852b855
      X-Amz-Date:
      - 20231212T125315Z
    url: https://test-acc-scaleway-object-storage-class-7293866648086110200.s3.nl-ams.scw.cloud/myfile
    method: HEAD
  response:
    body: ""
    headers:
      Accept-Ranges:
      - bytes
      Content-Length:
      - "0"
      Content-Type:
      - application/octet-stream
      Date:
      - Tue, 12 Dec 2023 12:53:15 GMT
      Etag:
      - '"d41d8cd98f00b204e9800998ecf8427e"'
      Last-Modified:
      - Tue, 12 Dec 2023 12:53:15 GMT
      X-Amz-Id-2:
      - txg5dbe07534ff1428eae67-00657857bb
      X-Amz-Request-Id:
      - txg5dbe07534ff1428eae67-00657857bb
      X-Amz-Storage-Class:
      - ONEZONE_IA
    status: 200 OK
    code: 200
    duration: ""
- request:
    body: ""
    form: {}
    headers:
      User-Agent:
      - aws-sdk-go/1.47.1 (go1.20.4; linux; amd64)
      X-Amz-Content-Sha256:
      - e3b0c44298fc1c149afbf4c8996fb92427ae41e4649b934ca495991b7852b855
      X-Amz-Date:
      - 20231212T125315Z
    url: https://test-acc-scaleway-object-storage-class-7293866648086110200.s3.nl-ams.scw.cloud/myfile?tagging=
    method: GET
  response:
    body: |-
      <?xml version="1.0" encoding="UTF-8"?>
      <Tagging><TagSet></TagSet></Tagging>
    headers:
      Content-Length:
      - "75"
      Content-Type:
      - text/xml; charset=utf-8
      Date:
      - Tue, 12 Dec 2023 12:53:15 GMT
      X-Amz-Id-2:
      - txg37c89739448545f689ed-00657857bb
      X-Amz-Request-Id:
      - txg37c89739448545f689ed-00657857bb
    status: 200 OK
    code: 200
    duration: ""
- request:
    body: ""
    form: {}
    headers:
      User-Agent:
      - aws-sdk-go/1.47.1 (go1.20.4; linux; amd64)
      X-Amz-Content-Sha256:
      - e3b0c44298fc1c149afbf4c8996fb92427ae41e4649b934ca495991b7852b855
      X-Amz-Date:
      - 20231212T125316Z
    url: https://test-acc-scaleway-object-storage-class-7293866648086110200.s3.nl-ams.scw.cloud/myfile?acl=
    method: GET
  response:
    body: |-
      <?xml version="1.0" encoding="UTF-8"?>
      <AccessControlPolicy xmlns="http://s3.amazonaws.com/doc/2006-03-01/"><Owner><DisplayName>105bdce1-64c0-48ab-899d-868455867ecf:105bdce1-64c0-48ab-899d-868455867ecf</DisplayName><ID>105bdce1-64c0-48ab-899d-868455867ecf:105bdce1-64c0-48ab-899d-868455867ecf</ID></Owner><AccessControlList><Grant><Grantee xmlns:xsi="http://www.w3.org/2001/XMLSchema-instance" xsi:type="CanonicalUser"><ID>105bdce1-64c0-48ab-899d-868455867ecf:105bdce1-64c0-48ab-899d-868455867ecf</ID><DisplayName>105bdce1-64c0-48ab-899d-868455867ecf:105bdce1-64c0-48ab-899d-868455867ecf</DisplayName></Grantee><Permission>FULL_CONTROL</Permission></Grant></AccessControlList></AccessControlPolicy>
    headers:
      Content-Length:
      - "698"
      Content-Type:
      - text/xml; charset=utf-8
      Date:
      - Tue, 12 Dec 2023 12:53:16 GMT
      X-Amz-Id-2:
      - txg17fbf8feb7e84ca1a684-00657857bc
      X-Amz-Request-Id:
      - txg17fbf8feb7e84ca1a684-00657857bc
    status: 200 OK
    code: 200
    duration: ""
- request:
    body: ""
    form: {}
    headers:
      User-Agent:
      - aws-sdk-go/1.47.1 (go1.20.4; linux; amd64)
      X-Amz-Content-Sha256:
      - e3b0c44298fc1c149afbf4c8996fb92427ae41e4649b934ca495991b7852b855
      X-Amz-Date:
      - 20231212T125316Z
    url: https://test-acc-scaleway-object-storage-class-7293866648086110200.s3.nl-ams.scw.cloud/
    method: HEAD
  response:
    body: ""
    headers:
      Content-Type:
      - application/xml
      Date:
      - Tue, 12 Dec 2023 12:53:16 GMT
      X-Amz-Bucket-Region:
      - nl-ams
      X-Amz-Id-2:
      - txg914e9c10ada14b7a8a41-00657857bc
      X-Amz-Request-Id:
      - txg914e9c10ada14b7a8a41-00657857bc
    status: 200 OK
    code: 200
    duration: ""
- request:
    body: ""
    form: {}
    headers:
      User-Agent:
      - aws-sdk-go/1.47.1 (go1.20.4; linux; amd64)
      X-Amz-Content-Sha256:
      - e3b0c44298fc1c149afbf4c8996fb92427ae41e4649b934ca495991b7852b855
      X-Amz-Date:
      - 20231212T125316Z
    url: https://test-acc-scaleway-object-storage-class-7293866648086110200.s3.nl-ams.scw.cloud/myfile
    method: GET
  response:
    body: ""
    headers:
      Accept-Ranges:
      - bytes
      Content-Length:
      - "0"
      Content-Type:
      - application/octet-stream
      Date:
      - Tue, 12 Dec 2023 12:53:16 GMT
      Etag:
      - '"d41d8cd98f00b204e9800998ecf8427e"'
      Last-Modified:
      - Tue, 12 Dec 2023 12:53:15 GMT
      X-Amz-Id-2:
      - txf169d53bac3349de8bdba-00657857bc
      X-Amz-Request-Id:
      - txf169d53bac3349de8bdba-00657857bc
      X-Amz-Storage-Class:
      - ONEZONE_IA
      X-Amz-Version-Id:
      - "1702385595670183"
    status: 200 OK
    code: 200
    duration: ""
- request:
    body: ""
    form: {}
    headers:
      User-Agent:
      - aws-sdk-go/1.47.1 (go1.20.4; linux; amd64)
      X-Amz-Content-Sha256:
      - e3b0c44298fc1c149afbf4c8996fb92427ae41e4649b934ca495991b7852b855
      X-Amz-Date:
      - 20231212T125317Z
    url: https://test-acc-scaleway-object-storage-class-7293866648086110200.s3.nl-ams.scw.cloud/?acl=
    method: GET
  response:
    body: |-
      <?xml version="1.0" encoding="UTF-8"?>
      <AccessControlPolicy xmlns="http://s3.amazonaws.com/doc/2006-03-01/"><Owner><DisplayName>105bdce1-64c0-48ab-899d-868455867ecf:105bdce1-64c0-48ab-899d-868455867ecf</DisplayName><ID>105bdce1-64c0-48ab-899d-868455867ecf:105bdce1-64c0-48ab-899d-868455867ecf</ID></Owner><AccessControlList><Grant><Grantee xmlns:xsi="http://www.w3.org/2001/XMLSchema-instance" xsi:type="CanonicalUser"><ID>105bdce1-64c0-48ab-899d-868455867ecf:105bdce1-64c0-48ab-899d-868455867ecf</ID><DisplayName>105bdce1-64c0-48ab-899d-868455867ecf:105bdce1-64c0-48ab-899d-868455867ecf</DisplayName></Grantee><Permission>FULL_CONTROL</Permission></Grant></AccessControlList></AccessControlPolicy>
    headers:
      Content-Length:
      - "698"
      Content-Type:
      - text/xml; charset=utf-8
      Date:
      - Tue, 12 Dec 2023 12:53:17 GMT
      X-Amz-Id-2:
      - txg5b8f987ce6ea4371ad03-00657857bd
      X-Amz-Request-Id:
      - txg5b8f987ce6ea4371ad03-00657857bd
    status: 200 OK
    code: 200
    duration: ""
- request:
    body: ""
    form: {}
    headers:
      User-Agent:
      - aws-sdk-go/1.47.1 (go1.20.4; linux; amd64)
      X-Amz-Content-Sha256:
      - e3b0c44298fc1c149afbf4c8996fb92427ae41e4649b934ca495991b7852b855
      X-Amz-Date:
      - 20231212T125317Z
    url: https://test-acc-scaleway-object-storage-class-7293866648086110200.s3.nl-ams.scw.cloud/?object-lock=
    method: GET
  response:
    body: <Error><Code>ObjectLockConfigurationNotFoundError</Code><Message>Object
      Lock configuration does not exist for this bucket</Message><Resource>/test-acc-scaleway-object-storage-class-7293866648086110200</Resource><RequestId>txg5c35aad6ebbc4edc83e2-00657857bd</RequestId></Error>
    headers:
      Content-Length:
      - "276"
      Content-Type:
      - application/xml
      Date:
      - Tue, 12 Dec 2023 12:53:17 GMT
      X-Amz-Id-2:
      - txg5c35aad6ebbc4edc83e2-00657857bd
      X-Amz-Request-Id:
      - txg5c35aad6ebbc4edc83e2-00657857bd
    status: 404 Not Found
    code: 404
    duration: ""
- request:
    body: ""
    form: {}
    headers:
      User-Agent:
      - aws-sdk-go/1.47.1 (go1.20.4; linux; amd64)
      X-Amz-Content-Sha256:
      - e3b0c44298fc1c149afbf4c8996fb92427ae41e4649b934ca495991b7852b855
      X-Amz-Date:
      - 20231212T125317Z
    url: https://test-acc-scaleway-object-storage-class-7293866648086110200.s3.nl-ams.scw.cloud/
    method: GET
  response:
    body: |-
      <?xml version="1.0" encoding="UTF-8"?>
      <ListBucketResult xmlns="http://s3.amazonaws.com/doc/2006-03-01/"><Name>test-acc-scaleway-object-storage-class-7293866648086110200</Name><Prefix></Prefix><Marker></Marker><MaxKeys>1000</MaxKeys><IsTruncated>false</IsTruncated><Contents><Key>myfile</Key><LastModified>2023-12-12T12:53:15.000Z</LastModified><ETag>&#34;d41d8cd98f00b204e9800998ecf8427e&#34;</ETag><Size>0</Size><Owner><DisplayName>105bdce1-64c0-48ab-899d-868455867ecf:105bdce1-64c0-48ab-899d-868455867ecf</DisplayName><ID>105bdce1-64c0-48ab-899d-868455867ecf:105bdce1-64c0-48ab-899d-868455867ecf</ID></Owner><StorageClass>ONEZONE_IA</StorageClass></Contents></ListBucketResult>
    headers:
      Content-Length:
      - "680"
      Content-Type:
      - application/xml
      Date:
      - Tue, 12 Dec 2023 12:53:17 GMT
      X-Amz-Id-2:
      - txgb622970aa73e46f9a88b-00657857bd
      X-Amz-Request-Id:
      - txgb622970aa73e46f9a88b-00657857bd
    status: 200 OK
    code: 200
    duration: ""
- request:
    body: ""
    form: {}
    headers:
      User-Agent:
      - aws-sdk-go/1.47.1 (go1.20.4; linux; amd64)
      X-Amz-Content-Sha256:
      - e3b0c44298fc1c149afbf4c8996fb92427ae41e4649b934ca495991b7852b855
      X-Amz-Date:
      - 20231212T125317Z
    url: https://test-acc-scaleway-object-storage-class-7293866648086110200.s3.nl-ams.scw.cloud/?tagging=
    method: GET
  response:
    body: |-
      <?xml version="1.0" encoding="UTF-8"?>
      <Tagging xmlns="http://s3.amazonaws.com/doc/2006-03-01/"><TagSet><Tag><Key>foo</Key><Value>bar</Value></Tag></TagSet></Tagging>
    headers:
      Content-Length:
      - "166"
      Content-Type:
      - text/xml; charset=utf-8
      Date:
      - Tue, 12 Dec 2023 12:53:17 GMT
      X-Amz-Id-2:
      - txg37af27a51092441593b4-00657857bd
      X-Amz-Request-Id:
      - txg37af27a51092441593b4-00657857bd
    status: 200 OK
    code: 200
    duration: ""
- request:
    body: ""
    form: {}
    headers:
      User-Agent:
      - aws-sdk-go/1.47.1 (go1.20.4; linux; amd64)
      X-Amz-Content-Sha256:
      - e3b0c44298fc1c149afbf4c8996fb92427ae41e4649b934ca495991b7852b855
      X-Amz-Date:
      - 20231212T125317Z
    url: https://test-acc-scaleway-object-storage-class-7293866648086110200.s3.nl-ams.scw.cloud/?cors=
    method: GET
  response:
    body: <Error><Code>NoSuchCORSConfiguration</Code><Message>The CORS configuration
      does not exist</Message><Resource>/test-acc-scaleway-object-storage-class-7293866648086110200</Resource><RequestId>txg12c4cb14031a4b788fa8-00657857bd</RequestId></Error>
    headers:
      Content-Length:
      - "244"
      Content-Type:
      - application/xml
      Date:
      - Tue, 12 Dec 2023 12:53:17 GMT
      X-Amz-Id-2:
      - txg12c4cb14031a4b788fa8-00657857bd
      X-Amz-Request-Id:
      - txg12c4cb14031a4b788fa8-00657857bd
    status: 404 Not Found
    code: 404
    duration: ""
- request:
    body: ""
    form: {}
    headers:
      User-Agent:
      - aws-sdk-go/1.47.1 (go1.20.4; linux; amd64)
      X-Amz-Content-Sha256:
      - e3b0c44298fc1c149afbf4c8996fb92427ae41e4649b934ca495991b7852b855
      X-Amz-Date:
      - 20231212T125317Z
    url: https://test-acc-scaleway-object-storage-class-7293866648086110200.s3.nl-ams.scw.cloud/?versioning=
    method: GET
  response:
    body: |-
      <?xml version="1.0" encoding="UTF-8"?>
      <VersioningConfiguration xmlns="http://s3.amazonaws.com/doc/2006-03-01/"></VersioningConfiguration>
    headers:
      Content-Length:
      - "138"
      Content-Type:
      - text/xml; charset=utf-8
      Date:
      - Tue, 12 Dec 2023 12:53:17 GMT
      X-Amz-Id-2:
      - txg0cb9526941074b299387-00657857bd
      X-Amz-Request-Id:
      - txg0cb9526941074b299387-00657857bd
    status: 200 OK
    code: 200
    duration: ""
- request:
    body: ""
    form: {}
    headers:
      User-Agent:
      - aws-sdk-go/1.47.1 (go1.20.4; linux; amd64)
      X-Amz-Content-Sha256:
      - e3b0c44298fc1c149afbf4c8996fb92427ae41e4649b934ca495991b7852b855
      X-Amz-Date:
      - 20231212T125317Z
    url: https://test-acc-scaleway-object-storage-class-7293866648086110200.s3.nl-ams.scw.cloud/?lifecycle=
    method: GET
  response:
    body: <Error><Code>NoSuchLifecycleConfiguration</Code><Message>The lifecycle configuration
      does not exist</Message><Resource>/test-acc-scaleway-object-storage-class-7293866648086110200</Resource><RequestId>txgca0328901a6349b1a2d8-00657857bd</RequestId></Error>
    headers:
      Content-Length:
      - "254"
      Content-Type:
      - application/xml
      Date:
      - Tue, 12 Dec 2023 12:53:17 GMT
      X-Amz-Id-2:
      - txgca0328901a6349b1a2d8-00657857bd
      X-Amz-Request-Id:
      - txgca0328901a6349b1a2d8-00657857bd
    status: 404 Not Found
    code: 404
    duration: ""
- request:
    body: ""
    form: {}
    headers:
      User-Agent:
      - aws-sdk-go/1.47.1 (go1.20.4; linux; amd64)
      X-Amz-Content-Sha256:
      - e3b0c44298fc1c149afbf4c8996fb92427ae41e4649b934ca495991b7852b855
      X-Amz-Date:
      - 20231212T125317Z
    url: https://test-acc-scaleway-object-storage-class-7293866648086110200.s3.nl-ams.scw.cloud/myfile
    method: HEAD
  response:
    body: ""
    headers:
      Accept-Ranges:
      - bytes
      Content-Length:
      - "0"
      Content-Type:
      - application/octet-stream
      Date:
      - Tue, 12 Dec 2023 12:53:17 GMT
      Etag:
      - '"d41d8cd98f00b204e9800998ecf8427e"'
      Last-Modified:
      - Tue, 12 Dec 2023 12:53:15 GMT
      X-Amz-Id-2:
      - txge44786c996904f2aa21b-00657857bd
      X-Amz-Request-Id:
      - txge44786c996904f2aa21b-00657857bd
      X-Amz-Storage-Class:
      - ONEZONE_IA
    status: 200 OK
    code: 200
    duration: ""
- request:
    body: ""
    form: {}
    headers:
      User-Agent:
      - aws-sdk-go/1.47.1 (go1.20.4; linux; amd64)
      X-Amz-Content-Sha256:
      - e3b0c44298fc1c149afbf4c8996fb92427ae41e4649b934ca495991b7852b855
      X-Amz-Date:
      - 20231212T125317Z
    url: https://test-acc-scaleway-object-storage-class-7293866648086110200.s3.nl-ams.scw.cloud/myfile?tagging=
    method: GET
  response:
    body: |-
      <?xml version="1.0" encoding="UTF-8"?>
      <Tagging><TagSet></TagSet></Tagging>
    headers:
      Content-Length:
      - "75"
      Content-Type:
      - text/xml; charset=utf-8
      Date:
      - Tue, 12 Dec 2023 12:53:17 GMT
      X-Amz-Id-2:
      - txge88c248b7f5046489a8e-00657857bd
      X-Amz-Request-Id:
      - txge88c248b7f5046489a8e-00657857bd
    status: 200 OK
    code: 200
    duration: ""
- request:
    body: ""
    form: {}
    headers:
      User-Agent:
      - aws-sdk-go/1.47.1 (go1.20.4; linux; amd64)
      X-Amz-Content-Sha256:
      - e3b0c44298fc1c149afbf4c8996fb92427ae41e4649b934ca495991b7852b855
      X-Amz-Date:
      - 20231212T125318Z
    url: https://test-acc-scaleway-object-storage-class-7293866648086110200.s3.nl-ams.scw.cloud/myfile?acl=
    method: GET
  response:
    body: |-
      <?xml version="1.0" encoding="UTF-8"?>
      <AccessControlPolicy xmlns="http://s3.amazonaws.com/doc/2006-03-01/"><Owner><DisplayName>105bdce1-64c0-48ab-899d-868455867ecf:105bdce1-64c0-48ab-899d-868455867ecf</DisplayName><ID>105bdce1-64c0-48ab-899d-868455867ecf:105bdce1-64c0-48ab-899d-868455867ecf</ID></Owner><AccessControlList><Grant><Grantee xmlns:xsi="http://www.w3.org/2001/XMLSchema-instance" xsi:type="CanonicalUser"><ID>105bdce1-64c0-48ab-899d-868455867ecf:105bdce1-64c0-48ab-899d-868455867ecf</ID><DisplayName>105bdce1-64c0-48ab-899d-868455867ecf:105bdce1-64c0-48ab-899d-868455867ecf</DisplayName></Grantee><Permission>FULL_CONTROL</Permission></Grant></AccessControlList></AccessControlPolicy>
    headers:
      Content-Length:
      - "698"
      Content-Type:
      - text/xml; charset=utf-8
      Date:
      - Tue, 12 Dec 2023 12:53:18 GMT
      X-Amz-Id-2:
      - txgf589e9f0905b4230be62-00657857be
      X-Amz-Request-Id:
      - txgf589e9f0905b4230be62-00657857be
    status: 200 OK
    code: 200
    duration: ""
- request:
    body: ""
    form: {}
    headers:
      User-Agent:
      - aws-sdk-go/1.47.1 (go1.20.4; linux; amd64)
      X-Amz-Content-Sha256:
      - e3b0c44298fc1c149afbf4c8996fb92427ae41e4649b934ca495991b7852b855
      X-Amz-Date:
      - 20231212T125319Z
    url: https://test-acc-scaleway-object-storage-class-7293866648086110200.s3.nl-ams.scw.cloud/?acl=
    method: GET
  response:
    body: |-
      <?xml version="1.0" encoding="UTF-8"?>
      <AccessControlPolicy xmlns="http://s3.amazonaws.com/doc/2006-03-01/"><Owner><DisplayName>105bdce1-64c0-48ab-899d-868455867ecf:105bdce1-64c0-48ab-899d-868455867ecf</DisplayName><ID>105bdce1-64c0-48ab-899d-868455867ecf:105bdce1-64c0-48ab-899d-868455867ecf</ID></Owner><AccessControlList><Grant><Grantee xmlns:xsi="http://www.w3.org/2001/XMLSchema-instance" xsi:type="CanonicalUser"><ID>105bdce1-64c0-48ab-899d-868455867ecf:105bdce1-64c0-48ab-899d-868455867ecf</ID><DisplayName>105bdce1-64c0-48ab-899d-868455867ecf:105bdce1-64c0-48ab-899d-868455867ecf</DisplayName></Grantee><Permission>FULL_CONTROL</Permission></Grant></AccessControlList></AccessControlPolicy>
    headers:
      Content-Length:
      - "698"
      Content-Type:
      - text/xml; charset=utf-8
      Date:
      - Tue, 12 Dec 2023 12:53:19 GMT
      X-Amz-Id-2:
      - txg55970d92034644ad88be-00657857bf
      X-Amz-Request-Id:
      - txg55970d92034644ad88be-00657857bf
    status: 200 OK
    code: 200
    duration: ""
- request:
    body: ""
    form: {}
    headers:
      User-Agent:
      - aws-sdk-go/1.47.1 (go1.20.4; linux; amd64)
      X-Amz-Content-Sha256:
      - e3b0c44298fc1c149afbf4c8996fb92427ae41e4649b934ca495991b7852b855
      X-Amz-Date:
      - 20231212T125319Z
    url: https://test-acc-scaleway-object-storage-class-7293866648086110200.s3.nl-ams.scw.cloud/?object-lock=
    method: GET
  response:
    body: <Error><Code>ObjectLockConfigurationNotFoundError</Code><Message>Object
      Lock configuration does not exist for this bucket</Message><Resource>/test-acc-scaleway-object-storage-class-7293866648086110200</Resource><RequestId>txg583023a6b3d54cb3ac86-00657857bf</RequestId></Error>
    headers:
      Content-Length:
      - "276"
      Content-Type:
      - application/xml
      Date:
      - Tue, 12 Dec 2023 12:53:19 GMT
      X-Amz-Id-2:
      - txg583023a6b3d54cb3ac86-00657857bf
      X-Amz-Request-Id:
      - txg583023a6b3d54cb3ac86-00657857bf
    status: 404 Not Found
    code: 404
    duration: ""
- request:
    body: ""
    form: {}
    headers:
      User-Agent:
      - aws-sdk-go/1.47.1 (go1.20.4; linux; amd64)
      X-Amz-Content-Sha256:
      - e3b0c44298fc1c149afbf4c8996fb92427ae41e4649b934ca495991b7852b855
      X-Amz-Date:
      - 20231212T125319Z
    url: https://test-acc-scaleway-object-storage-class-7293866648086110200.s3.nl-ams.scw.cloud/
    method: GET
  response:
    body: |-
      <?xml version="1.0" encoding="UTF-8"?>
      <ListBucketResult xmlns="http://s3.amazonaws.com/doc/2006-03-01/"><Name>test-acc-scaleway-object-storage-class-7293866648086110200</Name><Prefix></Prefix><Marker></Marker><MaxKeys>1000</MaxKeys><IsTruncated>false</IsTruncated><Contents><Key>myfile</Key><LastModified>2023-12-12T12:53:15.000Z</LastModified><ETag>&#34;d41d8cd98f00b204e9800998ecf8427e&#34;</ETag><Size>0</Size><Owner><DisplayName>105bdce1-64c0-48ab-899d-868455867ecf:105bdce1-64c0-48ab-899d-868455867ecf</DisplayName><ID>105bdce1-64c0-48ab-899d-868455867ecf:105bdce1-64c0-48ab-899d-868455867ecf</ID></Owner><StorageClass>ONEZONE_IA</StorageClass></Contents></ListBucketResult>
    headers:
      Content-Length:
      - "680"
      Content-Type:
      - application/xml
      Date:
      - Tue, 12 Dec 2023 12:53:19 GMT
      X-Amz-Id-2:
      - txgeec7cd4698074c1383e0-00657857bf
      X-Amz-Request-Id:
      - txgeec7cd4698074c1383e0-00657857bf
    status: 200 OK
    code: 200
    duration: ""
- request:
    body: ""
    form: {}
    headers:
      User-Agent:
      - aws-sdk-go/1.47.1 (go1.20.4; linux; amd64)
      X-Amz-Content-Sha256:
      - e3b0c44298fc1c149afbf4c8996fb92427ae41e4649b934ca495991b7852b855
      X-Amz-Date:
      - 20231212T125319Z
    url: https://test-acc-scaleway-object-storage-class-7293866648086110200.s3.nl-ams.scw.cloud/?tagging=
    method: GET
  response:
    body: |-
      <?xml version="1.0" encoding="UTF-8"?>
      <Tagging xmlns="http://s3.amazonaws.com/doc/2006-03-01/"><TagSet><Tag><Key>foo</Key><Value>bar</Value></Tag></TagSet></Tagging>
    headers:
      Content-Length:
      - "166"
      Content-Type:
      - text/xml; charset=utf-8
      Date:
      - Tue, 12 Dec 2023 12:53:19 GMT
      X-Amz-Id-2:
      - txgb1b70cf29da1476caea7-00657857bf
      X-Amz-Request-Id:
      - txgb1b70cf29da1476caea7-00657857bf
    status: 200 OK
    code: 200
    duration: ""
- request:
    body: ""
    form: {}
    headers:
      User-Agent:
      - aws-sdk-go/1.47.1 (go1.20.4; linux; amd64)
      X-Amz-Content-Sha256:
      - e3b0c44298fc1c149afbf4c8996fb92427ae41e4649b934ca495991b7852b855
      X-Amz-Date:
      - 20231212T125319Z
    url: https://test-acc-scaleway-object-storage-class-7293866648086110200.s3.nl-ams.scw.cloud/?cors=
    method: GET
  response:
    body: <Error><Code>NoSuchCORSConfiguration</Code><Message>The CORS configuration
      does not exist</Message><Resource>/test-acc-scaleway-object-storage-class-7293866648086110200</Resource><RequestId>txg06732679f11a431cbfc5-00657857bf</RequestId></Error>
    headers:
      Content-Length:
      - "244"
      Content-Type:
      - application/xml
      Date:
      - Tue, 12 Dec 2023 12:53:19 GMT
      X-Amz-Id-2:
      - txg06732679f11a431cbfc5-00657857bf
      X-Amz-Request-Id:
      - txg06732679f11a431cbfc5-00657857bf
    status: 404 Not Found
    code: 404
    duration: ""
- request:
    body: ""
    form: {}
    headers:
      User-Agent:
      - aws-sdk-go/1.47.1 (go1.20.4; linux; amd64)
      X-Amz-Content-Sha256:
      - e3b0c44298fc1c149afbf4c8996fb92427ae41e4649b934ca495991b7852b855
      X-Amz-Date:
      - 20231212T125319Z
    url: https://test-acc-scaleway-object-storage-class-7293866648086110200.s3.nl-ams.scw.cloud/?versioning=
    method: GET
  response:
    body: |-
      <?xml version="1.0" encoding="UTF-8"?>
      <VersioningConfiguration xmlns="http://s3.amazonaws.com/doc/2006-03-01/"></VersioningConfiguration>
    headers:
      Content-Length:
      - "138"
      Content-Type:
      - text/xml; charset=utf-8
      Date:
      - Tue, 12 Dec 2023 12:53:19 GMT
      X-Amz-Id-2:
      - txg5f49c32e8c5540e3a79f-00657857bf
      X-Amz-Request-Id:
      - txg5f49c32e8c5540e3a79f-00657857bf
    status: 200 OK
    code: 200
    duration: ""
- request:
    body: ""
    form: {}
    headers:
      User-Agent:
      - aws-sdk-go/1.47.1 (go1.20.4; linux; amd64)
      X-Amz-Content-Sha256:
      - e3b0c44298fc1c149afbf4c8996fb92427ae41e4649b934ca495991b7852b855
      X-Amz-Date:
      - 20231212T125319Z
    url: https://test-acc-scaleway-object-storage-class-7293866648086110200.s3.nl-ams.scw.cloud/?lifecycle=
    method: GET
  response:
    body: <Error><Code>NoSuchLifecycleConfiguration</Code><Message>The lifecycle configuration
      does not exist</Message><Resource>/test-acc-scaleway-object-storage-class-7293866648086110200</Resource><RequestId>txg3fdc46750d4c41a6b6e9-00657857bf</RequestId></Error>
    headers:
      Content-Length:
      - "254"
      Content-Type:
      - application/xml
      Date:
      - Tue, 12 Dec 2023 12:53:19 GMT
      X-Amz-Id-2:
      - txg3fdc46750d4c41a6b6e9-00657857bf
      X-Amz-Request-Id:
      - txg3fdc46750d4c41a6b6e9-00657857bf
    status: 404 Not Found
    code: 404
    duration: ""
- request:
    body: ""
    form: {}
    headers:
      User-Agent:
      - aws-sdk-go/1.47.1 (go1.20.4; linux; amd64)
      X-Amz-Content-Sha256:
      - e3b0c44298fc1c149afbf4c8996fb92427ae41e4649b934ca495991b7852b855
      X-Amz-Date:
      - 20231212T125319Z
    url: https://test-acc-scaleway-object-storage-class-7293866648086110200.s3.nl-ams.scw.cloud/myfile
    method: HEAD
  response:
    body: ""
    headers:
      Accept-Ranges:
      - bytes
      Content-Length:
      - "0"
      Content-Type:
      - application/octet-stream
      Date:
      - Tue, 12 Dec 2023 12:53:19 GMT
      Etag:
      - '"d41d8cd98f00b204e9800998ecf8427e"'
      Last-Modified:
      - Tue, 12 Dec 2023 12:53:15 GMT
      X-Amz-Id-2:
      - txgce5691f435fb4150be55-00657857bf
      X-Amz-Request-Id:
      - txgce5691f435fb4150be55-00657857bf
      X-Amz-Storage-Class:
      - ONEZONE_IA
    status: 200 OK
    code: 200
    duration: ""
- request:
    body: ""
    form: {}
    headers:
      User-Agent:
      - aws-sdk-go/1.47.1 (go1.20.4; linux; amd64)
      X-Amz-Content-Sha256:
      - e3b0c44298fc1c149afbf4c8996fb92427ae41e4649b934ca495991b7852b855
      X-Amz-Date:
      - 20231212T125319Z
    url: https://test-acc-scaleway-object-storage-class-7293866648086110200.s3.nl-ams.scw.cloud/myfile?tagging=
    method: GET
  response:
    body: |-
      <?xml version="1.0" encoding="UTF-8"?>
      <Tagging><TagSet></TagSet></Tagging>
    headers:
      Content-Length:
      - "75"
      Content-Type:
      - text/xml; charset=utf-8
      Date:
      - Tue, 12 Dec 2023 12:53:19 GMT
      X-Amz-Id-2:
      - txg82424562e6c944da86be-00657857bf
      X-Amz-Request-Id:
      - txg82424562e6c944da86be-00657857bf
    status: 200 OK
    code: 200
    duration: ""
- request:
    body: ""
    form: {}
    headers:
      User-Agent:
      - aws-sdk-go/1.47.1 (go1.20.4; linux; amd64)
      X-Amz-Content-Sha256:
      - e3b0c44298fc1c149afbf4c8996fb92427ae41e4649b934ca495991b7852b855
      X-Amz-Date:
      - 20231212T125319Z
    url: https://test-acc-scaleway-object-storage-class-7293866648086110200.s3.nl-ams.scw.cloud/myfile?acl=
    method: GET
  response:
    body: |-
      <?xml version="1.0" encoding="UTF-8"?>
      <AccessControlPolicy xmlns="http://s3.amazonaws.com/doc/2006-03-01/"><Owner><DisplayName>105bdce1-64c0-48ab-899d-868455867ecf:105bdce1-64c0-48ab-899d-868455867ecf</DisplayName><ID>105bdce1-64c0-48ab-899d-868455867ecf:105bdce1-64c0-48ab-899d-868455867ecf</ID></Owner><AccessControlList><Grant><Grantee xmlns:xsi="http://www.w3.org/2001/XMLSchema-instance" xsi:type="CanonicalUser"><ID>105bdce1-64c0-48ab-899d-868455867ecf:105bdce1-64c0-48ab-899d-868455867ecf</ID><DisplayName>105bdce1-64c0-48ab-899d-868455867ecf:105bdce1-64c0-48ab-899d-868455867ecf</DisplayName></Grantee><Permission>FULL_CONTROL</Permission></Grant></AccessControlList></AccessControlPolicy>
    headers:
      Content-Length:
      - "698"
      Content-Type:
      - text/xml; charset=utf-8
      Date:
      - Tue, 12 Dec 2023 12:53:19 GMT
      X-Amz-Id-2:
      - txg1f14eb0bb4c04047a94f-00657857bf
      X-Amz-Request-Id:
      - txg1f14eb0bb4c04047a94f-00657857bf
    status: 200 OK
    code: 200
    duration: ""
- request:
    body: ""
    form: {}
    headers:
      User-Agent:
      - aws-sdk-go/1.47.1 (go1.20.4; linux; amd64)
      X-Amz-Acl:
      - private
      X-Amz-Content-Sha256:
      - e3b0c44298fc1c149afbf4c8996fb92427ae41e4649b934ca495991b7852b855
      X-Amz-Copy-Source:
      - test-acc-scaleway-object-storage-class-7293866648086110200/myfile
      X-Amz-Date:
      - 20231212T125321Z
      X-Amz-Storage-Class:
      - STANDARD
    url: https://test-acc-scaleway-object-storage-class-7293866648086110200.s3.nl-ams.scw.cloud/myfile
    method: PUT
  response:
    body: |-
      <?xml version='1.0' encoding='UTF-8'?>
      <CopyObjectResult xmlns="http://s3.amazonaws.com/doc/2006-03-01/"><LastModified>2023-12-12T12:53:21.000Z</LastModified><ETag>"d41d8cd98f00b204e9800998ecf8427e"</ETag></CopyObjectResult>
    headers:
      Content-Length:
      - "224"
      Content-Type:
      - application/xml
      Date:
      - Tue, 12 Dec 2023 12:53:21 GMT
      Last-Modified:
      - Tue, 12 Dec 2023 12:53:21 GMT
      X-Amz-Id-2:
      - tx93994d6f55c84684ad58c-00657857c1
      X-Amz-Request-Id:
      - tx93994d6f55c84684ad58c-00657857c1
      X-Amz-Version-Id:
      - "1702385595670183"
    status: 200 OK
    code: 200
    duration: ""
- request:
    body: ""
    form: {}
    headers:
      Content-Md5:
      - 1B2M2Y8AsgTpgAmY7PhCfg==
      User-Agent:
      - aws-sdk-go/1.47.1 (go1.20.4; linux; amd64)
      X-Amz-Acl:
      - private
      X-Amz-Content-Sha256:
      - e3b0c44298fc1c149afbf4c8996fb92427ae41e4649b934ca495991b7852b855
      X-Amz-Date:
      - 20231212T125321Z
      X-Amz-Storage-Class:
      - STANDARD
    url: https://test-acc-scaleway-object-storage-class-7293866648086110200.s3.nl-ams.scw.cloud/myfile
    method: PUT
  response:
    body: ""
    headers:
      Content-Length:
      - "0"
      Content-Type:
      - text/html; charset=UTF-8
      Date:
      - Tue, 12 Dec 2023 12:53:21 GMT
      Etag:
      - '"d41d8cd98f00b204e9800998ecf8427e"'
      Last-Modified:
      - Tue, 12 Dec 2023 12:53:21 GMT
      X-Amz-Id-2:
      - txc859484bd65247bd952d9-00657857c1
      X-Amz-Request-Id:
      - txc859484bd65247bd952d9-00657857c1
      X-Amz-Version-Id:
      - "1702385601818962"
    status: 200 OK
    code: 200
    duration: ""
- request:
    body: ""
    form: {}
    headers:
      User-Agent:
      - aws-sdk-go/1.47.1 (go1.20.4; linux; amd64)
      X-Amz-Content-Sha256:
      - e3b0c44298fc1c149afbf4c8996fb92427ae41e4649b934ca495991b7852b855
      X-Amz-Date:
      - 20231212T125321Z
    url: https://test-acc-scaleway-object-storage-class-7293866648086110200.s3.nl-ams.scw.cloud/myfile
    method: HEAD
  response:
    body: ""
    headers:
      Accept-Ranges:
      - bytes
      Content-Length:
      - "0"
      Content-Type:
      - application/octet-stream
      Date:
      - Tue, 12 Dec 2023 12:53:21 GMT
      Etag:
      - '"d41d8cd98f00b204e9800998ecf8427e"'
      Last-Modified:
      - Tue, 12 Dec 2023 12:53:21 GMT
      X-Amz-Id-2:
      - txg65a04c1ac11340af84a0-00657857c1
      X-Amz-Request-Id:
      - txg65a04c1ac11340af84a0-00657857c1
    status: 200 OK
    code: 200
    duration: ""
- request:
    body: ""
    form: {}
    headers:
      User-Agent:
      - aws-sdk-go/1.47.1 (go1.20.4; linux; amd64)
      X-Amz-Content-Sha256:
      - e3b0c44298fc1c149afbf4c8996fb92427ae41e4649b934ca495991b7852b855
      X-Amz-Date:
      - 20231212T125321Z
    url: https://test-acc-scaleway-object-storage-class-7293866648086110200.s3.nl-ams.scw.cloud/myfile?tagging=
    method: GET
  response:
    body: |-
      <?xml version="1.0" encoding="UTF-8"?>
      <Tagging><TagSet></TagSet></Tagging>
    headers:
      Content-Length:
      - "75"
      Content-Type:
      - text/xml; charset=utf-8
      Date:
      - Tue, 12 Dec 2023 12:53:21 GMT
      X-Amz-Id-2:
      - txgc6cd97dc06fc4ae5a99d-00657857c1
      X-Amz-Request-Id:
      - txgc6cd97dc06fc4ae5a99d-00657857c1
    status: 200 OK
    code: 200
    duration: ""
- request:
    body: ""
    form: {}
    headers:
      User-Agent:
      - aws-sdk-go/1.47.1 (go1.20.4; linux; amd64)
      X-Amz-Content-Sha256:
      - e3b0c44298fc1c149afbf4c8996fb92427ae41e4649b934ca495991b7852b855
      X-Amz-Date:
      - 20231212T125321Z
    url: https://test-acc-scaleway-object-storage-class-7293866648086110200.s3.nl-ams.scw.cloud/myfile?acl=
    method: GET
  response:
    body: |-
      <?xml version="1.0" encoding="UTF-8"?>
      <AccessControlPolicy xmlns="http://s3.amazonaws.com/doc/2006-03-01/"><Owner><DisplayName>105bdce1-64c0-48ab-899d-868455867ecf:105bdce1-64c0-48ab-899d-868455867ecf</DisplayName><ID>105bdce1-64c0-48ab-899d-868455867ecf:105bdce1-64c0-48ab-899d-868455867ecf</ID></Owner><AccessControlList><Grant><Grantee xmlns:xsi="http://www.w3.org/2001/XMLSchema-instance" xsi:type="CanonicalUser"><ID>105bdce1-64c0-48ab-899d-868455867ecf:105bdce1-64c0-48ab-899d-868455867ecf</ID><DisplayName>105bdce1-64c0-48ab-899d-868455867ecf:105bdce1-64c0-48ab-899d-868455867ecf</DisplayName></Grantee><Permission>FULL_CONTROL</Permission></Grant></AccessControlList></AccessControlPolicy>
    headers:
      Content-Length:
      - "698"
      Content-Type:
      - text/xml; charset=utf-8
      Date:
      - Tue, 12 Dec 2023 12:53:21 GMT
      X-Amz-Id-2:
      - txg146fd723dfbc45e2a792-00657857c1
      X-Amz-Request-Id:
      - txg146fd723dfbc45e2a792-00657857c1
    status: 200 OK
    code: 200
    duration: ""
- request:
    body: ""
    form: {}
    headers:
      User-Agent:
      - aws-sdk-go/1.47.1 (go1.20.4; linux; amd64)
      X-Amz-Content-Sha256:
      - e3b0c44298fc1c149afbf4c8996fb92427ae41e4649b934ca495991b7852b855
      X-Amz-Date:
      - 20231212T125322Z
    url: https://test-acc-scaleway-object-storage-class-7293866648086110200.s3.nl-ams.scw.cloud/
    method: HEAD
  response:
    body: ""
    headers:
      Content-Type:
      - application/xml
      Date:
      - Tue, 12 Dec 2023 12:53:22 GMT
      X-Amz-Bucket-Region:
      - nl-ams
      X-Amz-Id-2:
      - txgc094ab8d380f41498720-00657857c2
      X-Amz-Request-Id:
      - txgc094ab8d380f41498720-00657857c2
    status: 200 OK
    code: 200
    duration: ""
- request:
    body: ""
    form: {}
    headers:
      User-Agent:
      - aws-sdk-go/1.47.1 (go1.20.4; linux; amd64)
      X-Amz-Content-Sha256:
      - e3b0c44298fc1c149afbf4c8996fb92427ae41e4649b934ca495991b7852b855
      X-Amz-Date:
      - 20231212T125322Z
    url: https://test-acc-scaleway-object-storage-class-7293866648086110200.s3.nl-ams.scw.cloud/myfile
    method: GET
  response:
    body: ""
    headers:
      Accept-Ranges:
      - bytes
      Content-Length:
      - "0"
      Content-Type:
      - application/octet-stream
      Date:
      - Tue, 12 Dec 2023 12:53:22 GMT
      Etag:
      - '"d41d8cd98f00b204e9800998ecf8427e"'
      Last-Modified:
      - Tue, 12 Dec 2023 12:53:21 GMT
      X-Amz-Id-2:
      - tx1da1e09476da4f98ad77c-00657857c2
      X-Amz-Request-Id:
      - tx1da1e09476da4f98ad77c-00657857c2
      X-Amz-Version-Id:
      - "1702385601818962"
    status: 200 OK
    code: 200
    duration: ""
- request:
    body: ""
    form: {}
    headers:
      User-Agent:
      - aws-sdk-go/1.47.1 (go1.20.4; linux; amd64)
      X-Amz-Content-Sha256:
      - e3b0c44298fc1c149afbf4c8996fb92427ae41e4649b934ca495991b7852b855
      X-Amz-Date:
      - 20231212T125323Z
    url: https://test-acc-scaleway-object-storage-class-7293866648086110200.s3.nl-ams.scw.cloud/?acl=
    method: GET
  response:
    body: |-
      <?xml version="1.0" encoding="UTF-8"?>
      <AccessControlPolicy xmlns="http://s3.amazonaws.com/doc/2006-03-01/"><Owner><DisplayName>105bdce1-64c0-48ab-899d-868455867ecf:105bdce1-64c0-48ab-899d-868455867ecf</DisplayName><ID>105bdce1-64c0-48ab-899d-868455867ecf:105bdce1-64c0-48ab-899d-868455867ecf</ID></Owner><AccessControlList><Grant><Grantee xmlns:xsi="http://www.w3.org/2001/XMLSchema-instance" xsi:type="CanonicalUser"><ID>105bdce1-64c0-48ab-899d-868455867ecf:105bdce1-64c0-48ab-899d-868455867ecf</ID><DisplayName>105bdce1-64c0-48ab-899d-868455867ecf:105bdce1-64c0-48ab-899d-868455867ecf</DisplayName></Grantee><Permission>FULL_CONTROL</Permission></Grant></AccessControlList></AccessControlPolicy>
    headers:
      Content-Length:
      - "698"
      Content-Type:
      - text/xml; charset=utf-8
      Date:
      - Tue, 12 Dec 2023 12:53:23 GMT
      X-Amz-Id-2:
      - txg16a0c8e376f1493e9661-00657857c3
      X-Amz-Request-Id:
      - txg16a0c8e376f1493e9661-00657857c3
    status: 200 OK
    code: 200
    duration: ""
- request:
    body: ""
    form: {}
    headers:
      User-Agent:
      - aws-sdk-go/1.47.1 (go1.20.4; linux; amd64)
      X-Amz-Content-Sha256:
      - e3b0c44298fc1c149afbf4c8996fb92427ae41e4649b934ca495991b7852b855
      X-Amz-Date:
      - 20231212T125323Z
    url: https://test-acc-scaleway-object-storage-class-7293866648086110200.s3.nl-ams.scw.cloud/?object-lock=
    method: GET
  response:
    body: <Error><Code>ObjectLockConfigurationNotFoundError</Code><Message>Object
      Lock configuration does not exist for this bucket</Message><Resource>/test-acc-scaleway-object-storage-class-7293866648086110200</Resource><RequestId>txg161ec453ffc2437c86d9-00657857c3</RequestId></Error>
    headers:
      Content-Length:
      - "276"
      Content-Type:
      - application/xml
      Date:
      - Tue, 12 Dec 2023 12:53:23 GMT
      X-Amz-Id-2:
      - txg161ec453ffc2437c86d9-00657857c3
      X-Amz-Request-Id:
      - txg161ec453ffc2437c86d9-00657857c3
    status: 404 Not Found
    code: 404
    duration: ""
- request:
    body: ""
    form: {}
    headers:
      User-Agent:
      - aws-sdk-go/1.47.1 (go1.20.4; linux; amd64)
      X-Amz-Content-Sha256:
      - e3b0c44298fc1c149afbf4c8996fb92427ae41e4649b934ca495991b7852b855
      X-Amz-Date:
      - 20231212T125323Z
    url: https://test-acc-scaleway-object-storage-class-7293866648086110200.s3.nl-ams.scw.cloud/
    method: GET
  response:
    body: |-
      <?xml version="1.0" encoding="UTF-8"?>
      <ListBucketResult xmlns="http://s3.amazonaws.com/doc/2006-03-01/"><Name>test-acc-scaleway-object-storage-class-7293866648086110200</Name><Prefix></Prefix><Marker></Marker><MaxKeys>1000</MaxKeys><IsTruncated>false</IsTruncated><Contents><Key>myfile</Key><LastModified>2023-12-12T12:53:21.000Z</LastModified><ETag>&#34;d41d8cd98f00b204e9800998ecf8427e&#34;</ETag><Size>0</Size><Owner><DisplayName>105bdce1-64c0-48ab-899d-868455867ecf:105bdce1-64c0-48ab-899d-868455867ecf</DisplayName><ID>105bdce1-64c0-48ab-899d-868455867ecf:105bdce1-64c0-48ab-899d-868455867ecf</ID></Owner><StorageClass>STANDARD</StorageClass></Contents></ListBucketResult>
    headers:
      Content-Length:
      - "678"
      Content-Type:
      - application/xml
      Date:
      - Tue, 12 Dec 2023 12:53:23 GMT
      X-Amz-Id-2:
      - txg1ad89a54339b41b6b06e-00657857c3
      X-Amz-Request-Id:
      - txg1ad89a54339b41b6b06e-00657857c3
    status: 200 OK
    code: 200
    duration: ""
- request:
    body: ""
    form: {}
    headers:
      User-Agent:
      - aws-sdk-go/1.47.1 (go1.20.4; linux; amd64)
      X-Amz-Content-Sha256:
      - e3b0c44298fc1c149afbf4c8996fb92427ae41e4649b934ca495991b7852b855
      X-Amz-Date:
      - 20231212T125323Z
    url: https://test-acc-scaleway-object-storage-class-7293866648086110200.s3.nl-ams.scw.cloud/?tagging=
    method: GET
  response:
    body: |-
      <?xml version="1.0" encoding="UTF-8"?>
      <Tagging xmlns="http://s3.amazonaws.com/doc/2006-03-01/"><TagSet><Tag><Key>foo</Key><Value>bar</Value></Tag></TagSet></Tagging>
    headers:
      Content-Length:
      - "166"
      Content-Type:
      - text/xml; charset=utf-8
      Date:
      - Tue, 12 Dec 2023 12:53:23 GMT
      X-Amz-Id-2:
      - txg91f550bca87049b4964e-00657857c3
      X-Amz-Request-Id:
      - txg91f550bca87049b4964e-00657857c3
    status: 200 OK
    code: 200
    duration: ""
- request:
    body: ""
    form: {}
    headers:
      User-Agent:
      - aws-sdk-go/1.47.1 (go1.20.4; linux; amd64)
      X-Amz-Content-Sha256:
      - e3b0c44298fc1c149afbf4c8996fb92427ae41e4649b934ca495991b7852b855
      X-Amz-Date:
      - 20231212T125323Z
    url: https://test-acc-scaleway-object-storage-class-7293866648086110200.s3.nl-ams.scw.cloud/?cors=
    method: GET
  response:
    body: <Error><Code>NoSuchCORSConfiguration</Code><Message>The CORS configuration
      does not exist</Message><Resource>/test-acc-scaleway-object-storage-class-7293866648086110200</Resource><RequestId>txg030ac7a3c3a54aaa8bc2-00657857c3</RequestId></Error>
    headers:
      Content-Length:
      - "244"
      Content-Type:
      - application/xml
      Date:
      - Tue, 12 Dec 2023 12:53:23 GMT
      X-Amz-Id-2:
      - txg030ac7a3c3a54aaa8bc2-00657857c3
      X-Amz-Request-Id:
      - txg030ac7a3c3a54aaa8bc2-00657857c3
    status: 404 Not Found
    code: 404
    duration: ""
- request:
    body: ""
    form: {}
    headers:
      User-Agent:
      - aws-sdk-go/1.47.1 (go1.20.4; linux; amd64)
      X-Amz-Content-Sha256:
      - e3b0c44298fc1c149afbf4c8996fb92427ae41e4649b934ca495991b7852b855
      X-Amz-Date:
      - 20231212T125323Z
    url: https://test-acc-scaleway-object-storage-class-7293866648086110200.s3.nl-ams.scw.cloud/?versioning=
    method: GET
  response:
    body: |-
      <?xml version="1.0" encoding="UTF-8"?>
      <VersioningConfiguration xmlns="http://s3.amazonaws.com/doc/2006-03-01/"></VersioningConfiguration>
    headers:
      Content-Length:
      - "138"
      Content-Type:
      - text/xml; charset=utf-8
      Date:
      - Tue, 12 Dec 2023 12:53:23 GMT
      X-Amz-Id-2:
      - txg95dbb7a4c2df4ad4aa3d-00657857c3
      X-Amz-Request-Id:
      - txg95dbb7a4c2df4ad4aa3d-00657857c3
    status: 200 OK
    code: 200
    duration: ""
- request:
    body: ""
    form: {}
    headers:
      User-Agent:
      - aws-sdk-go/1.47.1 (go1.20.4; linux; amd64)
      X-Amz-Content-Sha256:
      - e3b0c44298fc1c149afbf4c8996fb92427ae41e4649b934ca495991b7852b855
      X-Amz-Date:
      - 20231212T125323Z
    url: https://test-acc-scaleway-object-storage-class-7293866648086110200.s3.nl-ams.scw.cloud/?lifecycle=
    method: GET
  response:
    body: <Error><Code>NoSuchLifecycleConfiguration</Code><Message>The lifecycle configuration
      does not exist</Message><Resource>/test-acc-scaleway-object-storage-class-7293866648086110200</Resource><RequestId>txg420d5b7a430447ba9c2b-00657857c3</RequestId></Error>
    headers:
      Content-Length:
      - "254"
      Content-Type:
      - application/xml
      Date:
      - Tue, 12 Dec 2023 12:53:23 GMT
      X-Amz-Id-2:
      - txg420d5b7a430447ba9c2b-00657857c3
      X-Amz-Request-Id:
      - txg420d5b7a430447ba9c2b-00657857c3
    status: 404 Not Found
    code: 404
    duration: ""
- request:
    body: ""
    form: {}
    headers:
      User-Agent:
      - aws-sdk-go/1.47.1 (go1.20.4; linux; amd64)
      X-Amz-Content-Sha256:
      - e3b0c44298fc1c149afbf4c8996fb92427ae41e4649b934ca495991b7852b855
      X-Amz-Date:
      - 20231212T125323Z
    url: https://test-acc-scaleway-object-storage-class-7293866648086110200.s3.nl-ams.scw.cloud/myfile
    method: HEAD
  response:
    body: ""
    headers:
      Accept-Ranges:
      - bytes
      Content-Length:
      - "0"
      Content-Type:
      - application/octet-stream
      Date:
      - Tue, 12 Dec 2023 12:53:23 GMT
      Etag:
      - '"d41d8cd98f00b204e9800998ecf8427e"'
      Last-Modified:
      - Tue, 12 Dec 2023 12:53:21 GMT
      X-Amz-Id-2:
      - txg86a8972cd5b94d37a963-00657857c3
      X-Amz-Request-Id:
      - txg86a8972cd5b94d37a963-00657857c3
    status: 200 OK
    code: 200
    duration: ""
- request:
    body: ""
    form: {}
    headers:
      User-Agent:
      - aws-sdk-go/1.47.1 (go1.20.4; linux; amd64)
      X-Amz-Content-Sha256:
      - e3b0c44298fc1c149afbf4c8996fb92427ae41e4649b934ca495991b7852b855
      X-Amz-Date:
      - 20231212T125323Z
    url: https://test-acc-scaleway-object-storage-class-7293866648086110200.s3.nl-ams.scw.cloud/myfile?tagging=
    method: GET
  response:
    body: |-
      <?xml version="1.0" encoding="UTF-8"?>
      <Tagging><TagSet></TagSet></Tagging>
    headers:
      Content-Length:
      - "75"
      Content-Type:
      - text/xml; charset=utf-8
      Date:
      - Tue, 12 Dec 2023 12:53:23 GMT
      X-Amz-Id-2:
      - txg24ae897ff4bc48a2993f-00657857c3
      X-Amz-Request-Id:
      - txg24ae897ff4bc48a2993f-00657857c3
    status: 200 OK
    code: 200
    duration: ""
- request:
    body: ""
    form: {}
    headers:
      User-Agent:
      - aws-sdk-go/1.47.1 (go1.20.4; linux; amd64)
      X-Amz-Content-Sha256:
      - e3b0c44298fc1c149afbf4c8996fb92427ae41e4649b934ca495991b7852b855
      X-Amz-Date:
      - 20231212T125323Z
    url: https://test-acc-scaleway-object-storage-class-7293866648086110200.s3.nl-ams.scw.cloud/myfile?acl=
    method: GET
  response:
    body: |-
      <?xml version="1.0" encoding="UTF-8"?>
      <AccessControlPolicy xmlns="http://s3.amazonaws.com/doc/2006-03-01/"><Owner><DisplayName>105bdce1-64c0-48ab-899d-868455867ecf:105bdce1-64c0-48ab-899d-868455867ecf</DisplayName><ID>105bdce1-64c0-48ab-899d-868455867ecf:105bdce1-64c0-48ab-899d-868455867ecf</ID></Owner><AccessControlList><Grant><Grantee xmlns:xsi="http://www.w3.org/2001/XMLSchema-instance" xsi:type="CanonicalUser"><ID>105bdce1-64c0-48ab-899d-868455867ecf:105bdce1-64c0-48ab-899d-868455867ecf</ID><DisplayName>105bdce1-64c0-48ab-899d-868455867ecf:105bdce1-64c0-48ab-899d-868455867ecf</DisplayName></Grantee><Permission>FULL_CONTROL</Permission></Grant></AccessControlList></AccessControlPolicy>
    headers:
      Content-Length:
      - "698"
      Content-Type:
      - text/xml; charset=utf-8
      Date:
      - Tue, 12 Dec 2023 12:53:23 GMT
      X-Amz-Id-2:
      - txgbd20cc9a78c24e40a0f6-00657857c3
      X-Amz-Request-Id:
      - txgbd20cc9a78c24e40a0f6-00657857c3
    status: 200 OK
    code: 200
    duration: ""
- request:
    body: ""
    form: {}
    headers:
      User-Agent:
      - aws-sdk-go/1.47.1 (go1.20.4; linux; amd64)
      X-Amz-Content-Sha256:
      - e3b0c44298fc1c149afbf4c8996fb92427ae41e4649b934ca495991b7852b855
      X-Amz-Date:
      - 20231212T125325Z
    url: https://test-acc-scaleway-object-storage-class-7293866648086110200.s3.nl-ams.scw.cloud/myfile
    method: DELETE
  response:
    body: ""
    headers:
      Date:
      - Tue, 12 Dec 2023 12:53:25 GMT
      X-Amz-Id-2:
      - txg00712252a5b54c25a1e2-00657857c5
      X-Amz-Request-Id:
      - txg00712252a5b54c25a1e2-00657857c5
    status: 204 No Content
    code: 204
    duration: ""
- request:
    body: ""
    form: {}
    headers:
      User-Agent:
      - aws-sdk-go/1.47.1 (go1.20.4; linux; amd64)
      X-Amz-Content-Sha256:
      - e3b0c44298fc1c149afbf4c8996fb92427ae41e4649b934ca495991b7852b855
      X-Amz-Date:
      - 20231212T125325Z
    url: https://test-acc-scaleway-object-storage-class-7293866648086110200.s3.nl-ams.scw.cloud/
    method: DELETE
  response:
    body: ""
    headers:
      Date:
      - Tue, 12 Dec 2023 12:53:25 GMT
      X-Amz-Id-2:
      - txge149f57371494b0c912f-00657857c5
      X-Amz-Request-Id:
      - txge149f57371494b0c912f-00657857c5
    status: 204 No Content
    code: 204
    duration: ""
