---
version: 1
interactions:
- request:
    body: '{"project_id":"105bdce1-64c0-48ab-899d-868455867ecf","name":"secretNameBasic","tags":["devtools","provider","terraform"],"description":"secret
      description","type":"unknown_type","protected":false}'
    form: {}
    headers:
      Content-Type:
      - application/json
      User-Agent:
      - scaleway-sdk-go/v1.0.0-beta.7+dev (go1.21.1; linux; amd64) terraform-provider/develop
        terraform/terraform-tests
    url: https://api.scaleway.com/secret-manager/v1beta1/regions/fr-par/secrets
    method: POST
  response:
    body: '{"created_at":"2024-02-16T07:43:30.670270Z","description":"secret description","ephemeral_policy":null,"id":"d990d0df-a869-4021-9a2c-fed16b08e7e3","managed":false,"name":"secretNameBasic","path":"/","project_id":"105bdce1-64c0-48ab-899d-868455867ecf","protected":false,"region":"fr-par","status":"ready","tags":["devtools","provider","terraform"],"type":"opaque","updated_at":"2024-02-16T07:43:30.670270Z","version_count":0}'
    headers:
      Content-Length:
      - "440"
      Content-Security-Policy:
      - default-src 'none'; frame-ancestors 'none'
      Content-Type:
      - application/json
      Date:
      - Fri, 16 Feb 2024 07:43:30 GMT
      Server:
      - Scaleway API Gateway (fr-par-1;edge01)
      Strict-Transport-Security:
      - max-age=63072000
      X-Content-Type-Options:
      - nosniff
      X-Frame-Options:
      - DENY
      X-Request-Id:
      - b8d8378c-e653-4986-b73a-a0ff8009f54f
    status: 200 OK
    code: 200
    duration: ""
- request:
    body: ""
    form: {}
    headers:
      User-Agent:
      - scaleway-sdk-go/v1.0.0-beta.7+dev (go1.21.1; linux; amd64) terraform-provider/develop
        terraform/terraform-tests
    url: https://api.scaleway.com/secret-manager/v1beta1/regions/fr-par/secrets/d990d0df-a869-4021-9a2c-fed16b08e7e3
    method: GET
  response:
    body: '{"created_at":"2024-02-16T07:43:30.670270Z","description":"secret description","ephemeral_policy":null,"id":"d990d0df-a869-4021-9a2c-fed16b08e7e3","managed":false,"name":"secretNameBasic","path":"/","project_id":"105bdce1-64c0-48ab-899d-868455867ecf","protected":false,"region":"fr-par","status":"ready","tags":["devtools","provider","terraform"],"type":"opaque","updated_at":"2024-02-16T07:43:30.670270Z","version_count":0}'
    headers:
      Content-Length:
      - "440"
      Content-Security-Policy:
      - default-src 'none'; frame-ancestors 'none'
      Content-Type:
      - application/json
      Date:
      - Fri, 16 Feb 2024 07:43:30 GMT
      Server:
      - Scaleway API Gateway (fr-par-1;edge01)
      Strict-Transport-Security:
      - max-age=63072000
      X-Content-Type-Options:
      - nosniff
      X-Frame-Options:
      - DENY
      X-Request-Id:
      - aa444e4a-f631-4480-ba6a-695fa301353f
    status: 200 OK
    code: 200
    duration: ""
- request:
    body: ""
    form: {}
    headers:
      User-Agent:
      - scaleway-sdk-go/v1.0.0-beta.7+dev (go1.21.1; linux; amd64) terraform-provider/develop
        terraform/terraform-tests
    url: https://api.scaleway.com/secret-manager/v1beta1/regions/fr-par/secrets/d990d0df-a869-4021-9a2c-fed16b08e7e3
    method: GET
  response:
    body: '{"created_at":"2024-02-16T07:43:30.670270Z","description":"secret description","ephemeral_policy":null,"id":"d990d0df-a869-4021-9a2c-fed16b08e7e3","managed":false,"name":"secretNameBasic","path":"/","project_id":"105bdce1-64c0-48ab-899d-868455867ecf","protected":false,"region":"fr-par","status":"ready","tags":["devtools","provider","terraform"],"type":"opaque","updated_at":"2024-02-16T07:43:30.670270Z","version_count":0}'
    headers:
      Content-Length:
      - "440"
      Content-Security-Policy:
      - default-src 'none'; frame-ancestors 'none'
      Content-Type:
      - application/json
      Date:
      - Fri, 16 Feb 2024 07:43:30 GMT
      Server:
      - Scaleway API Gateway (fr-par-1;edge01)
      Strict-Transport-Security:
      - max-age=63072000
      X-Content-Type-Options:
      - nosniff
      X-Frame-Options:
      - DENY
      X-Request-Id:
      - 9a4c042e-8172-4c47-a307-59cb25ab9d8e
    status: 200 OK
    code: 200
    duration: ""
- request:
    body: ""
    form: {}
    headers:
      User-Agent:
      - scaleway-sdk-go/v1.0.0-beta.7+dev (go1.21.1; linux; amd64) terraform-provider/develop
        terraform/terraform-tests
    url: https://api.scaleway.com/secret-manager/v1beta1/regions/fr-par/secrets/d990d0df-a869-4021-9a2c-fed16b08e7e3
    method: GET
  response:
    body: '{"created_at":"2024-02-16T07:43:30.670270Z","description":"secret description","ephemeral_policy":null,"id":"d990d0df-a869-4021-9a2c-fed16b08e7e3","managed":false,"name":"secretNameBasic","path":"/","project_id":"105bdce1-64c0-48ab-899d-868455867ecf","protected":false,"region":"fr-par","status":"ready","tags":["devtools","provider","terraform"],"type":"opaque","updated_at":"2024-02-16T07:43:30.670270Z","version_count":0}'
    headers:
      Content-Length:
      - "440"
      Content-Security-Policy:
      - default-src 'none'; frame-ancestors 'none'
      Content-Type:
      - application/json
      Date:
      - Fri, 16 Feb 2024 07:43:31 GMT
      Server:
      - Scaleway API Gateway (fr-par-1;edge01)
      Strict-Transport-Security:
      - max-age=63072000
      X-Content-Type-Options:
      - nosniff
      X-Frame-Options:
      - DENY
      X-Request-Id:
      - 7a463ed6-513c-4de8-bed3-94f3c8ebdc74
    status: 200 OK
    code: 200
    duration: ""
- request:
    body: ""
    form: {}
    headers:
      User-Agent:
      - scaleway-sdk-go/v1.0.0-beta.7+dev (go1.21.1; linux; amd64) terraform-provider/develop
        terraform/terraform-tests
    url: https://api.scaleway.com/secret-manager/v1beta1/regions/fr-par/secrets/d990d0df-a869-4021-9a2c-fed16b08e7e3
    method: GET
  response:
    body: '{"created_at":"2024-02-16T07:43:30.670270Z","description":"secret description","ephemeral_policy":null,"id":"d990d0df-a869-4021-9a2c-fed16b08e7e3","managed":false,"name":"secretNameBasic","path":"/","project_id":"105bdce1-64c0-48ab-899d-868455867ecf","protected":false,"region":"fr-par","status":"ready","tags":["devtools","provider","terraform"],"type":"opaque","updated_at":"2024-02-16T07:43:30.670270Z","version_count":0}'
    headers:
      Content-Length:
      - "440"
      Content-Security-Policy:
      - default-src 'none'; frame-ancestors 'none'
      Content-Type:
      - application/json
      Date:
      - Fri, 16 Feb 2024 07:43:31 GMT
      Server:
      - Scaleway API Gateway (fr-par-1;edge01)
      Strict-Transport-Security:
      - max-age=63072000
      X-Content-Type-Options:
      - nosniff
      X-Frame-Options:
      - DENY
      X-Request-Id:
      - 1eea9c0e-c1f8-49d8-bde6-a083209159ef
    status: 200 OK
    code: 200
    duration: ""
- request:
    body: '{"name":"secretNameBasicUpdated","tags":["devtools"],"description":"update
      description"}'
    form: {}
    headers:
      Content-Type:
      - application/json
      User-Agent:
      - scaleway-sdk-go/v1.0.0-beta.7+dev (go1.21.1; linux; amd64) terraform-provider/develop
        terraform/terraform-tests
    url: https://api.scaleway.com/secret-manager/v1beta1/regions/fr-par/secrets/d990d0df-a869-4021-9a2c-fed16b08e7e3
    method: PATCH
  response:
    body: '{"created_at":"2024-02-16T07:43:30.670270Z","description":"update description","ephemeral_policy":null,"id":"d990d0df-a869-4021-9a2c-fed16b08e7e3","managed":false,"name":"secretNameBasicUpdated","path":"/","project_id":"105bdce1-64c0-48ab-899d-868455867ecf","protected":false,"region":"fr-par","status":"ready","tags":["devtools"],"type":"opaque","updated_at":"2024-02-16T07:43:32.003587Z","version_count":0}'
    headers:
      Content-Length:
      - "422"
      Content-Security-Policy:
      - default-src 'none'; frame-ancestors 'none'
      Content-Type:
      - application/json
      Date:
      - Fri, 16 Feb 2024 07:43:32 GMT
      Server:
      - Scaleway API Gateway (fr-par-1;edge01)
      Strict-Transport-Security:
      - max-age=63072000
      X-Content-Type-Options:
      - nosniff
      X-Frame-Options:
      - DENY
      X-Request-Id:
      - 5981e7f9-bcb1-4674-8fbe-7a0017cee982
    status: 200 OK
    code: 200
    duration: ""
- request:
    body: ""
    form: {}
    headers:
      User-Agent:
      - scaleway-sdk-go/v1.0.0-beta.7+dev (go1.21.1; linux; amd64) terraform-provider/develop
        terraform/terraform-tests
    url: https://api.scaleway.com/secret-manager/v1beta1/regions/fr-par/secrets/d990d0df-a869-4021-9a2c-fed16b08e7e3
    method: GET
  response:
    body: '{"created_at":"2024-02-16T07:43:30.670270Z","description":"update description","ephemeral_policy":null,"id":"d990d0df-a869-4021-9a2c-fed16b08e7e3","managed":false,"name":"secretNameBasicUpdated","path":"/","project_id":"105bdce1-64c0-48ab-899d-868455867ecf","protected":false,"region":"fr-par","status":"ready","tags":["devtools"],"type":"opaque","updated_at":"2024-02-16T07:43:32.003587Z","version_count":0}'
    headers:
      Content-Length:
      - "422"
      Content-Security-Policy:
      - default-src 'none'; frame-ancestors 'none'
      Content-Type:
      - application/json
      Date:
      - Fri, 16 Feb 2024 07:43:32 GMT
      Server:
      - Scaleway API Gateway (fr-par-1;edge01)
      Strict-Transport-Security:
      - max-age=63072000
      X-Content-Type-Options:
      - nosniff
      X-Frame-Options:
      - DENY
      X-Request-Id:
      - 3b258001-ab26-49ef-965c-fb3dcd139e33
    status: 200 OK
    code: 200
    duration: ""
- request:
    body: ""
    form: {}
    headers:
      User-Agent:
      - scaleway-sdk-go/v1.0.0-beta.7+dev (go1.21.1; linux; amd64) terraform-provider/develop
        terraform/terraform-tests
    url: https://api.scaleway.com/secret-manager/v1beta1/regions/fr-par/secrets/d990d0df-a869-4021-9a2c-fed16b08e7e3
    method: GET
  response:
    body: '{"created_at":"2024-02-16T07:43:30.670270Z","description":"update description","ephemeral_policy":null,"id":"d990d0df-a869-4021-9a2c-fed16b08e7e3","managed":false,"name":"secretNameBasicUpdated","path":"/","project_id":"105bdce1-64c0-48ab-899d-868455867ecf","protected":false,"region":"fr-par","status":"ready","tags":["devtools"],"type":"opaque","updated_at":"2024-02-16T07:43:32.003587Z","version_count":0}'
    headers:
      Content-Length:
      - "422"
      Content-Security-Policy:
      - default-src 'none'; frame-ancestors 'none'
      Content-Type:
      - application/json
      Date:
      - Fri, 16 Feb 2024 07:43:32 GMT
      Server:
      - Scaleway API Gateway (fr-par-1;edge01)
      Strict-Transport-Security:
      - max-age=63072000
      X-Content-Type-Options:
      - nosniff
      X-Frame-Options:
      - DENY
      X-Request-Id:
      - 0119da83-c07b-45be-80cb-92ff872130e7
    status: 200 OK
    code: 200
    duration: ""
- request:
    body: ""
    form: {}
    headers:
      User-Agent:
      - scaleway-sdk-go/v1.0.0-beta.7+dev (go1.21.1; linux; amd64) terraform-provider/develop
        terraform/terraform-tests
    url: https://api.scaleway.com/secret-manager/v1beta1/regions/fr-par/secrets/d990d0df-a869-4021-9a2c-fed16b08e7e3
    method: GET
  response:
    body: '{"created_at":"2024-02-16T07:43:30.670270Z","description":"update description","ephemeral_policy":null,"id":"d990d0df-a869-4021-9a2c-fed16b08e7e3","managed":false,"name":"secretNameBasicUpdated","path":"/","project_id":"105bdce1-64c0-48ab-899d-868455867ecf","protected":false,"region":"fr-par","status":"ready","tags":["devtools"],"type":"opaque","updated_at":"2024-02-16T07:43:32.003587Z","version_count":0}'
    headers:
      Content-Length:
      - "422"
      Content-Security-Policy:
      - default-src 'none'; frame-ancestors 'none'
      Content-Type:
      - application/json
      Date:
      - Fri, 16 Feb 2024 07:43:32 GMT
      Server:
      - Scaleway API Gateway (fr-par-1;edge01)
      Strict-Transport-Security:
      - max-age=63072000
      X-Content-Type-Options:
      - nosniff
      X-Frame-Options:
      - DENY
      X-Request-Id:
      - dc547b5a-c396-4830-b97e-0ed5295f995e
    status: 200 OK
    code: 200
    duration: ""
- request:
    body: ""
    form: {}
    headers:
      User-Agent:
      - scaleway-sdk-go/v1.0.0-beta.7+dev (go1.21.1; linux; amd64) terraform-provider/develop
        terraform/terraform-tests
    url: https://api.scaleway.com/secret-manager/v1beta1/regions/fr-par/secrets/d990d0df-a869-4021-9a2c-fed16b08e7e3
    method: GET
  response:
    body: '{"created_at":"2024-02-16T07:43:30.670270Z","description":"update description","ephemeral_policy":null,"id":"d990d0df-a869-4021-9a2c-fed16b08e7e3","managed":false,"name":"secretNameBasicUpdated","path":"/","project_id":"105bdce1-64c0-48ab-899d-868455867ecf","protected":false,"region":"fr-par","status":"ready","tags":["devtools"],"type":"opaque","updated_at":"2024-02-16T07:43:32.003587Z","version_count":0}'
    headers:
      Content-Length:
      - "422"
      Content-Security-Policy:
      - default-src 'none'; frame-ancestors 'none'
      Content-Type:
      - application/json
      Date:
      - Fri, 16 Feb 2024 07:43:32 GMT
      Server:
      - Scaleway API Gateway (fr-par-1;edge01)
      Strict-Transport-Security:
      - max-age=63072000
      X-Content-Type-Options:
      - nosniff
      X-Frame-Options:
      - DENY
      X-Request-Id:
      - 951062c7-9c75-4340-9b0f-5925e3dc4a82
    status: 200 OK
    code: 200
    duration: ""
- request:
    body: '{"name":"secretNameBasic","tags":[],"description":""}'
    form: {}
    headers:
      Content-Type:
      - application/json
      User-Agent:
      - scaleway-sdk-go/v1.0.0-beta.7+dev (go1.21.1; linux; amd64) terraform-provider/develop
        terraform/terraform-tests
    url: https://api.scaleway.com/secret-manager/v1beta1/regions/fr-par/secrets/d990d0df-a869-4021-9a2c-fed16b08e7e3
    method: PATCH
  response:
    body: '{"created_at":"2024-02-16T07:43:30.670270Z","description":"","ephemeral_policy":null,"id":"d990d0df-a869-4021-9a2c-fed16b08e7e3","managed":false,"name":"secretNameBasic","path":"/","project_id":"105bdce1-64c0-48ab-899d-868455867ecf","protected":false,"region":"fr-par","status":"ready","tags":[],"type":"opaque","updated_at":"2024-02-16T07:43:33.296549Z","version_count":0}'
    headers:
      Content-Length:
      - "387"
      Content-Security-Policy:
      - default-src 'none'; frame-ancestors 'none'
      Content-Type:
      - application/json
      Date:
      - Fri, 16 Feb 2024 07:43:33 GMT
      Server:
      - Scaleway API Gateway (fr-par-1;edge01)
      Strict-Transport-Security:
      - max-age=63072000
      X-Content-Type-Options:
      - nosniff
      X-Frame-Options:
      - DENY
      X-Request-Id:
      - 80d2aa61-0bf2-4c83-8ddf-5152f4264600
    status: 200 OK
    code: 200
    duration: ""
- request:
    body: ""
    form: {}
    headers:
      User-Agent:
      - scaleway-sdk-go/v1.0.0-beta.7+dev (go1.21.1; linux; amd64) terraform-provider/develop
        terraform/terraform-tests
    url: https://api.scaleway.com/secret-manager/v1beta1/regions/fr-par/secrets/d990d0df-a869-4021-9a2c-fed16b08e7e3
    method: GET
  response:
    body: '{"created_at":"2024-02-16T07:43:30.670270Z","description":"","ephemeral_policy":null,"id":"d990d0df-a869-4021-9a2c-fed16b08e7e3","managed":false,"name":"secretNameBasic","path":"/","project_id":"105bdce1-64c0-48ab-899d-868455867ecf","protected":false,"region":"fr-par","status":"ready","tags":[],"type":"opaque","updated_at":"2024-02-16T07:43:33.296549Z","version_count":0}'
    headers:
      Content-Length:
      - "387"
      Content-Security-Policy:
      - default-src 'none'; frame-ancestors 'none'
      Content-Type:
      - application/json
      Date:
      - Fri, 16 Feb 2024 07:43:33 GMT
      Server:
      - Scaleway API Gateway (fr-par-1;edge01)
      Strict-Transport-Security:
      - max-age=63072000
      X-Content-Type-Options:
      - nosniff
      X-Frame-Options:
      - DENY
      X-Request-Id:
      - eeaf749e-eb36-434e-baa0-c881284683b5
    status: 200 OK
    code: 200
    duration: ""
- request:
    body: ""
    form: {}
    headers:
      User-Agent:
      - scaleway-sdk-go/v1.0.0-beta.7+dev (go1.21.1; linux; amd64) terraform-provider/develop
        terraform/terraform-tests
    url: https://api.scaleway.com/secret-manager/v1beta1/regions/fr-par/secrets/d990d0df-a869-4021-9a2c-fed16b08e7e3
    method: GET
  response:
    body: '{"created_at":"2024-02-16T07:43:30.670270Z","description":"","ephemeral_policy":null,"id":"d990d0df-a869-4021-9a2c-fed16b08e7e3","managed":false,"name":"secretNameBasic","path":"/","project_id":"105bdce1-64c0-48ab-899d-868455867ecf","protected":false,"region":"fr-par","status":"ready","tags":[],"type":"opaque","updated_at":"2024-02-16T07:43:33.296549Z","version_count":0}'
    headers:
      Content-Length:
      - "387"
      Content-Security-Policy:
      - default-src 'none'; frame-ancestors 'none'
      Content-Type:
      - application/json
      Date:
      - Fri, 16 Feb 2024 07:43:33 GMT
      Server:
      - Scaleway API Gateway (fr-par-1;edge01)
      Strict-Transport-Security:
      - max-age=63072000
      X-Content-Type-Options:
      - nosniff
      X-Frame-Options:
      - DENY
      X-Request-Id:
      - 9639ade5-0277-46e0-a765-08bd84ee8173
    status: 200 OK
    code: 200
    duration: ""
- request:
    body: ""
    form: {}
    headers:
      User-Agent:
      - scaleway-sdk-go/v1.0.0-beta.7+dev (go1.21.1; linux; amd64) terraform-provider/develop
        terraform/terraform-tests
    url: https://api.scaleway.com/secret-manager/v1beta1/regions/fr-par/secrets/d990d0df-a869-4021-9a2c-fed16b08e7e3
    method: GET
  response:
    body: '{"created_at":"2024-02-16T07:43:30.670270Z","description":"","ephemeral_policy":null,"id":"d990d0df-a869-4021-9a2c-fed16b08e7e3","managed":false,"name":"secretNameBasic","path":"/","project_id":"105bdce1-64c0-48ab-899d-868455867ecf","protected":false,"region":"fr-par","status":"ready","tags":[],"type":"opaque","updated_at":"2024-02-16T07:43:33.296549Z","version_count":0}'
    headers:
      Content-Length:
      - "387"
      Content-Security-Policy:
      - default-src 'none'; frame-ancestors 'none'
      Content-Type:
      - application/json
      Date:
      - Fri, 16 Feb 2024 07:43:33 GMT
      Server:
      - Scaleway API Gateway (fr-par-1;edge01)
      Strict-Transport-Security:
      - max-age=63072000
      X-Content-Type-Options:
      - nosniff
      X-Frame-Options:
      - DENY
      X-Request-Id:
      - f0215bb2-4844-4d31-be88-ce3d3f7c5f8f
    status: 200 OK
    code: 200
    duration: ""
- request:
    body: ""
    form: {}
    headers:
      User-Agent:
      - scaleway-sdk-go/v1.0.0-beta.7+dev (go1.21.1; linux; amd64) terraform-provider/develop
        terraform/terraform-tests
    url: https://api.scaleway.com/secret-manager/v1beta1/regions/fr-par/secrets/d990d0df-a869-4021-9a2c-fed16b08e7e3
    method: DELETE
  response:
    body: ""
    headers:
      Content-Security-Policy:
      - default-src 'none'; frame-ancestors 'none'
      Content-Type:
      - application/json
      Date:
      - Fri, 16 Feb 2024 07:43:34 GMT
      Server:
      - Scaleway API Gateway (fr-par-1;edge01)
      Strict-Transport-Security:
      - max-age=63072000
      X-Content-Type-Options:
      - nosniff
      X-Frame-Options:
      - DENY
      X-Request-Id:
      - b9532c1a-3e56-4d3f-98fb-c8863a11d49a
    status: 204 No Content
    code: 204
    duration: ""
- request:
    body: ""
    form: {}
    headers:
      User-Agent:
      - scaleway-sdk-go/v1.0.0-beta.7+dev (go1.21.1; linux; amd64) terraform-provider/develop
        terraform/terraform-tests
    url: https://api.scaleway.com/secret-manager/v1beta1/regions/fr-par/secrets/d990d0df-a869-4021-9a2c-fed16b08e7e3
    method: GET
  response:
    body: '{"message":"resource is not found","resource":"secret","resource_id":"d990d0df-a869-4021-9a2c-fed16b08e7e3","type":"not_found"}'
    headers:
      Content-Length:
      - "127"
      Content-Security-Policy:
      - default-src 'none'; frame-ancestors 'none'
      Content-Type:
      - application/json
      Date:
      - Fri, 16 Feb 2024 07:43:34 GMT
      Server:
      - Scaleway API Gateway (fr-par-1;edge01)
      Strict-Transport-Security:
      - max-age=63072000
      X-Content-Type-Options:
      - nosniff
      X-Frame-Options:
      - DENY
      X-Request-Id:
      - 04f8c453-a9d4-4322-8e9e-756ee44e20ab
    status: 404 Not Found
    code: 404
    duration: ""
