---
version: 1
interactions:
- request:
    body: '{"name":"tf-sg-lucid-sanderson","project":"951df375-e094-4d26-97c1-ba548eeb9c42","stateful":true,"inbound_default_policy":"accept","outbound_default_policy":"accept"}'
    form: {}
    headers:
      Content-Type:
      - application/json
      User-Agent:
      - scaleway-sdk-go/v1.0.0-beta.7+dev (go1.15.2; darwin; amd64) terraform-provider/develop-tftest
        terraform/terraform-tests
    url: https://api.scaleway.com/instance/v1/zones/fr-par-1/security_groups
    method: POST
  response:
    body: '{"security_group": {"id": "9d73200c-bb94-4eef-8dde-d82d6df4b817", "creation_date":
      "2020-10-16T10:09:50.941939+00:00", "modification_date": "2020-10-16T10:09:50.941939+00:00",
      "name": "tf-sg-lucid-sanderson", "description": null, "organization": "951df375-e094-4d26-97c1-ba548eeb9c42",
      "project": "951df375-e094-4d26-97c1-ba548eeb9c42", "servers": [], "stateful":
      true, "inbound_default_policy": "accept", "outbound_default_policy": "accept",
      "organization_default": false, "project_default": false, "enable_default_security":
      true, "zone": "fr-par-1"}}'
    headers:
      Content-Length:
      - "553"
      Content-Security-Policy:
      - default-src 'none'; frame-ancestors 'none'
      Content-Type:
      - application/json
      Date:
      - Fri, 16 Oct 2020 10:09:50 GMT
      Location:
      - https://par1-cmp-prd-api02.internal.scaleway.com/security_groups/9d73200c-bb94-4eef-8dde-d82d6df4b817
      Server:
      - Scaleway API-Gateway
      Strict-Transport-Security:
      - max-age=63072000
      X-Content-Type-Options:
      - nosniff
      X-Frame-Options:
      - DENY
      X-Request-Id:
      - f339502a-2fbc-4c1e-81e4-b4f7b68610fd
    status: 201 Created
    code: 201
    duration: ""
- request:
    body: ""
    form: {}
    headers:
      User-Agent:
      - scaleway-sdk-go/v1.0.0-beta.7+dev (go1.15.2; darwin; amd64) terraform-provider/develop-tftest
        terraform/terraform-tests
    url: https://api.scaleway.com/instance/v1/zones/fr-par-1/security_groups/9d73200c-bb94-4eef-8dde-d82d6df4b817
    method: GET
  response:
    body: '{"security_group": {"id": "9d73200c-bb94-4eef-8dde-d82d6df4b817", "creation_date":
      "2020-10-16T10:09:50.941939+00:00", "modification_date": "2020-10-16T10:09:50.941939+00:00",
      "name": "tf-sg-lucid-sanderson", "description": null, "organization": "951df375-e094-4d26-97c1-ba548eeb9c42",
      "project": "951df375-e094-4d26-97c1-ba548eeb9c42", "servers": [], "stateful":
      true, "inbound_default_policy": "accept", "outbound_default_policy": "accept",
      "organization_default": false, "project_default": false, "enable_default_security":
      true, "zone": "fr-par-1"}}'
    headers:
      Content-Length:
      - "553"
      Content-Security-Policy:
      - default-src 'none'; frame-ancestors 'none'
      Content-Type:
      - application/json
      Date:
      - Fri, 16 Oct 2020 10:09:51 GMT
      Server:
      - Scaleway API-Gateway
      Strict-Transport-Security:
      - max-age=63072000
      X-Content-Type-Options:
      - nosniff
      X-Frame-Options:
      - DENY
      X-Request-Id:
      - 1fe17c22-6bec-4678-8f9d-fb203d450ee0
    status: 200 OK
    code: 200
    duration: ""
- request:
    body: '{"name":"tf-sg-lucid-sanderson","creation_date":"2020-10-16T10:09:50.941939Z","modification_date":"2020-10-16T10:09:50.941939Z","description":"","enable_default_security":true,"inbound_default_policy":"accept","outbound_default_policy":"accept","organization":"951df375-e094-4d26-97c1-ba548eeb9c42","project":"951df375-e094-4d26-97c1-ba548eeb9c42","organization_default":false,"project_default":false,"servers":[],"stateful":true}'
    form: {}
    headers:
      Content-Type:
      - application/json
      User-Agent:
      - scaleway-sdk-go/v1.0.0-beta.7+dev (go1.15.2; darwin; amd64) terraform-provider/develop-tftest
        terraform/terraform-tests
    url: https://api.scaleway.com/instance/v1/zones/fr-par-1/security_groups/9d73200c-bb94-4eef-8dde-d82d6df4b817
    method: PUT
  response:
    body: '{"security_group": {"id": "9d73200c-bb94-4eef-8dde-d82d6df4b817", "creation_date":
      "2020-10-16T10:09:50.941939+00:00", "modification_date": "2020-10-16T10:09:51.637638+00:00",
      "name": "tf-sg-lucid-sanderson", "description": "", "organization": "951df375-e094-4d26-97c1-ba548eeb9c42",
      "project": "951df375-e094-4d26-97c1-ba548eeb9c42", "servers": [], "stateful":
      true, "inbound_default_policy": "accept", "outbound_default_policy": "accept",
      "organization_default": false, "project_default": false, "enable_default_security":
      true, "zone": "fr-par-1"}}'
    headers:
      Content-Length:
      - "551"
      Content-Security-Policy:
      - default-src 'none'; frame-ancestors 'none'
      Content-Type:
      - application/json
      Date:
      - Fri, 16 Oct 2020 10:09:51 GMT
      Server:
      - Scaleway API-Gateway
      Strict-Transport-Security:
      - max-age=63072000
      X-Content-Type-Options:
      - nosniff
      X-Frame-Options:
      - DENY
      X-Request-Id:
      - 0d0f9740-868b-48f6-a14b-180b05162be2
    status: 200 OK
    code: 200
    duration: ""
- request:
    body: ""
    form: {}
    headers:
      User-Agent:
      - scaleway-sdk-go/v1.0.0-beta.7+dev (go1.15.2; darwin; amd64) terraform-provider/develop-tftest
        terraform/terraform-tests
    url: https://api.scaleway.com/instance/v1/zones/fr-par-1/security_groups/9d73200c-bb94-4eef-8dde-d82d6df4b817/rules?page=1
    method: GET
  response:
    body: '{"rules": [{"id": "58909be7-d17c-4ac8-9eb3-23d5fc58abc5", "protocol": "TCP",
      "direction": "outbound", "ip_range": "0.0.0.0/0", "dest_port_from": 25, "dest_port_to":
      null, "position": 1, "editable": false, "action": "drop", "zone": "fr-par-1"},
      {"id": "25680235-108b-4bbc-8e25-114303d950bd", "protocol": "TCP", "direction":
      "outbound", "ip_range": "0.0.0.0/0", "dest_port_from": 465, "dest_port_to":
      null, "position": 2, "editable": false, "action": "drop", "zone": "fr-par-1"},
      {"id": "4a31b633-118e-4900-bd52-facf1085fc8d", "protocol": "TCP", "direction":
      "outbound", "ip_range": "0.0.0.0/0", "dest_port_from": 587, "dest_port_to":
      null, "position": 3, "editable": false, "action": "drop", "zone": "fr-par-1"},
      {"id": "e7dd28e8-3747-4c7c-9a4f-35ae3f0ae2cd", "protocol": "TCP", "direction":
      "outbound", "ip_range": "::/0", "dest_port_from": 25, "dest_port_to": null,
      "position": 4, "editable": false, "action": "drop", "zone": "fr-par-1"}, {"id":
      "f37d9e7c-8ed7-4e0f-baff-7f5e7ede0baf", "protocol": "TCP", "direction": "outbound",
      "ip_range": "::/0", "dest_port_from": 465, "dest_port_to": null, "position":
      5, "editable": false, "action": "drop", "zone": "fr-par-1"}, {"id": "68054851-54e3-46c9-9cd7-83219751248b",
      "protocol": "TCP", "direction": "outbound", "ip_range": "::/0", "dest_port_from":
      587, "dest_port_to": null, "position": 6, "editable": false, "action": "drop",
      "zone": "fr-par-1"}]}'
    headers:
      Content-Length:
      - "1398"
      Content-Security-Policy:
      - default-src 'none'; frame-ancestors 'none'
      Content-Type:
      - application/json
      Date:
      - Fri, 16 Oct 2020 10:09:51 GMT
      Server:
      - Scaleway API-Gateway
      Strict-Transport-Security:
      - max-age=63072000
      X-Content-Type-Options:
      - nosniff
      X-Frame-Options:
      - DENY
      X-Request-Id:
      - 4eb713da-2dc6-4b34-9cb1-a2adc2a7f3da
    status: 200 OK
    code: 200
    duration: ""
- request:
    body: '{"protocol":"TCP","direction":"inbound","action":"accept","ip_range":"0.0.0.0/0","dest_port_from":80}'
    form: {}
    headers:
      Content-Type:
      - application/json
      User-Agent:
      - scaleway-sdk-go/v1.0.0-beta.7+dev (go1.15.2; darwin; amd64) terraform-provider/develop-tftest
        terraform/terraform-tests
    url: https://api.scaleway.com/instance/v1/zones/fr-par-1/security_groups/9d73200c-bb94-4eef-8dde-d82d6df4b817/rules
    method: POST
  response:
    body: '{"rule": {"id": "30ac3324-cffe-4a29-af90-4421d8d7976c", "protocol": "TCP",
      "direction": "inbound", "ip_range": "0.0.0.0/0", "dest_port_from": 80, "dest_port_to":
      null, "position": 1, "editable": null, "action": "accept", "zone": "fr-par-1"}}'
    headers:
      Content-Length:
      - "241"
      Content-Security-Policy:
      - default-src 'none'; frame-ancestors 'none'
      Content-Type:
      - application/json
      Date:
      - Fri, 16 Oct 2020 10:09:52 GMT
      Location:
      - https://par1-cmp-prd-api02.internal.scaleway.com/security_groups/9d73200c-bb94-4eef-8dde-d82d6df4b817/rules/30ac3324-cffe-4a29-af90-4421d8d7976c
      Server:
      - Scaleway API-Gateway
      Strict-Transport-Security:
      - max-age=63072000
      X-Content-Type-Options:
      - nosniff
      X-Frame-Options:
      - DENY
      X-Request-Id:
      - 2b585bff-d9b9-448d-adf4-7d4a4b747187
    status: 201 Created
    code: 201
    duration: ""
- request:
    body: ""
    form: {}
    headers:
      User-Agent:
      - scaleway-sdk-go/v1.0.0-beta.7+dev (go1.15.2; darwin; amd64) terraform-provider/develop-tftest
        terraform/terraform-tests
    url: https://api.scaleway.com/instance/v1/zones/fr-par-1/security_groups/9d73200c-bb94-4eef-8dde-d82d6df4b817
    method: GET
  response:
    body: '{"security_group": {"id": "9d73200c-bb94-4eef-8dde-d82d6df4b817", "creation_date":
      "2020-10-16T10:09:50.941939+00:00", "modification_date": "2020-10-16T10:09:52.350454+00:00",
      "name": "tf-sg-lucid-sanderson", "description": "", "organization": "951df375-e094-4d26-97c1-ba548eeb9c42",
      "project": "951df375-e094-4d26-97c1-ba548eeb9c42", "servers": [], "stateful":
      true, "inbound_default_policy": "accept", "outbound_default_policy": "accept",
      "organization_default": false, "project_default": false, "enable_default_security":
      true, "zone": "fr-par-1"}}'
    headers:
      Content-Length:
      - "551"
      Content-Security-Policy:
      - default-src 'none'; frame-ancestors 'none'
      Content-Type:
      - application/json
      Date:
      - Fri, 16 Oct 2020 10:09:52 GMT
      Server:
      - Scaleway API-Gateway
      Strict-Transport-Security:
      - max-age=63072000
      X-Content-Type-Options:
      - nosniff
      X-Frame-Options:
      - DENY
      X-Request-Id:
      - 96750bfc-b0d4-4e54-9cbe-6050df2f8a31
    status: 200 OK
    code: 200
    duration: ""
- request:
    body: ""
    form: {}
    headers:
      User-Agent:
      - scaleway-sdk-go/v1.0.0-beta.7+dev (go1.15.2; darwin; amd64) terraform-provider/develop-tftest
        terraform/terraform-tests
    url: https://api.scaleway.com/instance/v1/zones/fr-par-1/security_groups/9d73200c-bb94-4eef-8dde-d82d6df4b817/rules?page=1
    method: GET
  response:
    body: '{"rules": [{"id": "58909be7-d17c-4ac8-9eb3-23d5fc58abc5", "protocol": "TCP",
      "direction": "outbound", "ip_range": "0.0.0.0/0", "dest_port_from": 25, "dest_port_to":
      null, "position": 1, "editable": false, "action": "drop", "zone": "fr-par-1"},
      {"id": "25680235-108b-4bbc-8e25-114303d950bd", "protocol": "TCP", "direction":
      "outbound", "ip_range": "0.0.0.0/0", "dest_port_from": 465, "dest_port_to":
      null, "position": 2, "editable": false, "action": "drop", "zone": "fr-par-1"},
      {"id": "4a31b633-118e-4900-bd52-facf1085fc8d", "protocol": "TCP", "direction":
      "outbound", "ip_range": "0.0.0.0/0", "dest_port_from": 587, "dest_port_to":
      null, "position": 3, "editable": false, "action": "drop", "zone": "fr-par-1"},
      {"id": "e7dd28e8-3747-4c7c-9a4f-35ae3f0ae2cd", "protocol": "TCP", "direction":
      "outbound", "ip_range": "::/0", "dest_port_from": 25, "dest_port_to": null,
      "position": 4, "editable": false, "action": "drop", "zone": "fr-par-1"}, {"id":
      "f37d9e7c-8ed7-4e0f-baff-7f5e7ede0baf", "protocol": "TCP", "direction": "outbound",
      "ip_range": "::/0", "dest_port_from": 465, "dest_port_to": null, "position":
      5, "editable": false, "action": "drop", "zone": "fr-par-1"}, {"id": "68054851-54e3-46c9-9cd7-83219751248b",
      "protocol": "TCP", "direction": "outbound", "ip_range": "::/0", "dest_port_from":
      587, "dest_port_to": null, "position": 6, "editable": false, "action": "drop",
      "zone": "fr-par-1"}, {"id": "30ac3324-cffe-4a29-af90-4421d8d7976c", "protocol":
      "TCP", "direction": "inbound", "ip_range": "0.0.0.0/0", "dest_port_from": 80,
      "dest_port_to": null, "position": 1, "editable": true, "action": "accept", "zone":
      "fr-par-1"}]}'
    headers:
      Content-Length:
      - "1631"
      Content-Security-Policy:
      - default-src 'none'; frame-ancestors 'none'
      Content-Type:
      - application/json
      Date:
      - Fri, 16 Oct 2020 10:09:52 GMT
      Server:
      - Scaleway API-Gateway
      Strict-Transport-Security:
      - max-age=63072000
      X-Content-Type-Options:
      - nosniff
      X-Frame-Options:
      - DENY
      X-Request-Id:
      - 4584c91c-d743-418b-bb25-3b48e6ec5f60
    status: 200 OK
    code: 200
    duration: ""
- request:
    body: ""
    form: {}
    headers:
      User-Agent:
      - scaleway-sdk-go/v1.0.0-beta.7+dev (go1.15.2; darwin; amd64) terraform-provider/develop-tftest
        terraform/terraform-tests
    url: https://api.scaleway.com/instance/v1/zones/fr-par-1/security_groups/9d73200c-bb94-4eef-8dde-d82d6df4b817/rules?page=1
    method: GET
  response:
    body: '{"rules": [{"id": "58909be7-d17c-4ac8-9eb3-23d5fc58abc5", "protocol": "TCP",
      "direction": "outbound", "ip_range": "0.0.0.0/0", "dest_port_from": 25, "dest_port_to":
      null, "position": 1, "editable": false, "action": "drop", "zone": "fr-par-1"},
      {"id": "25680235-108b-4bbc-8e25-114303d950bd", "protocol": "TCP", "direction":
      "outbound", "ip_range": "0.0.0.0/0", "dest_port_from": 465, "dest_port_to":
      null, "position": 2, "editable": false, "action": "drop", "zone": "fr-par-1"},
      {"id": "4a31b633-118e-4900-bd52-facf1085fc8d", "protocol": "TCP", "direction":
      "outbound", "ip_range": "0.0.0.0/0", "dest_port_from": 587, "dest_port_to":
      null, "position": 3, "editable": false, "action": "drop", "zone": "fr-par-1"},
      {"id": "e7dd28e8-3747-4c7c-9a4f-35ae3f0ae2cd", "protocol": "TCP", "direction":
      "outbound", "ip_range": "::/0", "dest_port_from": 25, "dest_port_to": null,
      "position": 4, "editable": false, "action": "drop", "zone": "fr-par-1"}, {"id":
      "f37d9e7c-8ed7-4e0f-baff-7f5e7ede0baf", "protocol": "TCP", "direction": "outbound",
      "ip_range": "::/0", "dest_port_from": 465, "dest_port_to": null, "position":
      5, "editable": false, "action": "drop", "zone": "fr-par-1"}, {"id": "68054851-54e3-46c9-9cd7-83219751248b",
      "protocol": "TCP", "direction": "outbound", "ip_range": "::/0", "dest_port_from":
      587, "dest_port_to": null, "position": 6, "editable": false, "action": "drop",
      "zone": "fr-par-1"}, {"id": "30ac3324-cffe-4a29-af90-4421d8d7976c", "protocol":
      "TCP", "direction": "inbound", "ip_range": "0.0.0.0/0", "dest_port_from": 80,
      "dest_port_to": null, "position": 1, "editable": true, "action": "accept", "zone":
      "fr-par-1"}]}'
    headers:
      Content-Length:
      - "1631"
      Content-Security-Policy:
      - default-src 'none'; frame-ancestors 'none'
      Content-Type:
      - application/json
      Date:
      - Fri, 16 Oct 2020 10:09:53 GMT
      Server:
      - Scaleway API-Gateway
      Strict-Transport-Security:
      - max-age=63072000
      X-Content-Type-Options:
      - nosniff
      X-Frame-Options:
      - DENY
      X-Request-Id:
      - b8dac7ae-9349-465c-a4cb-8199ad62edac
    status: 200 OK
    code: 200
    duration: ""
- request:
    body: ""
    form: {}
    headers:
      User-Agent:
      - scaleway-sdk-go/v1.0.0-beta.7+dev (go1.15.2; darwin; amd64) terraform-provider/develop-tftest
        terraform/terraform-tests
    url: https://api.scaleway.com/instance/v1/zones/fr-par-1/security_groups/9d73200c-bb94-4eef-8dde-d82d6df4b817
    method: GET
  response:
    body: '{"security_group": {"id": "9d73200c-bb94-4eef-8dde-d82d6df4b817", "creation_date":
      "2020-10-16T10:09:50.941939+00:00", "modification_date": "2020-10-16T10:09:52.350454+00:00",
      "name": "tf-sg-lucid-sanderson", "description": "", "organization": "951df375-e094-4d26-97c1-ba548eeb9c42",
      "project": "951df375-e094-4d26-97c1-ba548eeb9c42", "servers": [], "stateful":
      true, "inbound_default_policy": "accept", "outbound_default_policy": "accept",
      "organization_default": false, "project_default": false, "enable_default_security":
      true, "zone": "fr-par-1"}}'
    headers:
      Content-Length:
      - "551"
      Content-Security-Policy:
      - default-src 'none'; frame-ancestors 'none'
      Content-Type:
      - application/json
      Date:
      - Fri, 16 Oct 2020 10:09:53 GMT
      Server:
      - Scaleway API-Gateway
      Strict-Transport-Security:
      - max-age=63072000
      X-Content-Type-Options:
      - nosniff
      X-Frame-Options:
      - DENY
      X-Request-Id:
      - cec11d2d-016a-4c44-8014-6331743189ab
    status: 200 OK
    code: 200
    duration: ""
- request:
    body: ""
    form: {}
    headers:
      User-Agent:
      - scaleway-sdk-go/v1.0.0-beta.7+dev (go1.15.2; darwin; amd64) terraform-provider/develop-tftest
        terraform/terraform-tests
    url: https://api.scaleway.com/instance/v1/zones/fr-par-1/security_groups/9d73200c-bb94-4eef-8dde-d82d6df4b817/rules?page=1
    method: GET
  response:
    body: '{"rules": [{"id": "58909be7-d17c-4ac8-9eb3-23d5fc58abc5", "protocol": "TCP",
      "direction": "outbound", "ip_range": "0.0.0.0/0", "dest_port_from": 25, "dest_port_to":
      null, "position": 1, "editable": false, "action": "drop", "zone": "fr-par-1"},
      {"id": "25680235-108b-4bbc-8e25-114303d950bd", "protocol": "TCP", "direction":
      "outbound", "ip_range": "0.0.0.0/0", "dest_port_from": 465, "dest_port_to":
      null, "position": 2, "editable": false, "action": "drop", "zone": "fr-par-1"},
      {"id": "4a31b633-118e-4900-bd52-facf1085fc8d", "protocol": "TCP", "direction":
      "outbound", "ip_range": "0.0.0.0/0", "dest_port_from": 587, "dest_port_to":
      null, "position": 3, "editable": false, "action": "drop", "zone": "fr-par-1"},
      {"id": "e7dd28e8-3747-4c7c-9a4f-35ae3f0ae2cd", "protocol": "TCP", "direction":
      "outbound", "ip_range": "::/0", "dest_port_from": 25, "dest_port_to": null,
      "position": 4, "editable": false, "action": "drop", "zone": "fr-par-1"}, {"id":
      "f37d9e7c-8ed7-4e0f-baff-7f5e7ede0baf", "protocol": "TCP", "direction": "outbound",
      "ip_range": "::/0", "dest_port_from": 465, "dest_port_to": null, "position":
      5, "editable": false, "action": "drop", "zone": "fr-par-1"}, {"id": "68054851-54e3-46c9-9cd7-83219751248b",
      "protocol": "TCP", "direction": "outbound", "ip_range": "::/0", "dest_port_from":
      587, "dest_port_to": null, "position": 6, "editable": false, "action": "drop",
      "zone": "fr-par-1"}, {"id": "30ac3324-cffe-4a29-af90-4421d8d7976c", "protocol":
      "TCP", "direction": "inbound", "ip_range": "0.0.0.0/0", "dest_port_from": 80,
      "dest_port_to": null, "position": 1, "editable": true, "action": "accept", "zone":
      "fr-par-1"}]}'
    headers:
      Content-Length:
      - "1631"
      Content-Security-Policy:
      - default-src 'none'; frame-ancestors 'none'
      Content-Type:
      - application/json
      Date:
      - Fri, 16 Oct 2020 10:09:53 GMT
      Server:
      - Scaleway API-Gateway
      Strict-Transport-Security:
      - max-age=63072000
      X-Content-Type-Options:
      - nosniff
      X-Frame-Options:
      - DENY
      X-Request-Id:
      - 3195643a-3cea-4979-a7ec-acee6ddf067c
    status: 200 OK
    code: 200
    duration: ""
- request:
    body: ""
    form: {}
    headers:
      User-Agent:
      - scaleway-sdk-go/v1.0.0-beta.7+dev (go1.15.2; darwin; amd64) terraform-provider/develop-tftest
        terraform/terraform-tests
    url: https://api.scaleway.com/instance/v1/zones/fr-par-1/security_groups/9d73200c-bb94-4eef-8dde-d82d6df4b817
    method: GET
  response:
    body: '{"security_group": {"id": "9d73200c-bb94-4eef-8dde-d82d6df4b817", "creation_date":
      "2020-10-16T10:09:50.941939+00:00", "modification_date": "2020-10-16T10:09:52.350454+00:00",
      "name": "tf-sg-lucid-sanderson", "description": "", "organization": "951df375-e094-4d26-97c1-ba548eeb9c42",
      "project": "951df375-e094-4d26-97c1-ba548eeb9c42", "servers": [], "stateful":
      true, "inbound_default_policy": "accept", "outbound_default_policy": "accept",
      "organization_default": false, "project_default": false, "enable_default_security":
      true, "zone": "fr-par-1"}}'
    headers:
      Content-Length:
      - "551"
      Content-Security-Policy:
      - default-src 'none'; frame-ancestors 'none'
      Content-Type:
      - application/json
      Date:
      - Fri, 16 Oct 2020 10:09:54 GMT
      Server:
      - Scaleway API-Gateway
      Strict-Transport-Security:
      - max-age=63072000
      X-Content-Type-Options:
      - nosniff
      X-Frame-Options:
      - DENY
      X-Request-Id:
      - 6d84bbe8-62e6-44fa-8155-e287cf8c1f26
    status: 200 OK
    code: 200
    duration: ""
- request:
    body: ""
    form: {}
    headers:
      User-Agent:
      - scaleway-sdk-go/v1.0.0-beta.7+dev (go1.15.2; darwin; amd64) terraform-provider/develop-tftest
        terraform/terraform-tests
    url: https://api.scaleway.com/instance/v1/zones/fr-par-1/security_groups/9d73200c-bb94-4eef-8dde-d82d6df4b817/rules?page=1
    method: GET
  response:
    body: '{"rules": [{"id": "58909be7-d17c-4ac8-9eb3-23d5fc58abc5", "protocol": "TCP",
      "direction": "outbound", "ip_range": "0.0.0.0/0", "dest_port_from": 25, "dest_port_to":
      null, "position": 1, "editable": false, "action": "drop", "zone": "fr-par-1"},
      {"id": "25680235-108b-4bbc-8e25-114303d950bd", "protocol": "TCP", "direction":
      "outbound", "ip_range": "0.0.0.0/0", "dest_port_from": 465, "dest_port_to":
      null, "position": 2, "editable": false, "action": "drop", "zone": "fr-par-1"},
      {"id": "4a31b633-118e-4900-bd52-facf1085fc8d", "protocol": "TCP", "direction":
      "outbound", "ip_range": "0.0.0.0/0", "dest_port_from": 587, "dest_port_to":
      null, "position": 3, "editable": false, "action": "drop", "zone": "fr-par-1"},
      {"id": "e7dd28e8-3747-4c7c-9a4f-35ae3f0ae2cd", "protocol": "TCP", "direction":
      "outbound", "ip_range": "::/0", "dest_port_from": 25, "dest_port_to": null,
      "position": 4, "editable": false, "action": "drop", "zone": "fr-par-1"}, {"id":
      "f37d9e7c-8ed7-4e0f-baff-7f5e7ede0baf", "protocol": "TCP", "direction": "outbound",
      "ip_range": "::/0", "dest_port_from": 465, "dest_port_to": null, "position":
      5, "editable": false, "action": "drop", "zone": "fr-par-1"}, {"id": "68054851-54e3-46c9-9cd7-83219751248b",
      "protocol": "TCP", "direction": "outbound", "ip_range": "::/0", "dest_port_from":
      587, "dest_port_to": null, "position": 6, "editable": false, "action": "drop",
      "zone": "fr-par-1"}, {"id": "30ac3324-cffe-4a29-af90-4421d8d7976c", "protocol":
      "TCP", "direction": "inbound", "ip_range": "0.0.0.0/0", "dest_port_from": 80,
      "dest_port_to": null, "position": 1, "editable": true, "action": "accept", "zone":
      "fr-par-1"}]}'
    headers:
      Content-Length:
      - "1631"
      Content-Security-Policy:
      - default-src 'none'; frame-ancestors 'none'
      Content-Type:
      - application/json
      Date:
      - Fri, 16 Oct 2020 10:09:54 GMT
      Server:
      - Scaleway API-Gateway
      Strict-Transport-Security:
      - max-age=63072000
      X-Content-Type-Options:
      - nosniff
      X-Frame-Options:
      - DENY
      X-Request-Id:
      - 79dfb571-8579-482b-ad99-fb3b17c353c2
    status: 200 OK
    code: 200
    duration: ""
- request:
    body: ""
    form: {}
    headers:
      User-Agent:
      - scaleway-sdk-go/v1.0.0-beta.7+dev (go1.15.2; darwin; amd64) terraform-provider/develop-tftest
        terraform/terraform-tests
    url: https://api.scaleway.com/instance/v1/zones/fr-par-1/security_groups/9d73200c-bb94-4eef-8dde-d82d6df4b817
    method: GET
  response:
    body: '{"security_group": {"id": "9d73200c-bb94-4eef-8dde-d82d6df4b817", "creation_date":
      "2020-10-16T10:09:50.941939+00:00", "modification_date": "2020-10-16T10:09:52.350454+00:00",
      "name": "tf-sg-lucid-sanderson", "description": "", "organization": "951df375-e094-4d26-97c1-ba548eeb9c42",
      "project": "951df375-e094-4d26-97c1-ba548eeb9c42", "servers": [], "stateful":
      true, "inbound_default_policy": "accept", "outbound_default_policy": "accept",
      "organization_default": false, "project_default": false, "enable_default_security":
      true, "zone": "fr-par-1"}}'
    headers:
      Content-Length:
      - "551"
      Content-Security-Policy:
      - default-src 'none'; frame-ancestors 'none'
      Content-Type:
      - application/json
      Date:
      - Fri, 16 Oct 2020 10:09:55 GMT
      Server:
      - Scaleway API-Gateway
      Strict-Transport-Security:
      - max-age=63072000
      X-Content-Type-Options:
      - nosniff
      X-Frame-Options:
      - DENY
      X-Request-Id:
      - 5e66a02e-447f-4a37-aff6-587f4a41758a
    status: 200 OK
    code: 200
    duration: ""
- request:
    body: '{"name":"tf-sg-lucid-sanderson","creation_date":"2020-10-16T10:09:50.941939Z","modification_date":"2020-10-16T10:09:52.350454Z","description":"","enable_default_security":true,"inbound_default_policy":"accept","outbound_default_policy":"accept","organization":"951df375-e094-4d26-97c1-ba548eeb9c42","project":"951df375-e094-4d26-97c1-ba548eeb9c42","organization_default":false,"project_default":false,"servers":[],"stateful":true}'
    form: {}
    headers:
      Content-Type:
      - application/json
      User-Agent:
      - scaleway-sdk-go/v1.0.0-beta.7+dev (go1.15.2; darwin; amd64) terraform-provider/develop-tftest
        terraform/terraform-tests
    url: https://api.scaleway.com/instance/v1/zones/fr-par-1/security_groups/9d73200c-bb94-4eef-8dde-d82d6df4b817
    method: PUT
  response:
    body: '{"security_group": {"id": "9d73200c-bb94-4eef-8dde-d82d6df4b817", "creation_date":
      "2020-10-16T10:09:50.941939+00:00", "modification_date": "2020-10-16T10:09:55.461860+00:00",
      "name": "tf-sg-lucid-sanderson", "description": "", "organization": "951df375-e094-4d26-97c1-ba548eeb9c42",
      "project": "951df375-e094-4d26-97c1-ba548eeb9c42", "servers": [], "stateful":
      true, "inbound_default_policy": "accept", "outbound_default_policy": "accept",
      "organization_default": false, "project_default": false, "enable_default_security":
      true, "zone": "fr-par-1"}}'
    headers:
      Content-Length:
      - "551"
      Content-Security-Policy:
      - default-src 'none'; frame-ancestors 'none'
      Content-Type:
      - application/json
      Date:
      - Fri, 16 Oct 2020 10:09:55 GMT
      Server:
      - Scaleway API-Gateway
      Strict-Transport-Security:
      - max-age=63072000
      X-Content-Type-Options:
      - nosniff
      X-Frame-Options:
      - DENY
      X-Request-Id:
      - 9bfeccb2-6dd9-448d-9877-48868f77b389
    status: 200 OK
    code: 200
    duration: ""
- request:
    body: ""
    form: {}
    headers:
      User-Agent:
      - scaleway-sdk-go/v1.0.0-beta.7+dev (go1.15.2; darwin; amd64) terraform-provider/develop-tftest
        terraform/terraform-tests
    url: https://api.scaleway.com/instance/v1/zones/fr-par-1/security_groups/9d73200c-bb94-4eef-8dde-d82d6df4b817/rules?page=1
    method: GET
  response:
    body: '{"rules": [{"id": "58909be7-d17c-4ac8-9eb3-23d5fc58abc5", "protocol": "TCP",
      "direction": "outbound", "ip_range": "0.0.0.0/0", "dest_port_from": 25, "dest_port_to":
      null, "position": 1, "editable": false, "action": "drop", "zone": "fr-par-1"},
      {"id": "25680235-108b-4bbc-8e25-114303d950bd", "protocol": "TCP", "direction":
      "outbound", "ip_range": "0.0.0.0/0", "dest_port_from": 465, "dest_port_to":
      null, "position": 2, "editable": false, "action": "drop", "zone": "fr-par-1"},
      {"id": "4a31b633-118e-4900-bd52-facf1085fc8d", "protocol": "TCP", "direction":
      "outbound", "ip_range": "0.0.0.0/0", "dest_port_from": 587, "dest_port_to":
      null, "position": 3, "editable": false, "action": "drop", "zone": "fr-par-1"},
      {"id": "e7dd28e8-3747-4c7c-9a4f-35ae3f0ae2cd", "protocol": "TCP", "direction":
      "outbound", "ip_range": "::/0", "dest_port_from": 25, "dest_port_to": null,
      "position": 4, "editable": false, "action": "drop", "zone": "fr-par-1"}, {"id":
      "f37d9e7c-8ed7-4e0f-baff-7f5e7ede0baf", "protocol": "TCP", "direction": "outbound",
      "ip_range": "::/0", "dest_port_from": 465, "dest_port_to": null, "position":
      5, "editable": false, "action": "drop", "zone": "fr-par-1"}, {"id": "68054851-54e3-46c9-9cd7-83219751248b",
      "protocol": "TCP", "direction": "outbound", "ip_range": "::/0", "dest_port_from":
      587, "dest_port_to": null, "position": 6, "editable": false, "action": "drop",
      "zone": "fr-par-1"}, {"id": "30ac3324-cffe-4a29-af90-4421d8d7976c", "protocol":
      "TCP", "direction": "inbound", "ip_range": "0.0.0.0/0", "dest_port_from": 80,
      "dest_port_to": null, "position": 1, "editable": true, "action": "accept", "zone":
      "fr-par-1"}]}'
    headers:
      Content-Length:
      - "1631"
      Content-Security-Policy:
      - default-src 'none'; frame-ancestors 'none'
      Content-Type:
      - application/json
      Date:
      - Fri, 16 Oct 2020 10:09:55 GMT
      Server:
      - Scaleway API-Gateway
      Strict-Transport-Security:
      - max-age=63072000
      X-Content-Type-Options:
      - nosniff
      X-Frame-Options:
      - DENY
      X-Request-Id:
      - bc7f6f46-e635-4f7c-88e7-6dc0580ceb32
    status: 200 OK
    code: 200
    duration: ""
- request:
    body: ""
    form: {}
    headers:
      User-Agent:
      - scaleway-sdk-go/v1.0.0-beta.7+dev (go1.15.2; darwin; amd64) terraform-provider/develop-tftest
        terraform/terraform-tests
    url: https://api.scaleway.com/instance/v1/zones/fr-par-1/security_groups/9d73200c-bb94-4eef-8dde-d82d6df4b817/rules/30ac3324-cffe-4a29-af90-4421d8d7976c
    method: GET
  response:
    body: '{"rule": {"id": "30ac3324-cffe-4a29-af90-4421d8d7976c", "protocol": "TCP",
      "direction": "inbound", "ip_range": "0.0.0.0/0", "dest_port_from": 80, "dest_port_to":
      null, "position": 1, "editable": null, "action": "accept", "zone": "fr-par-1"}}'
    headers:
      Content-Length:
      - "241"
      Content-Security-Policy:
      - default-src 'none'; frame-ancestors 'none'
      Content-Type:
      - application/json
      Date:
      - Fri, 16 Oct 2020 10:09:56 GMT
      Server:
      - Scaleway API-Gateway
      Strict-Transport-Security:
      - max-age=63072000
      X-Content-Type-Options:
      - nosniff
      X-Frame-Options:
      - DENY
      X-Request-Id:
      - a5c1ed47-ac72-4d39-85a9-f43c74128952
    status: 200 OK
    code: 200
    duration: ""
- request:
    body: '{"id":"30ac3324-cffe-4a29-af90-4421d8d7976c","protocol":"ICMP","direction":"inbound","action":"drop","ip_range":"8.8.8.8/32","dest_port_from":null,"dest_port_to":null,"position":1,"editable":false}'
    form: {}
    headers:
      Content-Type:
      - application/json
      User-Agent:
      - scaleway-sdk-go/v1.0.0-beta.7+dev (go1.15.2; darwin; amd64) terraform-provider/develop-tftest
        terraform/terraform-tests
    url: https://api.scaleway.com/instance/v1/zones/fr-par-1/security_groups/9d73200c-bb94-4eef-8dde-d82d6df4b817/rules/30ac3324-cffe-4a29-af90-4421d8d7976c
    method: PUT
  response:
    body: '{"rule": {"id": "30ac3324-cffe-4a29-af90-4421d8d7976c", "protocol": "ICMP",
      "direction": "inbound", "ip_range": "8.8.8.8", "dest_port_from": null, "dest_port_to":
      null, "position": 1, "editable": null, "action": "drop", "zone": "fr-par-1"}}'
    headers:
      Content-Length:
      - "240"
      Content-Security-Policy:
      - default-src 'none'; frame-ancestors 'none'
      Content-Type:
      - application/json
      Date:
      - Fri, 16 Oct 2020 10:09:56 GMT
      Server:
      - Scaleway API-Gateway
      Strict-Transport-Security:
      - max-age=63072000
      X-Content-Type-Options:
      - nosniff
      X-Frame-Options:
      - DENY
      X-Request-Id:
      - 9decb045-0533-4b8e-8287-03da65c24e29
    status: 200 OK
    code: 200
    duration: ""
- request:
    body: ""
    form: {}
    headers:
      User-Agent:
      - scaleway-sdk-go/v1.0.0-beta.7+dev (go1.15.2; darwin; amd64) terraform-provider/develop-tftest
        terraform/terraform-tests
    url: https://api.scaleway.com/instance/v1/zones/fr-par-1/security_groups/9d73200c-bb94-4eef-8dde-d82d6df4b817
    method: GET
  response:
    body: '{"security_group": {"id": "9d73200c-bb94-4eef-8dde-d82d6df4b817", "creation_date":
      "2020-10-16T10:09:50.941939+00:00", "modification_date": "2020-10-16T10:09:56.147801+00:00",
      "name": "tf-sg-lucid-sanderson", "description": "", "organization": "951df375-e094-4d26-97c1-ba548eeb9c42",
      "project": "951df375-e094-4d26-97c1-ba548eeb9c42", "servers": [], "stateful":
      true, "inbound_default_policy": "accept", "outbound_default_policy": "accept",
      "organization_default": false, "project_default": false, "enable_default_security":
      true, "zone": "fr-par-1"}}'
    headers:
      Content-Length:
      - "551"
      Content-Security-Policy:
      - default-src 'none'; frame-ancestors 'none'
      Content-Type:
      - application/json
      Date:
      - Fri, 16 Oct 2020 10:09:56 GMT
      Server:
      - Scaleway API-Gateway
      Strict-Transport-Security:
      - max-age=63072000
      X-Content-Type-Options:
      - nosniff
      X-Frame-Options:
      - DENY
      X-Request-Id:
      - 2580ba70-3936-4e80-860d-acbf920b6e58
    status: 200 OK
    code: 200
    duration: ""
- request:
    body: ""
    form: {}
    headers:
      User-Agent:
      - scaleway-sdk-go/v1.0.0-beta.7+dev (go1.15.2; darwin; amd64) terraform-provider/develop-tftest
        terraform/terraform-tests
    url: https://api.scaleway.com/instance/v1/zones/fr-par-1/security_groups/9d73200c-bb94-4eef-8dde-d82d6df4b817/rules?page=1
    method: GET
  response:
    body: '{"rules": [{"id": "58909be7-d17c-4ac8-9eb3-23d5fc58abc5", "protocol": "TCP",
      "direction": "outbound", "ip_range": "0.0.0.0/0", "dest_port_from": 25, "dest_port_to":
      null, "position": 1, "editable": false, "action": "drop", "zone": "fr-par-1"},
      {"id": "25680235-108b-4bbc-8e25-114303d950bd", "protocol": "TCP", "direction":
      "outbound", "ip_range": "0.0.0.0/0", "dest_port_from": 465, "dest_port_to":
      null, "position": 2, "editable": false, "action": "drop", "zone": "fr-par-1"},
      {"id": "4a31b633-118e-4900-bd52-facf1085fc8d", "protocol": "TCP", "direction":
      "outbound", "ip_range": "0.0.0.0/0", "dest_port_from": 587, "dest_port_to":
      null, "position": 3, "editable": false, "action": "drop", "zone": "fr-par-1"},
      {"id": "e7dd28e8-3747-4c7c-9a4f-35ae3f0ae2cd", "protocol": "TCP", "direction":
      "outbound", "ip_range": "::/0", "dest_port_from": 25, "dest_port_to": null,
      "position": 4, "editable": false, "action": "drop", "zone": "fr-par-1"}, {"id":
      "f37d9e7c-8ed7-4e0f-baff-7f5e7ede0baf", "protocol": "TCP", "direction": "outbound",
      "ip_range": "::/0", "dest_port_from": 465, "dest_port_to": null, "position":
      5, "editable": false, "action": "drop", "zone": "fr-par-1"}, {"id": "68054851-54e3-46c9-9cd7-83219751248b",
      "protocol": "TCP", "direction": "outbound", "ip_range": "::/0", "dest_port_from":
      587, "dest_port_to": null, "position": 6, "editable": false, "action": "drop",
      "zone": "fr-par-1"}, {"id": "30ac3324-cffe-4a29-af90-4421d8d7976c", "protocol":
      "ICMP", "direction": "inbound", "ip_range": "8.8.8.8", "dest_port_from": null,
      "dest_port_to": null, "position": 1, "editable": true, "action": "drop", "zone":
      "fr-par-1"}]}'
    headers:
      Content-Length:
      - "1630"
      Content-Security-Policy:
      - default-src 'none'; frame-ancestors 'none'
      Content-Type:
      - application/json
      Date:
      - Fri, 16 Oct 2020 10:09:56 GMT
      Server:
      - Scaleway API-Gateway
      Strict-Transport-Security:
      - max-age=63072000
      X-Content-Type-Options:
      - nosniff
      X-Frame-Options:
      - DENY
      X-Request-Id:
      - bb2428fe-649e-45df-95ff-a3805330fd8c
    status: 200 OK
    code: 200
    duration: ""
- request:
    body: ""
    form: {}
    headers:
      User-Agent:
      - scaleway-sdk-go/v1.0.0-beta.7+dev (go1.15.2; darwin; amd64) terraform-provider/develop-tftest
        terraform/terraform-tests
    url: https://api.scaleway.com/instance/v1/zones/fr-par-1/security_groups/9d73200c-bb94-4eef-8dde-d82d6df4b817/rules?page=1
    method: GET
  response:
    body: '{"rules": [{"id": "58909be7-d17c-4ac8-9eb3-23d5fc58abc5", "protocol": "TCP",
      "direction": "outbound", "ip_range": "0.0.0.0/0", "dest_port_from": 25, "dest_port_to":
      null, "position": 1, "editable": false, "action": "drop", "zone": "fr-par-1"},
      {"id": "25680235-108b-4bbc-8e25-114303d950bd", "protocol": "TCP", "direction":
      "outbound", "ip_range": "0.0.0.0/0", "dest_port_from": 465, "dest_port_to":
      null, "position": 2, "editable": false, "action": "drop", "zone": "fr-par-1"},
      {"id": "4a31b633-118e-4900-bd52-facf1085fc8d", "protocol": "TCP", "direction":
      "outbound", "ip_range": "0.0.0.0/0", "dest_port_from": 587, "dest_port_to":
      null, "position": 3, "editable": false, "action": "drop", "zone": "fr-par-1"},
      {"id": "e7dd28e8-3747-4c7c-9a4f-35ae3f0ae2cd", "protocol": "TCP", "direction":
      "outbound", "ip_range": "::/0", "dest_port_from": 25, "dest_port_to": null,
      "position": 4, "editable": false, "action": "drop", "zone": "fr-par-1"}, {"id":
      "f37d9e7c-8ed7-4e0f-baff-7f5e7ede0baf", "protocol": "TCP", "direction": "outbound",
      "ip_range": "::/0", "dest_port_from": 465, "dest_port_to": null, "position":
      5, "editable": false, "action": "drop", "zone": "fr-par-1"}, {"id": "68054851-54e3-46c9-9cd7-83219751248b",
      "protocol": "TCP", "direction": "outbound", "ip_range": "::/0", "dest_port_from":
      587, "dest_port_to": null, "position": 6, "editable": false, "action": "drop",
      "zone": "fr-par-1"}, {"id": "30ac3324-cffe-4a29-af90-4421d8d7976c", "protocol":
      "ICMP", "direction": "inbound", "ip_range": "8.8.8.8", "dest_port_from": null,
      "dest_port_to": null, "position": 1, "editable": true, "action": "drop", "zone":
      "fr-par-1"}]}'
    headers:
      Content-Length:
      - "1630"
      Content-Security-Policy:
      - default-src 'none'; frame-ancestors 'none'
      Content-Type:
      - application/json
      Date:
      - Fri, 16 Oct 2020 10:09:57 GMT
      Server:
      - Scaleway API-Gateway
      Strict-Transport-Security:
      - max-age=63072000
      X-Content-Type-Options:
      - nosniff
      X-Frame-Options:
      - DENY
      X-Request-Id:
      - ef934e2f-2cc1-4ec6-a59f-ae010eb7e533
    status: 200 OK
    code: 200
    duration: ""
- request:
    body: ""
    form: {}
    headers:
      User-Agent:
      - scaleway-sdk-go/v1.0.0-beta.7+dev (go1.15.2; darwin; amd64) terraform-provider/develop-tftest
        terraform/terraform-tests
    url: https://api.scaleway.com/instance/v1/zones/fr-par-1/security_groups/9d73200c-bb94-4eef-8dde-d82d6df4b817
    method: GET
  response:
    body: '{"security_group": {"id": "9d73200c-bb94-4eef-8dde-d82d6df4b817", "creation_date":
      "2020-10-16T10:09:50.941939+00:00", "modification_date": "2020-10-16T10:09:56.147801+00:00",
      "name": "tf-sg-lucid-sanderson", "description": "", "organization": "951df375-e094-4d26-97c1-ba548eeb9c42",
      "project": "951df375-e094-4d26-97c1-ba548eeb9c42", "servers": [], "stateful":
      true, "inbound_default_policy": "accept", "outbound_default_policy": "accept",
      "organization_default": false, "project_default": false, "enable_default_security":
      true, "zone": "fr-par-1"}}'
    headers:
      Content-Length:
      - "551"
      Content-Security-Policy:
      - default-src 'none'; frame-ancestors 'none'
      Content-Type:
      - application/json
      Date:
      - Fri, 16 Oct 2020 10:09:57 GMT
      Server:
      - Scaleway API-Gateway
      Strict-Transport-Security:
      - max-age=63072000
      X-Content-Type-Options:
      - nosniff
      X-Frame-Options:
      - DENY
      X-Request-Id:
      - e1969410-898b-48c5-9424-8284b94274bb
    status: 200 OK
    code: 200
    duration: ""
- request:
    body: ""
    form: {}
    headers:
      User-Agent:
      - scaleway-sdk-go/v1.0.0-beta.7+dev (go1.15.2; darwin; amd64) terraform-provider/develop-tftest
        terraform/terraform-tests
    url: https://api.scaleway.com/instance/v1/zones/fr-par-1/security_groups/9d73200c-bb94-4eef-8dde-d82d6df4b817/rules?page=1
    method: GET
  response:
    body: '{"rules": [{"id": "58909be7-d17c-4ac8-9eb3-23d5fc58abc5", "protocol": "TCP",
      "direction": "outbound", "ip_range": "0.0.0.0/0", "dest_port_from": 25, "dest_port_to":
      null, "position": 1, "editable": false, "action": "drop", "zone": "fr-par-1"},
      {"id": "25680235-108b-4bbc-8e25-114303d950bd", "protocol": "TCP", "direction":
      "outbound", "ip_range": "0.0.0.0/0", "dest_port_from": 465, "dest_port_to":
      null, "position": 2, "editable": false, "action": "drop", "zone": "fr-par-1"},
      {"id": "4a31b633-118e-4900-bd52-facf1085fc8d", "protocol": "TCP", "direction":
      "outbound", "ip_range": "0.0.0.0/0", "dest_port_from": 587, "dest_port_to":
      null, "position": 3, "editable": false, "action": "drop", "zone": "fr-par-1"},
      {"id": "e7dd28e8-3747-4c7c-9a4f-35ae3f0ae2cd", "protocol": "TCP", "direction":
      "outbound", "ip_range": "::/0", "dest_port_from": 25, "dest_port_to": null,
      "position": 4, "editable": false, "action": "drop", "zone": "fr-par-1"}, {"id":
      "f37d9e7c-8ed7-4e0f-baff-7f5e7ede0baf", "protocol": "TCP", "direction": "outbound",
      "ip_range": "::/0", "dest_port_from": 465, "dest_port_to": null, "position":
      5, "editable": false, "action": "drop", "zone": "fr-par-1"}, {"id": "68054851-54e3-46c9-9cd7-83219751248b",
      "protocol": "TCP", "direction": "outbound", "ip_range": "::/0", "dest_port_from":
      587, "dest_port_to": null, "position": 6, "editable": false, "action": "drop",
      "zone": "fr-par-1"}, {"id": "30ac3324-cffe-4a29-af90-4421d8d7976c", "protocol":
      "ICMP", "direction": "inbound", "ip_range": "8.8.8.8", "dest_port_from": null,
      "dest_port_to": null, "position": 1, "editable": true, "action": "drop", "zone":
      "fr-par-1"}]}'
    headers:
      Content-Length:
      - "1630"
      Content-Security-Policy:
      - default-src 'none'; frame-ancestors 'none'
      Content-Type:
      - application/json
      Date:
      - Fri, 16 Oct 2020 10:09:57 GMT
      Server:
      - Scaleway API-Gateway
      Strict-Transport-Security:
      - max-age=63072000
      X-Content-Type-Options:
      - nosniff
      X-Frame-Options:
      - DENY
      X-Request-Id:
      - 4b3cb76f-bc15-4283-bcc4-05ec5b56f333
    status: 200 OK
    code: 200
    duration: ""
- request:
    body: ""
    form: {}
    headers:
      User-Agent:
      - scaleway-sdk-go/v1.0.0-beta.7+dev (go1.15.2; darwin; amd64) terraform-provider/develop-tftest
        terraform/terraform-tests
    url: https://api.scaleway.com/instance/v1/zones/fr-par-1/security_groups/9d73200c-bb94-4eef-8dde-d82d6df4b817
    method: DELETE
  response:
    body: ""
    headers:
      Content-Security-Policy:
      - default-src 'none'; frame-ancestors 'none'
      Content-Type:
      - application/json
      Date:
      - Fri, 16 Oct 2020 10:09:58 GMT
      Server:
      - Scaleway API-Gateway
      Strict-Transport-Security:
      - max-age=63072000
      X-Content-Type-Options:
      - nosniff
      X-Frame-Options:
      - DENY
      X-Request-Id:
      - 6d9db836-179d-40d4-973c-a1d3de2be09a
    status: 204 No Content
    code: 204
    duration: ""
